prediction-service/data/retail_forecasting_dataset_50000.csv
date_purchased,store_id,city,product_id,product_name,category,quantity_sold,unit_price,discount_pct,promotion_flag,holiday_flag,day_of_week,month,quarter,is_weekend
2024-01-01,S009,Chennai,P0009,Cookies,Bakery,29,209,0,0,1,Monday,1,1,0
2024-01-06,S009,Chennai,P0009,Cookies,Bakery,26,188.1,10,0,0,Saturday,1,1,1
2024-01-11,S009,Chennai,P0009,Cookies,Bakery,24,209,0,0,0,Thursday,1,1,0
2024-02-06,S009,Chennai,P0009,Cookies,Bakery,24,209,0,1,0,Tuesday,2,1,0
2024-02-09,S009,Chennai,P0009,Cookies,Bakery,25,209,0,0,0,Friday,2,1,0
2024-02-13,S009,Chennai,P0009,Cookies,Bakery,24,198.55,5,0,0,Tuesday,2,1,0
2024-02-17,S009,Chennai,P0009,Cookies,Bakery,23,209,0,0,0,Saturday,2,1,1
2024-02-23,S009,Chennai,P0009,Cookies,Bakery,24,198.55,5,0,0,Friday,2,1,0
2024-01-01,S010,Kolkata,P0001,Milk,Dairy,79,255,0,0,1,Monday,1,1,0
2024-01-03,S010,Kolkata,P0001,Milk,Dairy,55,255,0,0,0,Wednesday,1,1,0
2024-01-18,S010,Kolkata,P0001,Milk,Dairy,67,242.25,5,0,0,Thursday,1,1,0
2024-01-21,S010,Kolkata,P0001,Milk,Dairy,68,255,0,0,0,Sunday,1,1,1
2024-01-25,S010,Kolkata,P0001,Milk,Dairy,49,216.75,15,0,0,Thursday,1,1,0
2024-02-04,S010,Kolkata,P0001,Milk,Dairy,77,255,0,0,0,Sunday,2,1,1
2024-02-07,S010,Kolkata,P0001,Milk,Dairy,49,242.25,5,0,0,Wednesday,2,1,0
2024-02-11,S010,Kolkata,P0001,Milk,Dairy,83,255,0,0,0,Sunday,2,1,1
2024-02-18,S010,Kolkata,P0001,Milk,Dairy,66,255,0,0,0,Sunday,2,1,1
2024-02-19,S010,Kolkata,P0001,Milk,Dairy,44,255,0,0,0,Monday,2,1,0
2024-01-01,S006,Hyderabad,P0027,Shampoo,Personal Care,64,219,0,0,1,Monday,1,1,0
2024-01-05,S006,Hyderabad,P0027,Shampoo,Personal Care,48,186.15,15,0,0,Friday,1,1,0
2024-01-06,S006,Hyderabad,P0027,Shampoo,Personal Care,80,219,0,1,0,Saturday,1,1,1
2024-01-08,S006,Hyderabad,P0027,Shampoo,Personal Care,45,219,0,0,0,Monday,1,1,0
2024-01-09,S006,Hyderabad,P0027,Shampoo,Personal Care,45,186.15,15,0,0,Tuesday,1,1,0
2024-01-12,S006,Hyderabad,P0027,Shampoo,Personal Care,55,219,0,0,0,Friday,1,1,0
2024-01-14,S006,Hyderabad,P0027,Shampoo,Personal Care,59,219,0,0,0,Sunday,1,1,1
2024-01-21,S006,Hyderabad,P0027,Shampoo,Personal Care,69,219,0,0,0,Sunday,1,1,1
2024-01-23,S006,Hyderabad,P0027,Shampoo,Personal Care,54,186.15,15,0,0,Tuesday,1,1,0
2024-01-24,S006,Hyderabad,P0027,Shampoo,Personal Care,43,219,0,0,0,Wednesday,1,1,0
2024-01-27,S006,Hyderabad,P0027,Shampoo,Personal Care,83,219,0,1,0,Saturday,1,1,1
2024-02-01,S006,Hyderabad,P0027,Shampoo,Personal Care,46,219,0,0,0,Thursday,2,1,0
2024-02-11,S006,Hyderabad,P0027,Shampoo,Personal Care,65,219,0,0,0,Sunday,2,1,1
2024-01-01,S005,Bengaluru,P0012,Coffee,Beverages,96,226,0,0,1,Monday,1,1,0
2024-01-02,S005,Bengaluru,P0012,Coffee,Beverages,57,226,0,0,0,Tuesday,1,1,0
2024-01-06,S005,Bengaluru,P0012,Coffee,Beverages,83,226,0,0,0,Saturday,1,1,1
2024-01-11,S005,Bengaluru,P0012,Coffee,Beverages,55,226,0,0,0,Thursday,1,1,0
2024-01-15,S005,Bengaluru,P0012,Coffee,Beverages,57,226,0,0,0,Monday,1,1,0
2024-01-17,S005,Bengaluru,P0012,Coffee,Beverages,59,203.4,10,0,0,Wednesday,1,1,0
2024-01-20,S005,Bengaluru,P0012,Coffee,Beverages,66,226,0,0,0,Saturday,1,1,1
2024-01-25,S005,Bengaluru,P0012,Coffee,Beverages,67,180.8,20,0,0,Thursday,1,1,0
2024-01-26,S005,Bengaluru,P0012,Coffee,Beverages,52,226,0,0,0,Friday,1,1,0
2024-01-28,S005,Bengaluru,P0012,Coffee,Beverages,87,226,0,0,0,Sunday,1,1,1
2024-02-07,S005,Bengaluru,P0012,Coffee,Beverages,65,180.8,20,0,0,Wednesday,2,1,0
2024-02-12,S005,Bengaluru,P0012,Coffee,Beverages,51,214.7,5,0,0,Monday,2,1,0
2024-02-15,S005,Bengaluru,P0012,Coffee,Beverages,58,203.4,10,0,0,Thursday,2,1,0
2024-02-19,S005,Bengaluru,P0012,Coffee,Beverages,65,180.8,20,0,0,Monday,2,1,0
2024-02-21,S005,Bengaluru,P0012,Coffee,Beverages,59,226,0,1,0,Wednesday,2,1,0
2024-02-23,S005,Bengaluru,P0012,Coffee,Beverages,59,226,0,0,0,Friday,2,1,0
2024-01-01,S001,Mumbai,P0035,Phenyl,Cleaning,67,70,0,0,1,Monday,1,1,0
2024-01-08,S001,Mumbai,P0035,Phenyl,Cleaning,59,66.5,5,0,0,Monday,1,1,0
2024-01-09,S001,Mumbai,P0035,Phenyl,Cleaning,46,70,0,0,0,Tuesday,1,1,0
2024-01-15,S001,Mumbai,P0035,Phenyl,Cleaning,56,70,0,0,0,Monday,1,1,0
2024-01-17,S001,Mumbai,P0035,Phenyl,Cleaning,49,70,0,0,0,Wednesday,1,1,0
2024-01-18,S001,Mumbai,P0035,Phenyl,Cleaning,55,59.5,15,0,0,Thursday,1,1,0
2024-02-07,S001,Mumbai,P0035,Phenyl,Cleaning,51,70,0,0,0,Wednesday,2,1,0
2024-02-16,S001,Mumbai,P0035,Phenyl,Cleaning,42,70,0,0,0,Friday,2,1,0
2024-02-19,S001,Mumbai,P0035,Phenyl,Cleaning,46,70,0,0,0,Monday,2,1,0
2024-01-01,S008,Jaipur,P0004,Cheese,Dairy,70,41.4,10,0,1,Monday,1,1,0
2024-01-11,S008,Jaipur,P0004,Cheese,Dairy,68,46,0,1,0,Thursday,1,1,0
2024-01-16,S008,Jaipur,P0004,Cheese,Dairy,48,46,0,0,0,Tuesday,1,1,0
2024-01-20,S008,Jaipur,P0004,Cheese,Dairy,55,43.7,5,0,0,Saturday,1,1,1
2024-01-24,S008,Jaipur,P0004,Cheese,Dairy,51,46,0,0,0,Wednesday,1,1,0
2024-01-25,S008,Jaipur,P0004,Cheese,Dairy,50,46,0,0,0,Thursday,1,1,0
2024-01-29,S008,Jaipur,P0004,Cheese,Dairy,46,46,0,0,0,Monday,1,1,0
2024-02-13,S008,Jaipur,P0004,Cheese,Dairy,56,46,0,0,0,Tuesday,2,1,0
2024-02-14,S008,Jaipur,P0004,Cheese,Dairy,44,46,0,0,0,Wednesday,2,1,0
2024-01-01,S005,Bengaluru,P0030,Lotion,Personal Care,88,49,0,0,1,Monday,1,1,0
2024-01-07,S005,Bengaluru,P0030,Lotion,Personal Care,94,49,0,0,0,Sunday,1,1,1
2024-01-08,S005,Bengaluru,P0030,Lotion,Personal Care,71,49,0,0,0,Monday,1,1,0
2024-01-20,S005,Bengaluru,P0030,Lotion,Personal Care,69,49,0,0,0,Saturday,1,1,1
2024-01-24,S005,Bengaluru,P0030,Lotion,Personal Care,80,49,0,1,0,Wednesday,1,1,0
2024-01-28,S005,Bengaluru,P0030,Lotion,Personal Care,112,41.65,15,1,0,Sunday,1,1,1
2024-01-29,S005,Bengaluru,P0030,Lotion,Personal Care,63,49,0,0,0,Monday,1,1,0
2024-02-01,S005,Bengaluru,P0030,Lotion,Personal Care,69,44.1,10,0,0,Thursday,2,1,0
2024-02-02,S005,Bengaluru,P0030,Lotion,Personal Care,65,49,0,0,0,Friday,2,1,0
2024-02-08,S005,Bengaluru,P0030,Lotion,Personal Care,73,41.65,15,0,0,Thursday,2,1,0
2024-02-10,S005,Bengaluru,P0030,Lotion,Personal Care,80,41.65,15,0,0,Saturday,2,1,1
2024-02-11,S005,Bengaluru,P0030,Lotion,Personal Care,94,49,0,1,0,Sunday,2,1,1
2024-02-14,S005,Bengaluru,P0030,Lotion,Personal Care,68,49,0,0,0,Wednesday,2,1,0
2024-02-20,S005,Bengaluru,P0030,Lotion,Personal Care,66,49,0,0,0,Tuesday,2,1,0
2024-01-01,S001,Mumbai,P0048,Frozen Corn,Frozen,68,313,0,0,1,Monday,1,1,0
2024-01-07,S001,Mumbai,P0048,Frozen Corn,Frozen,62,313,0,0,0,Sunday,1,1,1
2024-01-08,S001,Mumbai,P0048,Frozen Corn,Frozen,55,297.35,5,0,0,Monday,1,1,0
2024-01-13,S001,Mumbai,P0048,Frozen Corn,Frozen,77,313,0,0,0,Saturday,1,1,1
2024-01-22,S001,Mumbai,P0048,Frozen Corn,Frozen,59,266.05,15,0,0,Monday,1,1,0
2024-02-08,S001,Mumbai,P0048,Frozen Corn,Frozen,69,313,0,1,0,Thursday,2,1,0
2024-02-14,S001,Mumbai,P0048,Frozen Corn,Frozen,48,313,0,0,0,Wednesday,2,1,0
2024-02-18,S001,Mumbai,P0048,Frozen Corn,Frozen,79,313,0,0,0,Sunday,2,1,1
2024-02-20,S001,Mumbai,P0048,Frozen Corn,Frozen,52,313,0,0,0,Tuesday,2,1,0
2024-01-01,S008,Jaipur,P0050,Frozen Fries,Frozen,51,197.1,10,0,1,Monday,1,1,0
2024-01-08,S008,Jaipur,P0050,Frozen Fries,Frozen,38,186.15,15,0,0,Monday,1,1,0
2024-01-11,S008,Jaipur,P0050,Frozen Fries,Frozen,41,175.2,20,0,0,Thursday,1,1,0
2024-01-25,S008,Jaipur,P0050,Frozen Fries,Frozen,35,208.05,5,0,0,Thursday,1,1,0
2024-01-28,S008,Jaipur,P0050,Frozen Fries,Frozen,28,219,0,0,0,Sunday,1,1,1
2024-01-30,S008,Jaipur,P0050,Frozen Fries,Frozen,35,197.1,10,0,0,Tuesday,1,1,0
2024-01-31,S008,Jaipur,P0050,Frozen Fries,Frozen,35,219,0,0,0,Wednesday,1,1,0
2024-02-04,S008,Jaipur,P0050,Frozen Fries,Frozen,42,219,0,0,0,Sunday,2,1,1
2024-02-09,S008,Jaipur,P0050,Frozen Fries,Frozen,37,186.15,15,0,0,Friday,2,1,0
2024-02-14,S008,Jaipur,P0050,Frozen Fries,Frozen,34,219,0,0,0,Wednesday,2,1,0
2024-02-16,S008,Jaipur,P0050,Frozen Fries,Frozen,29,219,0,0,0,Friday,2,1,0
2024-02-22,S008,Jaipur,P0050,Frozen Fries,Frozen,32,219,0,0,0,Thursday,2,1,0
2024-01-01,S008,Jaipur,P0036,Banana,Fruits,23,112,0,0,1,Monday,1,1,0
2024-01-05,S008,Jaipur,P0036,Banana,Fruits,19,112,0,0,0,Friday,1,1,0
2024-01-07,S008,Jaipur,P0036,Banana,Fruits,20,106.4,5,0,0,Sunday,1,1,1
2024-01-09,S008,Jaipur,P0036,Banana,Fruits,21,112,0,1,0,Tuesday,1,1,0
2024-01-19,S008,Jaipur,P0036,Banana,Fruits,20,112,0,0,0,Friday,1,1,0
2024-01-20,S008,Jaipur,P0036,Banana,Fruits,28,112,0,0,0,Saturday,1,1,1
2024-01-31,S008,Jaipur,P0036,Banana,Fruits,21,112,0,0,0,Wednesday,1,1,0
2024-02-02,S008,Jaipur,P0036,Banana,Fruits,18,112,0,0,0,Friday,2,1,0
2024-02-04,S008,Jaipur,P0036,Banana,Fruits,20,100.8,10,0,0,Sunday,2,1,1
2024-02-07,S008,Jaipur,P0036,Banana,Fruits,18,112,0,0,0,Wednesday,2,1,0
2024-02-11,S008,Jaipur,P0036,Banana,Fruits,28,106.4,5,1,0,Sunday,2,1,1
2024-02-16,S008,Jaipur,P0036,Banana,Fruits,19,112,0,0,0,Friday,2,1,0
2024-02-17,S008,Jaipur,P0036,Banana,Fruits,24,112,0,0,0,Saturday,2,1,1
2024-02-19,S008,Jaipur,P0036,Banana,Fruits,18,112,0,0,0,Monday,2,1,0
2024-01-01,S010,Kolkata,P0039,Mango,Fruits,66,186.2,5,0,1,Monday,1,1,0
2024-01-09,S010,Kolkata,P0039,Mango,Fruits,48,196,0,0,0,Tuesday,1,1,0
2024-01-12,S010,Kolkata,P0039,Mango,Fruits,47,196,0,0,0,Friday,1,1,0
2024-01-13,S010,Kolkata,P0039,Mango,Fruits,50,196,0,0,0,Saturday,1,1,1
2024-01-17,S010,Kolkata,P0039,Mango,Fruits,62,156.8,20,0,0,Wednesday,1,1,0
2024-01-19,S010,Kolkata,P0039,Mango,Fruits,41,196,0,0,0,Friday,1,1,0
2024-01-21,S010,Kolkata,P0039,Mango,Fruits,60,176.4,10,0,0,Sunday,1,1,1
2024-01-25,S010,Kolkata,P0039,Mango,Fruits,57,176.4,10,0,0,Thursday,1,1,0
2024-02-10,S010,Kolkata,P0039,Mango,Fruits,63,196,0,0,0,Saturday,2,1,1
2024-02-15,S010,Kolkata,P0039,Mango,Fruits,47,196,0,0,0,Thursday,2,1,0
2024-02-17,S010,Kolkata,P0039,Mango,Fruits,59,196,0,0,0,Saturday,2,1,1
2024-02-19,S010,Kolkata,P0039,Mango,Fruits,47,196,0,0,0,Monday,2,1,0
2024-02-21,S010,Kolkata,P0039,Mango,Fruits,56,176.4,10,0,0,Wednesday,2,1,0
2024-02-22,S010,Kolkata,P0039,Mango,Fruits,60,156.8,20,0,0,Thursday,2,1,0
2024-01-01,S010,Kolkata,P0040,Grapes,Fruits,69,114.75,15,0,1,Monday,1,1,0
2024-01-11,S010,Kolkata,P0040,Grapes,Fruits,48,135,0,0,0,Thursday,1,1,0
2024-01-15,S010,Kolkata,P0040,Grapes,Fruits,48,121.5,10,0,0,Monday,1,1,0
2024-01-23,S010,Kolkata,P0040,Grapes,Fruits,70,135,0,1,0,Tuesday,1,1,0
2024-01-27,S010,Kolkata,P0040,Grapes,Fruits,67,114.75,15,0,0,Saturday,1,1,1
2024-02-20,S010,Kolkata,P0040,Grapes,Fruits,34,135,0,0,0,Tuesday,2,1,0
2024-02-21,S010,Kolkata,P0040,Grapes,Fruits,52,135,0,0,0,Wednesday,2,1,0
2024-02-23,S010,Kolkata,P0040,Grapes,Fruits,46,114.75,15,0,0,Friday,2,1,0
2024-01-01,S008,Jaipur,P0044,Carrot,Vegetables,42,114.95,5,1,1,Monday,1,1,0
2024-01-03,S008,Jaipur,P0044,Carrot,Vegetables,25,114.95,5,0,0,Wednesday,1,1,0
2024-01-07,S008,Jaipur,P0044,Carrot,Vegetables,30,121,0,0,0,Sunday,1,1,1
2024-01-09,S008,Jaipur,P0044,Carrot,Vegetables,27,121,0,0,0,Tuesday,1,1,0
2024-01-14,S008,Jaipur,P0044,Carrot,Vegetables,33,121,0,0,0,Sunday,1,1,1
2024-01-29,S008,Jaipur,P0044,Carrot,Vegetables,24,121,0,0,0,Monday,1,1,0
2024-02-09,S008,Jaipur,P0044,Carrot,Vegetables,21,121,0,0,0,Friday,2,1,0
2024-02-16,S008,Jaipur,P0044,Carrot,Vegetables,39,114.95,5,1,0,Friday,2,1,0
2024-02-22,S008,Jaipur,P0044,Carrot,Vegetables,23,121,0,0,0,Thursday,2,1,0
2024-01-01,S004,Surat,P0016,Chips,Snacks,76,259,0,0,1,Monday,1,1,0
2024-01-06,S004,Surat,P0016,Chips,Snacks,66,246.05,5,0,0,Saturday,1,1,1
2024-01-09,S004,Surat,P0016,Chips,Snacks,66,259,0,0,0,Tuesday,1,1,0
2024-01-10,S004,Surat,P0016,Chips,Snacks,54,259,0,0,0,Wednesday,1,1,0
2024-01-17,S004,Surat,P0016,Chips,Snacks,51,220.15,15,0,0,Wednesday,1,1,0
2024-01-18,S004,Surat,P0016,Chips,Snacks,70,220.15,15,0,0,Thursday,1,1,0
2024-02-03,S004,Surat,P0016,Chips,Snacks,89,233.1,10,0,0,Saturday,2,1,1
2024-02-11,S004,Surat,P0016,Chips,Snacks,74,259,0,0,0,Sunday,2,1,1
2024-02-13,S004,Surat,P0016,Chips,Snacks,61,259,0,0,0,Tuesday,2,1,0
2024-02-16,S004,Surat,P0016,Chips,Snacks,80,207.2,20,1,0,Friday,2,1,0
2024-01-01,S002,Pune,P0023,Poha,Rice & Grains,27,80,0,0,1,Monday,1,1,0
2024-01-02,S002,Pune,P0023,Poha,Rice & Grains,27,68,15,0,0,Tuesday,1,1,0
2024-01-04,S002,Pune,P0023,Poha,Rice & Grains,28,72,10,0,0,Thursday,1,1,0
2024-01-06,S002,Pune,P0023,Poha,Rice & Grains,33,80,0,0,0,Saturday,1,1,1
2024-01-07,S002,Pune,P0023,Poha,Rice & Grains,21,80,0,0,0,Sunday,1,1,1
2024-01-08,S002,Pune,P0023,Poha,Rice & Grains,27,80,0,0,0,Monday,1,1,0
2024-01-09,S002,Pune,P0023,Poha,Rice & Grains,21,80,0,0,0,Tuesday,1,1,0
2024-01-10,S002,Pune,P0023,Poha,Rice & Grains,29,80,0,1,0,Wednesday,1,1,0
2024-01-18,S002,Pune,P0023,Poha,Rice & Grains,29,80,0,0,0,Thursday,1,1,0
2024-01-23,S002,Pune,P0023,Poha,Rice & Grains,27,80,0,0,0,Tuesday,1,1,0
2024-01-24,S002,Pune,P0023,Poha,Rice & Grains,24,80,0,0,0,Wednesday,1,1,0
2024-01-26,S002,Pune,P0023,Poha,Rice & Grains,31,80,0,0,0,Friday,1,1,0
2024-02-01,S002,Pune,P0023,Poha,Rice & Grains,29,68,15,0,0,Thursday,2,1,0
2024-02-12,S002,Pune,P0023,Poha,Rice & Grains,24,80,0,0,0,Monday,2,1,0
2024-02-13,S002,Pune,P0023,Poha,Rice & Grains,24,80,0,0,0,Tuesday,2,1,0
2024-02-20,S002,Pune,P0023,Poha,Rice & Grains,22,80,0,0,0,Tuesday,2,1,0
2024-01-01,S010,Kolkata,P0041,Potato,Vegetables,28,233,0,1,1,Monday,1,1,0
2024-01-05,S010,Kolkata,P0041,Potato,Vegetables,26,233,0,1,0,Friday,1,1,0
2024-01-12,S010,Kolkata,P0041,Potato,Vegetables,21,233,0,0,0,Friday,1,1,0
2024-01-16,S010,Kolkata,P0041,Potato,Vegetables,21,233,0,0,0,Tuesday,1,1,0
2024-01-22,S010,Kolkata,P0041,Potato,Vegetables,26,209.7,10,0,0,Monday,1,1,0
2024-01-25,S010,Kolkata,P0041,Potato,Vegetables,25,233,0,0,0,Thursday,1,1,0
2024-02-06,S010,Kolkata,P0041,Potato,Vegetables,22,233,0,0,0,Tuesday,2,1,0
2024-02-08,S010,Kolkata,P0041,Potato,Vegetables,25,233,0,0,0,Thursday,2,1,0
2024-02-09,S010,Kolkata,P0041,Potato,Vegetables,27,233,0,0,0,Friday,2,1,0
2024-02-10,S010,Kolkata,P0041,Potato,Vegetables,33,233,0,0,0,Saturday,2,1,1
2024-02-15,S010,Kolkata,P0041,Potato,Vegetables,26,233,0,0,0,Thursday,2,1,0
2024-02-19,S010,Kolkata,P0041,Potato,Vegetables,24,233,0,0,0,Monday,2,1,0
2024-02-24,S010,Kolkata,P0041,Potato,Vegetables,31,221.35,5,0,0,Saturday,2,1,1
2024-01-01,S003,Ahmedabad,P0012,Coffee,Beverages,75,226,0,1,1,Monday,1,1,0
2024-01-02,S003,Ahmedabad,P0012,Coffee,Beverages,65,192.1,15,0,0,Tuesday,1,1,0
2024-01-09,S003,Ahmedabad,P0012,Coffee,Beverages,52,226,0,0,0,Tuesday,1,1,0
2024-01-15,S003,Ahmedabad,P0012,Coffee,Beverages,51,226,0,0,0,Monday,1,1,0
2024-01-23,S003,Ahmedabad,P0012,Coffee,Beverages,51,226,0,0,0,Tuesday,1,1,0
2024-01-24,S003,Ahmedabad,P0012,Coffee,Beverages,66,226,0,1,0,Wednesday,1,1,0
2024-02-01,S003,Ahmedabad,P0012,Coffee,Beverages,55,192.1,15,0,0,Thursday,2,1,0
2024-02-06,S003,Ahmedabad,P0012,Coffee,Beverages,68,226,0,1,0,Tuesday,2,1,0
2024-02-08,S003,Ahmedabad,P0012,Coffee,Beverages,50,226,0,0,0,Thursday,2,1,0
2024-02-10,S003,Ahmedabad,P0012,Coffee,Beverages,49,226,0,0,0,Saturday,2,1,1
2024-02-12,S003,Ahmedabad,P0012,Coffee,Beverages,48,226,0,0,0,Monday,2,1,0
2024-02-16,S003,Ahmedabad,P0012,Coffee,Beverages,67,226,0,0,0,Friday,2,1,0
2024-02-21,S003,Ahmedabad,P0012,Coffee,Beverages,48,192.1,15,0,0,Wednesday,2,1,0
2024-01-01,S007,Delhi,P0044,Carrot,Vegetables,62,121,0,0,1,Monday,1,1,0
2024-01-03,S007,Delhi,P0044,Carrot,Vegetables,38,121,0,0,0,Wednesday,1,1,0
2024-01-08,S007,Delhi,P0044,Carrot,Vegetables,34,121,0,0,0,Monday,1,1,0
2024-01-12,S007,Delhi,P0044,Carrot,Vegetables,39,121,0,0,0,Friday,1,1,0
2024-01-16,S007,Delhi,P0044,Carrot,Vegetables,39,121,0,0,0,Tuesday,1,1,0
2024-01-18,S007,Delhi,P0044,Carrot,Vegetables,41,114.95,5,0,0,Thursday,1,1,0
2024-01-21,S007,Delhi,P0044,Carrot,Vegetables,49,108.9,10,0,0,Sunday,1,1,1
2024-01-28,S007,Delhi,P0044,Carrot,Vegetables,50,108.9,10,0,0,Sunday,1,1,1
2024-02-03,S007,Delhi,P0044,Carrot,Vegetables,44,121,0,0,0,Saturday,2,1,1
2024-02-07,S007,Delhi,P0044,Carrot,Vegetables,37,121,0,0,0,Wednesday,2,1,0
2024-02-09,S007,Delhi,P0044,Carrot,Vegetables,37,121,0,0,0,Friday,2,1,0
2024-02-10,S007,Delhi,P0044,Carrot,Vegetables,53,121,0,1,0,Saturday,2,1,1
2024-02-13,S007,Delhi,P0044,Carrot,Vegetables,42,121,0,0,0,Tuesday,2,1,0
2024-02-18,S007,Delhi,P0044,Carrot,Vegetables,44,121,0,0,0,Sunday,2,1,1
2024-02-22,S007,Delhi,P0044,Carrot,Vegetables,45,102.85,15,0,0,Thursday,2,1,0
2024-01-01,S001,Mumbai,P0024,Oats,Rice & Grains,67,256,0,0,1,Monday,1,1,0
2024-01-02,S001,Mumbai,P0024,Oats,Rice & Grains,57,256,0,0,0,Tuesday,1,1,0
2024-01-06,S001,Mumbai,P0024,Oats,Rice & Grains,66,256,0,0,0,Saturday,1,1,1
2024-01-13,S001,Mumbai,P0024,Oats,Rice & Grains,68,243.2,5,1,0,Saturday,1,1,1
2024-01-14,S001,Mumbai,P0024,Oats,Rice & Grains,77,256,0,0,0,Sunday,1,1,1
2024-01-15,S001,Mumbai,P0024,Oats,Rice & Grains,55,256,0,0,0,Monday,1,1,0
2024-01-20,S001,Mumbai,P0024,Oats,Rice & Grains,56,256,0,0,0,Saturday,1,1,1
2024-01-21,S001,Mumbai,P0024,Oats,Rice & Grains,70,217.6,15,0,0,Sunday,1,1,1
2024-01-26,S001,Mumbai,P0024,Oats,Rice & Grains,53,256,0,0,0,Friday,1,1,0
2024-01-29,S001,Mumbai,P0024,Oats,Rice & Grains,61,230.4,10,0,0,Monday,1,1,0
2024-02-01,S001,Mumbai,P0024,Oats,Rice & Grains,62,256,0,0,0,Thursday,2,1,0
2024-02-03,S001,Mumbai,P0024,Oats,Rice & Grains,61,230.4,10,0,0,Saturday,2,1,1
2024-02-17,S001,Mumbai,P0024,Oats,Rice & Grains,68,256,0,0,0,Saturday,2,1,1
