prediction-service/data/retail_forecasting_dataset_50000.csv
date_purchased,store_id,city,product_id,product_name,category,quantity_sold,unit_price,discount_pct,promotion_flag,holiday_flag,day_of_week,month,quarter,is_weekend
2024-01-01,S008,Jaipur,P0021,Rice,Rice & Grains,33,29,0,0,1,Monday,1,1,0
2024-01-02,S008,Jaipur,P0021,Rice,Rice & Grains,27,26.1,10,0,0,Tuesday,1,1,0
2024-01-08,S008,Jaipur,P0021,Rice,Rice & Grains,24,29,0,0,0,Monday,1,1,0
2024-01-12,S008,Jaipur,P0021,Rice,Rice & Grains,25,29,0,0,0,Friday,1,1,0
2024-01-19,S008,Jaipur,P0021,Rice,Rice & Grains,25,29,0,0,0,Friday,1,1,0
2024-01-20,S008,Jaipur,P0021,Rice,Rice & Grains,32,29,0,0,0,Saturday,1,1,1
2024-01-22,S008,Jaipur,P0021,Rice,Rice & Grains,26,29,0,0,0,Monday,1,1,0
2024-01-23,S008,Jaipur,P0021,Rice,Rice & Grains,29,29,0,1,0,Tuesday,1,1,0
2024-01-24,S008,Jaipur,P0021,Rice,Rice & Grains,24,27.55,5,0,0,Wednesday,1,1,0
2024-01-27,S008,Jaipur,P0021,Rice,Rice & Grains,29,29,0,0,0,Saturday,1,1,1
2024-01-31,S008,Jaipur,P0021,Rice,Rice & Grains,27,29,0,0,0,Wednesday,1,1,0
2024-02-04,S008,Jaipur,P0021,Rice,Rice & Grains,36,27.55,5,0,0,Sunday,2,1,1
2024-02-12,S008,Jaipur,P0021,Rice,Rice & Grains,23,29,0,0,0,Monday,2,1,0
2024-02-13,S008,Jaipur,P0021,Rice,Rice & Grains,24,27.55,5,0,0,Tuesday,2,1,0
2024-02-14,S008,Jaipur,P0021,Rice,Rice & Grains,29,24.65,15,0,0,Wednesday,2,1,0
2024-02-17,S008,Jaipur,P0021,Rice,Rice & Grains,33,24.65,15,0,0,Saturday,2,1,1
2024-02-22,S008,Jaipur,P0021,Rice,Rice & Grains,25,29,0,0,0,Thursday,2,1,0
2024-01-01,S004,Surat,P0012,Coffee,Beverages,93,226,0,1,1,Monday,1,1,0
2024-01-02,S004,Surat,P0012,Coffee,Beverages,52,226,0,0,0,Tuesday,1,1,0
2024-01-06,S004,Surat,P0012,Coffee,Beverages,67,226,0,0,0,Saturday,1,1,1
2024-01-08,S004,Surat,P0012,Coffee,Beverages,56,226,0,0,0,Monday,1,1,0
2024-01-13,S004,Surat,P0012,Coffee,Beverages,86,203.4,10,0,0,Saturday,1,1,1
2024-01-19,S004,Surat,P0012,Coffee,Beverages,49,180.8,20,0,0,Friday,1,1,0
2024-01-23,S004,Surat,P0012,Coffee,Beverages,53,226,0,0,0,Tuesday,1,1,0
2024-01-27,S004,Surat,P0012,Coffee,Beverages,66,226,0,0,0,Saturday,1,1,1
2024-02-04,S004,Surat,P0012,Coffee,Beverages,59,214.7,5,0,0,Sunday,2,1,1
2024-02-09,S004,Surat,P0012,Coffee,Beverages,55,226,0,0,0,Friday,2,1,0
2024-02-13,S004,Surat,P0012,Coffee,Beverages,60,226,0,0,0,Tuesday,2,1,0
2024-02-20,S004,Surat,P0012,Coffee,Beverages,68,214.7,5,0,0,Tuesday,2,1,0
2024-02-23,S004,Surat,P0012,Coffee,Beverages,51,192.1,15,0,0,Friday,2,1,0
2024-01-01,S010,Kolkata,P0017,Namkeen,Snacks,52,183,0,0,1,Monday,1,1,0
2024-01-03,S010,Kolkata,P0017,Namkeen,Snacks,45,183,0,1,0,Wednesday,1,1,0
2024-01-09,S010,Kolkata,P0017,Namkeen,Snacks,34,173.85,5,0,0,Tuesday,1,1,0
2024-01-10,S010,Kolkata,P0017,Namkeen,Snacks,35,183,0,0,0,Wednesday,1,1,0
2024-01-19,S010,Kolkata,P0017,Namkeen,Snacks,34,183,0,0,0,Friday,1,1,0
2024-01-23,S010,Kolkata,P0017,Namkeen,Snacks,40,146.4,20,0,0,Tuesday,1,1,0
2024-01-26,S010,Kolkata,P0017,Namkeen,Snacks,33,173.85,5,0,0,Friday,1,1,0
2024-01-30,S010,Kolkata,P0017,Namkeen,Snacks,44,183,0,0,0,Tuesday,1,1,0
2024-02-01,S010,Kolkata,P0017,Namkeen,Snacks,28,173.85,5,0,0,Thursday,2,1,0
2024-02-08,S010,Kolkata,P0017,Namkeen,Snacks,34,164.7,10,0,0,Thursday,2,1,0
2024-02-16,S010,Kolkata,P0017,Namkeen,Snacks,30,164.7,10,0,0,Friday,2,1,0
2024-02-17,S010,Kolkata,P0017,Namkeen,Snacks,44,183,0,0,0,Saturday,2,1,1
2024-01-01,S008,Jaipur,P0008,Cake,Bakery,46,126,0,0,1,Monday,1,1,0
2024-01-02,S008,Jaipur,P0008,Cake,Bakery,36,126,0,0,0,Tuesday,1,1,0
2024-01-08,S008,Jaipur,P0008,Cake,Bakery,38,126,0,0,0,Monday,1,1,0
2024-01-12,S008,Jaipur,P0008,Cake,Bakery,44,113.4,10,1,0,Friday,1,1,0
2024-01-19,S008,Jaipur,P0008,Cake,Bakery,31,126,0,0,0,Friday,1,1,0
2024-01-21,S008,Jaipur,P0008,Cake,Bakery,39,126,0,0,0,Sunday,1,1,1
2024-01-24,S008,Jaipur,P0008,Cake,Bakery,27,113.4,10,0,0,Wednesday,1,1,0
2024-01-28,S008,Jaipur,P0008,Cake,Bakery,44,126,0,0,0,Sunday,1,1,1
2024-01-29,S008,Jaipur,P0008,Cake,Bakery,41,107.1,15,1,0,Monday,1,1,0
2024-01-31,S008,Jaipur,P0008,Cake,Bakery,30,119.7,5,0,0,Wednesday,1,1,0
2024-02-08,S008,Jaipur,P0008,Cake,Bakery,33,119.7,5,0,0,Thursday,2,1,0
2024-02-13,S008,Jaipur,P0008,Cake,Bakery,39,119.7,5,1,0,Tuesday,2,1,0
2024-02-15,S008,Jaipur,P0008,Cake,Bakery,27,126,0,0,0,Thursday,2,1,0
2024-02-18,S008,Jaipur,P0008,Cake,Bakery,43,126,0,1,0,Sunday,2,1,1
2024-02-19,S008,Jaipur,P0008,Cake,Bakery,28,126,0,0,0,Monday,2,1,0
2024-02-22,S008,Jaipur,P0008,Cake,Bakery,34,126,0,0,0,Thursday,2,1,0
2024-01-01,S007,Delhi,P0002,Curd,Dairy,103,314,0,0,1,Monday,1,1,0
2024-01-02,S007,Delhi,P0002,Curd,Dairy,68,314,0,0,0,Tuesday,1,1,0
2024-01-26,S007,Delhi,P0002,Curd,Dairy,81,314,0,1,0,Friday,1,1,0
2024-02-02,S007,Delhi,P0002,Curd,Dairy,68,314,0,0,0,Friday,2,1,0
2024-02-05,S007,Delhi,P0002,Curd,Dairy,67,314,0,0,0,Monday,2,1,0
2024-02-06,S007,Delhi,P0002,Curd,Dairy,72,314,0,0,0,Tuesday,2,1,0
2024-02-09,S007,Delhi,P0002,Curd,Dairy,70,314,0,0,0,Friday,2,1,0
2024-02-10,S007,Delhi,P0002,Curd,Dairy,99,298.3,5,1,0,Saturday,2,1,1
2024-02-11,S007,Delhi,P0002,Curd,Dairy,92,314,0,0,0,Sunday,2,1,1
2024-02-12,S007,Delhi,P0002,Curd,Dairy,74,314,0,0,0,Monday,2,1,0
2024-02-14,S007,Delhi,P0002,Curd,Dairy,92,314,0,0,0,Wednesday,2,1,0
2024-02-16,S007,Delhi,P0002,Curd,Dairy,60,314,0,0,0,Friday,2,1,0
2024-02-23,S007,Delhi,P0002,Curd,Dairy,59,314,0,0,0,Friday,2,1,0
2024-01-01,S007,Delhi,P0040,Grapes,Fruits,83,135,0,0,1,Monday,1,1,0
2024-01-07,S007,Delhi,P0040,Grapes,Fruits,80,128.25,5,0,0,Sunday,1,1,1
2024-01-08,S007,Delhi,P0040,Grapes,Fruits,55,135,0,0,0,Monday,1,1,0
2024-01-17,S007,Delhi,P0040,Grapes,Fruits,59,135,0,0,0,Wednesday,1,1,0
2024-01-30,S007,Delhi,P0040,Grapes,Fruits,53,135,0,0,0,Tuesday,1,1,0
2024-02-06,S007,Delhi,P0040,Grapes,Fruits,58,135,0,0,0,Tuesday,2,1,0
2024-02-07,S007,Delhi,P0040,Grapes,Fruits,63,135,0,0,0,Wednesday,2,1,0
2024-02-10,S007,Delhi,P0040,Grapes,Fruits,58,135,0,0,0,Saturday,2,1,1
2024-02-13,S007,Delhi,P0040,Grapes,Fruits,52,121.5,10,0,0,Tuesday,2,1,0
2024-02-22,S007,Delhi,P0040,Grapes,Fruits,57,135,0,0,0,Thursday,2,1,0
2024-01-01,S003,Ahmedabad,P0029,Face Wash,Personal Care,62,122,0,1,1,Monday,1,1,0
2024-01-02,S003,Ahmedabad,P0029,Face Wash,Personal Care,34,122,0,0,0,Tuesday,1,1,0
2024-01-09,S003,Ahmedabad,P0029,Face Wash,Personal Care,44,122,0,1,0,Tuesday,1,1,0
2024-01-13,S003,Ahmedabad,P0029,Face Wash,Personal Care,36,122,0,0,0,Saturday,1,1,1
2024-01-14,S003,Ahmedabad,P0029,Face Wash,Personal Care,48,115.9,5,0,0,Sunday,1,1,1
2024-01-17,S003,Ahmedabad,P0029,Face Wash,Personal Care,42,122,0,1,0,Wednesday,1,1,0
2024-01-20,S003,Ahmedabad,P0029,Face Wash,Personal Care,41,109.8,10,0,0,Saturday,1,1,1
2024-01-26,S003,Ahmedabad,P0029,Face Wash,Personal Care,41,122,0,0,0,Friday,1,1,0
2024-01-27,S003,Ahmedabad,P0029,Face Wash,Personal Care,55,122,0,0,0,Saturday,1,1,1
2024-01-29,S003,Ahmedabad,P0029,Face Wash,Personal Care,38,109.8,10,0,0,Monday,1,1,0
2024-02-01,S003,Ahmedabad,P0029,Face Wash,Personal Care,40,122,0,0,0,Thursday,2,1,0
2024-02-03,S003,Ahmedabad,P0029,Face Wash,Personal Care,49,109.8,10,0,0,Saturday,2,1,1
2024-02-06,S003,Ahmedabad,P0029,Face Wash,Personal Care,35,122,0,1,0,Tuesday,2,1,0
2024-02-09,S003,Ahmedabad,P0029,Face Wash,Personal Care,38,122,0,0,0,Friday,2,1,0
2024-02-18,S003,Ahmedabad,P0029,Face Wash,Personal Care,44,122,0,0,0,Sunday,2,1,1
2024-02-19,S003,Ahmedabad,P0029,Face Wash,Personal Care,27,122,0,0,0,Monday,2,1,0
2024-01-01,S006,Hyderabad,P0012,Coffee,Beverages,80,226,0,0,1,Monday,1,1,0
2024-01-06,S006,Hyderabad,P0012,Coffee,Beverages,67,226,0,0,0,Saturday,1,1,1
2024-01-09,S006,Hyderabad,P0012,Coffee,Beverages,62,226,0,1,0,Tuesday,1,1,0
2024-01-14,S006,Hyderabad,P0012,Coffee,Beverages,78,226,0,0,0,Sunday,1,1,1
2024-01-18,S006,Hyderabad,P0012,Coffee,Beverages,59,226,0,0,0,Thursday,1,1,0
2024-01-19,S006,Hyderabad,P0012,Coffee,Beverages,74,226,0,0,0,Friday,1,1,0
2024-01-20,S006,Hyderabad,P0012,Coffee,Beverages,77,226,0,0,0,Saturday,1,1,1
2024-01-30,S006,Hyderabad,P0012,Coffee,Beverages,60,226,0,0,0,Tuesday,1,1,0
2024-02-07,S006,Hyderabad,P0012,Coffee,Beverages,74,180.8,20,1,0,Wednesday,2,1,0
2024-02-12,S006,Hyderabad,P0012,Coffee,Beverages,55,226,0,0,0,Monday,2,1,0
2024-02-15,S006,Hyderabad,P0012,Coffee,Beverages,68,226,0,0,0,Thursday,2,1,0
2024-02-18,S006,Hyderabad,P0012,Coffee,Beverages,86,226,0,1,0,Sunday,2,1,1
2024-02-20,S006,Hyderabad,P0012,Coffee,Beverages,62,226,0,0,0,Tuesday,2,1,0
2024-02-23,S006,Hyderabad,P0012,Coffee,Beverages,64,226,0,0,0,Friday,2,1,0
2024-01-01,S002,Pune,P0001,Milk,Dairy,101,255,0,0,1,Monday,1,1,0
2024-01-08,S002,Pune,P0001,Milk,Dairy,85,229.5,10,0,0,Monday,1,1,0
2024-01-12,S002,Pune,P0001,Milk,Dairy,65,255,0,0,0,Friday,1,1,0
2024-01-13,S002,Pune,P0001,Milk,Dairy,72,216.75,15,0,0,Saturday,1,1,1
2024-01-17,S002,Pune,P0001,Milk,Dairy,80,242.25,5,0,0,Wednesday,1,1,0
2024-01-23,S002,Pune,P0001,Milk,Dairy,63,255,0,0,0,Tuesday,1,1,0
2024-01-31,S002,Pune,P0001,Milk,Dairy,72,255,0,0,0,Wednesday,1,1,0
2024-02-01,S002,Pune,P0001,Milk,Dairy,65,242.25,5,0,0,Thursday,2,1,0
2024-02-05,S002,Pune,P0001,Milk,Dairy,81,255,0,0,0,Monday,2,1,0
2024-02-14,S002,Pune,P0001,Milk,Dairy,63,255,0,0,0,Wednesday,2,1,0
2024-02-22,S002,Pune,P0001,Milk,Dairy,64,255,0,0,0,Thursday,2,1,0
2024-02-23,S002,Pune,P0001,Milk,Dairy,73,255,0,0,0,Friday,2,1,0
2024-01-01,S001,Mumbai,P0041,Potato,Vegetables,41,233,0,0,1,Monday,1,1,0
2024-01-07,S001,Mumbai,P0041,Potato,Vegetables,36,233,0,1,0,Sunday,1,1,1
2024-01-08,S001,Mumbai,P0041,Potato,Vegetables,34,209.7,10,0,0,Monday,1,1,0
2024-01-12,S001,Mumbai,P0041,Potato,Vegetables,32,233,0,0,0,Friday,1,1,0
2024-01-15,S001,Mumbai,P0041,Potato,Vegetables,27,233,0,0,0,Monday,1,1,0
2024-01-17,S001,Mumbai,P0041,Potato,Vegetables,27,233,0,0,0,Wednesday,1,1,0
2024-01-19,S001,Mumbai,P0041,Potato,Vegetables,28,233,0,0,0,Friday,1,1,0
2024-01-22,S001,Mumbai,P0041,Potato,Vegetables,27,221.35,5,0,0,Monday,1,1,0
2024-01-23,S001,Mumbai,P0041,Potato,Vegetables,40,186.4,20,1,0,Tuesday,1,1,0
2024-01-27,S001,Mumbai,P0041,Potato,Vegetables,34,233,0,0,0,Saturday,1,1,1
2024-02-02,S001,Mumbai,P0041,Potato,Vegetables,28,221.35,5,0,0,Friday,2,1,0
2024-02-12,S001,Mumbai,P0041,Potato,Vegetables,26,233,0,0,0,Monday,2,1,0
2024-02-21,S001,Mumbai,P0041,Potato,Vegetables,31,186.4,20,0,0,Wednesday,2,1,0
2024-01-01,S005,Bengaluru,P0040,Grapes,Fruits,72,114.75,15,0,1,Monday,1,1,0
2024-01-02,S005,Bengaluru,P0040,Grapes,Fruits,55,135,0,0,0,Tuesday,1,1,0
2024-01-06,S005,Bengaluru,P0040,Grapes,Fruits,81,135,0,1,0,Saturday,1,1,1
2024-01-13,S005,Bengaluru,P0040,Grapes,Fruits,71,135,0,0,0,Saturday,1,1,1
2024-01-23,S005,Bengaluru,P0040,Grapes,Fruits,68,135,0,0,0,Tuesday,1,1,0
2024-01-24,S005,Bengaluru,P0040,Grapes,Fruits,58,135,0,0,0,Wednesday,1,1,0
2024-01-27,S005,Bengaluru,P0040,Grapes,Fruits,72,135,0,0,0,Saturday,1,1,1
2024-02-04,S005,Bengaluru,P0040,Grapes,Fruits,76,135,0,0,0,Sunday,2,1,1
2024-02-06,S005,Bengaluru,P0040,Grapes,Fruits,51,135,0,0,0,Tuesday,2,1,0
2024-02-21,S005,Bengaluru,P0040,Grapes,Fruits,58,135,0,0,0,Wednesday,2,1,0
2024-02-23,S005,Bengaluru,P0040,Grapes,Fruits,55,128.25,5,0,0,Friday,2,1,0
2024-01-01,S010,Kolkata,P0018,Popcorn,Snacks,52,243,0,0,1,Monday,1,1,0
2024-01-04,S010,Kolkata,P0018,Popcorn,Snacks,43,230.85,5,1,0,Thursday,1,1,0
2024-01-08,S010,Kolkata,P0018,Popcorn,Snacks,40,243,0,0,0,Monday,1,1,0
2024-01-16,S010,Kolkata,P0018,Popcorn,Snacks,35,243,0,0,0,Tuesday,1,1,0
2024-01-23,S010,Kolkata,P0018,Popcorn,Snacks,38,243,0,0,0,Tuesday,1,1,0
2024-01-31,S010,Kolkata,P0018,Popcorn,Snacks,35,243,0,0,0,Wednesday,1,1,0
2024-02-05,S010,Kolkata,P0018,Popcorn,Snacks,29,243,0,0,0,Monday,2,1,0
2024-02-06,S010,Kolkata,P0018,Popcorn,Snacks,37,243,0,0,0,Tuesday,2,1,0
2024-02-07,S010,Kolkata,P0018,Popcorn,Snacks,28,243,0,1,0,Wednesday,2,1,0
2024-02-09,S010,Kolkata,P0018,Popcorn,Snacks,48,206.55,15,1,0,Friday,2,1,0
2024-02-11,S010,Kolkata,P0018,Popcorn,Snacks,44,243,0,0,0,Sunday,2,1,1
2024-02-19,S010,Kolkata,P0018,Popcorn,Snacks,32,206.55,15,0,0,Monday,2,1,0
2024-01-01,S001,Mumbai,P0012,Coffee,Beverages,72,226,0,0,1,Monday,1,1,0
2024-01-02,S001,Mumbai,P0012,Coffee,Beverages,66,226,0,1,0,Tuesday,1,1,0
2024-01-07,S001,Mumbai,P0012,Coffee,Beverages,82,226,0,0,0,Sunday,1,1,1
2024-01-18,S001,Mumbai,P0012,Coffee,Beverages,72,226,0,0,0,Thursday,1,1,0
2024-01-24,S001,Mumbai,P0012,Coffee,Beverages,54,226,0,0,0,Wednesday,1,1,0
2024-01-25,S001,Mumbai,P0012,Coffee,Beverages,57,226,0,0,0,Thursday,1,1,0
2024-01-26,S001,Mumbai,P0012,Coffee,Beverages,53,226,0,0,0,Friday,1,1,0
2024-01-30,S001,Mumbai,P0012,Coffee,Beverages,53,226,0,0,0,Tuesday,1,1,0
2024-02-02,S001,Mumbai,P0012,Coffee,Beverages,60,226,0,0,0,Friday,2,1,0
2024-02-09,S001,Mumbai,P0012,Coffee,Beverages,37,226,0,0,0,Friday,2,1,0
2024-02-11,S001,Mumbai,P0012,Coffee,Beverages,51,226,0,0,0,Sunday,2,1,1
2024-02-12,S001,Mumbai,P0012,Coffee,Beverages,53,226,0,0,0,Monday,2,1,0
2024-02-14,S001,Mumbai,P0012,Coffee,Beverages,57,226,0,0,0,Wednesday,2,1,0
2024-02-15,S001,Mumbai,P0012,Coffee,Beverages,54,226,0,0,0,Thursday,2,1,0
2024-02-17,S001,Mumbai,P0012,Coffee,Beverages,75,214.7,5,0,0,Saturday,2,1,1
2024-02-23,S001,Mumbai,P0012,Coffee,Beverages,61,226,0,1,0,Friday,2,1,0
2024-01-01,S006,Hyderabad,P0042,Onion,Vegetables,63,180,0,0,1,Monday,1,1,0
2024-01-06,S006,Hyderabad,P0042,Onion,Vegetables,45,180,0,0,0,Saturday,1,1,1
2024-01-12,S006,Hyderabad,P0042,Onion,Vegetables,33,180,0,0,0,Friday,1,1,0
2024-01-16,S006,Hyderabad,P0042,Onion,Vegetables,39,171,5,0,0,Tuesday,1,1,0
2024-01-27,S006,Hyderabad,P0042,Onion,Vegetables,57,171,5,0,0,Saturday,1,1,1
2024-01-28,S006,Hyderabad,P0042,Onion,Vegetables,53,180,0,0,0,Sunday,1,1,1
2024-01-30,S006,Hyderabad,P0042,Onion,Vegetables,40,144,20,0,0,Tuesday,1,1,0
2024-02-04,S006,Hyderabad,P0042,Onion,Vegetables,47,180,0,0,0,Sunday,2,1,1
2024-02-06,S006,Hyderabad,P0042,Onion,Vegetables,36,180,0,0,0,Tuesday,2,1,0
2024-02-07,S006,Hyderabad,P0042,Onion,Vegetables,33,180,0,0,0,Wednesday,2,1,0
2024-02-11,S006,Hyderabad,P0042,Onion,Vegetables,54,180,0,0,0,Sunday,2,1,1
2024-02-15,S006,Hyderabad,P0042,Onion,Vegetables,37,180,0,0,0,Thursday,2,1,0
2024-01-01,S005,Bengaluru,P0021,Rice,Rice & Grains,57,29,0,0,1,Monday,1,1,0
2024-01-04,S005,Bengaluru,P0021,Rice,Rice & Grains,38,27.55,5,0,0,Thursday,1,1,0
2024-01-07,S005,Bengaluru,P0021,Rice,Rice & Grains,44,27.55,5,0,0,Sunday,1,1,1
2024-01-16,S005,Bengaluru,P0021,Rice,Rice & Grains,34,29,0,0,0,Tuesday,1,1,0
2024-01-17,S005,Bengaluru,P0021,Rice,Rice & Grains,40,29,0,0,0,Wednesday,1,1,0
2024-01-22,S005,Bengaluru,P0021,Rice,Rice & Grains,43,27.55,5,0,0,Monday,1,1,0
2024-01-30,S005,Bengaluru,P0021,Rice,Rice & Grains,39,29,0,0,0,Tuesday,1,1,0
2024-02-01,S005,Bengaluru,P0021,Rice,Rice & Grains,48,29,0,1,0,Thursday,2,1,0
2024-02-06,S005,Bengaluru,P0021,Rice,Rice & Grains,41,24.65,15,0,0,Tuesday,2,1,0
2024-02-07,S005,Bengaluru,P0021,Rice,Rice & Grains,42,29,0,0,0,Wednesday,2,1,0
2024-02-11,S005,Bengaluru,P0021,Rice,Rice & Grains,42,29,0,0,0,Sunday,2,1,1
2024-02-21,S005,Bengaluru,P0021,Rice,Rice & Grains,33,29,0,0,0,Wednesday,2,1,0
2024-01-01,S010,Kolkata,P0046,Ice Cream,Frozen,71,108,0,0,1,Monday,1,1,0
2024-01-07,S010,Kolkata,P0046,Ice Cream,Frozen,58,108,0,0,0,Sunday,1,1,1
2024-01-08,S010,Kolkata,P0046,Ice Cream,Frozen,44,108,0,0,0,Monday,1,1,0
2024-01-14,S010,Kolkata,P0046,Ice Cream,Frozen,59,97.2,10,0,0,Sunday,1,1,1
2024-01-17,S010,Kolkata,P0046,Ice Cream,Frozen,52,108,0,0,0,Wednesday,1,1,0
2024-01-23,S010,Kolkata,P0046,Ice Cream,Frozen,46,108,0,0,0,Tuesday,1,1,0
2024-01-31,S010,Kolkata,P0046,Ice Cream,Frozen,56,108,0,0,0,Wednesday,1,1,0
2024-02-03,S010,Kolkata,P0046,Ice Cream,Frozen,69,108,0,0,0,Saturday,2,1,1
2024-02-14,S010,Kolkata,P0046,Ice Cream,Frozen,46,108,0,0,0,Wednesday,2,1,0
2024-02-18,S010,Kolkata,P0046,Ice Cream,Frozen,54,102.6,5,0,0,Sunday,2,1,1
2024-01-01,S003,Ahmedabad,P0040,Grapes,Fruits,63,135,0,0,1,Monday,1,1,0
2024-01-05,S003,Ahmedabad,P0040,Grapes,Fruits,54,135,0,0,0,Friday,1,1,0
2024-01-23,S003,Ahmedabad,P0040,Grapes,Fruits,54,135,0,0,0,Tuesday,1,1,0
2024-01-27,S003,Ahmedabad,P0040,Grapes,Fruits,61,121.5,10,0,0,Saturday,1,1,1
2024-01-30,S003,Ahmedabad,P0040,Grapes,Fruits,52,135,0,0,0,Tuesday,1,1,0
2024-02-05,S003,Ahmedabad,P0040,Grapes,Fruits,59,135,0,0,0,Monday,2,1,0
2024-02-11,S003,Ahmedabad,P0040,Grapes,Fruits,75,135,0,0,0,Sunday,2,1,1
2024-02-17,S003,Ahmedabad,P0040,Grapes,Fruits,80,135,0,0,0,Saturday,2,1,1
2024-01-01,S004,Surat,P0035,Phenyl,Cleaning,76,70,0,0,1,Monday,1,1,0
2024-01-07,S004,Surat,P0035,Phenyl,Cleaning,55,70,0,0,0,Sunday,1,1,1
2024-01-11,S004,Surat,P0035,Phenyl,Cleaning,40,70,0,0,0,Thursday,1,1,0
2024-01-12,S004,Surat,P0035,Phenyl,Cleaning,53,70,0,0,0,Friday,1,1,0
2024-01-14,S004,Surat,P0035,Phenyl,Cleaning,55,70,0,0,0,Sunday,1,1,1
2024-01-15,S004,Surat,P0035,Phenyl,Cleaning,43,66.5,5,0,0,Monday,1,1,0
2024-01-17,S004,Surat,P0035,Phenyl,Cleaning,49,70,0,0,0,Wednesday,1,1,0
2024-01-24,S004,Surat,P0035,Phenyl,Cleaning,53,70,0,0,0,Wednesday,1,1,0
2024-01-27,S004,Surat,P0035,Phenyl,Cleaning,71,56,20,0,0,Saturday,1,1,1
2024-02-07,S004,Surat,P0035,Phenyl,Cleaning,59,63,10,0,0,Wednesday,2,1,0
2024-02-14,S004,Surat,P0035,Phenyl,Cleaning,66,59.5,15,0,0,Wednesday,2,1,0
2024-02-18,S004,Surat,P0035,Phenyl,Cleaning,59,70,0,0,0,Sunday,2,1,1
2024-02-21,S004,Surat,P0035,Phenyl,Cleaning,44,63,10,0,0,Wednesday,2,1,0
2024-02-23,S004,Surat,P0035,Phenyl,Cleaning,43,70,0,0,0,Friday,2,1,0
