prediction-service/data/retail_forecasting_dataset_50000.csv
date_purchased,store_id,city,product_id,product_name,category,quantity_sold,unit_price,discount_pct,promotion_flag,holiday_flag,day_of_week,month,quarter,is_weekend
2024-01-01,S004,Surat,P0026,Soap,Personal Care,32,83,0,0,1,Monday,1,1,0
2024-01-04,S004,Surat,P0026,Soap,Personal Care,28,74.7,10,0,0,Thursday,1,1,0
2024-01-06,S004,Surat,P0026,Soap,Personal Care,32,74.7,10,0,0,Saturday,1,1,1
2024-01-07,S004,Surat,P0026,Soap,Personal Care,34,83,0,0,0,Sunday,1,1,1
2024-01-17,S004,Surat,P0026,Soap,Personal Care,26,83,0,0,0,Wednesday,1,1,0
2024-01-22,S004,Surat,P0026,Soap,Personal Care,30,78.85,5,0,0,Monday,1,1,0
2024-01-23,S004,Surat,P0026,Soap,Personal Care,27,83,0,0,0,Tuesday,1,1,0
2024-01-25,S004,Surat,P0026,Soap,Personal Care,25,66.4,20,0,0,Thursday,1,1,0
2024-01-30,S004,Surat,P0026,Soap,Personal Care,28,83,0,0,0,Tuesday,1,1,0
2024-01-31,S004,Surat,P0026,Soap,Personal Care,28,74.7,10,0,0,Wednesday,1,1,0
2024-02-06,S004,Surat,P0026,Soap,Personal Care,31,83,0,0,0,Tuesday,2,1,0
2024-02-09,S004,Surat,P0026,Soap,Personal Care,24,83,0,0,0,Friday,2,1,0
2024-02-11,S004,Surat,P0026,Soap,Personal Care,32,83,0,0,0,Sunday,2,1,1
2024-02-12,S004,Surat,P0026,Soap,Personal Care,25,83,0,0,0,Monday,2,1,0
2024-02-14,S004,Surat,P0026,Soap,Personal Care,27,83,0,0,0,Wednesday,2,1,0
2024-02-19,S004,Surat,P0026,Soap,Personal Care,29,83,0,0,0,Monday,2,1,0
2024-02-21,S004,Surat,P0026,Soap,Personal Care,23,83,0,0,0,Wednesday,2,1,0
2024-01-01,S001,Mumbai,P0017,Namkeen,Snacks,56,183,0,0,1,Monday,1,1,0
2024-01-02,S001,Mumbai,P0017,Namkeen,Snacks,41,183,0,0,0,Tuesday,1,1,0
2024-01-06,S001,Mumbai,P0017,Namkeen,Snacks,48,183,0,0,0,Saturday,1,1,1
2024-01-10,S001,Mumbai,P0017,Namkeen,Snacks,37,183,0,0,0,Wednesday,1,1,0
2024-01-11,S001,Mumbai,P0017,Namkeen,Snacks,40,155.55,15,0,0,Thursday,1,1,0
2024-01-15,S001,Mumbai,P0017,Namkeen,Snacks,40,183,0,0,0,Monday,1,1,0
2024-01-19,S001,Mumbai,P0017,Namkeen,Snacks,36,183,0,0,0,Friday,1,1,0
2024-01-26,S001,Mumbai,P0017,Namkeen,Snacks,55,183,0,1,0,Friday,1,1,0
2024-01-29,S001,Mumbai,P0017,Namkeen,Snacks,32,183,0,0,0,Monday,1,1,0
2024-02-07,S001,Mumbai,P0017,Namkeen,Snacks,42,183,0,0,0,Wednesday,2,1,0
2024-02-08,S001,Mumbai,P0017,Namkeen,Snacks,43,164.7,10,0,0,Thursday,2,1,0
2024-02-10,S001,Mumbai,P0017,Namkeen,Snacks,65,155.55,15,1,0,Saturday,2,1,1
2024-02-16,S001,Mumbai,P0017,Namkeen,Snacks,42,183,0,0,0,Friday,2,1,0
2024-02-17,S001,Mumbai,P0017,Namkeen,Snacks,48,146.4,20,0,0,Saturday,2,1,1
2024-02-19,S001,Mumbai,P0017,Namkeen,Snacks,37,183,0,0,0,Monday,2,1,0
2024-01-01,S007,Delhi,P0048,Frozen Corn,Frozen,84,266.05,15,0,1,Monday,1,1,0
2024-01-03,S007,Delhi,P0048,Frozen Corn,Frozen,40,313,0,0,0,Wednesday,1,1,0
2024-01-13,S007,Delhi,P0048,Frozen Corn,Frozen,76,266.05,15,0,0,Saturday,1,1,1
2024-01-14,S007,Delhi,P0048,Frozen Corn,Frozen,71,266.05,15,0,0,Sunday,1,1,1
2024-01-15,S007,Delhi,P0048,Frozen Corn,Frozen,44,313,0,0,0,Monday,1,1,0
2024-01-20,S007,Delhi,P0048,Frozen Corn,Frozen,73,313,0,0,0,Saturday,1,1,1
2024-01-25,S007,Delhi,P0048,Frozen Corn,Frozen,53,313,0,0,0,Thursday,1,1,0
2024-02-02,S007,Delhi,P0048,Frozen Corn,Frozen,58,313,0,0,0,Friday,2,1,0
2024-02-16,S007,Delhi,P0048,Frozen Corn,Frozen,46,313,0,1,0,Friday,2,1,0
2024-01-01,S010,Kolkata,P0015,Water,Beverages,31,205,0,0,1,Monday,1,1,0
2024-01-06,S010,Kolkata,P0015,Water,Beverages,34,184.5,10,0,0,Saturday,1,1,1
2024-01-23,S010,Kolkata,P0015,Water,Beverages,28,205,0,0,0,Tuesday,1,1,0
2024-01-27,S010,Kolkata,P0015,Water,Beverages,28,205,0,0,0,Saturday,1,1,1
2024-01-31,S010,Kolkata,P0015,Water,Beverages,27,205,0,0,0,Wednesday,1,1,0
2024-02-03,S010,Kolkata,P0015,Water,Beverages,43,205,0,1,0,Saturday,2,1,1
2024-02-08,S010,Kolkata,P0015,Water,Beverages,35,205,0,1,0,Thursday,2,1,0
2024-02-13,S010,Kolkata,P0015,Water,Beverages,27,184.5,10,0,0,Tuesday,2,1,0
2024-02-15,S010,Kolkata,P0015,Water,Beverages,25,174.25,15,0,0,Thursday,2,1,0
2024-02-17,S010,Kolkata,P0015,Water,Beverages,30,174.25,15,0,0,Saturday,2,1,1
2024-02-21,S010,Kolkata,P0015,Water,Beverages,28,205,0,0,0,Wednesday,2,1,0
2024-01-01,S008,Jaipur,P0020,Crackers,Snacks,35,74.8,15,0,1,Monday,1,1,0
2024-01-02,S008,Jaipur,P0020,Crackers,Snacks,24,88,0,0,0,Tuesday,1,1,0
2024-01-17,S008,Jaipur,P0020,Crackers,Snacks,22,88,0,0,0,Wednesday,1,1,0
2024-01-21,S008,Jaipur,P0020,Crackers,Snacks,32,70.4,20,0,0,Sunday,1,1,1
2024-01-22,S008,Jaipur,P0020,Crackers,Snacks,25,88,0,0,0,Monday,1,1,0
2024-02-06,S008,Jaipur,P0020,Crackers,Snacks,23,88,0,0,0,Tuesday,2,1,0
2024-02-08,S008,Jaipur,P0020,Crackers,Snacks,23,88,0,0,0,Thursday,2,1,0
2024-02-17,S008,Jaipur,P0020,Crackers,Snacks,29,88,0,0,0,Saturday,2,1,1
2024-02-19,S008,Jaipur,P0020,Crackers,Snacks,24,88,0,0,0,Monday,2,1,0
2024-01-01,S006,Hyderabad,P0010,Rusk,Bakery,58,111.6,10,0,1,Monday,1,1,0
2024-01-02,S006,Hyderabad,P0010,Rusk,Bakery,44,124,0,0,0,Tuesday,1,1,0
2024-01-07,S006,Hyderabad,P0010,Rusk,Bakery,70,111.6,10,0,0,Sunday,1,1,1
2024-01-08,S006,Hyderabad,P0010,Rusk,Bakery,44,124,0,0,0,Monday,1,1,0
2024-01-18,S006,Hyderabad,P0010,Rusk,Bakery,43,111.6,10,0,0,Thursday,1,1,0
2024-01-30,S006,Hyderabad,P0010,Rusk,Bakery,46,124,0,0,0,Tuesday,1,1,0
2024-02-08,S006,Hyderabad,P0010,Rusk,Bakery,35,124,0,0,0,Thursday,2,1,0
2024-02-10,S006,Hyderabad,P0010,Rusk,Bakery,55,124,0,1,0,Saturday,2,1,1
2024-02-13,S006,Hyderabad,P0010,Rusk,Bakery,41,117.8,5,0,0,Tuesday,2,1,0
2024-02-14,S006,Hyderabad,P0010,Rusk,Bakery,43,124,0,0,0,Wednesday,2,1,0
2024-02-19,S006,Hyderabad,P0010,Rusk,Bakery,53,124,0,0,0,Monday,2,1,0
2024-02-22,S006,Hyderabad,P0010,Rusk,Bakery,55,105.4,15,0,0,Thursday,2,1,0
2024-01-01,S002,Pune,P0033,Floor Cleaner,Cleaning,60,98,0,0,1,Monday,1,1,0
2024-01-02,S002,Pune,P0033,Floor Cleaner,Cleaning,54,98,0,0,0,Tuesday,1,1,0
2024-01-14,S002,Pune,P0033,Floor Cleaner,Cleaning,64,98,0,0,0,Sunday,1,1,1
2024-01-17,S002,Pune,P0033,Floor Cleaner,Cleaning,41,93.1,5,0,0,Wednesday,1,1,0
2024-01-20,S002,Pune,P0033,Floor Cleaner,Cleaning,85,83.3,15,0,0,Saturday,1,1,1
2024-02-12,S002,Pune,P0033,Floor Cleaner,Cleaning,57,98,0,1,0,Monday,2,1,0
2024-02-15,S002,Pune,P0033,Floor Cleaner,Cleaning,46,93.1,5,0,0,Thursday,2,1,0
2024-02-17,S002,Pune,P0033,Floor Cleaner,Cleaning,54,98,0,0,0,Saturday,2,1,1
2024-02-19,S002,Pune,P0033,Floor Cleaner,Cleaning,57,98,0,1,0,Monday,2,1,0
2024-02-20,S002,Pune,P0033,Floor Cleaner,Cleaning,52,88.2,10,0,0,Tuesday,2,1,0
2024-02-21,S002,Pune,P0033,Floor Cleaner,Cleaning,48,88.2,10,0,0,Wednesday,2,1,0
2024-01-01,S006,Hyderabad,P0038,Orange,Fruits,35,205,0,0,1,Monday,1,1,0
2024-01-03,S006,Hyderabad,P0038,Orange,Fruits,34,205,0,0,0,Wednesday,1,1,0
2024-01-08,S006,Hyderabad,P0038,Orange,Fruits,31,205,0,0,0,Monday,1,1,0
2024-01-09,S006,Hyderabad,P0038,Orange,Fruits,37,205,0,0,0,Tuesday,1,1,0
2024-01-11,S006,Hyderabad,P0038,Orange,Fruits,41,184.5,10,1,0,Thursday,1,1,0
2024-01-12,S006,Hyderabad,P0038,Orange,Fruits,34,164,20,0,0,Friday,1,1,0
2024-01-22,S006,Hyderabad,P0038,Orange,Fruits,46,174.25,15,1,0,Monday,1,1,0
2024-01-25,S006,Hyderabad,P0038,Orange,Fruits,32,205,0,0,0,Thursday,1,1,0
2024-01-26,S006,Hyderabad,P0038,Orange,Fruits,36,174.25,15,0,0,Friday,1,1,0
2024-01-30,S006,Hyderabad,P0038,Orange,Fruits,29,205,0,0,0,Tuesday,1,1,0
2024-02-06,S006,Hyderabad,P0038,Orange,Fruits,31,205,0,0,0,Tuesday,2,1,0
2024-02-11,S006,Hyderabad,P0038,Orange,Fruits,37,205,0,0,0,Sunday,2,1,1
2024-02-13,S006,Hyderabad,P0038,Orange,Fruits,34,184.5,10,0,0,Tuesday,2,1,0
2024-02-14,S006,Hyderabad,P0038,Orange,Fruits,33,205,0,0,0,Wednesday,2,1,0
2024-02-15,S006,Hyderabad,P0038,Orange,Fruits,28,174.25,15,0,0,Thursday,2,1,0
2024-01-01,S007,Delhi,P0031,Detergent,Cleaning,40,276,0,0,1,Monday,1,1,0
2024-01-04,S007,Delhi,P0031,Detergent,Cleaning,40,276,0,0,0,Thursday,1,1,0
2024-01-16,S007,Delhi,P0031,Detergent,Cleaning,43,248.4,10,0,0,Tuesday,1,1,0
2024-01-29,S007,Delhi,P0031,Detergent,Cleaning,47,276,0,0,0,Monday,1,1,0
2024-02-03,S007,Delhi,P0031,Detergent,Cleaning,60,276,0,0,0,Saturday,2,1,1
2024-02-05,S007,Delhi,P0031,Detergent,Cleaning,48,276,0,1,0,Monday,2,1,0
2024-02-11,S007,Delhi,P0031,Detergent,Cleaning,55,276,0,0,0,Sunday,2,1,1
2024-02-14,S007,Delhi,P0031,Detergent,Cleaning,55,248.4,10,0,0,Wednesday,2,1,0
2024-01-01,S002,Pune,P0026,Soap,Personal Care,38,78.85,5,0,1,Monday,1,1,0
2024-01-09,S002,Pune,P0026,Soap,Personal Care,33,83,0,0,0,Tuesday,1,1,0
2024-01-13,S002,Pune,P0026,Soap,Personal Care,41,83,0,0,0,Saturday,1,1,1
2024-01-14,S002,Pune,P0026,Soap,Personal Care,37,70.55,15,0,0,Sunday,1,1,1
2024-01-15,S002,Pune,P0026,Soap,Personal Care,26,83,0,0,0,Monday,1,1,0
2024-01-22,S002,Pune,P0026,Soap,Personal Care,36,83,0,1,0,Monday,1,1,0
2024-01-23,S002,Pune,P0026,Soap,Personal Care,29,83,0,0,0,Tuesday,1,1,0
2024-01-25,S002,Pune,P0026,Soap,Personal Care,26,70.55,15,0,0,Thursday,1,1,0
2024-02-11,S002,Pune,P0026,Soap,Personal Care,32,83,0,0,0,Sunday,2,1,1
2024-02-15,S002,Pune,P0026,Soap,Personal Care,23,70.55,15,0,0,Thursday,2,1,0
2024-01-01,S006,Hyderabad,P0001,Milk,Dairy,70,255,0,0,1,Monday,1,1,0
2024-01-07,S006,Hyderabad,P0001,Milk,Dairy,88,242.25,5,0,0,Sunday,1,1,1
2024-01-08,S006,Hyderabad,P0001,Milk,Dairy,88,255,0,1,0,Monday,1,1,0
2024-01-13,S006,Hyderabad,P0001,Milk,Dairy,107,242.25,5,0,0,Saturday,1,1,1
2024-01-24,S006,Hyderabad,P0001,Milk,Dairy,66,255,0,0,0,Wednesday,1,1,0
2024-01-31,S006,Hyderabad,P0001,Milk,Dairy,96,255,0,0,0,Wednesday,1,1,0
2024-02-14,S006,Hyderabad,P0001,Milk,Dairy,71,255,0,0,0,Wednesday,2,1,0
2024-02-17,S006,Hyderabad,P0001,Milk,Dairy,89,255,0,0,0,Saturday,2,1,1
2024-02-20,S006,Hyderabad,P0001,Milk,Dairy,58,255,0,0,0,Tuesday,2,1,0
2024-01-01,S006,Hyderabad,P0031,Detergent,Cleaning,61,276,0,0,1,Monday,1,1,0
2024-01-13,S006,Hyderabad,P0031,Detergent,Cleaning,57,276,0,0,0,Saturday,1,1,1
2024-01-22,S006,Hyderabad,P0031,Detergent,Cleaning,51,262.2,5,0,0,Monday,1,1,0
2024-01-25,S006,Hyderabad,P0031,Detergent,Cleaning,47,276,0,0,0,Thursday,1,1,0
2024-01-31,S006,Hyderabad,P0031,Detergent,Cleaning,57,262.2,5,0,0,Wednesday,1,1,0
2024-02-08,S006,Hyderabad,P0031,Detergent,Cleaning,48,276,0,0,0,Thursday,2,1,0
2024-02-11,S006,Hyderabad,P0031,Detergent,Cleaning,54,276,0,0,0,Sunday,2,1,1
2024-02-13,S006,Hyderabad,P0031,Detergent,Cleaning,51,276,0,0,0,Tuesday,2,1,0
2024-02-17,S006,Hyderabad,P0031,Detergent,Cleaning,68,220.8,20,0,0,Saturday,2,1,1
2024-01-01,S003,Ahmedabad,P0027,Shampoo,Personal Care,61,208.05,5,0,1,Monday,1,1,0
2024-01-05,S003,Ahmedabad,P0027,Shampoo,Personal Care,47,219,0,0,0,Friday,1,1,0
2024-01-09,S003,Ahmedabad,P0027,Shampoo,Personal Care,41,219,0,0,0,Tuesday,1,1,0
2024-01-18,S003,Ahmedabad,P0027,Shampoo,Personal Care,43,219,0,0,0,Thursday,1,1,0
2024-01-21,S003,Ahmedabad,P0027,Shampoo,Personal Care,45,219,0,0,0,Sunday,1,1,1
2024-01-22,S003,Ahmedabad,P0027,Shampoo,Personal Care,49,186.15,15,0,0,Monday,1,1,0
2024-01-27,S003,Ahmedabad,P0027,Shampoo,Personal Care,51,208.05,5,0,0,Saturday,1,1,1
2024-01-31,S003,Ahmedabad,P0027,Shampoo,Personal Care,40,219,0,0,0,Wednesday,1,1,0
2024-02-03,S003,Ahmedabad,P0027,Shampoo,Personal Care,78,219,0,1,0,Saturday,2,1,1
2024-02-05,S003,Ahmedabad,P0027,Shampoo,Personal Care,50,219,0,0,0,Monday,2,1,0
2024-02-06,S003,Ahmedabad,P0027,Shampoo,Personal Care,51,219,0,0,0,Tuesday,2,1,0
2024-02-10,S003,Ahmedabad,P0027,Shampoo,Personal Care,58,219,0,0,0,Saturday,2,1,1
2024-02-11,S003,Ahmedabad,P0027,Shampoo,Personal Care,57,219,0,0,0,Sunday,2,1,1
2024-02-14,S003,Ahmedabad,P0027,Shampoo,Personal Care,45,219,0,0,0,Wednesday,2,1,0
2024-02-15,S003,Ahmedabad,P0027,Shampoo,Personal Care,51,219,0,0,0,Thursday,2,1,0
2024-02-18,S003,Ahmedabad,P0027,Shampoo,Personal Care,55,219,0,0,0,Sunday,2,1,1
2024-01-01,S003,Ahmedabad,P0041,Potato,Vegetables,49,198.05,15,0,1,Monday,1,1,0
2024-01-02,S003,Ahmedabad,P0041,Potato,Vegetables,31,209.7,10,0,0,Tuesday,1,1,0
2024-01-13,S003,Ahmedabad,P0041,Potato,Vegetables,32,233,0,0,0,Saturday,1,1,1
2024-01-21,S003,Ahmedabad,P0041,Potato,Vegetables,29,233,0,0,0,Sunday,1,1,1
2024-01-22,S003,Ahmedabad,P0041,Potato,Vegetables,22,233,0,0,0,Monday,1,1,0
2024-01-26,S003,Ahmedabad,P0041,Potato,Vegetables,31,233,0,0,0,Friday,1,1,0
2024-01-27,S003,Ahmedabad,P0041,Potato,Vegetables,33,233,0,0,0,Saturday,1,1,1
2024-01-28,S003,Ahmedabad,P0041,Potato,Vegetables,32,221.35,5,0,0,Sunday,1,1,1
2024-02-01,S003,Ahmedabad,P0041,Potato,Vegetables,37,198.05,15,1,0,Thursday,2,1,0
2024-02-05,S003,Ahmedabad,P0041,Potato,Vegetables,35,233,0,0,0,Monday,2,1,0
2024-02-11,S003,Ahmedabad,P0041,Potato,Vegetables,21,233,0,0,0,Sunday,2,1,1
2024-02-12,S003,Ahmedabad,P0041,Potato,Vegetables,27,233,0,1,0,Monday,2,1,0
2024-02-14,S003,Ahmedabad,P0041,Potato,Vegetables,27,233,0,0,0,Wednesday,2,1,0
2024-01-01,S007,Delhi,P0027,Shampoo,Personal Care,66,208.05,5,0,1,Monday,1,1,0
2024-01-03,S007,Delhi,P0027,Shampoo,Personal Care,55,219,0,0,0,Wednesday,1,1,0
2024-01-06,S007,Delhi,P0027,Shampoo,Personal Care,52,219,0,0,0,Saturday,1,1,1
2024-01-07,S007,Delhi,P0027,Shampoo,Personal Care,71,175.2,20,0,0,Sunday,1,1,1
2024-01-22,S007,Delhi,P0027,Shampoo,Personal Care,62,219,0,1,0,Monday,1,1,0
2024-01-24,S007,Delhi,P0027,Shampoo,Personal Care,53,219,0,0,0,Wednesday,1,1,0
2024-02-08,S007,Delhi,P0027,Shampoo,Personal Care,45,219,0,0,0,Thursday,2,1,0
2024-02-17,S007,Delhi,P0027,Shampoo,Personal Care,74,197.1,10,1,0,Saturday,2,1,1
2024-01-01,S006,Hyderabad,P0043,Tomato,Vegetables,60,181,0,0,1,Monday,1,1,0
2024-01-04,S006,Hyderabad,P0043,Tomato,Vegetables,34,181,0,0,0,Thursday,1,1,0
2024-01-16,S006,Hyderabad,P0043,Tomato,Vegetables,44,181,0,1,0,Tuesday,1,1,0
2024-01-20,S006,Hyderabad,P0043,Tomato,Vegetables,51,181,0,0,0,Saturday,1,1,1
2024-01-23,S006,Hyderabad,P0043,Tomato,Vegetables,43,162.9,10,0,0,Tuesday,1,1,0
2024-01-26,S006,Hyderabad,P0043,Tomato,Vegetables,37,144.8,20,0,0,Friday,1,1,0
2024-02-01,S006,Hyderabad,P0043,Tomato,Vegetables,38,181,0,0,0,Thursday,2,1,0
2024-02-04,S006,Hyderabad,P0043,Tomato,Vegetables,53,181,0,0,0,Sunday,2,1,1
2024-02-07,S006,Hyderabad,P0043,Tomato,Vegetables,42,181,0,0,0,Wednesday,2,1,0
2024-02-12,S006,Hyderabad,P0043,Tomato,Vegetables,36,181,0,0,0,Monday,2,1,0
2024-02-15,S006,Hyderabad,P0043,Tomato,Vegetables,39,162.9,10,0,0,Thursday,2,1,0
2024-02-17,S006,Hyderabad,P0043,Tomato,Vegetables,41,181,0,0,0,Saturday,2,1,1
2024-02-18,S006,Hyderabad,P0043,Tomato,Vegetables,40,181,0,0,0,Sunday,2,1,1
2024-02-22,S006,Hyderabad,P0043,Tomato,Vegetables,42,153.85,15,0,0,Thursday,2,1,0
2024-01-01,S001,Mumbai,P0006,Bread,Bakery,37,231,0,0,1,Monday,1,1,0
2024-01-05,S001,Mumbai,P0006,Bread,Bakery,26,231,0,1,0,Friday,1,1,0
2024-01-06,S001,Mumbai,P0006,Bread,Bakery,29,231,0,0,0,Saturday,1,1,1
2024-01-10,S001,Mumbai,P0006,Bread,Bakery,23,219.45,5,0,0,Wednesday,1,1,0
2024-01-11,S001,Mumbai,P0006,Bread,Bakery,22,219.45,5,0,0,Thursday,1,1,0
2024-01-14,S001,Mumbai,P0006,Bread,Bakery,35,231,0,0,0,Sunday,1,1,1
2024-01-16,S001,Mumbai,P0006,Bread,Bakery,20,231,0,0,0,Tuesday,1,1,0
2024-01-17,S001,Mumbai,P0006,Bread,Bakery,27,231,0,0,0,Wednesday,1,1,0
2024-01-25,S001,Mumbai,P0006,Bread,Bakery,23,219.45,5,0,0,Thursday,1,1,0
2024-01-26,S001,Mumbai,P0006,Bread,Bakery,22,207.9,10,0,0,Friday,1,1,0
2024-01-27,S001,Mumbai,P0006,Bread,Bakery,30,231,0,0,0,Saturday,1,1,1
2024-02-09,S001,Mumbai,P0006,Bread,Bakery,22,231,0,0,0,Friday,2,1,0
2024-02-12,S001,Mumbai,P0006,Bread,Bakery,27,231,0,0,0,Monday,2,1,0
2024-02-17,S001,Mumbai,P0006,Bread,Bakery,34,231,0,0,0,Saturday,2,1,1
2024-02-18,S001,Mumbai,P0006,Bread,Bakery,28,231,0,0,0,Sunday,2,1,1
2024-02-19,S001,Mumbai,P0006,Bread,Bakery,20,219.45,5,0,0,Monday,2,1,0
2024-02-20,S001,Mumbai,P0006,Bread,Bakery,25,196.35,15,0,0,Tuesday,2,1,0
2024-02-23,S001,Mumbai,P0006,Bread,Bakery,21,231,0,0,0,Friday,2,1,0
2024-01-01,S002,Pune,P0015,Water,Beverages,48,174.25,15,0,1,Monday,1,1,0
2024-01-04,S002,Pune,P0015,Water,Beverages,40,205,0,0,0,Thursday,1,1,0
2024-01-10,S002,Pune,P0015,Water,Beverages,32,205,0,0,0,Wednesday,1,1,0
2024-01-16,S002,Pune,P0015,Water,Beverages,38,205,0,1,0,Tuesday,1,1,0
2024-01-22,S002,Pune,P0015,Water,Beverages,31,205,0,1,0,Monday,1,1,0
2024-02-07,S002,Pune,P0015,Water,Beverages,37,205,0,0,0,Wednesday,2,1,0
2024-02-12,S002,Pune,P0015,Water,Beverages,29,205,0,0,0,Monday,2,1,0
2024-02-18,S002,Pune,P0015,Water,Beverages,48,205,0,0,0,Sunday,2,1,1
2024-02-19,S002,Pune,P0015,Water,Beverages,33,205,0,0,0,Monday,2,1,0
2024-02-20,S002,Pune,P0015,Water,Beverages,30,194.75,5,0,0,Tuesday,2,1,0
2024-02-22,S002,Pune,P0015,Water,Beverages,35,184.5,10,0,0,Thursday,2,1,0
2024-01-01,S007,Delhi,P0024,Oats,Rice & Grains,104,230.4,10,1,1,Monday,1,1,0
2024-01-02,S007,Delhi,P0024,Oats,Rice & Grains,61,243.2,5,0,0,Tuesday,1,1,0
2024-01-03,S007,Delhi,P0024,Oats,Rice & Grains,59,256,0,0,0,Wednesday,1,1,0
2024-01-14,S007,Delhi,P0024,Oats,Rice & Grains,81,256,0,0,0,Sunday,1,1,1
2024-01-20,S007,Delhi,P0024,Oats,Rice & Grains,62,256,0,0,0,Saturday,1,1,1
2024-01-22,S007,Delhi,P0024,Oats,Rice & Grains,72,256,0,0,0,Monday,1,1,0
2024-01-23,S007,Delhi,P0024,Oats,Rice & Grains,68,256,0,0,0,Tuesday,1,1,0
2024-01-26,S007,Delhi,P0024,Oats,Rice & Grains,64,256,0,0,0,Friday,1,1,0
2024-01-29,S007,Delhi,P0024,Oats,Rice & Grains,60,256,0,0,0,Monday,1,1,0
2024-02-01,S007,Delhi,P0024,Oats,Rice & Grains,54,256,0,0,0,Thursday,2,1,0
2024-02-10,S007,Delhi,P0024,Oats,Rice & Grains,54,256,0,0,0,Saturday,2,1,1
2024-02-20,S007,Delhi,P0024,Oats,Rice & Grains,58,230.4,10,0,0,Tuesday,2,1,0
