prediction-service/data/retail_forecasting_dataset_50000.csv
date_purchased,store_id,city,product_id,product_name,category,quantity_sold,unit_price,discount_pct,promotion_flag,holiday_flag,day_of_week,month,quarter,is_weekend
2024-01-01,S006,Hyderabad,P0016,Chips,Snacks,77,259,0,1,1,Monday,1,1,0
2024-01-07,S006,Hyderabad,P0016,Chips,Snacks,72,259,0,0,0,Sunday,1,1,1
2024-01-10,S006,Hyderabad,P0016,Chips,Snacks,71,259,0,0,0,Wednesday,1,1,0
2024-01-15,S006,Hyderabad,P0016,Chips,Snacks,76,259,0,1,0,Monday,1,1,0
2024-02-02,S006,Hyderabad,P0016,Chips,Snacks,88,233.1,10,0,0,Friday,2,1,0
2024-02-03,S006,Hyderabad,P0016,Chips,Snacks,69,259,0,1,0,Saturday,2,1,1
2024-02-05,S006,Hyderabad,P0016,Chips,Snacks,67,246.05,5,0,0,Monday,2,1,0
2024-02-14,S006,Hyderabad,P0016,Chips,Snacks,67,259,0,0,0,Wednesday,2,1,0
2024-02-15,S006,Hyderabad,P0016,Chips,Snacks,70,259,0,0,0,Thursday,2,1,0
2024-02-17,S006,Hyderabad,P0016,Chips,Snacks,71,259,0,0,0,Saturday,2,1,1
2024-02-18,S006,Hyderabad,P0016,Chips,Snacks,73,259,0,0,0,Sunday,2,1,1
2024-01-01,S007,Delhi,P0041,Potato,Vegetables,38,186.4,20,0,1,Monday,1,1,0
2024-01-21,S007,Delhi,P0041,Potato,Vegetables,33,233,0,0,0,Sunday,1,1,1
2024-01-27,S007,Delhi,P0041,Potato,Vegetables,41,221.35,5,0,0,Saturday,1,1,1
2024-01-30,S007,Delhi,P0041,Potato,Vegetables,26,233,0,0,0,Tuesday,1,1,0
2024-02-04,S007,Delhi,P0041,Potato,Vegetables,38,233,0,1,0,Sunday,2,1,1
2024-02-05,S007,Delhi,P0041,Potato,Vegetables,31,233,0,0,0,Monday,2,1,0
2024-02-17,S007,Delhi,P0041,Potato,Vegetables,33,209.7,10,0,0,Saturday,2,1,1
2024-02-18,S007,Delhi,P0041,Potato,Vegetables,34,221.35,5,0,0,Sunday,2,1,1
2024-02-19,S007,Delhi,P0041,Potato,Vegetables,32,233,0,0,0,Monday,2,1,0
2024-02-23,S007,Delhi,P0041,Potato,Vegetables,29,233,0,0,0,Friday,2,1,0
2024-01-01,S003,Ahmedabad,P0046,Ice Cream,Frozen,75,97.2,10,0,1,Monday,1,1,0
2024-01-06,S003,Ahmedabad,P0046,Ice Cream,Frozen,68,108,0,0,0,Saturday,1,1,1
2024-01-09,S003,Ahmedabad,P0046,Ice Cream,Frozen,62,108,0,0,0,Tuesday,1,1,0
2024-01-22,S003,Ahmedabad,P0046,Ice Cream,Frozen,63,108,0,1,0,Monday,1,1,0
2024-01-26,S003,Ahmedabad,P0046,Ice Cream,Frozen,53,97.2,10,0,0,Friday,1,1,0
2024-01-29,S003,Ahmedabad,P0046,Ice Cream,Frozen,61,108,0,0,0,Monday,1,1,0
2024-01-30,S003,Ahmedabad,P0046,Ice Cream,Frozen,61,108,0,0,0,Tuesday,1,1,0
2024-01-31,S003,Ahmedabad,P0046,Ice Cream,Frozen,52,97.2,10,0,0,Wednesday,1,1,0
2024-02-01,S003,Ahmedabad,P0046,Ice Cream,Frozen,55,108,0,0,0,Thursday,2,1,0
2024-02-16,S003,Ahmedabad,P0046,Ice Cream,Frozen,47,108,0,0,0,Friday,2,1,0
2024-02-20,S003,Ahmedabad,P0046,Ice Cream,Frozen,60,86.4,20,0,0,Tuesday,2,1,0
2024-02-23,S003,Ahmedabad,P0046,Ice Cream,Frozen,45,108,0,0,0,Friday,2,1,0
2024-01-01,S001,Mumbai,P0005,Paneer,Dairy,40,219.45,5,0,1,Monday,1,1,0
2024-01-04,S001,Mumbai,P0005,Paneer,Dairy,36,231,0,1,0,Thursday,1,1,0
2024-01-06,S001,Mumbai,P0005,Paneer,Dairy,32,231,0,0,0,Saturday,1,1,1
2024-01-08,S001,Mumbai,P0005,Paneer,Dairy,27,231,0,0,0,Monday,1,1,0
2024-01-12,S001,Mumbai,P0005,Paneer,Dairy,36,231,0,0,0,Friday,1,1,0
2024-01-19,S001,Mumbai,P0005,Paneer,Dairy,31,231,0,1,0,Friday,1,1,0
2024-01-20,S001,Mumbai,P0005,Paneer,Dairy,35,231,0,0,0,Saturday,1,1,1
2024-01-21,S001,Mumbai,P0005,Paneer,Dairy,43,231,0,0,0,Sunday,1,1,1
2024-01-31,S001,Mumbai,P0005,Paneer,Dairy,34,219.45,5,0,0,Wednesday,1,1,0
2024-02-02,S001,Mumbai,P0005,Paneer,Dairy,33,231,0,0,0,Friday,2,1,0
2024-02-08,S001,Mumbai,P0005,Paneer,Dairy,31,231,0,0,0,Thursday,2,1,0
2024-02-09,S001,Mumbai,P0005,Paneer,Dairy,28,231,0,0,0,Friday,2,1,0
2024-01-01,S003,Ahmedabad,P0032,Dishwash,Cleaning,57,67.45,5,0,1,Monday,1,1,0
2024-01-03,S003,Ahmedabad,P0032,Dishwash,Cleaning,46,71,0,0,0,Wednesday,1,1,0
2024-01-08,S003,Ahmedabad,P0032,Dishwash,Cleaning,50,71,0,0,0,Monday,1,1,0
2024-01-10,S003,Ahmedabad,P0032,Dishwash,Cleaning,56,71,0,0,0,Wednesday,1,1,0
2024-01-11,S003,Ahmedabad,P0032,Dishwash,Cleaning,69,60.35,15,0,0,Thursday,1,1,0
2024-01-16,S003,Ahmedabad,P0032,Dishwash,Cleaning,36,71,0,0,0,Tuesday,1,1,0
2024-01-18,S003,Ahmedabad,P0032,Dishwash,Cleaning,56,71,0,0,0,Thursday,1,1,0
2024-01-19,S003,Ahmedabad,P0032,Dishwash,Cleaning,53,60.35,15,0,0,Friday,1,1,0
2024-01-22,S003,Ahmedabad,P0032,Dishwash,Cleaning,51,71,0,0,0,Monday,1,1,0
2024-01-27,S003,Ahmedabad,P0032,Dishwash,Cleaning,61,63.9,10,0,0,Saturday,1,1,1
2024-01-30,S003,Ahmedabad,P0032,Dishwash,Cleaning,52,71,0,1,0,Tuesday,1,1,0
2024-02-15,S003,Ahmedabad,P0032,Dishwash,Cleaning,47,71,0,0,0,Thursday,2,1,0
2024-02-18,S003,Ahmedabad,P0032,Dishwash,Cleaning,65,63.9,10,0,0,Sunday,2,1,1
2024-01-01,S009,Chennai,P0023,Poha,Rice & Grains,17,80,0,0,1,Monday,1,1,0
2024-01-20,S009,Chennai,P0023,Poha,Rice & Grains,19,68,15,0,0,Saturday,1,1,1
2024-01-22,S009,Chennai,P0023,Poha,Rice & Grains,16,80,0,0,0,Monday,1,1,0
2024-01-24,S009,Chennai,P0023,Poha,Rice & Grains,10,80,0,0,0,Wednesday,1,1,0
2024-01-29,S009,Chennai,P0023,Poha,Rice & Grains,18,80,0,1,0,Monday,1,1,0
2024-02-01,S009,Chennai,P0023,Poha,Rice & Grains,15,68,15,0,0,Thursday,2,1,0
2024-02-02,S009,Chennai,P0023,Poha,Rice & Grains,16,64,20,0,0,Friday,2,1,0
2024-02-05,S009,Chennai,P0023,Poha,Rice & Grains,14,80,0,0,0,Monday,2,1,0
2024-02-18,S009,Chennai,P0023,Poha,Rice & Grains,23,72,10,0,0,Sunday,2,1,1
2024-02-21,S009,Chennai,P0023,Poha,Rice & Grains,17,76,5,0,0,Wednesday,2,1,0
2024-01-01,S002,Pune,P0031,Detergent,Cleaning,72,276,0,0,1,Monday,1,1,0
2024-01-02,S002,Pune,P0031,Detergent,Cleaning,43,276,0,0,0,Tuesday,1,1,0
2024-01-05,S002,Pune,P0031,Detergent,Cleaning,41,276,0,0,0,Friday,1,1,0
2024-01-20,S002,Pune,P0031,Detergent,Cleaning,63,276,0,0,0,Saturday,1,1,1
2024-01-30,S002,Pune,P0031,Detergent,Cleaning,55,248.4,10,0,0,Tuesday,1,1,0
2024-01-31,S002,Pune,P0031,Detergent,Cleaning,66,262.2,5,1,0,Wednesday,1,1,0
2024-02-01,S002,Pune,P0031,Detergent,Cleaning,40,276,0,0,0,Thursday,2,1,0
2024-02-05,S002,Pune,P0031,Detergent,Cleaning,44,276,0,0,0,Monday,2,1,0
2024-02-13,S002,Pune,P0031,Detergent,Cleaning,47,276,0,0,0,Tuesday,2,1,0
2024-02-17,S002,Pune,P0031,Detergent,Cleaning,62,262.2,5,0,0,Saturday,2,1,1
2024-02-19,S002,Pune,P0031,Detergent,Cleaning,51,276,0,0,0,Monday,2,1,0
2024-02-21,S002,Pune,P0031,Detergent,Cleaning,54,234.6,15,0,0,Wednesday,2,1,0
2024-01-01,S004,Surat,P0015,Water,Beverages,38,205,0,0,1,Monday,1,1,0
2024-01-03,S004,Surat,P0015,Water,Beverages,26,205,0,0,0,Wednesday,1,1,0
2024-01-06,S004,Surat,P0015,Water,Beverages,32,205,0,0,0,Saturday,1,1,1
2024-01-17,S004,Surat,P0015,Water,Beverages,29,205,0,0,0,Wednesday,1,1,0
2024-01-22,S004,Surat,P0015,Water,Beverages,30,184.5,10,0,0,Monday,1,1,0
2024-01-23,S004,Surat,P0015,Water,Beverages,28,205,0,0,0,Tuesday,1,1,0
2024-01-24,S004,Surat,P0015,Water,Beverages,28,205,0,0,0,Wednesday,1,1,0
2024-01-25,S004,Surat,P0015,Water,Beverages,27,184.5,10,0,0,Thursday,1,1,0
2024-02-02,S004,Surat,P0015,Water,Beverages,28,205,0,0,0,Friday,2,1,0
2024-02-04,S004,Surat,P0015,Water,Beverages,43,174.25,15,0,0,Sunday,2,1,1
2024-02-10,S004,Surat,P0015,Water,Beverages,38,194.75,5,0,0,Saturday,2,1,1
2024-02-17,S004,Surat,P0015,Water,Beverages,37,205,0,0,0,Saturday,2,1,1
2024-02-18,S004,Surat,P0015,Water,Beverages,35,205,0,0,0,Sunday,2,1,1
2024-01-01,S003,Ahmedabad,P0022,Wheat Flour,Rice & Grains,59,73,0,0,1,Monday,1,1,0
2024-01-08,S003,Ahmedabad,P0022,Wheat Flour,Rice & Grains,46,73,0,0,0,Monday,1,1,0
2024-01-14,S003,Ahmedabad,P0022,Wheat Flour,Rice & Grains,60,73,0,0,0,Sunday,1,1,1
2024-01-15,S003,Ahmedabad,P0022,Wheat Flour,Rice & Grains,69,65.7,10,1,0,Monday,1,1,0
2024-01-25,S003,Ahmedabad,P0022,Wheat Flour,Rice & Grains,51,73,0,0,0,Thursday,1,1,0
2024-01-27,S003,Ahmedabad,P0022,Wheat Flour,Rice & Grains,72,73,0,0,0,Saturday,1,1,1
2024-01-30,S003,Ahmedabad,P0022,Wheat Flour,Rice & Grains,46,73,0,0,0,Tuesday,1,1,0
2024-02-13,S003,Ahmedabad,P0022,Wheat Flour,Rice & Grains,52,73,0,1,0,Tuesday,2,1,0
2024-02-21,S003,Ahmedabad,P0022,Wheat Flour,Rice & Grains,46,73,0,0,0,Wednesday,2,1,0
2024-02-23,S003,Ahmedabad,P0022,Wheat Flour,Rice & Grains,45,73,0,0,0,Friday,2,1,0
2024-01-01,S006,Hyderabad,P0020,Crackers,Snacks,53,74.8,15,0,1,Monday,1,1,0
2024-01-02,S006,Hyderabad,P0020,Crackers,Snacks,33,88,0,1,0,Tuesday,1,1,0
2024-01-15,S006,Hyderabad,P0020,Crackers,Snacks,34,88,0,0,0,Monday,1,1,0
2024-01-20,S006,Hyderabad,P0020,Crackers,Snacks,49,74.8,15,0,0,Saturday,1,1,1
2024-01-23,S006,Hyderabad,P0020,Crackers,Snacks,39,88,0,0,0,Tuesday,1,1,0
2024-02-02,S006,Hyderabad,P0020,Crackers,Snacks,34,79.2,10,0,0,Friday,2,1,0
2024-02-06,S006,Hyderabad,P0020,Crackers,Snacks,38,88,0,0,0,Tuesday,2,1,0
2024-02-14,S006,Hyderabad,P0020,Crackers,Snacks,43,88,0,0,0,Wednesday,2,1,0
2024-02-20,S006,Hyderabad,P0020,Crackers,Snacks,38,88,0,0,0,Tuesday,2,1,0
2024-02-21,S006,Hyderabad,P0020,Crackers,Snacks,34,88,0,0,0,Wednesday,2,1,0
2024-01-01,S006,Hyderabad,P0023,Poha,Rice & Grains,34,80,0,0,1,Monday,1,1,0
2024-01-04,S006,Hyderabad,P0023,Poha,Rice & Grains,31,80,0,1,0,Thursday,1,1,0
2024-01-07,S006,Hyderabad,P0023,Poha,Rice & Grains,40,80,0,0,0,Sunday,1,1,1
2024-01-11,S006,Hyderabad,P0023,Poha,Rice & Grains,23,72,10,0,0,Thursday,1,1,0
2024-01-13,S006,Hyderabad,P0023,Poha,Rice & Grains,32,76,5,0,0,Saturday,1,1,1
2024-01-14,S006,Hyderabad,P0023,Poha,Rice & Grains,36,76,5,1,0,Sunday,1,1,1
2024-01-21,S006,Hyderabad,P0023,Poha,Rice & Grains,39,76,5,0,0,Sunday,1,1,1
2024-01-24,S006,Hyderabad,P0023,Poha,Rice & Grains,27,72,10,0,0,Wednesday,1,1,0
2024-01-30,S006,Hyderabad,P0023,Poha,Rice & Grains,27,68,15,0,0,Tuesday,1,1,0
2024-02-08,S006,Hyderabad,P0023,Poha,Rice & Grains,28,80,0,0,0,Thursday,2,1,0
2024-02-10,S006,Hyderabad,P0023,Poha,Rice & Grains,33,80,0,0,0,Saturday,2,1,1
2024-02-11,S006,Hyderabad,P0023,Poha,Rice & Grains,31,80,0,0,0,Sunday,2,1,1
2024-02-18,S006,Hyderabad,P0023,Poha,Rice & Grains,25,72,10,0,0,Sunday,2,1,1
2024-02-20,S006,Hyderabad,P0023,Poha,Rice & Grains,31,80,0,1,0,Tuesday,2,1,0
2024-01-01,S002,Pune,P0007,Bun,Bakery,78,314,0,1,1,Monday,1,1,0
2024-01-14,S002,Pune,P0007,Bun,Bakery,68,314,0,0,0,Sunday,1,1,1
2024-01-17,S002,Pune,P0007,Bun,Bakery,60,282.6,10,0,0,Wednesday,1,1,0
2024-01-19,S002,Pune,P0007,Bun,Bakery,55,298.3,5,0,0,Friday,1,1,0
2024-01-25,S002,Pune,P0007,Bun,Bakery,66,314,0,0,0,Thursday,1,1,0
2024-01-26,S002,Pune,P0007,Bun,Bakery,57,314,0,0,0,Friday,1,1,0
2024-01-28,S002,Pune,P0007,Bun,Bakery,72,314,0,0,0,Sunday,1,1,1
2024-02-01,S002,Pune,P0007,Bun,Bakery,66,282.6,10,1,0,Thursday,2,1,0
2024-02-02,S002,Pune,P0007,Bun,Bakery,54,314,0,0,0,Friday,2,1,0
2024-02-03,S002,Pune,P0007,Bun,Bakery,65,314,0,0,0,Saturday,2,1,1
2024-02-05,S002,Pune,P0007,Bun,Bakery,56,314,0,0,0,Monday,2,1,0
2024-02-14,S002,Pune,P0007,Bun,Bakery,48,314,0,0,0,Wednesday,2,1,0
2024-02-16,S002,Pune,P0007,Bun,Bakery,55,314,0,0,0,Friday,2,1,0
2024-02-17,S002,Pune,P0007,Bun,Bakery,66,314,0,0,0,Saturday,2,1,1
2024-01-01,S004,Surat,P0040,Grapes,Fruits,88,135,0,0,1,Monday,1,1,0
2024-01-08,S004,Surat,P0040,Grapes,Fruits,53,135,0,0,0,Monday,1,1,0
2024-01-21,S004,Surat,P0040,Grapes,Fruits,73,135,0,0,0,Sunday,1,1,1
2024-01-24,S004,Surat,P0040,Grapes,Fruits,55,135,0,0,0,Wednesday,1,1,0
2024-01-28,S004,Surat,P0040,Grapes,Fruits,70,135,0,0,0,Sunday,1,1,1
2024-02-04,S004,Surat,P0040,Grapes,Fruits,72,135,0,0,0,Sunday,2,1,1
2024-02-08,S004,Surat,P0040,Grapes,Fruits,53,135,0,1,0,Thursday,2,1,0
2024-02-11,S004,Surat,P0040,Grapes,Fruits,58,128.25,5,0,0,Sunday,2,1,1
2024-02-14,S004,Surat,P0040,Grapes,Fruits,55,135,0,0,0,Wednesday,2,1,0
2024-02-23,S004,Surat,P0040,Grapes,Fruits,59,135,0,0,0,Friday,2,1,0
2024-01-01,S006,Hyderabad,P0004,Cheese,Dairy,85,41.4,10,0,1,Monday,1,1,0
2024-01-07,S006,Hyderabad,P0004,Cheese,Dairy,84,46,0,0,0,Sunday,1,1,1
2024-01-10,S006,Hyderabad,P0004,Cheese,Dairy,76,41.4,10,0,0,Wednesday,1,1,0
2024-01-19,S006,Hyderabad,P0004,Cheese,Dairy,69,39.1,15,0,0,Friday,1,1,0
2024-01-21,S006,Hyderabad,P0004,Cheese,Dairy,68,46,0,0,0,Sunday,1,1,1
2024-01-31,S006,Hyderabad,P0004,Cheese,Dairy,64,43.7,5,0,0,Wednesday,1,1,0
2024-02-11,S006,Hyderabad,P0004,Cheese,Dairy,91,46,0,0,0,Sunday,2,1,1
2024-02-16,S006,Hyderabad,P0004,Cheese,Dairy,68,46,0,0,0,Friday,2,1,0
2024-02-17,S006,Hyderabad,P0004,Cheese,Dairy,86,41.4,10,0,0,Saturday,2,1,1
2024-01-01,S008,Jaipur,P0026,Soap,Personal Care,28,78.85,5,0,1,Monday,1,1,0
2024-01-02,S008,Jaipur,P0026,Soap,Personal Care,19,83,0,0,0,Tuesday,1,1,0
2024-01-04,S008,Jaipur,P0026,Soap,Personal Care,17,83,0,0,0,Thursday,1,1,0
2024-01-07,S008,Jaipur,P0026,Soap,Personal Care,23,70.55,15,0,0,Sunday,1,1,1
2024-01-10,S008,Jaipur,P0026,Soap,Personal Care,17,83,0,0,0,Wednesday,1,1,0
2024-01-15,S008,Jaipur,P0026,Soap,Personal Care,26,83,0,1,0,Monday,1,1,0
2024-01-25,S008,Jaipur,P0026,Soap,Personal Care,21,74.7,10,0,0,Thursday,1,1,0
2024-01-30,S008,Jaipur,P0026,Soap,Personal Care,18,83,0,0,0,Tuesday,1,1,0
2024-02-04,S008,Jaipur,P0026,Soap,Personal Care,21,74.7,10,0,0,Sunday,2,1,1
2024-02-09,S008,Jaipur,P0026,Soap,Personal Care,20,83,0,0,0,Friday,2,1,0
2024-02-14,S008,Jaipur,P0026,Soap,Personal Care,21,74.7,10,0,0,Wednesday,2,1,0
2024-02-15,S008,Jaipur,P0026,Soap,Personal Care,21,83,0,0,0,Thursday,2,1,0
2024-02-19,S008,Jaipur,P0026,Soap,Personal Care,21,83,0,0,0,Monday,2,1,0
2024-01-01,S009,Chennai,P0002,Curd,Dairy,49,314,0,0,1,Monday,1,1,0
2024-01-09,S009,Chennai,P0002,Curd,Dairy,34,314,0,0,0,Tuesday,1,1,0
2024-01-10,S009,Chennai,P0002,Curd,Dairy,35,314,0,0,0,Wednesday,1,1,0
2024-01-16,S009,Chennai,P0002,Curd,Dairy,46,298.3,5,0,0,Tuesday,1,1,0
2024-01-19,S009,Chennai,P0002,Curd,Dairy,47,282.6,10,0,0,Friday,1,1,0
2024-01-21,S009,Chennai,P0002,Curd,Dairy,45,314,0,0,0,Sunday,1,1,1
2024-01-22,S009,Chennai,P0002,Curd,Dairy,46,298.3,5,0,0,Monday,1,1,0
2024-01-24,S009,Chennai,P0002,Curd,Dairy,58,314,0,1,0,Wednesday,1,1,0
2024-01-29,S009,Chennai,P0002,Curd,Dairy,29,282.6,10,0,0,Monday,1,1,0
2024-01-31,S009,Chennai,P0002,Curd,Dairy,42,282.6,10,0,0,Wednesday,1,1,0
2024-02-02,S009,Chennai,P0002,Curd,Dairy,37,314,0,0,0,Friday,2,1,0
2024-02-03,S009,Chennai,P0002,Curd,Dairy,48,314,0,1,0,Saturday,2,1,1
2024-02-04,S009,Chennai,P0002,Curd,Dairy,60,282.6,10,0,0,Sunday,2,1,1
2024-02-11,S009,Chennai,P0002,Curd,Dairy,54,314,0,0,0,Sunday,2,1,1
2024-02-14,S009,Chennai,P0002,Curd,Dairy,34,314,0,0,0,Wednesday,2,1,0
2024-02-17,S009,Chennai,P0002,Curd,Dairy,56,314,0,0,0,Saturday,2,1,1
2024-02-22,S009,Chennai,P0002,Curd,Dairy,54,314,0,1,0,Thursday,2,1,0
2024-01-01,S005,Bengaluru,P0013,Juice,Beverages,62,132,0,0,1,Monday,1,1,0
2024-01-08,S005,Bengaluru,P0013,Juice,Beverages,65,112.2,15,0,0,Monday,1,1,0
2024-01-14,S005,Bengaluru,P0013,Juice,Beverages,69,132,0,0,0,Sunday,1,1,1
2024-01-23,S005,Bengaluru,P0013,Juice,Beverages,67,105.6,20,0,0,Tuesday,1,1,0
2024-01-26,S005,Bengaluru,P0013,Juice,Beverages,59,132,0,0,0,Friday,1,1,0
2024-02-01,S005,Bengaluru,P0013,Juice,Beverages,47,132,0,0,0,Thursday,2,1,0
2024-02-03,S005,Bengaluru,P0013,Juice,Beverages,74,132,0,0,0,Saturday,2,1,1
2024-02-06,S005,Bengaluru,P0013,Juice,Beverages,55,132,0,0,0,Tuesday,2,1,0
2024-02-09,S005,Bengaluru,P0013,Juice,Beverages,64,132,0,0,0,Friday,2,1,0
2024-02-17,S005,Bengaluru,P0013,Juice,Beverages,74,125.4,5,0,0,Saturday,2,1,1
2024-01-01,S006,Hyderabad,P0013,Juice,Beverages,66,132,0,0,1,Monday,1,1,0
2024-01-03,S006,Hyderabad,P0013,Juice,Beverages,48,132,0,0,0,Wednesday,1,1,0
2024-01-08,S006,Hyderabad,P0013,Juice,Beverages,55,132,0,0,0,Monday,1,1,0
2024-01-15,S006,Hyderabad,P0013,Juice,Beverages,52,132,0,0,0,Monday,1,1,0
2024-01-22,S006,Hyderabad,P0013,Juice,Beverages,57,132,0,0,0,Monday,1,1,0
2024-01-23,S006,Hyderabad,P0013,Juice,Beverages,39,132,0,0,0,Tuesday,1,1,0
2024-01-28,S006,Hyderabad,P0013,Juice,Beverages,82,132,0,0,0,Sunday,1,1,1
2024-02-05,S006,Hyderabad,P0013,Juice,Beverages,62,132,0,0,0,Monday,2,1,0
2024-02-06,S006,Hyderabad,P0013,Juice,Beverages,55,132,0,0,0,Tuesday,2,1,0
2024-02-07,S006,Hyderabad,P0013,Juice,Beverages,69,118.8,10,1,0,Wednesday,2,1,0
2024-02-08,S006,Hyderabad,P0013,Juice,Beverages,62,132,0,0,0,Thursday,2,1,0
2024-02-10,S006,Hyderabad,P0013,Juice,Beverages,71,132,0,1,0,Saturday,2,1,1
2024-02-11,S006,Hyderabad,P0013,Juice,Beverages,68,132,0,0,0,Sunday,2,1,1
2024-02-18,S006,Hyderabad,P0013,Juice,Beverages,65,132,0,0,0,Sunday,2,1,1
2024-02-21,S006,Hyderabad,P0013,Juice,Beverages,45,132,0,0,0,Wednesday,2,1,0
2024-01-01,S003,Ahmedabad,P0024,Oats,Rice & Grains,71,256,0,0,1,Monday,1,1,0
2024-01-05,S003,Ahmedabad,P0024,Oats,Rice & Grains,59,204.8,20,0,0,Friday,1,1,0
2024-01-09,S003,Ahmedabad,P0024,Oats,Rice & Grains,59,256,0,0,0,Tuesday,1,1,0
2024-01-12,S003,Ahmedabad,P0024,Oats,Rice & Grains,58,256,0,0,0,Friday,1,1,0
2024-01-21,S003,Ahmedabad,P0024,Oats,Rice & Grains,93,256,0,1,0,Sunday,1,1,1
2024-01-22,S003,Ahmedabad,P0024,Oats,Rice & Grains,48,243.2,5,0,0,Monday,1,1,0
2024-01-29,S003,Ahmedabad,P0024,Oats,Rice & Grains,55,256,0,0,0,Monday,1,1,0
2024-02-04,S003,Ahmedabad,P0024,Oats,Rice & Grains,65,243.2,5,0,0,Sunday,2,1,1
2024-02-07,S003,Ahmedabad,P0024,Oats,Rice & Grains,63,217.6,15,0,0,Wednesday,2,1,0
2024-02-08,S003,Ahmedabad,P0024,Oats,Rice & Grains,49,256,0,0,0,Thursday,2,1,0
2024-02-11,S003,Ahmedabad,P0024,Oats,Rice & Grains,76,243.2,5,0,0,Sunday,2,1,1
2024-02-16,S003,Ahmedabad,P0024,Oats,Rice & Grains,51,243.2,5,0,0,Friday,2,1,0
2024-02-22,S003,Ahmedabad,P0024,Oats,Rice & Grains,62,256,0,0,0,Thursday,2,1,0
2024-01-01,S002,Pune,P0038,Orange,Fruits,44,205,0,0,1,Monday,1,1,0
2024-01-04,S002,Pune,P0038,Orange,Fruits,30,174.25,15,0,0,Thursday,1,1,0
2024-01-05,S002,Pune,P0038,Orange,Fruits,30,205,0,0,0,Friday,1,1,0
2024-01-10,S002,Pune,P0038,Orange,Fruits,33,205,0,0,0,Wednesday,1,1,0
2024-01-20,S002,Pune,P0038,Orange,Fruits,35,184.5,10,0,0,Saturday,1,1,1
2024-01-26,S002,Pune,P0038,Orange,Fruits,32,184.5,10,0,0,Friday,1,1,0
2024-02-01,S002,Pune,P0038,Orange,Fruits,32,205,0,0,0,Thursday,2,1,0
2024-02-02,S002,Pune,P0038,Orange,Fruits,37,194.75,5,0,0,Friday,2,1,0
2024-02-11,S002,Pune,P0038,Orange,Fruits,45,205,0,0,0,Sunday,2,1,1
2024-02-19,S002,Pune,P0038,Orange,Fruits,30,174.25,15,0,0,Monday,2,1,0
