prediction-service/data/retail_forecasting_dataset_50000.csv
date_purchased,store_id,city,product_id,product_name,category,quantity_sold,unit_price,discount_pct,promotion_flag,holiday_flag,day_of_week,month,quarter,is_weekend
2024-01-01,S004,Surat,P0023,Poha,Rice & Grains,40,80,0,0,1,Monday,1,1,0
2024-01-07,S004,Surat,P0023,Poha,Rice & Grains,40,72,10,1,0,Sunday,1,1,1
2024-01-11,S004,Surat,P0023,Poha,Rice & Grains,22,80,0,0,0,Thursday,1,1,0
2024-01-14,S004,Surat,P0023,Poha,Rice & Grains,31,64,20,0,0,Sunday,1,1,1
2024-01-16,S004,Surat,P0023,Poha,Rice & Grains,25,76,5,0,0,Tuesday,1,1,0
2024-01-18,S004,Surat,P0023,Poha,Rice & Grains,26,80,0,0,0,Thursday,1,1,0
2024-01-26,S004,Surat,P0023,Poha,Rice & Grains,24,72,10,0,0,Friday,1,1,0
2024-01-29,S004,Surat,P0023,Poha,Rice & Grains,23,68,15,0,0,Monday,1,1,0
2024-02-04,S004,Surat,P0023,Poha,Rice & Grains,25,80,0,0,0,Sunday,2,1,1
2024-02-10,S004,Surat,P0023,Poha,Rice & Grains,26,80,0,0,0,Saturday,2,1,1
2024-02-12,S004,Surat,P0023,Poha,Rice & Grains,23,76,5,0,0,Monday,2,1,0
2024-02-15,S004,Surat,P0023,Poha,Rice & Grains,21,80,0,0,0,Thursday,2,1,0
2024-01-01,S004,Surat,P0017,Namkeen,Snacks,71,183,0,1,1,Monday,1,1,0
2024-01-06,S004,Surat,P0017,Namkeen,Snacks,50,164.7,10,0,0,Saturday,1,1,1
2024-01-13,S004,Surat,P0017,Namkeen,Snacks,58,183,0,0,0,Saturday,1,1,1
2024-01-17,S004,Surat,P0017,Namkeen,Snacks,35,146.4,20,0,0,Wednesday,1,1,0
2024-01-21,S004,Surat,P0017,Namkeen,Snacks,59,183,0,0,0,Sunday,1,1,1
2024-01-26,S004,Surat,P0017,Namkeen,Snacks,39,183,0,0,0,Friday,1,1,0
2024-01-28,S004,Surat,P0017,Namkeen,Snacks,50,173.85,5,0,0,Sunday,1,1,1
2024-01-30,S004,Surat,P0017,Namkeen,Snacks,44,183,0,0,0,Tuesday,1,1,0
2024-02-03,S004,Surat,P0017,Namkeen,Snacks,50,183,0,0,0,Saturday,2,1,1
2024-02-06,S004,Surat,P0017,Namkeen,Snacks,41,164.7,10,0,0,Tuesday,2,1,0
2024-02-21,S004,Surat,P0017,Namkeen,Snacks,47,146.4,20,0,0,Wednesday,2,1,0
2024-01-01,S002,Pune,P0009,Cookies,Bakery,52,209,0,0,1,Monday,1,1,0
2024-01-09,S002,Pune,P0009,Cookies,Bakery,46,209,0,0,0,Tuesday,1,1,0
2024-01-10,S002,Pune,P0009,Cookies,Bakery,29,209,0,0,0,Wednesday,1,1,0
2024-01-14,S002,Pune,P0009,Cookies,Bakery,61,167.2,20,1,0,Sunday,1,1,1
2024-01-16,S002,Pune,P0009,Cookies,Bakery,39,177.65,15,0,0,Tuesday,1,1,0
2024-01-17,S002,Pune,P0009,Cookies,Bakery,34,177.65,15,0,0,Wednesday,1,1,0
2024-01-21,S002,Pune,P0009,Cookies,Bakery,57,209,0,0,0,Sunday,1,1,1
2024-01-22,S002,Pune,P0009,Cookies,Bakery,41,209,0,0,0,Monday,1,1,0
2024-01-27,S002,Pune,P0009,Cookies,Bakery,58,167.2,20,1,0,Saturday,1,1,1
2024-02-04,S002,Pune,P0009,Cookies,Bakery,48,209,0,0,0,Sunday,2,1,1
2024-02-05,S002,Pune,P0009,Cookies,Bakery,36,188.1,10,0,0,Monday,2,1,0
2024-02-16,S002,Pune,P0009,Cookies,Bakery,58,188.1,10,1,0,Friday,2,1,0
2024-02-18,S002,Pune,P0009,Cookies,Bakery,41,209,0,0,0,Sunday,2,1,1
2024-01-01,S010,Kolkata,P0024,Oats,Rice & Grains,67,230.4,10,0,1,Monday,1,1,0
2024-01-02,S010,Kolkata,P0024,Oats,Rice & Grains,36,256,0,0,0,Tuesday,1,1,0
2024-01-03,S010,Kolkata,P0024,Oats,Rice & Grains,51,256,0,0,0,Wednesday,1,1,0
2024-01-14,S010,Kolkata,P0024,Oats,Rice & Grains,67,256,0,0,0,Sunday,1,1,1
2024-01-17,S010,Kolkata,P0024,Oats,Rice & Grains,38,256,0,0,0,Wednesday,1,1,0
2024-01-23,S010,Kolkata,P0024,Oats,Rice & Grains,50,256,0,1,0,Tuesday,1,1,0
2024-01-28,S010,Kolkata,P0024,Oats,Rice & Grains,52,256,0,0,0,Sunday,1,1,1
2024-02-07,S010,Kolkata,P0024,Oats,Rice & Grains,53,256,0,0,0,Wednesday,2,1,0
2024-02-09,S010,Kolkata,P0024,Oats,Rice & Grains,56,230.4,10,0,0,Friday,2,1,0
2024-02-13,S010,Kolkata,P0024,Oats,Rice & Grains,73,243.2,5,1,0,Tuesday,2,1,0
2024-01-01,S004,Surat,P0028,Toothpaste,Personal Care,55,31,0,0,1,Monday,1,1,0
2024-01-06,S004,Surat,P0028,Toothpaste,Personal Care,46,31,0,1,0,Saturday,1,1,1
2024-01-08,S004,Surat,P0028,Toothpaste,Personal Care,33,31,0,0,0,Monday,1,1,0
2024-01-13,S004,Surat,P0028,Toothpaste,Personal Care,48,31,0,0,0,Saturday,1,1,1
2024-01-26,S004,Surat,P0028,Toothpaste,Personal Care,37,31,0,0,0,Friday,1,1,0
2024-01-27,S004,Surat,P0028,Toothpaste,Personal Care,55,31,0,0,0,Saturday,1,1,1
2024-01-29,S004,Surat,P0028,Toothpaste,Personal Care,35,31,0,0,0,Monday,1,1,0
2024-01-30,S004,Surat,P0028,Toothpaste,Personal Care,38,31,0,1,0,Tuesday,1,1,0
2024-02-01,S004,Surat,P0028,Toothpaste,Personal Care,42,27.9,10,0,0,Thursday,2,1,0
2024-02-04,S004,Surat,P0028,Toothpaste,Personal Care,40,29.45,5,0,0,Sunday,2,1,1
2024-02-05,S004,Surat,P0028,Toothpaste,Personal Care,36,26.35,15,0,0,Monday,2,1,0
2024-02-11,S004,Surat,P0028,Toothpaste,Personal Care,39,31,0,0,0,Sunday,2,1,1
2024-02-12,S004,Surat,P0028,Toothpaste,Personal Care,39,31,0,0,0,Monday,2,1,0
2024-02-17,S004,Surat,P0028,Toothpaste,Personal Care,44,31,0,0,0,Saturday,2,1,1
2024-02-20,S004,Surat,P0028,Toothpaste,Personal Care,37,31,0,0,0,Tuesday,2,1,0
2024-02-22,S004,Surat,P0028,Toothpaste,Personal Care,41,31,0,0,0,Thursday,2,1,0
2024-01-01,S002,Pune,P0048,Frozen Corn,Frozen,76,313,0,0,1,Monday,1,1,0
2024-01-03,S002,Pune,P0048,Frozen Corn,Frozen,45,313,0,0,0,Wednesday,1,1,0
2024-01-07,S002,Pune,P0048,Frozen Corn,Frozen,80,281.7,10,0,0,Sunday,1,1,1
2024-01-10,S002,Pune,P0048,Frozen Corn,Frozen,52,313,0,0,0,Wednesday,1,1,0
2024-01-30,S002,Pune,P0048,Frozen Corn,Frozen,47,313,0,0,0,Tuesday,1,1,0
2024-02-04,S002,Pune,P0048,Frozen Corn,Frozen,68,313,0,0,0,Sunday,2,1,1
2024-02-13,S002,Pune,P0048,Frozen Corn,Frozen,69,313,0,1,0,Tuesday,2,1,0
2024-02-14,S002,Pune,P0048,Frozen Corn,Frozen,54,281.7,10,0,0,Wednesday,2,1,0
2024-02-21,S002,Pune,P0048,Frozen Corn,Frozen,65,266.05,15,0,0,Wednesday,2,1,0
2024-02-22,S002,Pune,P0048,Frozen Corn,Frozen,52,297.35,5,0,0,Thursday,2,1,0
2024-01-01,S003,Ahmedabad,P0033,Floor Cleaner,Cleaning,62,83.3,15,0,1,Monday,1,1,0
2024-01-07,S003,Ahmedabad,P0033,Floor Cleaner,Cleaning,47,88.2,10,0,0,Sunday,1,1,1
2024-01-14,S003,Ahmedabad,P0033,Floor Cleaner,Cleaning,54,83.3,15,0,0,Sunday,1,1,1
2024-01-16,S003,Ahmedabad,P0033,Floor Cleaner,Cleaning,43,98,0,0,0,Tuesday,1,1,0
2024-01-21,S003,Ahmedabad,P0033,Floor Cleaner,Cleaning,54,98,0,0,0,Sunday,1,1,1
2024-01-23,S003,Ahmedabad,P0033,Floor Cleaner,Cleaning,43,88.2,10,0,0,Tuesday,1,1,0
2024-01-25,S003,Ahmedabad,P0033,Floor Cleaner,Cleaning,45,98,0,0,0,Thursday,1,1,0
2024-01-31,S003,Ahmedabad,P0033,Floor Cleaner,Cleaning,53,83.3,15,0,0,Wednesday,1,1,0
2024-02-01,S003,Ahmedabad,P0033,Floor Cleaner,Cleaning,44,98,0,0,0,Thursday,2,1,0
2024-02-02,S003,Ahmedabad,P0033,Floor Cleaner,Cleaning,41,93.1,5,0,0,Friday,2,1,0
2024-02-04,S003,Ahmedabad,P0033,Floor Cleaner,Cleaning,49,98,0,0,0,Sunday,2,1,1
2024-02-08,S003,Ahmedabad,P0033,Floor Cleaner,Cleaning,45,98,0,0,0,Thursday,2,1,0
2024-02-13,S003,Ahmedabad,P0033,Floor Cleaner,Cleaning,43,98,0,0,0,Tuesday,2,1,0
2024-02-18,S003,Ahmedabad,P0033,Floor Cleaner,Cleaning,53,98,0,0,0,Sunday,2,1,1
2024-01-02,S002,Pune,P0003,Butter,Dairy,64,40.5,10,0,0,Tuesday,1,1,0
2024-01-04,S002,Pune,P0003,Butter,Dairy,49,45,0,0,0,Thursday,1,1,0
2024-01-05,S002,Pune,P0003,Butter,Dairy,68,45,0,0,0,Friday,1,1,0
2024-01-08,S002,Pune,P0003,Butter,Dairy,73,40.5,10,0,0,Monday,1,1,0
2024-01-11,S002,Pune,P0003,Butter,Dairy,69,45,0,0,0,Thursday,1,1,0
2024-01-16,S002,Pune,P0003,Butter,Dairy,73,45,0,0,0,Tuesday,1,1,0
2024-01-17,S002,Pune,P0003,Butter,Dairy,93,42.75,5,1,0,Wednesday,1,1,0
2024-01-24,S002,Pune,P0003,Butter,Dairy,68,45,0,0,0,Wednesday,1,1,0
2024-02-09,S002,Pune,P0003,Butter,Dairy,88,45,0,0,0,Friday,2,1,0
2024-02-11,S002,Pune,P0003,Butter,Dairy,106,45,0,0,0,Sunday,2,1,1
2024-02-14,S002,Pune,P0003,Butter,Dairy,81,40.5,10,0,0,Wednesday,2,1,0
2024-02-15,S002,Pune,P0003,Butter,Dairy,79,36,20,0,0,Thursday,2,1,0
2024-02-17,S002,Pune,P0003,Butter,Dairy,68,45,0,0,0,Saturday,2,1,1
2024-02-18,S002,Pune,P0003,Butter,Dairy,88,45,0,0,0,Sunday,2,1,1
2024-02-21,S002,Pune,P0003,Butter,Dairy,81,38.25,15,0,0,Wednesday,2,1,0
2024-01-02,S008,Jaipur,P0029,Face Wash,Personal Care,23,115.9,5,0,0,Tuesday,1,1,0
2024-01-14,S008,Jaipur,P0029,Face Wash,Personal Care,42,103.7,15,0,0,Sunday,1,1,1
2024-01-23,S008,Jaipur,P0029,Face Wash,Personal Care,30,122,0,0,0,Tuesday,1,1,0
2024-01-29,S008,Jaipur,P0029,Face Wash,Personal Care,30,115.9,5,0,0,Monday,1,1,0
2024-01-31,S008,Jaipur,P0029,Face Wash,Personal Care,26,103.7,15,0,0,Wednesday,1,1,0
2024-02-19,S008,Jaipur,P0029,Face Wash,Personal Care,30,122,0,0,0,Monday,2,1,0
2024-02-21,S008,Jaipur,P0029,Face Wash,Personal Care,24,122,0,0,0,Wednesday,2,1,0
2024-02-23,S008,Jaipur,P0029,Face Wash,Personal Care,30,122,0,0,0,Friday,2,1,0
2024-01-02,S009,Chennai,P0016,Chips,Snacks,34,259,0,0,0,Tuesday,1,1,0
2024-01-03,S009,Chennai,P0016,Chips,Snacks,41,259,0,0,0,Wednesday,1,1,0
2024-01-05,S009,Chennai,P0016,Chips,Snacks,42,259,0,0,0,Friday,1,1,0
2024-01-11,S009,Chennai,P0016,Chips,Snacks,44,259,0,0,0,Thursday,1,1,0
2024-01-20,S009,Chennai,P0016,Chips,Snacks,48,259,0,0,0,Saturday,1,1,1
2024-01-25,S009,Chennai,P0016,Chips,Snacks,33,259,0,0,0,Thursday,1,1,0
2024-01-26,S009,Chennai,P0016,Chips,Snacks,35,259,0,0,0,Friday,1,1,0
2024-01-31,S009,Chennai,P0016,Chips,Snacks,41,233.1,10,0,0,Wednesday,1,1,0
2024-02-05,S009,Chennai,P0016,Chips,Snacks,38,259,0,0,0,Monday,2,1,0
2024-02-06,S009,Chennai,P0016,Chips,Snacks,38,259,0,0,0,Tuesday,2,1,0
2024-02-10,S009,Chennai,P0016,Chips,Snacks,48,259,0,0,0,Saturday,2,1,1
2024-02-16,S009,Chennai,P0016,Chips,Snacks,36,259,0,0,0,Friday,2,1,0
2024-02-21,S009,Chennai,P0016,Chips,Snacks,31,233.1,10,0,0,Wednesday,2,1,0
2024-01-02,S004,Surat,P0032,Dishwash,Cleaning,57,63.9,10,0,0,Tuesday,1,1,0
2024-01-04,S004,Surat,P0032,Dishwash,Cleaning,54,71,0,0,0,Thursday,1,1,0
2024-01-11,S004,Surat,P0032,Dishwash,Cleaning,55,60.35,15,0,0,Thursday,1,1,0
2024-01-12,S004,Surat,P0032,Dishwash,Cleaning,54,63.9,10,0,0,Friday,1,1,0
2024-01-13,S004,Surat,P0032,Dishwash,Cleaning,41,71,0,0,0,Saturday,1,1,1
2024-01-16,S004,Surat,P0032,Dishwash,Cleaning,47,71,0,0,0,Tuesday,1,1,0
2024-01-17,S004,Surat,P0032,Dishwash,Cleaning,49,63.9,10,0,0,Wednesday,1,1,0
2024-02-12,S004,Surat,P0032,Dishwash,Cleaning,54,71,0,0,0,Monday,2,1,0
2024-02-14,S004,Surat,P0032,Dishwash,Cleaning,53,56.8,20,0,0,Wednesday,2,1,0
2024-02-18,S004,Surat,P0032,Dishwash,Cleaning,75,63.9,10,1,0,Sunday,2,1,1
2024-02-19,S004,Surat,P0032,Dishwash,Cleaning,50,67.45,5,0,0,Monday,2,1,0
2024-01-02,S003,Ahmedabad,P0019,Biscuits,Snacks,37,154,0,0,0,Tuesday,1,1,0
2024-01-03,S003,Ahmedabad,P0019,Biscuits,Snacks,33,154,0,0,0,Wednesday,1,1,0
2024-01-06,S003,Ahmedabad,P0019,Biscuits,Snacks,50,154,0,0,0,Saturday,1,1,1
2024-01-12,S003,Ahmedabad,P0019,Biscuits,Snacks,39,154,0,0,0,Friday,1,1,0
2024-01-13,S003,Ahmedabad,P0019,Biscuits,Snacks,51,154,0,0,0,Saturday,1,1,1
2024-01-19,S003,Ahmedabad,P0019,Biscuits,Snacks,39,154,0,0,0,Friday,1,1,0
2024-01-23,S003,Ahmedabad,P0019,Biscuits,Snacks,43,154,0,0,0,Tuesday,1,1,0
2024-01-24,S003,Ahmedabad,P0019,Biscuits,Snacks,37,154,0,0,0,Wednesday,1,1,0
2024-02-03,S003,Ahmedabad,P0019,Biscuits,Snacks,72,154,0,1,0,Saturday,2,1,1
2024-02-07,S003,Ahmedabad,P0019,Biscuits,Snacks,34,154,0,0,0,Wednesday,2,1,0
2024-02-14,S003,Ahmedabad,P0019,Biscuits,Snacks,41,130.9,15,0,0,Wednesday,2,1,0
2024-02-17,S003,Ahmedabad,P0019,Biscuits,Snacks,47,130.9,15,0,0,Saturday,2,1,1
2024-02-18,S003,Ahmedabad,P0019,Biscuits,Snacks,56,154,0,0,0,Sunday,2,1,1
2024-02-22,S003,Ahmedabad,P0019,Biscuits,Snacks,38,154,0,0,0,Thursday,2,1,0
2024-01-02,S005,Bengaluru,P0047,Frozen Peas,Frozen,38,198.55,5,0,0,Tuesday,1,1,0
2024-01-08,S005,Bengaluru,P0047,Frozen Peas,Frozen,33,209,0,0,0,Monday,1,1,0
2024-01-24,S005,Bengaluru,P0047,Frozen Peas,Frozen,39,198.55,5,0,0,Wednesday,1,1,0
2024-01-28,S005,Bengaluru,P0047,Frozen Peas,Frozen,52,209,0,0,0,Sunday,1,1,1
2024-01-30,S005,Bengaluru,P0047,Frozen Peas,Frozen,33,209,0,0,0,Tuesday,1,1,0
2024-01-31,S005,Bengaluru,P0047,Frozen Peas,Frozen,41,209,0,0,0,Wednesday,1,1,0
2024-02-01,S005,Bengaluru,P0047,Frozen Peas,Frozen,44,177.65,15,0,0,Thursday,2,1,0
2024-02-05,S005,Bengaluru,P0047,Frozen Peas,Frozen,37,209,0,0,0,Monday,2,1,0
2024-02-07,S005,Bengaluru,P0047,Frozen Peas,Frozen,32,209,0,0,0,Wednesday,2,1,0
2024-02-09,S005,Bengaluru,P0047,Frozen Peas,Frozen,45,209,0,0,0,Friday,2,1,0
2024-02-12,S005,Bengaluru,P0047,Frozen Peas,Frozen,44,209,0,0,0,Monday,2,1,0
2024-02-14,S005,Bengaluru,P0047,Frozen Peas,Frozen,37,177.65,15,0,0,Wednesday,2,1,0
2024-02-15,S005,Bengaluru,P0047,Frozen Peas,Frozen,36,198.55,5,0,0,Thursday,2,1,0
2024-02-21,S005,Bengaluru,P0047,Frozen Peas,Frozen,34,209,0,0,0,Wednesday,2,1,0
2024-01-02,S001,Mumbai,P0038,Orange,Fruits,28,205,0,0,0,Tuesday,1,1,0
2024-01-03,S001,Mumbai,P0038,Orange,Fruits,28,205,0,0,0,Wednesday,1,1,0
2024-01-05,S001,Mumbai,P0038,Orange,Fruits,32,205,0,1,0,Friday,1,1,0
2024-01-08,S001,Mumbai,P0038,Orange,Fruits,29,205,0,0,0,Monday,1,1,0
2024-01-10,S001,Mumbai,P0038,Orange,Fruits,37,174.25,15,0,0,Wednesday,1,1,0
2024-01-13,S001,Mumbai,P0038,Orange,Fruits,34,205,0,0,0,Saturday,1,1,1
2024-01-18,S001,Mumbai,P0038,Orange,Fruits,32,184.5,10,0,0,Thursday,1,1,0
2024-01-19,S001,Mumbai,P0038,Orange,Fruits,32,205,0,1,0,Friday,1,1,0
2024-01-24,S001,Mumbai,P0038,Orange,Fruits,27,205,0,0,0,Wednesday,1,1,0
2024-01-28,S001,Mumbai,P0038,Orange,Fruits,34,194.75,5,0,0,Sunday,1,1,1
2024-01-31,S001,Mumbai,P0038,Orange,Fruits,37,205,0,0,0,Wednesday,1,1,0
2024-02-01,S001,Mumbai,P0038,Orange,Fruits,36,205,0,0,0,Thursday,2,1,0
2024-02-04,S001,Mumbai,P0038,Orange,Fruits,42,205,0,0,0,Sunday,2,1,1
2024-02-15,S001,Mumbai,P0038,Orange,Fruits,30,205,0,0,0,Thursday,2,1,0
2024-02-16,S001,Mumbai,P0038,Orange,Fruits,28,205,0,0,0,Friday,2,1,0
2024-02-19,S001,Mumbai,P0038,Orange,Fruits,35,205,0,0,0,Monday,2,1,0
2024-01-02,S005,Bengaluru,P0045,Spinach,Vegetables,29,47.7,10,0,0,Tuesday,1,1,0
2024-01-11,S005,Bengaluru,P0045,Spinach,Vegetables,24,53,0,0,0,Thursday,1,1,0
2024-01-14,S005,Bengaluru,P0045,Spinach,Vegetables,33,47.7,10,0,0,Sunday,1,1,1
2024-01-15,S005,Bengaluru,P0045,Spinach,Vegetables,31,53,0,0,0,Monday,1,1,0
2024-01-26,S005,Bengaluru,P0045,Spinach,Vegetables,38,47.7,10,0,0,Friday,1,1,0
2024-02-02,S005,Bengaluru,P0045,Spinach,Vegetables,32,53,0,0,0,Friday,2,1,0
2024-02-04,S005,Bengaluru,P0045,Spinach,Vegetables,33,53,0,0,0,Sunday,2,1,1
2024-02-10,S005,Bengaluru,P0045,Spinach,Vegetables,39,53,0,0,0,Saturday,2,1,1
2024-02-12,S005,Bengaluru,P0045,Spinach,Vegetables,29,53,0,0,0,Monday,2,1,0
2024-02-15,S005,Bengaluru,P0045,Spinach,Vegetables,32,53,0,0,0,Thursday,2,1,0
2024-02-16,S005,Bengaluru,P0045,Spinach,Vegetables,26,53,0,0,0,Friday,2,1,0
2024-02-20,S005,Bengaluru,P0045,Spinach,Vegetables,27,53,0,0,0,Tuesday,2,1,0
2024-02-23,S005,Bengaluru,P0045,Spinach,Vegetables,23,53,0,0,0,Friday,2,1,0
2024-01-02,S002,Pune,P0017,Namkeen,Snacks,42,183,0,0,0,Tuesday,1,1,0
2024-01-05,S002,Pune,P0017,Namkeen,Snacks,48,155.55,15,0,0,Friday,1,1,0
2024-01-11,S002,Pune,P0017,Namkeen,Snacks,43,146.4,20,0,0,Thursday,1,1,0
2024-01-15,S002,Pune,P0017,Namkeen,Snacks,37,183,0,0,0,Monday,1,1,0
2024-01-22,S002,Pune,P0017,Namkeen,Snacks,52,164.7,10,0,0,Monday,1,1,0
2024-01-29,S002,Pune,P0017,Namkeen,Snacks,43,173.85,5,0,0,Monday,1,1,0
2024-02-01,S002,Pune,P0017,Namkeen,Snacks,41,183,0,0,0,Thursday,2,1,0
2024-02-05,S002,Pune,P0017,Namkeen,Snacks,46,155.55,15,0,0,Monday,2,1,0
2024-02-12,S002,Pune,P0017,Namkeen,Snacks,40,183,0,0,0,Monday,2,1,0
2024-02-18,S002,Pune,P0017,Namkeen,Snacks,52,183,0,0,0,Sunday,2,1,1
2024-02-23,S002,Pune,P0017,Namkeen,Snacks,45,183,0,0,0,Friday,2,1,0
2024-01-02,S006,Hyderabad,P0049,Frozen Pizza,Frozen,51,223,0,0,0,Tuesday,1,1,0
2024-01-11,S006,Hyderabad,P0049,Frozen Pizza,Frozen,58,200.7,10,0,0,Thursday,1,1,0
2024-01-13,S006,Hyderabad,P0049,Frozen Pizza,Frozen,112,223,0,1,0,Saturday,1,1,1
2024-01-16,S006,Hyderabad,P0049,Frozen Pizza,Frozen,60,223,0,0,0,Tuesday,1,1,0
2024-01-22,S006,Hyderabad,P0049,Frozen Pizza,Frozen,53,223,0,0,0,Monday,1,1,0
2024-01-27,S006,Hyderabad,P0049,Frozen Pizza,Frozen,76,211.85,5,0,0,Saturday,1,1,1
2024-02-01,S006,Hyderabad,P0049,Frozen Pizza,Frozen,62,189.55,15,0,0,Thursday,2,1,0
2024-02-09,S006,Hyderabad,P0049,Frozen Pizza,Frozen,57,223,0,0,0,Friday,2,1,0
2024-02-10,S006,Hyderabad,P0049,Frozen Pizza,Frozen,75,223,0,0,0,Saturday,2,1,1
2024-02-13,S006,Hyderabad,P0049,Frozen Pizza,Frozen,56,223,0,0,0,Tuesday,2,1,0
2024-02-18,S006,Hyderabad,P0049,Frozen Pizza,Frozen,87,178.4,20,0,0,Sunday,2,1,1
2024-02-20,S006,Hyderabad,P0049,Frozen Pizza,Frozen,72,211.85,5,0,0,Tuesday,2,1,0
2024-01-02,S006,Hyderabad,P0046,Ice Cream,Frozen,72,102.6,5,0,0,Tuesday,1,1,0
2024-01-03,S006,Hyderabad,P0046,Ice Cream,Frozen,67,91.8,15,0,0,Wednesday,1,1,0
2024-01-08,S006,Hyderabad,P0046,Ice Cream,Frozen,51,108,0,0,0,Monday,1,1,0
2024-01-30,S006,Hyderabad,P0046,Ice Cream,Frozen,64,108,0,0,0,Tuesday,1,1,0
2024-01-31,S006,Hyderabad,P0046,Ice Cream,Frozen,68,108,0,0,0,Wednesday,1,1,0
2024-02-01,S006,Hyderabad,P0046,Ice Cream,Frozen,76,91.8,15,0,0,Thursday,2,1,0
2024-02-12,S006,Hyderabad,P0046,Ice Cream,Frozen,61,108,0,0,0,Monday,2,1,0
2024-02-13,S006,Hyderabad,P0046,Ice Cream,Frozen,76,108,0,1,0,Tuesday,2,1,0
2024-02-17,S006,Hyderabad,P0046,Ice Cream,Frozen,74,108,0,0,0,Saturday,2,1,1
2024-01-02,S003,Ahmedabad,P0017,Namkeen,Snacks,23,164.7,10,0,0,Tuesday,1,1,0
2024-01-03,S003,Ahmedabad,P0017,Namkeen,Snacks,39,155.55,15,0,0,Wednesday,1,1,0
2024-01-10,S003,Ahmedabad,P0017,Namkeen,Snacks,32,173.85,5,0,0,Wednesday,1,1,0
2024-01-20,S003,Ahmedabad,P0017,Namkeen,Snacks,49,183,0,0,0,Saturday,1,1,1
2024-01-22,S003,Ahmedabad,P0017,Namkeen,Snacks,57,183,0,1,0,Monday,1,1,0
2024-01-24,S003,Ahmedabad,P0017,Namkeen,Snacks,41,183,0,1,0,Wednesday,1,1,0
2024-01-28,S003,Ahmedabad,P0017,Namkeen,Snacks,66,173.85,5,1,0,Sunday,1,1,1
2024-01-31,S003,Ahmedabad,P0017,Namkeen,Snacks,37,183,0,0,0,Wednesday,1,1,0
2024-02-01,S003,Ahmedabad,P0017,Namkeen,Snacks,35,183,0,0,0,Thursday,2,1,0
2024-02-03,S003,Ahmedabad,P0017,Namkeen,Snacks,56,183,0,0,0,Saturday,2,1,1
2024-02-06,S003,Ahmedabad,P0017,Namkeen,Snacks,38,183,0,0,0,Tuesday,2,1,0
2024-02-21,S003,Ahmedabad,P0017,Namkeen,Snacks,42,183,0,0,0,Wednesday,2,1,0
