prediction-service/data/retail_forecasting_dataset_50000.csv
date_purchased,store_id,city,product_id,product_name,category,quantity_sold,unit_price,discount_pct,promotion_flag,holiday_flag,day_of_week,month,quarter,is_weekend
2024-01-02,S009,Chennai,P0029,Face Wash,Personal Care,25,122,0,0,0,Tuesday,1,1,0
2024-01-03,S009,Chennai,P0029,Face Wash,Personal Care,28,122,0,0,0,Wednesday,1,1,0
2024-01-10,S009,Chennai,P0029,Face Wash,Personal Care,27,115.9,5,0,0,Wednesday,1,1,0
2024-01-13,S009,Chennai,P0029,Face Wash,Personal Care,25,122,0,0,0,Saturday,1,1,1
2024-01-19,S009,Chennai,P0029,Face Wash,Personal Care,32,109.8,10,0,0,Friday,1,1,0
2024-01-29,S009,Chennai,P0029,Face Wash,Personal Care,26,122,0,0,0,Monday,1,1,0
2024-02-14,S009,Chennai,P0029,Face Wash,Personal Care,26,109.8,10,1,0,Wednesday,2,1,0
2024-02-17,S009,Chennai,P0029,Face Wash,Personal Care,25,122,0,0,0,Saturday,2,1,1
2024-02-19,S009,Chennai,P0029,Face Wash,Personal Care,29,122,0,0,0,Monday,2,1,0
2024-02-20,S009,Chennai,P0029,Face Wash,Personal Care,21,122,0,0,0,Tuesday,2,1,0
2024-02-23,S009,Chennai,P0029,Face Wash,Personal Care,23,122,0,0,0,Friday,2,1,0
2024-01-02,S002,Pune,P0032,Dishwash,Cleaning,48,71,0,0,0,Tuesday,1,1,0
2024-01-03,S002,Pune,P0032,Dishwash,Cleaning,56,63.9,10,0,0,Wednesday,1,1,0
2024-01-06,S002,Pune,P0032,Dishwash,Cleaning,67,71,0,0,0,Saturday,1,1,1
2024-01-16,S002,Pune,P0032,Dishwash,Cleaning,51,71,0,0,0,Tuesday,1,1,0
2024-01-20,S002,Pune,P0032,Dishwash,Cleaning,60,71,0,0,0,Saturday,1,1,1
2024-01-30,S002,Pune,P0032,Dishwash,Cleaning,54,67.45,5,0,0,Tuesday,1,1,0
2024-02-02,S002,Pune,P0032,Dishwash,Cleaning,68,56.8,20,0,0,Friday,2,1,0
2024-02-04,S002,Pune,P0032,Dishwash,Cleaning,61,71,0,0,0,Sunday,2,1,1
2024-02-05,S002,Pune,P0032,Dishwash,Cleaning,50,60.35,15,0,0,Monday,2,1,0
2024-02-08,S002,Pune,P0032,Dishwash,Cleaning,57,60.35,15,0,0,Thursday,2,1,0
2024-02-10,S002,Pune,P0032,Dishwash,Cleaning,61,71,0,0,0,Saturday,2,1,1
2024-02-15,S002,Pune,P0032,Dishwash,Cleaning,47,63.9,10,0,0,Thursday,2,1,0
2024-02-16,S002,Pune,P0032,Dishwash,Cleaning,48,71,0,0,0,Friday,2,1,0
2024-02-21,S002,Pune,P0032,Dishwash,Cleaning,55,60.35,15,0,0,Wednesday,2,1,0
2024-02-22,S002,Pune,P0032,Dishwash,Cleaning,47,71,0,0,0,Thursday,2,1,0
2024-01-02,S010,Kolkata,P0020,Crackers,Snacks,21,88,0,0,0,Tuesday,1,1,0
2024-01-04,S010,Kolkata,P0020,Crackers,Snacks,30,88,0,0,0,Thursday,1,1,0
2024-01-07,S010,Kolkata,P0020,Crackers,Snacks,32,88,0,0,0,Sunday,1,1,1
2024-01-11,S010,Kolkata,P0020,Crackers,Snacks,27,88,0,0,0,Thursday,1,1,0
2024-01-14,S010,Kolkata,P0020,Crackers,Snacks,34,79.2,10,0,0,Sunday,1,1,1
2024-01-22,S010,Kolkata,P0020,Crackers,Snacks,28,79.2,10,0,0,Monday,1,1,0
2024-01-26,S010,Kolkata,P0020,Crackers,Snacks,27,74.8,15,0,0,Friday,1,1,0
2024-01-27,S010,Kolkata,P0020,Crackers,Snacks,40,88,0,0,0,Saturday,1,1,1
2024-01-31,S010,Kolkata,P0020,Crackers,Snacks,32,83.6,5,0,0,Wednesday,1,1,0
2024-02-10,S010,Kolkata,P0020,Crackers,Snacks,33,88,0,0,0,Saturday,2,1,1
2024-02-12,S010,Kolkata,P0020,Crackers,Snacks,32,88,0,0,0,Monday,2,1,0
2024-02-14,S010,Kolkata,P0020,Crackers,Snacks,26,88,0,0,0,Wednesday,2,1,0
2024-02-18,S010,Kolkata,P0020,Crackers,Snacks,35,88,0,0,0,Sunday,2,1,1
2024-02-20,S010,Kolkata,P0020,Crackers,Snacks,30,88,0,0,0,Tuesday,2,1,0
2024-01-02,S002,Pune,P0020,Crackers,Snacks,34,79.2,10,0,0,Tuesday,1,1,0
2024-01-05,S002,Pune,P0020,Crackers,Snacks,32,88,0,0,0,Friday,1,1,0
2024-01-06,S002,Pune,P0020,Crackers,Snacks,48,88,0,0,0,Saturday,1,1,1
2024-01-07,S002,Pune,P0020,Crackers,Snacks,46,88,0,0,0,Sunday,1,1,1
2024-01-08,S002,Pune,P0020,Crackers,Snacks,45,74.8,15,0,0,Monday,1,1,0
2024-01-11,S002,Pune,P0020,Crackers,Snacks,25,83.6,5,0,0,Thursday,1,1,0
2024-01-21,S002,Pune,P0020,Crackers,Snacks,44,88,0,0,0,Sunday,1,1,1
2024-01-24,S002,Pune,P0020,Crackers,Snacks,37,88,0,0,0,Wednesday,1,1,0
2024-02-01,S002,Pune,P0020,Crackers,Snacks,40,88,0,0,0,Thursday,2,1,0
2024-02-05,S002,Pune,P0020,Crackers,Snacks,34,88,0,0,0,Monday,2,1,0
2024-02-19,S002,Pune,P0020,Crackers,Snacks,33,88,0,0,0,Monday,2,1,0
2024-01-02,S005,Bengaluru,P0044,Carrot,Vegetables,41,108.9,10,0,0,Tuesday,1,1,0
2024-01-03,S005,Bengaluru,P0044,Carrot,Vegetables,48,102.85,15,0,0,Wednesday,1,1,0
2024-01-05,S005,Bengaluru,P0044,Carrot,Vegetables,39,114.95,5,0,0,Friday,1,1,0
2024-01-07,S005,Bengaluru,P0044,Carrot,Vegetables,53,121,0,0,0,Sunday,1,1,1
2024-01-08,S005,Bengaluru,P0044,Carrot,Vegetables,40,96.8,20,0,0,Monday,1,1,0
2024-01-14,S005,Bengaluru,P0044,Carrot,Vegetables,53,121,0,0,0,Sunday,1,1,1
2024-01-16,S005,Bengaluru,P0044,Carrot,Vegetables,50,121,0,0,0,Tuesday,1,1,0
2024-01-17,S005,Bengaluru,P0044,Carrot,Vegetables,47,121,0,0,0,Wednesday,1,1,0
2024-01-19,S005,Bengaluru,P0044,Carrot,Vegetables,39,121,0,0,0,Friday,1,1,0
2024-01-20,S005,Bengaluru,P0044,Carrot,Vegetables,61,102.85,15,0,0,Saturday,1,1,1
2024-01-22,S005,Bengaluru,P0044,Carrot,Vegetables,42,114.95,5,0,0,Monday,1,1,0
2024-01-31,S005,Bengaluru,P0044,Carrot,Vegetables,40,114.95,5,0,0,Wednesday,1,1,0
2024-02-10,S005,Bengaluru,P0044,Carrot,Vegetables,48,121,0,0,0,Saturday,2,1,1
2024-02-21,S005,Bengaluru,P0044,Carrot,Vegetables,48,102.85,15,0,0,Wednesday,2,1,0
2024-01-02,S007,Delhi,P0035,Phenyl,Cleaning,64,70,0,1,0,Tuesday,1,1,0
2024-01-09,S007,Delhi,P0035,Phenyl,Cleaning,43,66.5,5,0,0,Tuesday,1,1,0
2024-01-12,S007,Delhi,P0035,Phenyl,Cleaning,50,63,10,0,0,Friday,1,1,0
2024-01-15,S007,Delhi,P0035,Phenyl,Cleaning,56,70,0,0,0,Monday,1,1,0
2024-01-21,S007,Delhi,P0035,Phenyl,Cleaning,67,70,0,0,0,Sunday,1,1,1
2024-01-22,S007,Delhi,P0035,Phenyl,Cleaning,46,70,0,0,0,Monday,1,1,0
2024-01-23,S007,Delhi,P0035,Phenyl,Cleaning,76,70,0,1,0,Tuesday,1,1,0
2024-01-25,S007,Delhi,P0035,Phenyl,Cleaning,52,70,0,0,0,Thursday,1,1,0
2024-01-26,S007,Delhi,P0035,Phenyl,Cleaning,44,70,0,0,0,Friday,1,1,0
2024-01-27,S007,Delhi,P0035,Phenyl,Cleaning,77,59.5,15,0,0,Saturday,1,1,1
2024-01-29,S007,Delhi,P0035,Phenyl,Cleaning,51,70,0,0,0,Monday,1,1,0
2024-01-31,S007,Delhi,P0035,Phenyl,Cleaning,55,63,10,0,0,Wednesday,1,1,0
2024-02-19,S007,Delhi,P0035,Phenyl,Cleaning,63,70,0,0,0,Monday,2,1,0
2024-02-23,S007,Delhi,P0035,Phenyl,Cleaning,42,70,0,0,0,Friday,2,1,0
2024-01-02,S007,Delhi,P0046,Ice Cream,Frozen,48,97.2,10,0,0,Tuesday,1,1,0
2024-01-03,S007,Delhi,P0046,Ice Cream,Frozen,58,108,0,0,0,Wednesday,1,1,0
2024-01-07,S007,Delhi,P0046,Ice Cream,Frozen,82,102.6,5,0,0,Sunday,1,1,1
2024-01-09,S007,Delhi,P0046,Ice Cream,Frozen,74,102.6,5,0,0,Tuesday,1,1,0
2024-01-15,S007,Delhi,P0046,Ice Cream,Frozen,78,108,0,1,0,Monday,1,1,0
2024-01-17,S007,Delhi,P0046,Ice Cream,Frozen,55,108,0,0,0,Wednesday,1,1,0
2024-01-23,S007,Delhi,P0046,Ice Cream,Frozen,56,102.6,5,0,0,Tuesday,1,1,0
2024-01-28,S007,Delhi,P0046,Ice Cream,Frozen,79,108,0,0,0,Sunday,1,1,1
2024-02-12,S007,Delhi,P0046,Ice Cream,Frozen,68,91.8,15,0,0,Monday,2,1,0
2024-02-15,S007,Delhi,P0046,Ice Cream,Frozen,76,108,0,0,0,Thursday,2,1,0
2024-02-21,S007,Delhi,P0046,Ice Cream,Frozen,55,108,0,0,0,Wednesday,2,1,0
2024-01-02,S005,Bengaluru,P0014,Soft Drink,Beverages,53,121,0,0,0,Tuesday,1,1,0
2024-01-03,S005,Bengaluru,P0014,Soft Drink,Beverages,35,108.9,10,0,0,Wednesday,1,1,0
2024-01-04,S005,Bengaluru,P0014,Soft Drink,Beverages,38,96.8,20,0,0,Thursday,1,1,0
2024-01-08,S005,Bengaluru,P0014,Soft Drink,Beverages,41,102.85,15,0,0,Monday,1,1,0
2024-01-14,S005,Bengaluru,P0014,Soft Drink,Beverages,65,96.8,20,0,0,Sunday,1,1,1
2024-01-15,S005,Bengaluru,P0014,Soft Drink,Beverages,46,114.95,5,0,0,Monday,1,1,0
2024-01-16,S005,Bengaluru,P0014,Soft Drink,Beverages,43,121,0,0,0,Tuesday,1,1,0
2024-01-20,S005,Bengaluru,P0014,Soft Drink,Beverages,59,108.9,10,0,0,Saturday,1,1,1
2024-01-21,S005,Bengaluru,P0014,Soft Drink,Beverages,34,121,0,0,0,Sunday,1,1,1
2024-02-01,S005,Bengaluru,P0014,Soft Drink,Beverages,41,121,0,0,0,Thursday,2,1,0
2024-02-05,S005,Bengaluru,P0014,Soft Drink,Beverages,42,121,0,0,0,Monday,2,1,0
2024-02-12,S005,Bengaluru,P0014,Soft Drink,Beverages,44,121,0,0,0,Monday,2,1,0
2024-02-16,S005,Bengaluru,P0014,Soft Drink,Beverages,49,108.9,10,0,0,Friday,2,1,0
2024-02-17,S005,Bengaluru,P0014,Soft Drink,Beverages,49,121,0,1,0,Saturday,2,1,1
2024-02-20,S005,Bengaluru,P0014,Soft Drink,Beverages,37,108.9,10,0,0,Tuesday,2,1,0
2024-01-02,S009,Chennai,P0032,Dishwash,Cleaning,31,71,0,0,0,Tuesday,1,1,0
2024-01-10,S009,Chennai,P0032,Dishwash,Cleaning,36,67.45,5,0,0,Wednesday,1,1,0
2024-01-13,S009,Chennai,P0032,Dishwash,Cleaning,42,63.9,10,0,0,Saturday,1,1,1
2024-01-16,S009,Chennai,P0032,Dishwash,Cleaning,35,71,0,0,0,Tuesday,1,1,0
2024-01-17,S009,Chennai,P0032,Dishwash,Cleaning,39,71,0,0,0,Wednesday,1,1,0
2024-01-19,S009,Chennai,P0032,Dishwash,Cleaning,33,63.9,10,0,0,Friday,1,1,0
2024-01-22,S009,Chennai,P0032,Dishwash,Cleaning,32,63.9,10,0,0,Monday,1,1,0
2024-02-04,S009,Chennai,P0032,Dishwash,Cleaning,44,71,0,0,0,Sunday,2,1,1
2024-02-08,S009,Chennai,P0032,Dishwash,Cleaning,27,71,0,0,0,Thursday,2,1,0
2024-02-10,S009,Chennai,P0032,Dishwash,Cleaning,49,71,0,1,0,Saturday,2,1,1
2024-02-23,S009,Chennai,P0032,Dishwash,Cleaning,23,67.45,5,0,0,Friday,2,1,0
2024-01-02,S010,Kolkata,P0037,Apple,Fruits,63,137,0,1,0,Tuesday,1,1,0
2024-01-04,S010,Kolkata,P0037,Apple,Fruits,48,137,0,0,0,Thursday,1,1,0
2024-01-06,S010,Kolkata,P0037,Apple,Fruits,60,137,0,0,0,Saturday,1,1,1
2024-01-12,S010,Kolkata,P0037,Apple,Fruits,45,123.3,10,0,0,Friday,1,1,0
2024-01-14,S010,Kolkata,P0037,Apple,Fruits,59,137,0,0,0,Sunday,1,1,1
2024-01-16,S010,Kolkata,P0037,Apple,Fruits,44,137,0,0,0,Tuesday,1,1,0
2024-01-17,S010,Kolkata,P0037,Apple,Fruits,52,137,0,0,0,Wednesday,1,1,0
2024-01-20,S010,Kolkata,P0037,Apple,Fruits,49,137,0,0,0,Saturday,1,1,1
2024-01-26,S010,Kolkata,P0037,Apple,Fruits,46,137,0,0,0,Friday,1,1,0
2024-01-29,S010,Kolkata,P0037,Apple,Fruits,45,137,0,0,0,Monday,1,1,0
2024-02-01,S010,Kolkata,P0037,Apple,Fruits,44,137,0,0,0,Thursday,2,1,0
2024-02-24,S010,Kolkata,P0037,Apple,Fruits,69,130.15,5,0,0,Saturday,2,1,1
2024-01-02,S006,Hyderabad,P0006,Bread,Bakery,30,231,0,0,0,Tuesday,1,1,0
2024-01-06,S006,Hyderabad,P0006,Bread,Bakery,32,231,0,0,0,Saturday,1,1,1
2024-01-07,S006,Hyderabad,P0006,Bread,Bakery,29,231,0,0,0,Sunday,1,1,1
2024-01-08,S006,Hyderabad,P0006,Bread,Bakery,35,231,0,0,0,Monday,1,1,0
2024-01-13,S006,Hyderabad,P0006,Bread,Bakery,39,231,0,0,0,Saturday,1,1,1
2024-01-19,S006,Hyderabad,P0006,Bread,Bakery,26,219.45,5,0,0,Friday,1,1,0
2024-01-23,S006,Hyderabad,P0006,Bread,Bakery,29,207.9,10,0,0,Tuesday,1,1,0
2024-01-27,S006,Hyderabad,P0006,Bread,Bakery,32,231,0,0,0,Saturday,1,1,1
2024-01-28,S006,Hyderabad,P0006,Bread,Bakery,43,207.9,10,0,0,Sunday,1,1,1
2024-01-31,S006,Hyderabad,P0006,Bread,Bakery,21,231,0,0,0,Wednesday,1,1,0
2024-02-01,S006,Hyderabad,P0006,Bread,Bakery,29,231,0,1,0,Thursday,2,1,0
2024-02-11,S006,Hyderabad,P0006,Bread,Bakery,30,231,0,0,0,Sunday,2,1,1
2024-02-14,S006,Hyderabad,P0006,Bread,Bakery,22,231,0,0,0,Wednesday,2,1,0
2024-01-02,S009,Chennai,P0049,Frozen Pizza,Frozen,25,223,0,0,0,Tuesday,1,1,0
2024-01-08,S009,Chennai,P0049,Frozen Pizza,Frozen,36,211.85,5,0,0,Monday,1,1,0
2024-01-09,S009,Chennai,P0049,Frozen Pizza,Frozen,32,223,0,0,0,Tuesday,1,1,0
2024-01-16,S009,Chennai,P0049,Frozen Pizza,Frozen,30,223,0,0,0,Tuesday,1,1,0
2024-01-25,S009,Chennai,P0049,Frozen Pizza,Frozen,37,223,0,0,0,Thursday,1,1,0
2024-01-27,S009,Chennai,P0049,Frozen Pizza,Frozen,40,211.85,5,0,0,Saturday,1,1,1
2024-01-31,S009,Chennai,P0049,Frozen Pizza,Frozen,38,189.55,15,0,0,Wednesday,1,1,0
2024-02-07,S009,Chennai,P0049,Frozen Pizza,Frozen,32,223,0,0,0,Wednesday,2,1,0
2024-02-20,S009,Chennai,P0049,Frozen Pizza,Frozen,36,223,0,0,0,Tuesday,2,1,0
2024-01-02,S005,Bengaluru,P0042,Onion,Vegetables,41,180,0,1,0,Tuesday,1,1,0
2024-01-03,S005,Bengaluru,P0042,Onion,Vegetables,28,180,0,0,0,Wednesday,1,1,0
2024-01-13,S005,Bengaluru,P0042,Onion,Vegetables,38,162,10,0,0,Saturday,1,1,1
2024-01-20,S005,Bengaluru,P0042,Onion,Vegetables,46,171,5,0,0,Saturday,1,1,1
2024-01-21,S005,Bengaluru,P0042,Onion,Vegetables,41,180,0,0,0,Sunday,1,1,1
2024-01-31,S005,Bengaluru,P0042,Onion,Vegetables,38,180,0,0,0,Wednesday,1,1,0
2024-02-01,S005,Bengaluru,P0042,Onion,Vegetables,33,180,0,0,0,Thursday,2,1,0
2024-02-04,S005,Bengaluru,P0042,Onion,Vegetables,42,180,0,0,0,Sunday,2,1,1
2024-02-16,S005,Bengaluru,P0042,Onion,Vegetables,39,180,0,0,0,Friday,2,1,0
2024-02-18,S005,Bengaluru,P0042,Onion,Vegetables,44,180,0,0,0,Sunday,2,1,1
2024-01-02,S003,Ahmedabad,P0011,Tea,Beverages,41,245,0,0,0,Tuesday,1,1,0
2024-01-16,S003,Ahmedabad,P0011,Tea,Beverages,47,245,0,0,0,Tuesday,1,1,0
2024-01-20,S003,Ahmedabad,P0011,Tea,Beverages,46,245,0,0,0,Saturday,1,1,1
2024-01-21,S003,Ahmedabad,P0011,Tea,Beverages,56,245,0,1,0,Sunday,1,1,1
2024-01-22,S003,Ahmedabad,P0011,Tea,Beverages,44,245,0,0,0,Monday,1,1,0
2024-01-23,S003,Ahmedabad,P0011,Tea,Beverages,46,245,0,0,0,Tuesday,1,1,0
2024-01-25,S003,Ahmedabad,P0011,Tea,Beverages,44,245,0,0,0,Thursday,1,1,0
2024-01-28,S003,Ahmedabad,P0011,Tea,Beverages,53,245,0,0,0,Sunday,1,1,1
2024-02-02,S003,Ahmedabad,P0011,Tea,Beverages,49,232.75,5,1,0,Friday,2,1,0
2024-02-05,S003,Ahmedabad,P0011,Tea,Beverages,41,232.75,5,1,0,Monday,2,1,0
2024-02-10,S003,Ahmedabad,P0011,Tea,Beverages,59,196,20,0,0,Saturday,2,1,1
2024-02-15,S003,Ahmedabad,P0011,Tea,Beverages,52,245,0,0,0,Thursday,2,1,0
2024-01-02,S002,Pune,P0018,Popcorn,Snacks,45,243,0,0,0,Tuesday,1,1,0
2024-01-12,S002,Pune,P0018,Popcorn,Snacks,40,243,0,0,0,Friday,1,1,0
2024-01-18,S002,Pune,P0018,Popcorn,Snacks,37,243,0,0,0,Thursday,1,1,0
2024-01-24,S002,Pune,P0018,Popcorn,Snacks,45,243,0,0,0,Wednesday,1,1,0
2024-01-26,S002,Pune,P0018,Popcorn,Snacks,43,243,0,0,0,Friday,1,1,0
2024-01-27,S002,Pune,P0018,Popcorn,Snacks,45,243,0,0,0,Saturday,1,1,1
2024-01-28,S002,Pune,P0018,Popcorn,Snacks,55,206.55,15,0,0,Sunday,1,1,1
2024-02-01,S002,Pune,P0018,Popcorn,Snacks,53,243,0,0,0,Thursday,2,1,0
2024-02-02,S002,Pune,P0018,Popcorn,Snacks,46,243,0,0,0,Friday,2,1,0
2024-02-05,S002,Pune,P0018,Popcorn,Snacks,44,243,0,0,0,Monday,2,1,0
2024-02-11,S002,Pune,P0018,Popcorn,Snacks,59,218.7,10,0,0,Sunday,2,1,1
2024-02-17,S002,Pune,P0018,Popcorn,Snacks,45,243,0,0,0,Saturday,2,1,1
2024-01-02,S008,Jaipur,P0010,Rusk,Bakery,24,124,0,0,0,Tuesday,1,1,0
2024-01-09,S008,Jaipur,P0010,Rusk,Bakery,28,124,0,0,0,Tuesday,1,1,0
2024-01-13,S008,Jaipur,P0010,Rusk,Bakery,31,124,0,0,0,Saturday,1,1,1
2024-01-15,S008,Jaipur,P0010,Rusk,Bakery,40,117.8,5,0,0,Monday,1,1,0
2024-01-22,S008,Jaipur,P0010,Rusk,Bakery,37,117.8,5,0,0,Monday,1,1,0
2024-01-23,S008,Jaipur,P0010,Rusk,Bakery,31,124,0,0,0,Tuesday,1,1,0
2024-01-26,S008,Jaipur,P0010,Rusk,Bakery,28,124,0,0,0,Friday,1,1,0
2024-02-06,S008,Jaipur,P0010,Rusk,Bakery,38,124,0,0,0,Tuesday,2,1,0
2024-02-19,S008,Jaipur,P0010,Rusk,Bakery,27,124,0,0,0,Monday,2,1,0
2024-02-22,S008,Jaipur,P0010,Rusk,Bakery,37,124,0,0,0,Thursday,2,1,0
2024-02-23,S008,Jaipur,P0010,Rusk,Bakery,29,124,0,0,0,Friday,2,1,0
2024-01-02,S002,Pune,P0045,Spinach,Vegetables,27,53,0,0,0,Tuesday,1,1,0
2024-01-03,S002,Pune,P0045,Spinach,Vegetables,31,47.7,10,0,0,Wednesday,1,1,0
2024-01-04,S002,Pune,P0045,Spinach,Vegetables,32,53,0,0,0,Thursday,1,1,0
2024-01-11,S002,Pune,P0045,Spinach,Vegetables,31,53,0,0,0,Thursday,1,1,0
2024-01-12,S002,Pune,P0045,Spinach,Vegetables,27,53,0,0,0,Friday,1,1,0
2024-01-13,S002,Pune,P0045,Spinach,Vegetables,48,53,0,0,0,Saturday,1,1,1
2024-01-20,S002,Pune,P0045,Spinach,Vegetables,29,53,0,0,0,Saturday,1,1,1
2024-01-21,S002,Pune,P0045,Spinach,Vegetables,39,53,0,0,0,Sunday,1,1,1
2024-01-24,S002,Pune,P0045,Spinach,Vegetables,29,53,0,0,0,Wednesday,1,1,0
2024-02-07,S002,Pune,P0045,Spinach,Vegetables,29,53,0,0,0,Wednesday,2,1,0
2024-02-19,S002,Pune,P0045,Spinach,Vegetables,33,47.7,10,0,0,Monday,2,1,0
2024-02-22,S002,Pune,P0045,Spinach,Vegetables,28,53,0,0,0,Thursday,2,1,0
2024-01-02,S001,Mumbai,P0013,Juice,Beverages,62,125.4,5,0,0,Tuesday,1,1,0
2024-01-06,S001,Mumbai,P0013,Juice,Beverages,52,132,0,0,0,Saturday,1,1,1
2024-01-14,S001,Mumbai,P0013,Juice,Beverages,69,132,0,0,0,Sunday,1,1,1
2024-01-21,S001,Mumbai,P0013,Juice,Beverages,62,112.2,15,0,0,Sunday,1,1,1
2024-01-23,S001,Mumbai,P0013,Juice,Beverages,51,132,0,0,0,Tuesday,1,1,0
2024-01-30,S001,Mumbai,P0013,Juice,Beverages,53,132,0,0,0,Tuesday,1,1,0
2024-02-06,S001,Mumbai,P0013,Juice,Beverages,40,132,0,0,0,Tuesday,2,1,0
2024-02-22,S001,Mumbai,P0013,Juice,Beverages,53,125.4,5,0,0,Thursday,2,1,0
2024-01-02,S002,Pune,P0022,Wheat Flour,Rice & Grains,54,73,0,0,0,Tuesday,1,1,0
2024-01-04,S002,Pune,P0022,Wheat Flour,Rice & Grains,61,62.05,15,0,0,Thursday,1,1,0
2024-01-05,S002,Pune,P0022,Wheat Flour,Rice & Grains,50,69.35,5,0,0,Friday,1,1,0
2024-01-08,S002,Pune,P0022,Wheat Flour,Rice & Grains,56,69.35,5,0,0,Monday,1,1,0
2024-01-11,S002,Pune,P0022,Wheat Flour,Rice & Grains,50,65.7,10,0,0,Thursday,1,1,0
2024-01-16,S002,Pune,P0022,Wheat Flour,Rice & Grains,57,73,0,0,0,Tuesday,1,1,0
2024-01-20,S002,Pune,P0022,Wheat Flour,Rice & Grains,83,73,0,0,0,Saturday,1,1,1
2024-01-21,S002,Pune,P0022,Wheat Flour,Rice & Grains,95,62.05,15,1,0,Sunday,1,1,1
2024-01-30,S002,Pune,P0022,Wheat Flour,Rice & Grains,55,73,0,0,0,Tuesday,1,1,0
2024-02-16,S002,Pune,P0022,Wheat Flour,Rice & Grains,69,73,0,0,0,Friday,2,1,0
2024-01-02,S008,Jaipur,P0033,Floor Cleaner,Cleaning,34,98,0,0,0,Tuesday,1,1,0
2024-01-03,S008,Jaipur,P0033,Floor Cleaner,Cleaning,35,98,0,0,0,Wednesday,1,1,0
2024-01-12,S008,Jaipur,P0033,Floor Cleaner,Cleaning,29,98,0,0,0,Friday,1,1,0
2024-01-16,S008,Jaipur,P0033,Floor Cleaner,Cleaning,34,98,0,0,0,Tuesday,1,1,0
2024-01-20,S008,Jaipur,P0033,Floor Cleaner,Cleaning,46,98,0,0,0,Saturday,1,1,1
2024-01-22,S008,Jaipur,P0033,Floor Cleaner,Cleaning,41,98,0,0,0,Monday,1,1,0
2024-01-26,S008,Jaipur,P0033,Floor Cleaner,Cleaning,34,98,0,0,0,Friday,1,1,0
2024-01-27,S008,Jaipur,P0033,Floor Cleaner,Cleaning,29,93.1,5,0,0,Saturday,1,1,1
2024-02-01,S008,Jaipur,P0033,Floor Cleaner,Cleaning,36,88.2,10,0,0,Thursday,2,1,0
2024-02-06,S008,Jaipur,P0033,Floor Cleaner,Cleaning,31,98,0,0,0,Tuesday,2,1,0
2024-02-17,S008,Jaipur,P0033,Floor Cleaner,Cleaning,46,98,0,0,0,Saturday,2,1,1
2024-02-21,S008,Jaipur,P0033,Floor Cleaner,Cleaning,46,83.3,15,0,0,Wednesday,2,1,0
2024-02-23,S008,Jaipur,P0033,Floor Cleaner,Cleaning,32,98,0,0,0,Friday,2,1,0
