prediction-service/data/retail_forecasting_dataset_50000.csv
date_purchased,store_id,city,product_id,product_name,category,quantity_sold,unit_price,discount_pct,promotion_flag,holiday_flag,day_of_week,month,quarter,is_weekend
2024-01-02,S009,Chennai,P0030,Lotion,Personal Care,37,49,0,0,0,Tuesday,1,1,0
2024-01-06,S009,Chennai,P0030,Lotion,Personal Care,53,49,0,0,0,Saturday,1,1,1
2024-01-09,S009,Chennai,P0030,Lotion,Personal Care,37,44.1,10,0,0,Tuesday,1,1,0
2024-01-12,S009,Chennai,P0030,Lotion,Personal Care,35,41.65,15,0,0,Friday,1,1,0
2024-01-18,S009,Chennai,P0030,Lotion,Personal Care,41,49,0,0,0,Thursday,1,1,0
2024-01-19,S009,Chennai,P0030,Lotion,Personal Care,39,41.65,15,0,0,Friday,1,1,0
2024-01-20,S009,Chennai,P0030,Lotion,Personal Care,43,39.2,20,0,0,Saturday,1,1,1
2024-01-24,S009,Chennai,P0030,Lotion,Personal Care,41,44.1,10,0,0,Wednesday,1,1,0
2024-02-05,S009,Chennai,P0030,Lotion,Personal Care,36,49,0,0,0,Monday,2,1,0
2024-02-09,S009,Chennai,P0030,Lotion,Personal Care,46,49,0,1,0,Friday,2,1,0
2024-02-12,S009,Chennai,P0030,Lotion,Personal Care,34,46.55,5,0,0,Monday,2,1,0
2024-02-19,S009,Chennai,P0030,Lotion,Personal Care,28,49,0,0,0,Monday,2,1,0
2024-02-20,S009,Chennai,P0030,Lotion,Personal Care,41,49,0,0,0,Tuesday,2,1,0
2024-02-21,S009,Chennai,P0030,Lotion,Personal Care,44,46.55,5,0,0,Wednesday,2,1,0
2024-01-02,S002,Pune,P0025,Dal,Rice & Grains,37,30,0,0,0,Tuesday,1,1,0
2024-01-08,S002,Pune,P0025,Dal,Rice & Grains,19,25.5,15,0,0,Monday,1,1,0
2024-01-12,S002,Pune,P0025,Dal,Rice & Grains,39,25.5,15,0,0,Friday,1,1,0
2024-01-17,S002,Pune,P0025,Dal,Rice & Grains,37,30,0,0,0,Wednesday,1,1,0
2024-01-18,S002,Pune,P0025,Dal,Rice & Grains,34,30,0,0,0,Thursday,1,1,0
2024-01-23,S002,Pune,P0025,Dal,Rice & Grains,37,30,0,0,0,Tuesday,1,1,0
2024-01-26,S002,Pune,P0025,Dal,Rice & Grains,39,28.5,5,0,0,Friday,1,1,0
2024-01-27,S002,Pune,P0025,Dal,Rice & Grains,50,30,0,0,0,Saturday,1,1,1
2024-01-28,S002,Pune,P0025,Dal,Rice & Grains,45,30,0,0,0,Sunday,1,1,1
2024-02-19,S002,Pune,P0025,Dal,Rice & Grains,45,30,0,0,0,Monday,2,1,0
2024-02-21,S002,Pune,P0025,Dal,Rice & Grains,29,30,0,0,0,Wednesday,2,1,0
2024-01-02,S004,Surat,P0014,Soft Drink,Beverages,34,121,0,0,0,Tuesday,1,1,0
2024-01-10,S004,Surat,P0014,Soft Drink,Beverages,40,102.85,15,0,0,Wednesday,1,1,0
2024-01-12,S004,Surat,P0014,Soft Drink,Beverages,46,121,0,1,0,Friday,1,1,0
2024-01-15,S004,Surat,P0014,Soft Drink,Beverages,35,121,0,0,0,Monday,1,1,0
2024-01-21,S004,Surat,P0014,Soft Drink,Beverages,52,108.9,10,0,0,Sunday,1,1,1
2024-01-22,S004,Surat,P0014,Soft Drink,Beverages,38,121,0,0,0,Monday,1,1,0
2024-02-08,S004,Surat,P0014,Soft Drink,Beverages,23,121,0,0,0,Thursday,2,1,0
2024-02-09,S004,Surat,P0014,Soft Drink,Beverages,40,121,0,0,0,Friday,2,1,0
2024-02-13,S004,Surat,P0014,Soft Drink,Beverages,34,121,0,0,0,Tuesday,2,1,0
2024-02-19,S004,Surat,P0014,Soft Drink,Beverages,34,121,0,0,0,Monday,2,1,0
2024-02-20,S004,Surat,P0014,Soft Drink,Beverages,33,114.95,5,0,0,Tuesday,2,1,0
2024-02-23,S004,Surat,P0014,Soft Drink,Beverages,28,121,0,0,0,Friday,2,1,0
2024-01-02,S005,Bengaluru,P0020,Crackers,Snacks,34,88,0,0,0,Tuesday,1,1,0
2024-01-03,S005,Bengaluru,P0020,Crackers,Snacks,42,88,0,1,0,Wednesday,1,1,0
2024-01-07,S005,Bengaluru,P0020,Crackers,Snacks,42,88,0,0,0,Sunday,1,1,1
2024-01-14,S005,Bengaluru,P0020,Crackers,Snacks,49,70.4,20,0,0,Sunday,1,1,1
2024-01-15,S005,Bengaluru,P0020,Crackers,Snacks,45,79.2,10,0,0,Monday,1,1,0
2024-01-19,S005,Bengaluru,P0020,Crackers,Snacks,42,88,0,0,0,Friday,1,1,0
2024-01-25,S005,Bengaluru,P0020,Crackers,Snacks,37,88,0,0,0,Thursday,1,1,0
2024-02-01,S005,Bengaluru,P0020,Crackers,Snacks,39,74.8,15,0,0,Thursday,2,1,0
2024-02-04,S005,Bengaluru,P0020,Crackers,Snacks,55,79.2,10,0,0,Sunday,2,1,1
2024-02-05,S005,Bengaluru,P0020,Crackers,Snacks,47,88,0,1,0,Monday,2,1,0
2024-02-20,S005,Bengaluru,P0020,Crackers,Snacks,29,88,0,0,0,Tuesday,2,1,0
2024-02-21,S005,Bengaluru,P0020,Crackers,Snacks,41,88,0,0,0,Wednesday,2,1,0
2024-01-02,S008,Jaipur,P0016,Chips,Snacks,44,233.1,10,0,0,Tuesday,1,1,0
2024-01-04,S008,Jaipur,P0016,Chips,Snacks,43,259,0,0,0,Thursday,1,1,0
2024-01-11,S008,Jaipur,P0016,Chips,Snacks,40,246.05,5,0,0,Thursday,1,1,0
2024-01-19,S008,Jaipur,P0016,Chips,Snacks,53,259,0,0,0,Friday,1,1,0
2024-01-25,S008,Jaipur,P0016,Chips,Snacks,58,259,0,0,0,Thursday,1,1,0
2024-01-26,S008,Jaipur,P0016,Chips,Snacks,41,246.05,5,0,0,Friday,1,1,0
2024-01-27,S008,Jaipur,P0016,Chips,Snacks,65,220.15,15,0,0,Saturday,1,1,1
2024-01-28,S008,Jaipur,P0016,Chips,Snacks,58,259,0,0,0,Sunday,1,1,1
2024-01-30,S008,Jaipur,P0016,Chips,Snacks,49,259,0,0,0,Tuesday,1,1,0
2024-02-02,S008,Jaipur,P0016,Chips,Snacks,45,220.15,15,0,0,Friday,2,1,0
2024-02-05,S008,Jaipur,P0016,Chips,Snacks,45,259,0,0,0,Monday,2,1,0
2024-02-09,S008,Jaipur,P0016,Chips,Snacks,40,259,0,0,0,Friday,2,1,0
2024-02-12,S008,Jaipur,P0016,Chips,Snacks,54,259,0,0,0,Monday,2,1,0
2024-01-02,S001,Mumbai,P0040,Grapes,Fruits,63,135,0,0,0,Tuesday,1,1,0
2024-01-10,S001,Mumbai,P0040,Grapes,Fruits,59,135,0,0,0,Wednesday,1,1,0
2024-01-12,S001,Mumbai,P0040,Grapes,Fruits,58,135,0,0,0,Friday,1,1,0
2024-01-16,S001,Mumbai,P0040,Grapes,Fruits,53,135,0,0,0,Tuesday,1,1,0
2024-01-20,S001,Mumbai,P0040,Grapes,Fruits,62,135,0,0,0,Saturday,1,1,1
2024-01-27,S001,Mumbai,P0040,Grapes,Fruits,57,135,0,0,0,Saturday,1,1,1
2024-02-03,S001,Mumbai,P0040,Grapes,Fruits,87,135,0,0,0,Saturday,2,1,1
2024-02-05,S001,Mumbai,P0040,Grapes,Fruits,53,135,0,0,0,Monday,2,1,0
2024-02-08,S001,Mumbai,P0040,Grapes,Fruits,47,135,0,0,0,Thursday,2,1,0
2024-02-09,S001,Mumbai,P0040,Grapes,Fruits,48,135,0,0,0,Friday,2,1,0
2024-02-16,S001,Mumbai,P0040,Grapes,Fruits,55,135,0,0,0,Friday,2,1,0
2024-02-22,S001,Mumbai,P0040,Grapes,Fruits,43,108,20,0,0,Thursday,2,1,0
2024-01-02,S005,Bengaluru,P0028,Toothpaste,Personal Care,50,24.8,20,0,0,Tuesday,1,1,0
2024-01-04,S005,Bengaluru,P0028,Toothpaste,Personal Care,38,31,0,0,0,Thursday,1,1,0
2024-01-10,S005,Bengaluru,P0028,Toothpaste,Personal Care,39,31,0,0,0,Wednesday,1,1,0
2024-01-11,S005,Bengaluru,P0028,Toothpaste,Personal Care,43,29.45,5,0,0,Thursday,1,1,0
2024-01-14,S005,Bengaluru,P0028,Toothpaste,Personal Care,49,29.45,5,0,0,Sunday,1,1,1
2024-01-30,S005,Bengaluru,P0028,Toothpaste,Personal Care,33,31,0,0,0,Tuesday,1,1,0
2024-01-31,S005,Bengaluru,P0028,Toothpaste,Personal Care,44,24.8,20,0,0,Wednesday,1,1,0
2024-02-04,S005,Bengaluru,P0028,Toothpaste,Personal Care,47,31,0,0,0,Sunday,2,1,1
2024-02-06,S005,Bengaluru,P0028,Toothpaste,Personal Care,52,31,0,0,0,Tuesday,2,1,0
2024-02-10,S005,Bengaluru,P0028,Toothpaste,Personal Care,63,31,0,1,0,Saturday,2,1,1
2024-02-22,S005,Bengaluru,P0028,Toothpaste,Personal Care,35,31,0,0,0,Thursday,2,1,0
2024-01-02,S002,Pune,P0043,Tomato,Vegetables,40,181,0,0,0,Tuesday,1,1,0
2024-01-03,S002,Pune,P0043,Tomato,Vegetables,38,171.95,5,0,0,Wednesday,1,1,0
2024-01-04,S002,Pune,P0043,Tomato,Vegetables,40,181,0,0,0,Thursday,1,1,0
2024-01-05,S002,Pune,P0043,Tomato,Vegetables,44,181,0,0,0,Friday,1,1,0
2024-01-10,S002,Pune,P0043,Tomato,Vegetables,56,181,0,1,0,Wednesday,1,1,0
2024-01-13,S002,Pune,P0043,Tomato,Vegetables,56,181,0,0,0,Saturday,1,1,1
2024-01-25,S002,Pune,P0043,Tomato,Vegetables,40,181,0,0,0,Thursday,1,1,0
2024-02-07,S002,Pune,P0043,Tomato,Vegetables,44,162.9,10,0,0,Wednesday,2,1,0
2024-02-18,S002,Pune,P0043,Tomato,Vegetables,45,181,0,0,0,Sunday,2,1,1
2024-02-19,S002,Pune,P0043,Tomato,Vegetables,35,181,0,0,0,Monday,2,1,0
2024-02-23,S002,Pune,P0043,Tomato,Vegetables,40,181,0,0,0,Friday,2,1,0
2024-01-02,S006,Hyderabad,P0039,Mango,Fruits,61,196,0,0,0,Tuesday,1,1,0
2024-01-03,S006,Hyderabad,P0039,Mango,Fruits,74,196,0,1,0,Wednesday,1,1,0
2024-01-07,S006,Hyderabad,P0039,Mango,Fruits,75,196,0,0,0,Sunday,1,1,1
2024-01-09,S006,Hyderabad,P0039,Mango,Fruits,53,196,0,0,0,Tuesday,1,1,0
2024-01-20,S006,Hyderabad,P0039,Mango,Fruits,88,196,0,0,0,Saturday,1,1,1
2024-01-22,S006,Hyderabad,P0039,Mango,Fruits,51,196,0,0,0,Monday,1,1,0
2024-01-31,S006,Hyderabad,P0039,Mango,Fruits,54,176.4,10,0,0,Wednesday,1,1,0
2024-02-06,S006,Hyderabad,P0039,Mango,Fruits,63,176.4,10,0,0,Tuesday,2,1,0
2024-02-11,S006,Hyderabad,P0039,Mango,Fruits,83,196,0,0,0,Sunday,2,1,1
2024-02-12,S006,Hyderabad,P0039,Mango,Fruits,76,176.4,10,0,0,Monday,2,1,0
2024-02-15,S006,Hyderabad,P0039,Mango,Fruits,68,196,0,0,0,Thursday,2,1,0
2024-02-18,S006,Hyderabad,P0039,Mango,Fruits,97,176.4,10,0,0,Sunday,2,1,1
2024-02-22,S006,Hyderabad,P0039,Mango,Fruits,50,196,0,0,0,Thursday,2,1,0
2024-02-23,S006,Hyderabad,P0039,Mango,Fruits,67,196,0,0,0,Friday,2,1,0
2024-01-02,S010,Kolkata,P0042,Onion,Vegetables,25,171,5,0,0,Tuesday,1,1,0
2024-01-04,S010,Kolkata,P0042,Onion,Vegetables,44,180,0,1,0,Thursday,1,1,0
2024-01-11,S010,Kolkata,P0042,Onion,Vegetables,29,180,0,0,0,Thursday,1,1,0
2024-01-14,S010,Kolkata,P0042,Onion,Vegetables,34,180,0,0,0,Sunday,1,1,1
2024-01-15,S010,Kolkata,P0042,Onion,Vegetables,34,180,0,0,0,Monday,1,1,0
2024-01-18,S010,Kolkata,P0042,Onion,Vegetables,28,162,10,0,0,Thursday,1,1,0
2024-01-21,S010,Kolkata,P0042,Onion,Vegetables,40,162,10,0,0,Sunday,1,1,1
2024-01-24,S010,Kolkata,P0042,Onion,Vegetables,38,180,0,0,0,Wednesday,1,1,0
2024-02-01,S010,Kolkata,P0042,Onion,Vegetables,26,180,0,0,0,Thursday,2,1,0
2024-02-05,S010,Kolkata,P0042,Onion,Vegetables,29,153,15,0,0,Monday,2,1,0
2024-02-07,S010,Kolkata,P0042,Onion,Vegetables,24,171,5,0,0,Wednesday,2,1,0
2024-02-13,S010,Kolkata,P0042,Onion,Vegetables,31,180,0,0,0,Tuesday,2,1,0
2024-02-14,S010,Kolkata,P0042,Onion,Vegetables,35,180,0,0,0,Wednesday,2,1,0
2024-02-24,S010,Kolkata,P0042,Onion,Vegetables,39,180,0,0,0,Saturday,2,1,1
2024-01-02,S010,Kolkata,P0002,Curd,Dairy,66,314,0,0,0,Tuesday,1,1,0
2024-01-04,S010,Kolkata,P0002,Curd,Dairy,55,298.3,5,0,0,Thursday,1,1,0
2024-01-05,S010,Kolkata,P0002,Curd,Dairy,63,282.6,10,0,0,Friday,1,1,0
2024-01-11,S010,Kolkata,P0002,Curd,Dairy,52,298.3,5,1,0,Thursday,1,1,0
2024-01-16,S010,Kolkata,P0002,Curd,Dairy,59,314,0,0,0,Tuesday,1,1,0
2024-01-19,S010,Kolkata,P0002,Curd,Dairy,56,314,0,0,0,Friday,1,1,0
2024-01-22,S010,Kolkata,P0002,Curd,Dairy,71,282.6,10,1,0,Monday,1,1,0
2024-02-12,S010,Kolkata,P0002,Curd,Dairy,58,314,0,0,0,Monday,2,1,0
2024-02-14,S010,Kolkata,P0002,Curd,Dairy,50,298.3,5,0,0,Wednesday,2,1,0
2024-02-18,S010,Kolkata,P0002,Curd,Dairy,56,298.3,5,0,0,Sunday,2,1,1
2024-02-20,S010,Kolkata,P0002,Curd,Dairy,87,266.9,15,1,0,Tuesday,2,1,0
2024-01-02,S001,Mumbai,P0020,Crackers,Snacks,49,70.4,20,1,0,Tuesday,1,1,0
2024-01-10,S001,Mumbai,P0020,Crackers,Snacks,41,88,0,0,0,Wednesday,1,1,0
2024-01-12,S001,Mumbai,P0020,Crackers,Snacks,33,83.6,5,0,0,Friday,1,1,0
2024-01-13,S001,Mumbai,P0020,Crackers,Snacks,39,88,0,0,0,Saturday,1,1,1
2024-01-14,S001,Mumbai,P0020,Crackers,Snacks,39,88,0,0,0,Sunday,1,1,1
2024-01-18,S001,Mumbai,P0020,Crackers,Snacks,37,88,0,0,0,Thursday,1,1,0
2024-01-19,S001,Mumbai,P0020,Crackers,Snacks,29,88,0,0,0,Friday,1,1,0
2024-01-25,S001,Mumbai,P0020,Crackers,Snacks,37,88,0,0,0,Thursday,1,1,0
2024-02-02,S001,Mumbai,P0020,Crackers,Snacks,39,88,0,0,0,Friday,2,1,0
2024-02-09,S001,Mumbai,P0020,Crackers,Snacks,31,88,0,0,0,Friday,2,1,0
2024-02-20,S001,Mumbai,P0020,Crackers,Snacks,31,88,0,0,0,Tuesday,2,1,0
2024-02-21,S001,Mumbai,P0020,Crackers,Snacks,33,88,0,0,0,Wednesday,2,1,0
2024-01-02,S008,Jaipur,P0009,Cookies,Bakery,20,209,0,0,0,Tuesday,1,1,0
2024-01-04,S008,Jaipur,P0009,Cookies,Bakery,28,209,0,1,0,Thursday,1,1,0
2024-01-05,S008,Jaipur,P0009,Cookies,Bakery,25,209,0,0,0,Friday,1,1,0
2024-01-06,S008,Jaipur,P0009,Cookies,Bakery,37,209,0,0,0,Saturday,1,1,1
2024-01-07,S008,Jaipur,P0009,Cookies,Bakery,33,177.65,15,0,0,Sunday,1,1,1
2024-01-13,S008,Jaipur,P0009,Cookies,Bakery,31,209,0,0,0,Saturday,1,1,1
2024-01-18,S008,Jaipur,P0009,Cookies,Bakery,23,209,0,0,0,Thursday,1,1,0
2024-01-19,S008,Jaipur,P0009,Cookies,Bakery,28,198.55,5,0,0,Friday,1,1,0
2024-01-21,S008,Jaipur,P0009,Cookies,Bakery,33,209,0,0,0,Sunday,1,1,1
2024-01-25,S008,Jaipur,P0009,Cookies,Bakery,22,209,0,0,0,Thursday,1,1,0
2024-01-31,S008,Jaipur,P0009,Cookies,Bakery,34,177.65,15,1,0,Wednesday,1,1,0
2024-02-03,S008,Jaipur,P0009,Cookies,Bakery,33,209,0,0,0,Saturday,2,1,1
2024-02-10,S008,Jaipur,P0009,Cookies,Bakery,34,209,0,0,0,Saturday,2,1,1
2024-02-11,S008,Jaipur,P0009,Cookies,Bakery,20,209,0,0,0,Sunday,2,1,1
2024-02-15,S008,Jaipur,P0009,Cookies,Bakery,24,209,0,0,0,Thursday,2,1,0
2024-02-16,S008,Jaipur,P0009,Cookies,Bakery,31,188.1,10,0,0,Friday,2,1,0
2024-02-18,S008,Jaipur,P0009,Cookies,Bakery,33,188.1,10,0,0,Sunday,2,1,1
2024-02-22,S008,Jaipur,P0009,Cookies,Bakery,27,209,0,0,0,Thursday,2,1,0
2024-01-02,S006,Hyderabad,P0036,Banana,Fruits,24,112,0,0,0,Tuesday,1,1,0
2024-01-03,S006,Hyderabad,P0036,Banana,Fruits,27,112,0,0,0,Wednesday,1,1,0
2024-01-12,S006,Hyderabad,P0036,Banana,Fruits,33,112,0,0,0,Friday,1,1,0
2024-01-13,S006,Hyderabad,P0036,Banana,Fruits,39,95.2,15,0,0,Saturday,1,1,1
2024-01-16,S006,Hyderabad,P0036,Banana,Fruits,30,112,0,0,0,Tuesday,1,1,0
2024-01-21,S006,Hyderabad,P0036,Banana,Fruits,42,112,0,0,0,Sunday,1,1,1
2024-01-22,S006,Hyderabad,P0036,Banana,Fruits,35,95.2,15,0,0,Monday,1,1,0
2024-01-25,S006,Hyderabad,P0036,Banana,Fruits,25,112,0,0,0,Thursday,1,1,0
2024-02-01,S006,Hyderabad,P0036,Banana,Fruits,27,106.4,5,0,0,Thursday,2,1,0
2024-02-03,S006,Hyderabad,P0036,Banana,Fruits,33,112,0,0,0,Saturday,2,1,1
2024-02-06,S006,Hyderabad,P0036,Banana,Fruits,31,112,0,0,0,Tuesday,2,1,0
2024-02-21,S006,Hyderabad,P0036,Banana,Fruits,26,112,0,0,0,Wednesday,2,1,0
2024-02-23,S006,Hyderabad,P0036,Banana,Fruits,23,112,0,0,0,Friday,2,1,0
2024-01-02,S002,Pune,P0004,Cheese,Dairy,69,43.7,5,0,0,Tuesday,1,1,0
2024-01-07,S002,Pune,P0004,Cheese,Dairy,87,46,0,0,0,Sunday,1,1,1
2024-01-14,S002,Pune,P0004,Cheese,Dairy,79,46,0,0,0,Sunday,1,1,1
2024-01-30,S002,Pune,P0004,Cheese,Dairy,74,46,0,0,0,Tuesday,1,1,0
2024-01-31,S002,Pune,P0004,Cheese,Dairy,60,46,0,0,0,Wednesday,1,1,0
2024-02-02,S002,Pune,P0004,Cheese,Dairy,70,39.1,15,0,0,Friday,2,1,0
2024-02-04,S002,Pune,P0004,Cheese,Dairy,98,36.8,20,0,0,Sunday,2,1,1
2024-02-09,S002,Pune,P0004,Cheese,Dairy,58,46,0,0,0,Friday,2,1,0
2024-02-17,S002,Pune,P0004,Cheese,Dairy,99,46,0,1,0,Saturday,2,1,1
2024-02-19,S002,Pune,P0004,Cheese,Dairy,69,43.7,5,0,0,Monday,2,1,0
2024-01-02,S008,Jaipur,P0045,Spinach,Vegetables,24,53,0,0,0,Tuesday,1,1,0
2024-01-17,S008,Jaipur,P0045,Spinach,Vegetables,21,53,0,0,0,Wednesday,1,1,0
2024-01-20,S008,Jaipur,P0045,Spinach,Vegetables,22,50.35,5,0,0,Saturday,1,1,1
2024-02-01,S008,Jaipur,P0045,Spinach,Vegetables,21,45.05,15,0,0,Thursday,2,1,0
2024-02-02,S008,Jaipur,P0045,Spinach,Vegetables,22,53,0,0,0,Friday,2,1,0
2024-02-04,S008,Jaipur,P0045,Spinach,Vegetables,25,47.7,10,0,0,Sunday,2,1,1
2024-02-08,S008,Jaipur,P0045,Spinach,Vegetables,23,53,0,0,0,Thursday,2,1,0
2024-02-18,S008,Jaipur,P0045,Spinach,Vegetables,24,53,0,0,0,Sunday,2,1,1
2024-02-20,S008,Jaipur,P0045,Spinach,Vegetables,21,53,0,0,0,Tuesday,2,1,0
2024-01-02,S004,Surat,P0018,Popcorn,Snacks,42,243,0,0,0,Tuesday,1,1,0
2024-01-11,S004,Surat,P0018,Popcorn,Snacks,43,243,0,0,0,Thursday,1,1,0
2024-01-17,S004,Surat,P0018,Popcorn,Snacks,40,206.55,15,0,0,Wednesday,1,1,0
2024-01-21,S004,Surat,P0018,Popcorn,Snacks,58,218.7,10,0,0,Sunday,1,1,1
2024-01-27,S004,Surat,P0018,Popcorn,Snacks,46,243,0,0,0,Saturday,1,1,1
2024-01-29,S004,Surat,P0018,Popcorn,Snacks,35,218.7,10,0,0,Monday,1,1,0
2024-02-05,S004,Surat,P0018,Popcorn,Snacks,40,243,0,0,0,Monday,2,1,0
2024-02-21,S004,Surat,P0018,Popcorn,Snacks,41,230.85,5,0,0,Wednesday,2,1,0
2024-02-22,S004,Surat,P0018,Popcorn,Snacks,43,243,0,0,0,Thursday,2,1,0
2024-01-02,S008,Jaipur,P0042,Onion,Vegetables,28,171,5,1,0,Tuesday,1,1,0
2024-01-05,S008,Jaipur,P0042,Onion,Vegetables,26,180,0,0,0,Friday,1,1,0
2024-01-07,S008,Jaipur,P0042,Onion,Vegetables,38,180,0,0,0,Sunday,1,1,1
2024-01-12,S008,Jaipur,P0042,Onion,Vegetables,26,162,10,0,0,Friday,1,1,0
2024-01-19,S008,Jaipur,P0042,Onion,Vegetables,25,180,0,0,0,Friday,1,1,0
2024-01-28,S008,Jaipur,P0042,Onion,Vegetables,32,171,5,0,0,Sunday,1,1,1
2024-02-03,S008,Jaipur,P0042,Onion,Vegetables,45,171,5,1,0,Saturday,2,1,1
2024-02-09,S008,Jaipur,P0042,Onion,Vegetables,25,180,0,0,0,Friday,2,1,0
2024-02-15,S008,Jaipur,P0042,Onion,Vegetables,28,180,0,0,0,Thursday,2,1,0
2024-02-19,S008,Jaipur,P0042,Onion,Vegetables,29,180,0,0,0,Monday,2,1,0
2024-01-02,S008,Jaipur,P0005,Paneer,Dairy,24,207.9,10,0,0,Tuesday,1,1,0
2024-01-09,S008,Jaipur,P0005,Paneer,Dairy,23,231,0,0,0,Tuesday,1,1,0
2024-01-10,S008,Jaipur,P0005,Paneer,Dairy,25,231,0,0,0,Wednesday,1,1,0
2024-01-14,S008,Jaipur,P0005,Paneer,Dairy,27,231,0,0,0,Sunday,1,1,1
2024-01-30,S008,Jaipur,P0005,Paneer,Dairy,21,231,0,0,0,Tuesday,1,1,0
2024-02-02,S008,Jaipur,P0005,Paneer,Dairy,19,231,0,0,0,Friday,2,1,0
2024-02-03,S008,Jaipur,P0005,Paneer,Dairy,25,231,0,0,0,Saturday,2,1,1
2024-02-05,S008,Jaipur,P0005,Paneer,Dairy,22,231,0,0,0,Monday,2,1,0
2024-02-07,S008,Jaipur,P0005,Paneer,Dairy,22,231,0,0,0,Wednesday,2,1,0
2024-02-11,S008,Jaipur,P0005,Paneer,Dairy,26,231,0,0,0,Sunday,2,1,1
2024-02-12,S008,Jaipur,P0005,Paneer,Dairy,21,231,0,1,0,Monday,2,1,0
2024-01-02,S007,Delhi,P0005,Paneer,Dairy,38,231,0,0,0,Tuesday,1,1,0
2024-01-23,S007,Delhi,P0005,Paneer,Dairy,37,231,0,0,0,Tuesday,1,1,0
2024-01-25,S007,Delhi,P0005,Paneer,Dairy,38,231,0,0,0,Thursday,1,1,0
2024-01-30,S007,Delhi,P0005,Paneer,Dairy,36,231,0,0,0,Tuesday,1,1,0
2024-02-10,S007,Delhi,P0005,Paneer,Dairy,45,231,0,0,0,Saturday,2,1,1
2024-02-11,S007,Delhi,P0005,Paneer,Dairy,43,219.45,5,0,0,Sunday,2,1,1
2024-02-14,S007,Delhi,P0005,Paneer,Dairy,33,231,0,0,0,Wednesday,2,1,0
2024-02-22,S007,Delhi,P0005,Paneer,Dairy,33,231,0,0,0,Thursday,2,1,0
