prediction-service/data/retail_forecasting_dataset_50000.csv
date_purchased,store_id,city,product_id,product_name,category,quantity_sold,unit_price,discount_pct,promotion_flag,holiday_flag,day_of_week,month,quarter,is_weekend
2024-01-02,S006,Hyderabad,P0034,Toilet Cleaner,Cleaning,64,195,0,0,0,Tuesday,1,1,0
2024-01-03,S006,Hyderabad,P0034,Toilet Cleaner,Cleaning,55,195,0,0,0,Wednesday,1,1,0
2024-01-07,S006,Hyderabad,P0034,Toilet Cleaner,Cleaning,73,195,0,0,0,Sunday,1,1,1
2024-01-08,S006,Hyderabad,P0034,Toilet Cleaner,Cleaning,54,195,0,0,0,Monday,1,1,0
2024-01-10,S006,Hyderabad,P0034,Toilet Cleaner,Cleaning,66,195,0,0,0,Wednesday,1,1,0
2024-01-14,S006,Hyderabad,P0034,Toilet Cleaner,Cleaning,67,195,0,0,0,Sunday,1,1,1
2024-01-17,S006,Hyderabad,P0034,Toilet Cleaner,Cleaning,53,195,0,0,0,Wednesday,1,1,0
2024-01-20,S006,Hyderabad,P0034,Toilet Cleaner,Cleaning,69,195,0,1,0,Saturday,1,1,1
2024-01-25,S006,Hyderabad,P0034,Toilet Cleaner,Cleaning,64,195,0,0,0,Thursday,1,1,0
2024-01-26,S006,Hyderabad,P0034,Toilet Cleaner,Cleaning,51,175.5,10,0,0,Friday,1,1,0
2024-02-11,S006,Hyderabad,P0034,Toilet Cleaner,Cleaning,85,175.5,10,0,0,Sunday,2,1,1
2024-02-16,S006,Hyderabad,P0034,Toilet Cleaner,Cleaning,55,195,0,0,0,Friday,2,1,0
2024-02-23,S006,Hyderabad,P0034,Toilet Cleaner,Cleaning,53,195,0,1,0,Friday,2,1,0
2024-01-02,S001,Mumbai,P0021,Rice,Rice & Grains,35,26.1,10,0,0,Tuesday,1,1,0
2024-01-10,S001,Mumbai,P0021,Rice,Rice & Grains,32,29,0,0,0,Wednesday,1,1,0
2024-01-12,S001,Mumbai,P0021,Rice,Rice & Grains,37,24.65,15,0,0,Friday,1,1,0
2024-01-15,S001,Mumbai,P0021,Rice,Rice & Grains,28,29,0,0,0,Monday,1,1,0
2024-01-17,S001,Mumbai,P0021,Rice,Rice & Grains,32,29,0,0,0,Wednesday,1,1,0
2024-01-19,S001,Mumbai,P0021,Rice,Rice & Grains,41,24.65,15,0,0,Friday,1,1,0
2024-01-20,S001,Mumbai,P0021,Rice,Rice & Grains,40,29,0,0,0,Saturday,1,1,1
2024-01-27,S001,Mumbai,P0021,Rice,Rice & Grains,54,29,0,0,0,Saturday,1,1,1
2024-02-04,S001,Mumbai,P0021,Rice,Rice & Grains,45,27.55,5,0,0,Sunday,2,1,1
2024-02-08,S001,Mumbai,P0021,Rice,Rice & Grains,41,29,0,0,0,Thursday,2,1,0
2024-02-09,S001,Mumbai,P0021,Rice,Rice & Grains,24,29,0,0,0,Friday,2,1,0
2024-02-17,S001,Mumbai,P0021,Rice,Rice & Grains,55,29,0,1,0,Saturday,2,1,1
2024-02-19,S001,Mumbai,P0021,Rice,Rice & Grains,35,27.55,5,0,0,Monday,2,1,0
2024-02-22,S001,Mumbai,P0021,Rice,Rice & Grains,33,27.55,5,0,0,Thursday,2,1,0
2024-01-02,S008,Jaipur,P0019,Biscuits,Snacks,42,123.2,20,0,0,Tuesday,1,1,0
2024-01-03,S008,Jaipur,P0019,Biscuits,Snacks,31,154,0,0,0,Wednesday,1,1,0
2024-01-09,S008,Jaipur,P0019,Biscuits,Snacks,35,154,0,1,0,Tuesday,1,1,0
2024-01-15,S008,Jaipur,P0019,Biscuits,Snacks,35,130.9,15,0,0,Monday,1,1,0
2024-01-19,S008,Jaipur,P0019,Biscuits,Snacks,30,154,0,0,0,Friday,1,1,0
2024-01-23,S008,Jaipur,P0019,Biscuits,Snacks,31,154,0,1,0,Tuesday,1,1,0
2024-01-27,S008,Jaipur,P0019,Biscuits,Snacks,32,154,0,0,0,Saturday,1,1,1
2024-01-28,S008,Jaipur,P0019,Biscuits,Snacks,45,130.9,15,0,0,Sunday,1,1,1
2024-02-01,S008,Jaipur,P0019,Biscuits,Snacks,26,154,0,0,0,Thursday,2,1,0
2024-02-03,S008,Jaipur,P0019,Biscuits,Snacks,35,154,0,0,0,Saturday,2,1,1
2024-02-09,S008,Jaipur,P0019,Biscuits,Snacks,23,154,0,0,0,Friday,2,1,0
2024-02-11,S008,Jaipur,P0019,Biscuits,Snacks,39,138.6,10,0,0,Sunday,2,1,1
2024-02-23,S008,Jaipur,P0019,Biscuits,Snacks,26,154,0,0,0,Friday,2,1,0
2024-01-02,S005,Bengaluru,P0010,Rusk,Bakery,55,124,0,1,0,Tuesday,1,1,0
2024-01-05,S005,Bengaluru,P0010,Rusk,Bakery,56,124,0,1,0,Friday,1,1,0
2024-01-10,S005,Bengaluru,P0010,Rusk,Bakery,47,105.4,15,0,0,Wednesday,1,1,0
2024-01-22,S005,Bengaluru,P0010,Rusk,Bakery,43,124,0,0,0,Monday,1,1,0
2024-01-24,S005,Bengaluru,P0010,Rusk,Bakery,48,124,0,0,0,Wednesday,1,1,0
2024-01-25,S005,Bengaluru,P0010,Rusk,Bakery,52,117.8,5,1,0,Thursday,1,1,0
2024-01-26,S005,Bengaluru,P0010,Rusk,Bakery,49,105.4,15,0,0,Friday,1,1,0
2024-02-04,S005,Bengaluru,P0010,Rusk,Bakery,75,111.6,10,0,0,Sunday,2,1,1
2024-02-10,S005,Bengaluru,P0010,Rusk,Bakery,48,124,0,0,0,Saturday,2,1,1
2024-02-12,S005,Bengaluru,P0010,Rusk,Bakery,41,124,0,0,0,Monday,2,1,0
2024-02-13,S005,Bengaluru,P0010,Rusk,Bakery,37,124,0,0,0,Tuesday,2,1,0
2024-02-16,S005,Bengaluru,P0010,Rusk,Bakery,38,124,0,0,0,Friday,2,1,0
2024-02-21,S005,Bengaluru,P0010,Rusk,Bakery,46,124,0,0,0,Wednesday,2,1,0
2024-01-02,S007,Delhi,P0033,Floor Cleaner,Cleaning,50,98,0,0,0,Tuesday,1,1,0
2024-01-04,S007,Delhi,P0033,Floor Cleaner,Cleaning,52,88.2,10,0,0,Thursday,1,1,0
2024-01-07,S007,Delhi,P0033,Floor Cleaner,Cleaning,59,88.2,10,0,0,Sunday,1,1,1
2024-01-12,S007,Delhi,P0033,Floor Cleaner,Cleaning,39,98,0,0,0,Friday,1,1,0
2024-01-20,S007,Delhi,P0033,Floor Cleaner,Cleaning,63,98,0,0,0,Saturday,1,1,1
2024-01-21,S007,Delhi,P0033,Floor Cleaner,Cleaning,57,98,0,0,0,Sunday,1,1,1
2024-01-24,S007,Delhi,P0033,Floor Cleaner,Cleaning,58,98,0,0,0,Wednesday,1,1,0
2024-01-28,S007,Delhi,P0033,Floor Cleaner,Cleaning,65,98,0,0,0,Sunday,1,1,1
2024-02-16,S007,Delhi,P0033,Floor Cleaner,Cleaning,60,93.1,5,0,0,Friday,2,1,0
2024-01-02,S007,Delhi,P0036,Banana,Fruits,22,100.8,10,0,0,Tuesday,1,1,0
2024-01-04,S007,Delhi,P0036,Banana,Fruits,25,112,0,0,0,Thursday,1,1,0
2024-01-17,S007,Delhi,P0036,Banana,Fruits,31,112,0,0,0,Wednesday,1,1,0
2024-01-19,S007,Delhi,P0036,Banana,Fruits,23,112,0,0,0,Friday,1,1,0
2024-01-24,S007,Delhi,P0036,Banana,Fruits,23,112,0,0,0,Wednesday,1,1,0
2024-01-28,S007,Delhi,P0036,Banana,Fruits,36,112,0,0,0,Sunday,1,1,1
2024-01-29,S007,Delhi,P0036,Banana,Fruits,30,112,0,0,0,Monday,1,1,0
2024-02-03,S007,Delhi,P0036,Banana,Fruits,45,112,0,0,0,Saturday,2,1,1
2024-02-05,S007,Delhi,P0036,Banana,Fruits,22,112,0,0,0,Monday,2,1,0
2024-02-06,S007,Delhi,P0036,Banana,Fruits,29,112,0,0,0,Tuesday,2,1,0
2024-02-14,S007,Delhi,P0036,Banana,Fruits,24,112,0,0,0,Wednesday,2,1,0
2024-02-19,S007,Delhi,P0036,Banana,Fruits,26,95.2,15,0,0,Monday,2,1,0
2024-02-22,S007,Delhi,P0036,Banana,Fruits,26,112,0,0,0,Thursday,2,1,0
2024-02-23,S007,Delhi,P0036,Banana,Fruits,32,112,0,1,0,Friday,2,1,0
2024-01-02,S010,Kolkata,P0008,Cake,Bakery,38,126,0,0,0,Tuesday,1,1,0
2024-01-06,S010,Kolkata,P0008,Cake,Bakery,52,119.7,5,0,0,Saturday,1,1,1
2024-01-09,S010,Kolkata,P0008,Cake,Bakery,42,113.4,10,0,0,Tuesday,1,1,0
2024-01-10,S010,Kolkata,P0008,Cake,Bakery,37,126,0,0,0,Wednesday,1,1,0
2024-01-21,S010,Kolkata,P0008,Cake,Bakery,58,113.4,10,0,0,Sunday,1,1,1
2024-01-24,S010,Kolkata,P0008,Cake,Bakery,39,126,0,0,0,Wednesday,1,1,0
2024-01-28,S010,Kolkata,P0008,Cake,Bakery,44,126,0,0,0,Sunday,1,1,1
2024-01-29,S010,Kolkata,P0008,Cake,Bakery,37,119.7,5,0,0,Monday,1,1,0
2024-01-31,S010,Kolkata,P0008,Cake,Bakery,37,126,0,0,0,Wednesday,1,1,0
2024-02-01,S010,Kolkata,P0008,Cake,Bakery,35,126,0,0,0,Thursday,2,1,0
2024-02-05,S010,Kolkata,P0008,Cake,Bakery,31,126,0,0,0,Monday,2,1,0
2024-02-07,S010,Kolkata,P0008,Cake,Bakery,36,126,0,0,0,Wednesday,2,1,0
2024-02-10,S010,Kolkata,P0008,Cake,Bakery,36,126,0,0,0,Saturday,2,1,1
2024-02-14,S010,Kolkata,P0008,Cake,Bakery,38,126,0,1,0,Wednesday,2,1,0
2024-02-19,S010,Kolkata,P0008,Cake,Bakery,37,126,0,0,0,Monday,2,1,0
2024-02-22,S010,Kolkata,P0008,Cake,Bakery,35,126,0,0,0,Thursday,2,1,0
2024-01-02,S005,Bengaluru,P0031,Detergent,Cleaning,49,276,0,0,0,Tuesday,1,1,0
2024-01-06,S005,Bengaluru,P0031,Detergent,Cleaning,68,276,0,1,0,Saturday,1,1,1
2024-01-07,S005,Bengaluru,P0031,Detergent,Cleaning,64,276,0,1,0,Sunday,1,1,1
2024-01-08,S005,Bengaluru,P0031,Detergent,Cleaning,53,262.2,5,0,0,Monday,1,1,0
2024-01-19,S005,Bengaluru,P0031,Detergent,Cleaning,47,262.2,5,0,0,Friday,1,1,0
2024-01-22,S005,Bengaluru,P0031,Detergent,Cleaning,37,276,0,0,0,Monday,1,1,0
2024-01-27,S005,Bengaluru,P0031,Detergent,Cleaning,60,276,0,0,0,Saturday,1,1,1
2024-01-30,S005,Bengaluru,P0031,Detergent,Cleaning,52,276,0,0,0,Tuesday,1,1,0
2024-02-12,S005,Bengaluru,P0031,Detergent,Cleaning,40,276,0,0,0,Monday,2,1,0
2024-02-13,S005,Bengaluru,P0031,Detergent,Cleaning,54,234.6,15,0,0,Tuesday,2,1,0
2024-02-20,S005,Bengaluru,P0031,Detergent,Cleaning,48,276,0,0,0,Tuesday,2,1,0
2024-02-21,S005,Bengaluru,P0031,Detergent,Cleaning,47,276,0,0,0,Wednesday,2,1,0
2024-01-02,S006,Hyderabad,P0040,Grapes,Fruits,52,135,0,0,0,Tuesday,1,1,0
2024-01-08,S006,Hyderabad,P0040,Grapes,Fruits,54,135,0,0,0,Monday,1,1,0
2024-01-13,S006,Hyderabad,P0040,Grapes,Fruits,66,135,0,0,0,Saturday,1,1,1
2024-01-15,S006,Hyderabad,P0040,Grapes,Fruits,53,135,0,0,0,Monday,1,1,0
2024-01-21,S006,Hyderabad,P0040,Grapes,Fruits,76,128.25,5,0,0,Sunday,1,1,1
2024-01-24,S006,Hyderabad,P0040,Grapes,Fruits,67,135,0,0,0,Wednesday,1,1,0
2024-01-26,S006,Hyderabad,P0040,Grapes,Fruits,48,135,0,0,0,Friday,1,1,0
2024-02-02,S006,Hyderabad,P0040,Grapes,Fruits,57,135,0,0,0,Friday,2,1,0
2024-02-08,S006,Hyderabad,P0040,Grapes,Fruits,62,114.75,15,0,0,Thursday,2,1,0
2024-02-11,S006,Hyderabad,P0040,Grapes,Fruits,72,135,0,0,0,Sunday,2,1,1
2024-02-14,S006,Hyderabad,P0040,Grapes,Fruits,60,121.5,10,0,0,Wednesday,2,1,0
2024-01-02,S006,Hyderabad,P0032,Dishwash,Cleaning,60,71,0,1,0,Tuesday,1,1,0
2024-01-09,S006,Hyderabad,P0032,Dishwash,Cleaning,47,71,0,0,0,Tuesday,1,1,0
2024-01-10,S006,Hyderabad,P0032,Dishwash,Cleaning,58,67.45,5,0,0,Wednesday,1,1,0
2024-01-12,S006,Hyderabad,P0032,Dishwash,Cleaning,45,71,0,0,0,Friday,1,1,0
2024-01-19,S006,Hyderabad,P0032,Dishwash,Cleaning,52,71,0,0,0,Friday,1,1,0
2024-01-22,S006,Hyderabad,P0032,Dishwash,Cleaning,52,67.45,5,0,0,Monday,1,1,0
2024-01-26,S006,Hyderabad,P0032,Dishwash,Cleaning,56,56.8,20,0,0,Friday,1,1,0
2024-01-27,S006,Hyderabad,P0032,Dishwash,Cleaning,57,71,0,0,0,Saturday,1,1,1
2024-01-30,S006,Hyderabad,P0032,Dishwash,Cleaning,40,71,0,0,0,Tuesday,1,1,0
2024-02-01,S006,Hyderabad,P0032,Dishwash,Cleaning,73,71,0,1,0,Thursday,2,1,0
2024-02-08,S006,Hyderabad,P0032,Dishwash,Cleaning,45,71,0,0,0,Thursday,2,1,0
2024-02-22,S006,Hyderabad,P0032,Dishwash,Cleaning,64,63.9,10,1,0,Thursday,2,1,0
2024-01-02,S001,Mumbai,P0039,Mango,Fruits,56,196,0,0,0,Tuesday,1,1,0
2024-01-08,S001,Mumbai,P0039,Mango,Fruits,57,186.2,5,0,0,Monday,1,1,0
2024-01-10,S001,Mumbai,P0039,Mango,Fruits,63,176.4,10,0,0,Wednesday,1,1,0
2024-01-14,S001,Mumbai,P0039,Mango,Fruits,62,196,0,0,0,Sunday,1,1,1
2024-01-16,S001,Mumbai,P0039,Mango,Fruits,55,166.6,15,0,0,Tuesday,1,1,0
2024-01-18,S001,Mumbai,P0039,Mango,Fruits,53,196,0,0,0,Thursday,1,1,0
2024-01-20,S001,Mumbai,P0039,Mango,Fruits,66,196,0,0,0,Saturday,1,1,1
2024-01-29,S001,Mumbai,P0039,Mango,Fruits,51,196,0,0,0,Monday,1,1,0
2024-01-31,S001,Mumbai,P0039,Mango,Fruits,54,196,0,0,0,Wednesday,1,1,0
2024-02-02,S001,Mumbai,P0039,Mango,Fruits,71,196,0,1,0,Friday,2,1,0
2024-02-05,S001,Mumbai,P0039,Mango,Fruits,57,176.4,10,0,0,Monday,2,1,0
2024-02-06,S001,Mumbai,P0039,Mango,Fruits,44,196,0,0,0,Tuesday,2,1,0
2024-02-08,S001,Mumbai,P0039,Mango,Fruits,80,176.4,10,1,0,Thursday,2,1,0
2024-02-14,S001,Mumbai,P0039,Mango,Fruits,59,196,0,0,0,Wednesday,2,1,0
2024-02-17,S001,Mumbai,P0039,Mango,Fruits,73,176.4,10,0,0,Saturday,2,1,1
2024-02-18,S001,Mumbai,P0039,Mango,Fruits,64,156.8,20,0,0,Sunday,2,1,1
2024-02-21,S001,Mumbai,P0039,Mango,Fruits,62,166.6,15,0,0,Wednesday,2,1,0
2024-02-22,S001,Mumbai,P0039,Mango,Fruits,58,196,0,0,0,Thursday,2,1,0
2024-01-02,S008,Jaipur,P0023,Poha,Rice & Grains,17,68,15,0,0,Tuesday,1,1,0
2024-01-25,S008,Jaipur,P0023,Poha,Rice & Grains,21,72,10,1,0,Thursday,1,1,0
2024-01-26,S008,Jaipur,P0023,Poha,Rice & Grains,14,80,0,0,0,Friday,1,1,0
2024-01-27,S008,Jaipur,P0023,Poha,Rice & Grains,28,76,5,0,0,Saturday,1,1,1
2024-02-05,S008,Jaipur,P0023,Poha,Rice & Grains,17,80,0,0,0,Monday,2,1,0
2024-02-11,S008,Jaipur,P0023,Poha,Rice & Grains,26,64,20,0,0,Sunday,2,1,1
2024-02-14,S008,Jaipur,P0023,Poha,Rice & Grains,20,68,15,0,0,Wednesday,2,1,0
2024-02-17,S008,Jaipur,P0023,Poha,Rice & Grains,29,72,10,1,0,Saturday,2,1,1
2024-02-21,S008,Jaipur,P0023,Poha,Rice & Grains,19,80,0,0,0,Wednesday,2,1,0
2024-02-22,S008,Jaipur,P0023,Poha,Rice & Grains,18,72,10,0,0,Thursday,2,1,0
2024-01-02,S007,Delhi,P0042,Onion,Vegetables,39,180,0,0,0,Tuesday,1,1,0
2024-01-08,S007,Delhi,P0042,Onion,Vegetables,40,180,0,0,0,Monday,1,1,0
2024-01-12,S007,Delhi,P0042,Onion,Vegetables,36,162,10,0,0,Friday,1,1,0
2024-01-20,S007,Delhi,P0042,Onion,Vegetables,45,180,0,0,0,Saturday,1,1,1
2024-01-27,S007,Delhi,P0042,Onion,Vegetables,54,180,0,0,0,Saturday,1,1,1
2024-01-28,S007,Delhi,P0042,Onion,Vegetables,60,180,0,1,0,Sunday,1,1,1
2024-01-30,S007,Delhi,P0042,Onion,Vegetables,43,180,0,0,0,Tuesday,1,1,0
2024-02-06,S007,Delhi,P0042,Onion,Vegetables,35,180,0,0,0,Tuesday,2,1,0
2024-01-02,S001,Mumbai,P0026,Soap,Personal Care,30,83,0,0,0,Tuesday,1,1,0
2024-01-03,S001,Mumbai,P0026,Soap,Personal Care,20,78.85,5,0,0,Wednesday,1,1,0
2024-01-04,S001,Mumbai,P0026,Soap,Personal Care,24,83,0,0,0,Thursday,1,1,0
2024-01-07,S001,Mumbai,P0026,Soap,Personal Care,37,83,0,0,0,Sunday,1,1,1
2024-01-14,S001,Mumbai,P0026,Soap,Personal Care,29,83,0,0,0,Sunday,1,1,1
2024-01-18,S001,Mumbai,P0026,Soap,Personal Care,29,66.4,20,0,0,Thursday,1,1,0
2024-01-28,S001,Mumbai,P0026,Soap,Personal Care,37,78.85,5,0,0,Sunday,1,1,1
2024-02-01,S001,Mumbai,P0026,Soap,Personal Care,33,70.55,15,0,0,Thursday,2,1,0
2024-02-04,S001,Mumbai,P0026,Soap,Personal Care,40,78.85,5,0,0,Sunday,2,1,1
2024-02-05,S001,Mumbai,P0026,Soap,Personal Care,23,83,0,0,0,Monday,2,1,0
2024-02-09,S001,Mumbai,P0026,Soap,Personal Care,33,83,0,1,0,Friday,2,1,0
2024-02-13,S001,Mumbai,P0026,Soap,Personal Care,27,78.85,5,0,0,Tuesday,2,1,0
2024-02-17,S001,Mumbai,P0026,Soap,Personal Care,34,78.85,5,0,0,Saturday,2,1,1
2024-02-22,S001,Mumbai,P0026,Soap,Personal Care,28,83,0,0,0,Thursday,2,1,0
2024-02-23,S001,Mumbai,P0026,Soap,Personal Care,26,83,0,0,0,Friday,2,1,0
2024-01-02,S006,Hyderabad,P0041,Potato,Vegetables,32,233,0,0,0,Tuesday,1,1,0
2024-01-06,S006,Hyderabad,P0041,Potato,Vegetables,37,209.7,10,0,0,Saturday,1,1,1
2024-01-10,S006,Hyderabad,P0041,Potato,Vegetables,32,233,0,0,0,Wednesday,1,1,0
2024-01-12,S006,Hyderabad,P0041,Potato,Vegetables,30,233,0,0,0,Friday,1,1,0
2024-01-15,S006,Hyderabad,P0041,Potato,Vegetables,26,233,0,0,0,Monday,1,1,0
2024-01-17,S006,Hyderabad,P0041,Potato,Vegetables,27,233,0,0,0,Wednesday,1,1,0
2024-01-19,S006,Hyderabad,P0041,Potato,Vegetables,33,233,0,0,0,Friday,1,1,0
2024-01-29,S006,Hyderabad,P0041,Potato,Vegetables,36,233,0,0,0,Monday,1,1,0
2024-02-04,S006,Hyderabad,P0041,Potato,Vegetables,30,233,0,0,0,Sunday,2,1,1
2024-02-17,S006,Hyderabad,P0041,Potato,Vegetables,33,233,0,0,0,Saturday,2,1,1
2024-02-18,S006,Hyderabad,P0041,Potato,Vegetables,43,233,0,0,0,Sunday,2,1,1
2024-01-02,S009,Chennai,P0020,Crackers,Snacks,20,88,0,0,0,Tuesday,1,1,0
2024-01-07,S009,Chennai,P0020,Crackers,Snacks,27,88,0,0,0,Sunday,1,1,1
2024-01-11,S009,Chennai,P0020,Crackers,Snacks,26,70.4,20,0,0,Thursday,1,1,0
2024-01-12,S009,Chennai,P0020,Crackers,Snacks,25,88,0,0,0,Friday,1,1,0
2024-01-18,S009,Chennai,P0020,Crackers,Snacks,27,74.8,15,0,0,Thursday,1,1,0
2024-01-21,S009,Chennai,P0020,Crackers,Snacks,34,88,0,0,0,Sunday,1,1,1
2024-01-22,S009,Chennai,P0020,Crackers,Snacks,20,88,0,0,0,Monday,1,1,0
2024-01-24,S009,Chennai,P0020,Crackers,Snacks,23,88,0,0,0,Wednesday,1,1,0
2024-01-25,S009,Chennai,P0020,Crackers,Snacks,24,83.6,5,0,0,Thursday,1,1,0
2024-01-30,S009,Chennai,P0020,Crackers,Snacks,17,88,0,0,0,Tuesday,1,1,0
2024-01-31,S009,Chennai,P0020,Crackers,Snacks,24,88,0,0,0,Wednesday,1,1,0
2024-02-09,S009,Chennai,P0020,Crackers,Snacks,20,88,0,0,0,Friday,2,1,0
2024-02-10,S009,Chennai,P0020,Crackers,Snacks,29,88,0,0,0,Saturday,2,1,1
2024-02-13,S009,Chennai,P0020,Crackers,Snacks,23,79.2,10,0,0,Tuesday,2,1,0
2024-01-02,S006,Hyderabad,P0045,Spinach,Vegetables,21,53,0,0,0,Tuesday,1,1,0
2024-01-03,S006,Hyderabad,P0045,Spinach,Vegetables,26,53,0,0,0,Wednesday,1,1,0
2024-01-05,S006,Hyderabad,P0045,Spinach,Vegetables,32,45.05,15,0,0,Friday,1,1,0
2024-01-08,S006,Hyderabad,P0045,Spinach,Vegetables,24,53,0,0,0,Monday,1,1,0
2024-01-21,S006,Hyderabad,P0045,Spinach,Vegetables,44,53,0,1,0,Sunday,1,1,1
2024-01-30,S006,Hyderabad,P0045,Spinach,Vegetables,32,53,0,0,0,Tuesday,1,1,0
2024-02-09,S006,Hyderabad,P0045,Spinach,Vegetables,31,53,0,0,0,Friday,2,1,0
2024-02-10,S006,Hyderabad,P0045,Spinach,Vegetables,41,42.4,20,0,0,Saturday,2,1,1
2024-02-14,S006,Hyderabad,P0045,Spinach,Vegetables,25,53,0,0,0,Wednesday,2,1,0
2024-02-15,S006,Hyderabad,P0045,Spinach,Vegetables,33,53,0,1,0,Thursday,2,1,0
2024-02-19,S006,Hyderabad,P0045,Spinach,Vegetables,32,45.05,15,0,0,Monday,2,1,0
2024-02-22,S006,Hyderabad,P0045,Spinach,Vegetables,29,53,0,0,0,Thursday,2,1,0
2024-01-03,S009,Chennai,P0007,Bun,Bakery,34,266.9,15,0,0,Wednesday,1,1,0
2024-01-04,S009,Chennai,P0007,Bun,Bakery,35,314,0,0,0,Thursday,1,1,0
2024-01-12,S009,Chennai,P0007,Bun,Bakery,29,314,0,0,0,Friday,1,1,0
2024-01-23,S009,Chennai,P0007,Bun,Bakery,31,314,0,0,0,Tuesday,1,1,0
2024-01-27,S009,Chennai,P0007,Bun,Bakery,45,314,0,0,0,Saturday,1,1,1
2024-02-13,S009,Chennai,P0007,Bun,Bakery,31,314,0,0,0,Tuesday,2,1,0
2024-02-14,S009,Chennai,P0007,Bun,Bakery,33,314,0,0,0,Wednesday,2,1,0
2024-02-15,S009,Chennai,P0007,Bun,Bakery,42,282.6,10,0,0,Thursday,2,1,0
2024-02-20,S009,Chennai,P0007,Bun,Bakery,28,314,0,0,0,Tuesday,2,1,0
2024-02-21,S009,Chennai,P0007,Bun,Bakery,34,314,0,0,0,Wednesday,2,1,0
2024-01-03,S009,Chennai,P0015,Water,Beverages,20,194.75,5,0,0,Wednesday,1,1,0
2024-01-07,S009,Chennai,P0015,Water,Beverages,30,205,0,0,0,Sunday,1,1,1
2024-01-09,S009,Chennai,P0015,Water,Beverages,21,205,0,1,0,Tuesday,1,1,0
2024-01-21,S009,Chennai,P0015,Water,Beverages,26,205,0,0,0,Sunday,1,1,1
2024-01-22,S009,Chennai,P0015,Water,Beverages,18,205,0,0,0,Monday,1,1,0
2024-01-25,S009,Chennai,P0015,Water,Beverages,19,205,0,0,0,Thursday,1,1,0
2024-01-26,S009,Chennai,P0015,Water,Beverages,26,194.75,5,0,0,Friday,1,1,0
2024-01-30,S009,Chennai,P0015,Water,Beverages,23,205,0,0,0,Tuesday,1,1,0
2024-02-02,S009,Chennai,P0015,Water,Beverages,22,205,0,0,0,Friday,2,1,0
2024-02-07,S009,Chennai,P0015,Water,Beverages,22,194.75,5,0,0,Wednesday,2,1,0
2024-02-12,S009,Chennai,P0015,Water,Beverages,22,205,0,0,0,Monday,2,1,0
2024-02-21,S009,Chennai,P0015,Water,Beverages,20,194.75,5,0,0,Wednesday,2,1,0
