prediction-service/data/retail_forecasting_dataset_50000.csv
date_purchased,store_id,city,product_id,product_name,category,quantity_sold,unit_price,discount_pct,promotion_flag,holiday_flag,day_of_week,month,quarter,is_weekend
2024-01-03,S007,Delhi,P0004,Cheese,Dairy,72,46,0,0,0,Wednesday,1,1,0
2024-01-10,S007,Delhi,P0004,Cheese,Dairy,64,46,0,0,0,Wednesday,1,1,0
2024-01-13,S007,Delhi,P0004,Cheese,Dairy,92,39.1,15,0,0,Saturday,1,1,1
2024-01-20,S007,Delhi,P0004,Cheese,Dairy,80,46,0,0,0,Saturday,1,1,1
2024-01-23,S007,Delhi,P0004,Cheese,Dairy,73,46,0,0,0,Tuesday,1,1,0
2024-01-26,S007,Delhi,P0004,Cheese,Dairy,62,46,0,0,0,Friday,1,1,0
2024-01-27,S007,Delhi,P0004,Cheese,Dairy,95,39.1,15,0,0,Saturday,1,1,1
2024-02-01,S007,Delhi,P0004,Cheese,Dairy,93,39.1,15,0,0,Thursday,2,1,0
2024-02-02,S007,Delhi,P0004,Cheese,Dairy,66,41.4,10,0,0,Friday,2,1,0
2024-02-05,S007,Delhi,P0004,Cheese,Dairy,65,46,0,0,0,Monday,2,1,0
2024-02-16,S007,Delhi,P0004,Cheese,Dairy,70,46,0,0,0,Friday,2,1,0
2024-02-18,S007,Delhi,P0004,Cheese,Dairy,81,46,0,0,0,Sunday,2,1,1
2024-02-19,S007,Delhi,P0004,Cheese,Dairy,67,46,0,0,0,Monday,2,1,0
2024-02-20,S007,Delhi,P0004,Cheese,Dairy,91,41.4,10,0,0,Tuesday,2,1,0
2024-01-03,S003,Ahmedabad,P0020,Crackers,Snacks,33,88,0,0,0,Wednesday,1,1,0
2024-01-04,S003,Ahmedabad,P0020,Crackers,Snacks,26,88,0,0,0,Thursday,1,1,0
2024-01-06,S003,Ahmedabad,P0020,Crackers,Snacks,43,88,0,0,0,Saturday,1,1,1
2024-01-15,S003,Ahmedabad,P0020,Crackers,Snacks,36,88,0,0,0,Monday,1,1,0
2024-01-26,S003,Ahmedabad,P0020,Crackers,Snacks,37,88,0,0,0,Friday,1,1,0
2024-01-29,S003,Ahmedabad,P0020,Crackers,Snacks,36,79.2,10,0,0,Monday,1,1,0
2024-02-01,S003,Ahmedabad,P0020,Crackers,Snacks,31,83.6,5,0,0,Thursday,2,1,0
2024-02-12,S003,Ahmedabad,P0020,Crackers,Snacks,36,88,0,0,0,Monday,2,1,0
2024-02-14,S003,Ahmedabad,P0020,Crackers,Snacks,44,88,0,1,0,Wednesday,2,1,0
2024-02-21,S003,Ahmedabad,P0020,Crackers,Snacks,29,88,0,1,0,Wednesday,2,1,0
2024-02-23,S003,Ahmedabad,P0020,Crackers,Snacks,32,83.6,5,0,0,Friday,2,1,0
2024-01-03,S009,Chennai,P0018,Popcorn,Snacks,26,243,0,0,0,Wednesday,1,1,0
2024-01-04,S009,Chennai,P0018,Popcorn,Snacks,22,230.85,5,0,0,Thursday,1,1,0
2024-01-21,S009,Chennai,P0018,Popcorn,Snacks,32,243,0,0,0,Sunday,1,1,1
2024-01-23,S009,Chennai,P0018,Popcorn,Snacks,20,243,0,0,0,Tuesday,1,1,0
2024-02-11,S009,Chennai,P0018,Popcorn,Snacks,39,218.7,10,0,0,Sunday,2,1,1
2024-02-13,S009,Chennai,P0018,Popcorn,Snacks,23,206.55,15,0,0,Tuesday,2,1,0
2024-02-14,S009,Chennai,P0018,Popcorn,Snacks,27,243,0,0,0,Wednesday,2,1,0
2024-02-15,S009,Chennai,P0018,Popcorn,Snacks,30,243,0,0,0,Thursday,2,1,0
2024-02-19,S009,Chennai,P0018,Popcorn,Snacks,23,206.55,15,0,0,Monday,2,1,0
2024-01-03,S003,Ahmedabad,P0038,Orange,Fruits,33,205,0,0,0,Wednesday,1,1,0
2024-01-08,S003,Ahmedabad,P0038,Orange,Fruits,27,164,20,0,0,Monday,1,1,0
2024-01-13,S003,Ahmedabad,P0038,Orange,Fruits,34,194.75,5,0,0,Saturday,1,1,1
2024-01-15,S003,Ahmedabad,P0038,Orange,Fruits,28,205,0,0,0,Monday,1,1,0
2024-01-24,S003,Ahmedabad,P0038,Orange,Fruits,31,194.75,5,0,0,Wednesday,1,1,0
2024-01-25,S003,Ahmedabad,P0038,Orange,Fruits,29,194.75,5,0,0,Thursday,1,1,0
2024-01-27,S003,Ahmedabad,P0038,Orange,Fruits,38,205,0,0,0,Saturday,1,1,1
2024-02-04,S003,Ahmedabad,P0038,Orange,Fruits,41,205,0,0,0,Sunday,2,1,1
2024-02-07,S003,Ahmedabad,P0038,Orange,Fruits,35,164,20,0,0,Wednesday,2,1,0
2024-02-11,S003,Ahmedabad,P0038,Orange,Fruits,33,205,0,0,0,Sunday,2,1,1
2024-02-14,S003,Ahmedabad,P0038,Orange,Fruits,30,174.25,15,0,0,Wednesday,2,1,0
2024-02-16,S003,Ahmedabad,P0038,Orange,Fruits,37,205,0,1,0,Friday,2,1,0
2024-02-18,S003,Ahmedabad,P0038,Orange,Fruits,35,205,0,0,0,Sunday,2,1,1
2024-02-22,S003,Ahmedabad,P0038,Orange,Fruits,28,164,20,0,0,Thursday,2,1,0
2024-01-03,S007,Delhi,P0039,Mango,Fruits,49,166.6,15,0,0,Wednesday,1,1,0
2024-01-13,S007,Delhi,P0039,Mango,Fruits,91,176.4,10,0,0,Saturday,1,1,1
2024-01-15,S007,Delhi,P0039,Mango,Fruits,65,196,0,0,0,Monday,1,1,0
2024-01-16,S007,Delhi,P0039,Mango,Fruits,65,196,0,0,0,Tuesday,1,1,0
2024-01-18,S007,Delhi,P0039,Mango,Fruits,67,196,0,0,0,Thursday,1,1,0
2024-01-21,S007,Delhi,P0039,Mango,Fruits,61,196,0,0,0,Sunday,1,1,1
2024-02-01,S007,Delhi,P0039,Mango,Fruits,63,196,0,0,0,Thursday,2,1,0
2024-02-04,S007,Delhi,P0039,Mango,Fruits,73,176.4,10,0,0,Sunday,2,1,1
2024-02-06,S007,Delhi,P0039,Mango,Fruits,70,196,0,1,0,Tuesday,2,1,0
2024-02-07,S007,Delhi,P0039,Mango,Fruits,65,186.2,5,0,0,Wednesday,2,1,0
2024-02-16,S007,Delhi,P0039,Mango,Fruits,59,186.2,5,0,0,Friday,2,1,0
2024-01-03,S006,Hyderabad,P0025,Dal,Rice & Grains,34,30,0,0,0,Wednesday,1,1,0
2024-01-06,S006,Hyderabad,P0025,Dal,Rice & Grains,34,30,0,0,0,Saturday,1,1,1
2024-01-07,S006,Hyderabad,P0025,Dal,Rice & Grains,54,30,0,0,0,Sunday,1,1,1
2024-01-09,S006,Hyderabad,P0025,Dal,Rice & Grains,33,30,0,0,0,Tuesday,1,1,0
2024-01-10,S006,Hyderabad,P0025,Dal,Rice & Grains,35,30,0,0,0,Wednesday,1,1,0
2024-01-20,S006,Hyderabad,P0025,Dal,Rice & Grains,38,30,0,0,0,Saturday,1,1,1
2024-01-23,S006,Hyderabad,P0025,Dal,Rice & Grains,45,30,0,0,0,Tuesday,1,1,0
2024-01-24,S006,Hyderabad,P0025,Dal,Rice & Grains,31,30,0,0,0,Wednesday,1,1,0
2024-02-01,S006,Hyderabad,P0025,Dal,Rice & Grains,39,30,0,0,0,Thursday,2,1,0
2024-02-06,S006,Hyderabad,P0025,Dal,Rice & Grains,45,28.5,5,0,0,Tuesday,2,1,0
2024-02-07,S006,Hyderabad,P0025,Dal,Rice & Grains,32,30,0,0,0,Wednesday,2,1,0
2024-02-10,S006,Hyderabad,P0025,Dal,Rice & Grains,42,30,0,0,0,Saturday,2,1,1
2024-02-13,S006,Hyderabad,P0025,Dal,Rice & Grains,30,25.5,15,0,0,Tuesday,2,1,0
2024-02-14,S006,Hyderabad,P0025,Dal,Rice & Grains,37,25.5,15,0,0,Wednesday,2,1,0
2024-02-18,S006,Hyderabad,P0025,Dal,Rice & Grains,41,28.5,5,0,0,Sunday,2,1,1
2024-02-23,S006,Hyderabad,P0025,Dal,Rice & Grains,35,30,0,0,0,Friday,2,1,0
2024-01-03,S002,Pune,P0008,Cake,Bakery,39,107.1,15,0,0,Wednesday,1,1,0
2024-01-07,S002,Pune,P0008,Cake,Bakery,63,126,0,0,0,Sunday,1,1,1
2024-01-10,S002,Pune,P0008,Cake,Bakery,48,100.8,20,0,0,Wednesday,1,1,0
2024-01-12,S002,Pune,P0008,Cake,Bakery,47,126,0,0,0,Friday,1,1,0
2024-01-21,S002,Pune,P0008,Cake,Bakery,52,126,0,0,0,Sunday,1,1,1
2024-01-28,S002,Pune,P0008,Cake,Bakery,68,107.1,15,1,0,Sunday,1,1,1
2024-02-03,S002,Pune,P0008,Cake,Bakery,62,126,0,1,0,Saturday,2,1,1
2024-02-04,S002,Pune,P0008,Cake,Bakery,71,126,0,0,0,Sunday,2,1,1
2024-02-14,S002,Pune,P0008,Cake,Bakery,48,126,0,0,0,Wednesday,2,1,0
2024-02-18,S002,Pune,P0008,Cake,Bakery,57,119.7,5,0,0,Sunday,2,1,1
2024-02-19,S002,Pune,P0008,Cake,Bakery,49,126,0,0,0,Monday,2,1,0
2024-02-20,S002,Pune,P0008,Cake,Bakery,56,126,0,0,0,Tuesday,2,1,0
2024-01-03,S005,Bengaluru,P0035,Phenyl,Cleaning,53,66.5,5,0,0,Wednesday,1,1,0
2024-01-04,S005,Bengaluru,P0035,Phenyl,Cleaning,61,66.5,5,0,0,Thursday,1,1,0
2024-01-08,S005,Bengaluru,P0035,Phenyl,Cleaning,53,59.5,15,0,0,Monday,1,1,0
2024-01-10,S005,Bengaluru,P0035,Phenyl,Cleaning,51,70,0,0,0,Wednesday,1,1,0
2024-01-11,S005,Bengaluru,P0035,Phenyl,Cleaning,64,70,0,1,0,Thursday,1,1,0
2024-02-01,S005,Bengaluru,P0035,Phenyl,Cleaning,47,70,0,0,0,Thursday,2,1,0
2024-02-04,S005,Bengaluru,P0035,Phenyl,Cleaning,65,70,0,0,0,Sunday,2,1,1
2024-02-18,S005,Bengaluru,P0035,Phenyl,Cleaning,50,70,0,0,0,Sunday,2,1,1
2024-01-03,S001,Mumbai,P0027,Shampoo,Personal Care,39,219,0,0,0,Wednesday,1,1,0
2024-01-06,S001,Mumbai,P0027,Shampoo,Personal Care,50,219,0,0,0,Saturday,1,1,1
2024-01-14,S001,Mumbai,P0027,Shampoo,Personal Care,77,219,0,0,0,Sunday,1,1,1
2024-01-22,S001,Mumbai,P0027,Shampoo,Personal Care,61,197.1,10,0,0,Monday,1,1,0
2024-01-27,S001,Mumbai,P0027,Shampoo,Personal Care,68,219,0,0,0,Saturday,1,1,1
2024-01-29,S001,Mumbai,P0027,Shampoo,Personal Care,47,219,0,0,0,Monday,1,1,0
2024-02-09,S001,Mumbai,P0027,Shampoo,Personal Care,49,219,0,0,0,Friday,2,1,0
2024-02-10,S001,Mumbai,P0027,Shampoo,Personal Care,59,219,0,0,0,Saturday,2,1,1
2024-01-03,S005,Bengaluru,P0022,Wheat Flour,Rice & Grains,47,73,0,0,0,Wednesday,1,1,0
2024-01-05,S005,Bengaluru,P0022,Wheat Flour,Rice & Grains,64,65.7,10,0,0,Friday,1,1,0
2024-01-07,S005,Bengaluru,P0022,Wheat Flour,Rice & Grains,65,73,0,0,0,Sunday,1,1,1
2024-01-08,S005,Bengaluru,P0022,Wheat Flour,Rice & Grains,51,73,0,0,0,Monday,1,1,0
2024-01-13,S005,Bengaluru,P0022,Wheat Flour,Rice & Grains,73,73,0,0,0,Saturday,1,1,1
2024-02-06,S005,Bengaluru,P0022,Wheat Flour,Rice & Grains,54,73,0,0,0,Tuesday,2,1,0
2024-02-07,S005,Bengaluru,P0022,Wheat Flour,Rice & Grains,47,62.05,15,0,0,Wednesday,2,1,0
2024-02-11,S005,Bengaluru,P0022,Wheat Flour,Rice & Grains,67,73,0,0,0,Sunday,2,1,1
2024-02-13,S005,Bengaluru,P0022,Wheat Flour,Rice & Grains,62,62.05,15,0,0,Tuesday,2,1,0
2024-02-23,S005,Bengaluru,P0022,Wheat Flour,Rice & Grains,61,73,0,0,0,Friday,2,1,0
2024-01-03,S009,Chennai,P0040,Grapes,Fruits,45,135,0,0,0,Wednesday,1,1,0
2024-01-07,S009,Chennai,P0040,Grapes,Fruits,39,135,0,0,0,Sunday,1,1,1
2024-01-10,S009,Chennai,P0040,Grapes,Fruits,34,135,0,0,0,Wednesday,1,1,0
2024-01-14,S009,Chennai,P0040,Grapes,Fruits,45,121.5,10,0,0,Sunday,1,1,1
2024-01-16,S009,Chennai,P0040,Grapes,Fruits,39,135,0,0,0,Tuesday,1,1,0
2024-01-23,S009,Chennai,P0040,Grapes,Fruits,41,135,0,0,0,Tuesday,1,1,0
2024-01-25,S009,Chennai,P0040,Grapes,Fruits,40,135,0,0,0,Thursday,1,1,0
2024-01-29,S009,Chennai,P0040,Grapes,Fruits,26,135,0,0,0,Monday,1,1,0
2024-02-01,S009,Chennai,P0040,Grapes,Fruits,38,135,0,0,0,Thursday,2,1,0
2024-02-04,S009,Chennai,P0040,Grapes,Fruits,50,121.5,10,0,0,Sunday,2,1,1
2024-02-17,S009,Chennai,P0040,Grapes,Fruits,40,121.5,10,0,0,Saturday,2,1,1
2024-02-23,S009,Chennai,P0040,Grapes,Fruits,45,128.25,5,1,0,Friday,2,1,0
2024-01-03,S008,Jaipur,P0040,Grapes,Fruits,41,135,0,0,0,Wednesday,1,1,0
2024-01-04,S008,Jaipur,P0040,Grapes,Fruits,38,135,0,0,0,Thursday,1,1,0
2024-01-07,S008,Jaipur,P0040,Grapes,Fruits,52,135,0,0,0,Sunday,1,1,1
2024-01-08,S008,Jaipur,P0040,Grapes,Fruits,39,121.5,10,0,0,Monday,1,1,0
2024-01-09,S008,Jaipur,P0040,Grapes,Fruits,32,135,0,1,0,Tuesday,1,1,0
2024-02-03,S008,Jaipur,P0040,Grapes,Fruits,52,135,0,0,0,Saturday,2,1,1
2024-02-04,S008,Jaipur,P0040,Grapes,Fruits,53,128.25,5,0,0,Sunday,2,1,1
2024-02-05,S008,Jaipur,P0040,Grapes,Fruits,39,135,0,0,0,Monday,2,1,0
2024-02-07,S008,Jaipur,P0040,Grapes,Fruits,47,128.25,5,1,0,Wednesday,2,1,0
2024-02-18,S008,Jaipur,P0040,Grapes,Fruits,48,121.5,10,0,0,Sunday,2,1,1
2024-02-20,S008,Jaipur,P0040,Grapes,Fruits,33,135,0,0,0,Tuesday,2,1,0
2024-01-03,S008,Jaipur,P0047,Frozen Peas,Frozen,27,209,0,0,0,Wednesday,1,1,0
2024-01-09,S008,Jaipur,P0047,Frozen Peas,Frozen,32,209,0,0,0,Tuesday,1,1,0
2024-01-16,S008,Jaipur,P0047,Frozen Peas,Frozen,26,198.55,5,0,0,Tuesday,1,1,0
2024-01-21,S008,Jaipur,P0047,Frozen Peas,Frozen,29,209,0,0,0,Sunday,1,1,1
2024-01-26,S008,Jaipur,P0047,Frozen Peas,Frozen,28,188.1,10,0,0,Friday,1,1,0
2024-01-29,S008,Jaipur,P0047,Frozen Peas,Frozen,22,209,0,0,0,Monday,1,1,0
2024-01-30,S008,Jaipur,P0047,Frozen Peas,Frozen,31,209,0,0,0,Tuesday,1,1,0
2024-01-31,S008,Jaipur,P0047,Frozen Peas,Frozen,26,209,0,0,0,Wednesday,1,1,0
2024-02-01,S008,Jaipur,P0047,Frozen Peas,Frozen,26,209,0,0,0,Thursday,2,1,0
2024-02-09,S008,Jaipur,P0047,Frozen Peas,Frozen,35,209,0,1,0,Friday,2,1,0
2024-02-15,S008,Jaipur,P0047,Frozen Peas,Frozen,24,209,0,0,0,Thursday,2,1,0
2024-02-21,S008,Jaipur,P0047,Frozen Peas,Frozen,25,209,0,0,0,Wednesday,2,1,0
2024-02-22,S008,Jaipur,P0047,Frozen Peas,Frozen,34,209,0,1,0,Thursday,2,1,0
2024-02-23,S008,Jaipur,P0047,Frozen Peas,Frozen,30,177.65,15,0,0,Friday,2,1,0
2024-01-03,S009,Chennai,P0003,Butter,Dairy,50,36,20,0,0,Wednesday,1,1,0
2024-01-07,S009,Chennai,P0003,Butter,Dairy,57,45,0,0,0,Sunday,1,1,1
2024-01-13,S009,Chennai,P0003,Butter,Dairy,59,45,0,0,0,Saturday,1,1,1
2024-01-14,S009,Chennai,P0003,Butter,Dairy,48,38.25,15,0,0,Sunday,1,1,1
2024-01-24,S009,Chennai,P0003,Butter,Dairy,35,45,0,0,0,Wednesday,1,1,0
2024-01-25,S009,Chennai,P0003,Butter,Dairy,54,40.5,10,0,0,Thursday,1,1,0
2024-02-04,S009,Chennai,P0003,Butter,Dairy,50,40.5,10,0,0,Sunday,2,1,1
2024-02-13,S009,Chennai,P0003,Butter,Dairy,44,45,0,0,0,Tuesday,2,1,0
2024-02-14,S009,Chennai,P0003,Butter,Dairy,39,45,0,0,0,Wednesday,2,1,0
2024-02-22,S009,Chennai,P0003,Butter,Dairy,46,45,0,0,0,Thursday,2,1,0
2024-01-03,S009,Chennai,P0043,Tomato,Vegetables,22,171.95,5,0,0,Wednesday,1,1,0
2024-01-11,S009,Chennai,P0043,Tomato,Vegetables,23,171.95,5,0,0,Thursday,1,1,0
2024-01-12,S009,Chennai,P0043,Tomato,Vegetables,19,181,0,0,0,Friday,1,1,0
2024-01-18,S009,Chennai,P0043,Tomato,Vegetables,22,153.85,15,0,0,Thursday,1,1,0
2024-01-26,S009,Chennai,P0043,Tomato,Vegetables,23,162.9,10,0,0,Friday,1,1,0
2024-01-27,S009,Chennai,P0043,Tomato,Vegetables,33,153.85,15,0,0,Saturday,1,1,1
2024-01-28,S009,Chennai,P0043,Tomato,Vegetables,31,181,0,0,0,Sunday,1,1,1
2024-02-06,S009,Chennai,P0043,Tomato,Vegetables,25,181,0,0,0,Tuesday,2,1,0
2024-02-07,S009,Chennai,P0043,Tomato,Vegetables,31,181,0,1,0,Wednesday,2,1,0
2024-02-14,S009,Chennai,P0043,Tomato,Vegetables,24,162.9,10,0,0,Wednesday,2,1,0
2024-01-03,S009,Chennai,P0044,Carrot,Vegetables,22,114.95,5,0,0,Wednesday,1,1,0
2024-01-08,S009,Chennai,P0044,Carrot,Vegetables,22,121,0,0,0,Monday,1,1,0
2024-01-20,S009,Chennai,P0044,Carrot,Vegetables,33,121,0,0,0,Saturday,1,1,1
2024-01-21,S009,Chennai,P0044,Carrot,Vegetables,23,121,0,0,0,Sunday,1,1,1
2024-01-22,S009,Chennai,P0044,Carrot,Vegetables,24,121,0,0,0,Monday,1,1,0
2024-01-26,S009,Chennai,P0044,Carrot,Vegetables,24,121,0,0,0,Friday,1,1,0
2024-01-27,S009,Chennai,P0044,Carrot,Vegetables,30,121,0,0,0,Saturday,1,1,1
2024-01-31,S009,Chennai,P0044,Carrot,Vegetables,28,121,0,0,0,Wednesday,1,1,0
2024-02-09,S009,Chennai,P0044,Carrot,Vegetables,22,121,0,0,0,Friday,2,1,0
2024-02-15,S009,Chennai,P0044,Carrot,Vegetables,22,102.85,15,0,0,Thursday,2,1,0
2024-02-17,S009,Chennai,P0044,Carrot,Vegetables,36,121,0,1,0,Saturday,2,1,1
2024-02-23,S009,Chennai,P0044,Carrot,Vegetables,26,121,0,0,0,Friday,2,1,0
2024-01-03,S004,Surat,P0024,Oats,Rice & Grains,51,256,0,0,0,Wednesday,1,1,0
2024-01-13,S004,Surat,P0024,Oats,Rice & Grains,75,256,0,0,0,Saturday,1,1,1
2024-01-16,S004,Surat,P0024,Oats,Rice & Grains,56,243.2,5,0,0,Tuesday,1,1,0
2024-01-18,S004,Surat,P0024,Oats,Rice & Grains,59,256,0,0,0,Thursday,1,1,0
2024-01-20,S004,Surat,P0024,Oats,Rice & Grains,76,243.2,5,0,0,Saturday,1,1,1
2024-01-21,S004,Surat,P0024,Oats,Rice & Grains,68,256,0,0,0,Sunday,1,1,1
2024-01-25,S004,Surat,P0024,Oats,Rice & Grains,55,256,0,0,0,Thursday,1,1,0
2024-01-27,S004,Surat,P0024,Oats,Rice & Grains,62,256,0,0,0,Saturday,1,1,1
2024-02-08,S004,Surat,P0024,Oats,Rice & Grains,46,256,0,0,0,Thursday,2,1,0
2024-02-10,S004,Surat,P0024,Oats,Rice & Grains,65,256,0,0,0,Saturday,2,1,1
2024-02-11,S004,Surat,P0024,Oats,Rice & Grains,59,256,0,0,0,Sunday,2,1,1
2024-02-14,S004,Surat,P0024,Oats,Rice & Grains,47,256,0,0,0,Wednesday,2,1,0
2024-02-22,S004,Surat,P0024,Oats,Rice & Grains,64,217.6,15,0,0,Thursday,2,1,0
2024-01-03,S003,Ahmedabad,P0006,Bread,Bakery,26,219.45,5,0,0,Wednesday,1,1,0
2024-01-09,S003,Ahmedabad,P0006,Bread,Bakery,29,231,0,0,0,Tuesday,1,1,0
2024-01-12,S003,Ahmedabad,P0006,Bread,Bakery,26,231,0,0,0,Friday,1,1,0
2024-01-18,S003,Ahmedabad,P0006,Bread,Bakery,26,231,0,0,0,Thursday,1,1,0
2024-01-24,S003,Ahmedabad,P0006,Bread,Bakery,30,231,0,0,0,Wednesday,1,1,0
2024-01-25,S003,Ahmedabad,P0006,Bread,Bakery,21,231,0,0,0,Thursday,1,1,0
2024-01-28,S003,Ahmedabad,P0006,Bread,Bakery,40,219.45,5,0,0,Sunday,1,1,1
2024-02-10,S003,Ahmedabad,P0006,Bread,Bakery,38,207.9,10,0,0,Saturday,2,1,1
2024-02-15,S003,Ahmedabad,P0006,Bread,Bakery,23,231,0,0,0,Thursday,2,1,0
2024-02-16,S003,Ahmedabad,P0006,Bread,Bakery,24,231,0,0,0,Friday,2,1,0
2024-02-19,S003,Ahmedabad,P0006,Bread,Bakery,25,231,0,0,0,Monday,2,1,0
2024-02-22,S003,Ahmedabad,P0006,Bread,Bakery,28,207.9,10,0,0,Thursday,2,1,0
2024-01-03,S008,Jaipur,P0048,Frozen Corn,Frozen,42,281.7,10,0,0,Wednesday,1,1,0
2024-01-09,S008,Jaipur,P0048,Frozen Corn,Frozen,44,313,0,0,0,Tuesday,1,1,0
2024-01-14,S008,Jaipur,P0048,Frozen Corn,Frozen,42,281.7,10,0,0,Sunday,1,1,1
2024-01-15,S008,Jaipur,P0048,Frozen Corn,Frozen,45,297.35,5,0,0,Monday,1,1,0
2024-01-21,S008,Jaipur,P0048,Frozen Corn,Frozen,54,313,0,1,0,Sunday,1,1,1
2024-01-22,S008,Jaipur,P0048,Frozen Corn,Frozen,36,313,0,0,0,Monday,1,1,0
2024-01-28,S008,Jaipur,P0048,Frozen Corn,Frozen,53,281.7,10,1,0,Sunday,1,1,1
2024-02-01,S008,Jaipur,P0048,Frozen Corn,Frozen,36,313,0,0,0,Thursday,2,1,0
2024-02-03,S008,Jaipur,P0048,Frozen Corn,Frozen,34,313,0,0,0,Saturday,2,1,1
2024-02-11,S008,Jaipur,P0048,Frozen Corn,Frozen,45,313,0,0,0,Sunday,2,1,1
2024-02-13,S008,Jaipur,P0048,Frozen Corn,Frozen,37,313,0,0,0,Tuesday,2,1,0
2024-02-16,S008,Jaipur,P0048,Frozen Corn,Frozen,32,313,0,0,0,Friday,2,1,0
2024-02-17,S008,Jaipur,P0048,Frozen Corn,Frozen,45,297.35,5,0,0,Saturday,2,1,1
2024-01-03,S006,Hyderabad,P0026,Soap,Personal Care,31,78.85,5,0,0,Wednesday,1,1,0
2024-01-06,S006,Hyderabad,P0026,Soap,Personal Care,39,78.85,5,0,0,Saturday,1,1,1
2024-01-07,S006,Hyderabad,P0026,Soap,Personal Care,48,83,0,1,0,Sunday,1,1,1
2024-01-12,S006,Hyderabad,P0026,Soap,Personal Care,19,83,0,0,0,Friday,1,1,0
2024-01-21,S006,Hyderabad,P0026,Soap,Personal Care,36,83,0,0,0,Sunday,1,1,1
2024-01-28,S006,Hyderabad,P0026,Soap,Personal Care,39,74.7,10,0,0,Sunday,1,1,1
2024-01-31,S006,Hyderabad,P0026,Soap,Personal Care,33,83,0,0,0,Wednesday,1,1,0
2024-02-03,S006,Hyderabad,P0026,Soap,Personal Care,48,74.7,10,1,0,Saturday,2,1,1
2024-02-10,S006,Hyderabad,P0026,Soap,Personal Care,35,83,0,0,0,Saturday,2,1,1
2024-02-11,S006,Hyderabad,P0026,Soap,Personal Care,34,83,0,0,0,Sunday,2,1,1
2024-02-12,S006,Hyderabad,P0026,Soap,Personal Care,25,74.7,10,0,0,Monday,2,1,0
2024-02-14,S006,Hyderabad,P0026,Soap,Personal Care,29,83,0,0,0,Wednesday,2,1,0
