prediction-service/data/retail_forecasting_dataset_50000.csv
date_purchased,store_id,city,product_id,product_name,category,quantity_sold,unit_price,discount_pct,promotion_flag,holiday_flag,day_of_week,month,quarter,is_weekend
2024-01-03,S001,Mumbai,P0004,Cheese,Dairy,61,46,0,0,0,Wednesday,1,1,0
2024-01-08,S001,Mumbai,P0004,Cheese,Dairy,70,43.7,5,0,0,Monday,1,1,0
2024-01-20,S001,Mumbai,P0004,Cheese,Dairy,77,46,0,0,0,Saturday,1,1,1
2024-01-21,S001,Mumbai,P0004,Cheese,Dairy,75,46,0,0,0,Sunday,1,1,1
2024-01-23,S001,Mumbai,P0004,Cheese,Dairy,60,46,0,0,0,Tuesday,1,1,0
2024-01-25,S001,Mumbai,P0004,Cheese,Dairy,74,46,0,0,0,Thursday,1,1,0
2024-01-28,S001,Mumbai,P0004,Cheese,Dairy,98,41.4,10,0,0,Sunday,1,1,1
2024-02-01,S001,Mumbai,P0004,Cheese,Dairy,60,46,0,0,0,Thursday,2,1,0
2024-02-02,S001,Mumbai,P0004,Cheese,Dairy,65,46,0,0,0,Friday,2,1,0
2024-02-05,S001,Mumbai,P0004,Cheese,Dairy,78,46,0,0,0,Monday,2,1,0
2024-02-06,S001,Mumbai,P0004,Cheese,Dairy,63,46,0,0,0,Tuesday,2,1,0
2024-02-18,S001,Mumbai,P0004,Cheese,Dairy,92,46,0,0,0,Sunday,2,1,1
2024-01-03,S009,Chennai,P0019,Biscuits,Snacks,26,154,0,0,0,Wednesday,1,1,0
2024-01-13,S009,Chennai,P0019,Biscuits,Snacks,36,154,0,0,0,Saturday,1,1,1
2024-01-14,S009,Chennai,P0019,Biscuits,Snacks,40,154,0,0,0,Sunday,1,1,1
2024-01-15,S009,Chennai,P0019,Biscuits,Snacks,32,154,0,1,0,Monday,1,1,0
2024-02-01,S009,Chennai,P0019,Biscuits,Snacks,32,138.6,10,0,0,Thursday,2,1,0
2024-02-02,S009,Chennai,P0019,Biscuits,Snacks,36,154,0,0,0,Friday,2,1,0
2024-02-10,S009,Chennai,P0019,Biscuits,Snacks,31,154,0,0,0,Saturday,2,1,1
2024-02-11,S009,Chennai,P0019,Biscuits,Snacks,39,154,0,1,0,Sunday,2,1,1
2024-02-12,S009,Chennai,P0019,Biscuits,Snacks,39,154,0,0,0,Monday,2,1,0
2024-02-14,S009,Chennai,P0019,Biscuits,Snacks,21,130.9,15,0,0,Wednesday,2,1,0
2024-02-16,S009,Chennai,P0019,Biscuits,Snacks,34,154,0,1,0,Friday,2,1,0
2024-02-23,S009,Chennai,P0019,Biscuits,Snacks,23,154,0,0,0,Friday,2,1,0
2024-01-03,S003,Ahmedabad,P0048,Frozen Corn,Frozen,47,313,0,0,0,Wednesday,1,1,0
2024-01-05,S003,Ahmedabad,P0048,Frozen Corn,Frozen,45,313,0,0,0,Friday,1,1,0
2024-01-06,S003,Ahmedabad,P0048,Frozen Corn,Frozen,55,313,0,0,0,Saturday,1,1,1
2024-01-12,S003,Ahmedabad,P0048,Frozen Corn,Frozen,50,313,0,0,0,Friday,1,1,0
2024-01-18,S003,Ahmedabad,P0048,Frozen Corn,Frozen,52,313,0,0,0,Thursday,1,1,0
2024-01-19,S003,Ahmedabad,P0048,Frozen Corn,Frozen,54,313,0,0,0,Friday,1,1,0
2024-02-01,S003,Ahmedabad,P0048,Frozen Corn,Frozen,39,313,0,0,0,Thursday,2,1,0
2024-02-02,S003,Ahmedabad,P0048,Frozen Corn,Frozen,54,297.35,5,0,0,Friday,2,1,0
2024-02-04,S003,Ahmedabad,P0048,Frozen Corn,Frozen,64,313,0,0,0,Sunday,2,1,1
2024-01-03,S007,Delhi,P0013,Juice,Beverages,57,112.2,15,0,0,Wednesday,1,1,0
2024-01-07,S007,Delhi,P0013,Juice,Beverages,61,125.4,5,0,0,Sunday,1,1,1
2024-01-12,S007,Delhi,P0013,Juice,Beverages,54,118.8,10,0,0,Friday,1,1,0
2024-01-19,S007,Delhi,P0013,Juice,Beverages,54,125.4,5,0,0,Friday,1,1,0
2024-01-29,S007,Delhi,P0013,Juice,Beverages,53,132,0,0,0,Monday,1,1,0
2024-01-30,S007,Delhi,P0013,Juice,Beverages,50,132,0,0,0,Tuesday,1,1,0
2024-01-31,S007,Delhi,P0013,Juice,Beverages,42,132,0,0,0,Wednesday,1,1,0
2024-02-05,S007,Delhi,P0013,Juice,Beverages,51,105.6,20,0,0,Monday,2,1,0
2024-02-06,S007,Delhi,P0013,Juice,Beverages,54,112.2,15,0,0,Tuesday,2,1,0
2024-02-10,S007,Delhi,P0013,Juice,Beverages,76,132,0,0,0,Saturday,2,1,1
2024-02-19,S007,Delhi,P0013,Juice,Beverages,57,118.8,10,0,0,Monday,2,1,0
2024-02-23,S007,Delhi,P0013,Juice,Beverages,53,125.4,5,0,0,Friday,2,1,0
2024-01-03,S001,Mumbai,P0050,Frozen Fries,Frozen,51,219,0,0,0,Wednesday,1,1,0
2024-01-16,S001,Mumbai,P0050,Frozen Fries,Frozen,51,208.05,5,0,0,Tuesday,1,1,0
2024-01-17,S001,Mumbai,P0050,Frozen Fries,Frozen,42,219,0,0,0,Wednesday,1,1,0
2024-01-27,S001,Mumbai,P0050,Frozen Fries,Frozen,59,219,0,0,0,Saturday,1,1,1
2024-02-01,S001,Mumbai,P0050,Frozen Fries,Frozen,58,197.1,10,0,0,Thursday,2,1,0
2024-02-04,S001,Mumbai,P0050,Frozen Fries,Frozen,49,219,0,0,0,Sunday,2,1,1
2024-02-15,S001,Mumbai,P0050,Frozen Fries,Frozen,50,219,0,0,0,Thursday,2,1,0
2024-02-16,S001,Mumbai,P0050,Frozen Fries,Frozen,54,197.1,10,0,0,Friday,2,1,0
2024-02-17,S001,Mumbai,P0050,Frozen Fries,Frozen,68,219,0,0,0,Saturday,2,1,1
2024-02-21,S001,Mumbai,P0050,Frozen Fries,Frozen,52,197.1,10,0,0,Wednesday,2,1,0
2024-01-03,S007,Delhi,P0011,Tea,Beverages,58,208.25,15,1,0,Wednesday,1,1,0
2024-01-04,S007,Delhi,P0011,Tea,Beverages,49,245,0,0,0,Thursday,1,1,0
2024-01-05,S007,Delhi,P0011,Tea,Beverages,37,245,0,0,0,Friday,1,1,0
2024-01-16,S007,Delhi,P0011,Tea,Beverages,42,232.75,5,0,0,Tuesday,1,1,0
2024-01-23,S007,Delhi,P0011,Tea,Beverages,54,245,0,0,0,Tuesday,1,1,0
2024-02-02,S007,Delhi,P0011,Tea,Beverages,60,245,0,1,0,Friday,2,1,0
2024-02-09,S007,Delhi,P0011,Tea,Beverages,35,220.5,10,0,0,Friday,2,1,0
2024-02-15,S007,Delhi,P0011,Tea,Beverages,53,245,0,0,0,Thursday,2,1,0
2024-02-20,S007,Delhi,P0011,Tea,Beverages,50,245,0,0,0,Tuesday,2,1,0
2024-02-22,S007,Delhi,P0011,Tea,Beverages,39,220.5,10,0,0,Thursday,2,1,0
2024-01-03,S010,Kolkata,P0038,Orange,Fruits,30,205,0,0,0,Wednesday,1,1,0
2024-01-05,S010,Kolkata,P0038,Orange,Fruits,18,205,0,0,0,Friday,1,1,0
2024-01-07,S010,Kolkata,P0038,Orange,Fruits,28,205,0,0,0,Sunday,1,1,1
2024-01-14,S010,Kolkata,P0038,Orange,Fruits,31,194.75,5,0,0,Sunday,1,1,1
2024-01-16,S010,Kolkata,P0038,Orange,Fruits,22,205,0,0,0,Tuesday,1,1,0
2024-01-21,S010,Kolkata,P0038,Orange,Fruits,38,174.25,15,0,0,Sunday,1,1,1
2024-01-27,S010,Kolkata,P0038,Orange,Fruits,28,205,0,0,0,Saturday,1,1,1
2024-01-30,S010,Kolkata,P0038,Orange,Fruits,26,205,0,0,0,Tuesday,1,1,0
2024-01-31,S010,Kolkata,P0038,Orange,Fruits,27,194.75,5,0,0,Wednesday,1,1,0
2024-02-06,S010,Kolkata,P0038,Orange,Fruits,28,205,0,0,0,Tuesday,2,1,0
2024-02-10,S010,Kolkata,P0038,Orange,Fruits,28,205,0,0,0,Saturday,2,1,1
2024-02-14,S010,Kolkata,P0038,Orange,Fruits,24,205,0,0,0,Wednesday,2,1,0
2024-01-03,S001,Mumbai,P0008,Cake,Bakery,44,113.4,10,0,0,Wednesday,1,1,0
2024-01-06,S001,Mumbai,P0008,Cake,Bakery,52,126,0,0,0,Saturday,1,1,1
2024-01-07,S001,Mumbai,P0008,Cake,Bakery,54,126,0,0,0,Sunday,1,1,1
2024-01-22,S001,Mumbai,P0008,Cake,Bakery,46,126,0,0,0,Monday,1,1,0
2024-01-26,S001,Mumbai,P0008,Cake,Bakery,35,126,0,0,0,Friday,1,1,0
2024-01-27,S001,Mumbai,P0008,Cake,Bakery,49,100.8,20,0,0,Saturday,1,1,1
2024-02-13,S001,Mumbai,P0008,Cake,Bakery,52,113.4,10,0,0,Tuesday,2,1,0
2024-02-15,S001,Mumbai,P0008,Cake,Bakery,47,126,0,0,0,Thursday,2,1,0
2024-01-03,S010,Kolkata,P0030,Lotion,Personal Care,50,44.1,10,0,0,Wednesday,1,1,0
2024-01-04,S010,Kolkata,P0030,Lotion,Personal Care,46,49,0,0,0,Thursday,1,1,0
2024-01-16,S010,Kolkata,P0030,Lotion,Personal Care,56,44.1,10,0,0,Tuesday,1,1,0
2024-01-20,S010,Kolkata,P0030,Lotion,Personal Care,64,49,0,0,0,Saturday,1,1,1
2024-01-26,S010,Kolkata,P0030,Lotion,Personal Care,57,49,0,0,0,Friday,1,1,0
2024-01-29,S010,Kolkata,P0030,Lotion,Personal Care,57,41.65,15,0,0,Monday,1,1,0
2024-02-09,S010,Kolkata,P0030,Lotion,Personal Care,46,49,0,0,0,Friday,2,1,0
2024-02-11,S010,Kolkata,P0030,Lotion,Personal Care,88,46.55,5,1,0,Sunday,2,1,1
2024-02-12,S010,Kolkata,P0030,Lotion,Personal Care,44,49,0,0,0,Monday,2,1,0
2024-02-15,S010,Kolkata,P0030,Lotion,Personal Care,46,49,0,0,0,Thursday,2,1,0
2024-02-17,S010,Kolkata,P0030,Lotion,Personal Care,74,44.1,10,0,0,Saturday,2,1,1
2024-02-19,S010,Kolkata,P0030,Lotion,Personal Care,56,49,0,0,0,Monday,2,1,0
2024-02-20,S010,Kolkata,P0030,Lotion,Personal Care,48,49,0,0,0,Tuesday,2,1,0
2024-02-21,S010,Kolkata,P0030,Lotion,Personal Care,42,49,0,0,0,Wednesday,2,1,0
2024-01-03,S004,Surat,P0020,Crackers,Snacks,33,88,0,0,0,Wednesday,1,1,0
2024-01-20,S004,Surat,P0020,Crackers,Snacks,35,79.2,10,0,0,Saturday,1,1,1
2024-01-23,S004,Surat,P0020,Crackers,Snacks,34,74.8,15,0,0,Tuesday,1,1,0
2024-01-24,S004,Surat,P0020,Crackers,Snacks,29,88,0,0,0,Wednesday,1,1,0
2024-01-28,S004,Surat,P0020,Crackers,Snacks,43,88,0,0,0,Sunday,1,1,1
2024-01-29,S004,Surat,P0020,Crackers,Snacks,36,83.6,5,0,0,Monday,1,1,0
2024-01-30,S004,Surat,P0020,Crackers,Snacks,38,70.4,20,0,0,Tuesday,1,1,0
2024-02-14,S004,Surat,P0020,Crackers,Snacks,41,88,0,0,0,Wednesday,2,1,0
2024-01-03,S009,Chennai,P0031,Detergent,Cleaning,28,276,0,0,0,Wednesday,1,1,0
2024-01-11,S009,Chennai,P0031,Detergent,Cleaning,32,276,0,0,0,Thursday,1,1,0
2024-01-16,S009,Chennai,P0031,Detergent,Cleaning,27,276,0,0,0,Tuesday,1,1,0
2024-02-10,S009,Chennai,P0031,Detergent,Cleaning,31,276,0,0,0,Saturday,2,1,1
2024-02-13,S009,Chennai,P0031,Detergent,Cleaning,39,234.6,15,0,0,Tuesday,2,1,0
2024-02-14,S009,Chennai,P0031,Detergent,Cleaning,24,276,0,0,0,Wednesday,2,1,0
2024-02-16,S009,Chennai,P0031,Detergent,Cleaning,33,276,0,0,0,Friday,2,1,0
2024-02-22,S009,Chennai,P0031,Detergent,Cleaning,36,276,0,1,0,Thursday,2,1,0
2024-01-03,S010,Kolkata,P0031,Detergent,Cleaning,31,248.4,10,1,0,Wednesday,1,1,0
2024-01-04,S010,Kolkata,P0031,Detergent,Cleaning,32,276,0,0,0,Thursday,1,1,0
2024-01-06,S010,Kolkata,P0031,Detergent,Cleaning,40,276,0,0,0,Saturday,1,1,1
2024-01-08,S010,Kolkata,P0031,Detergent,Cleaning,47,276,0,1,0,Monday,1,1,0
2024-01-18,S010,Kolkata,P0031,Detergent,Cleaning,39,276,0,0,0,Thursday,1,1,0
2024-01-22,S010,Kolkata,P0031,Detergent,Cleaning,36,276,0,0,0,Monday,1,1,0
2024-01-23,S010,Kolkata,P0031,Detergent,Cleaning,41,276,0,0,0,Tuesday,1,1,0
2024-02-07,S010,Kolkata,P0031,Detergent,Cleaning,32,276,0,0,0,Wednesday,2,1,0
2024-02-09,S010,Kolkata,P0031,Detergent,Cleaning,41,276,0,0,0,Friday,2,1,0
2024-02-12,S010,Kolkata,P0031,Detergent,Cleaning,34,276,0,0,0,Monday,2,1,0
2024-02-16,S010,Kolkata,P0031,Detergent,Cleaning,44,276,0,1,0,Friday,2,1,0
2024-02-19,S010,Kolkata,P0031,Detergent,Cleaning,44,276,0,0,0,Monday,2,1,0
2024-02-20,S010,Kolkata,P0031,Detergent,Cleaning,36,276,0,0,0,Tuesday,2,1,0
2024-01-03,S007,Delhi,P0050,Frozen Fries,Frozen,61,219,0,1,0,Wednesday,1,1,0
2024-01-06,S007,Delhi,P0050,Frozen Fries,Frozen,66,197.1,10,0,0,Saturday,1,1,1
2024-01-19,S007,Delhi,P0050,Frozen Fries,Frozen,46,219,0,0,0,Friday,1,1,0
2024-01-25,S007,Delhi,P0050,Frozen Fries,Frozen,53,219,0,0,0,Thursday,1,1,0
2024-01-28,S007,Delhi,P0050,Frozen Fries,Frozen,66,219,0,0,0,Sunday,1,1,1
2024-01-29,S007,Delhi,P0050,Frozen Fries,Frozen,56,219,0,0,0,Monday,1,1,0
2024-02-05,S007,Delhi,P0050,Frozen Fries,Frozen,50,219,0,0,0,Monday,2,1,0
2024-02-09,S007,Delhi,P0050,Frozen Fries,Frozen,59,208.05,5,0,0,Friday,2,1,0
2024-02-13,S007,Delhi,P0050,Frozen Fries,Frozen,53,219,0,0,0,Tuesday,2,1,0
2024-02-16,S007,Delhi,P0050,Frozen Fries,Frozen,55,219,0,0,0,Friday,2,1,0
2024-02-18,S007,Delhi,P0050,Frozen Fries,Frozen,62,219,0,0,0,Sunday,2,1,1
2024-02-22,S007,Delhi,P0050,Frozen Fries,Frozen,53,219,0,0,0,Thursday,2,1,0
2024-01-03,S003,Ahmedabad,P0049,Frozen Pizza,Frozen,44,223,0,0,0,Wednesday,1,1,0
2024-01-05,S003,Ahmedabad,P0049,Frozen Pizza,Frozen,52,200.7,10,0,0,Friday,1,1,0
2024-01-06,S003,Ahmedabad,P0049,Frozen Pizza,Frozen,70,223,0,0,0,Saturday,1,1,1
2024-01-07,S003,Ahmedabad,P0049,Frozen Pizza,Frozen,68,223,0,0,0,Sunday,1,1,1
2024-01-08,S003,Ahmedabad,P0049,Frozen Pizza,Frozen,49,223,0,0,0,Monday,1,1,0
2024-01-14,S003,Ahmedabad,P0049,Frozen Pizza,Frozen,61,223,0,0,0,Sunday,1,1,1
2024-01-19,S003,Ahmedabad,P0049,Frozen Pizza,Frozen,56,223,0,1,0,Friday,1,1,0
2024-01-26,S003,Ahmedabad,P0049,Frozen Pizza,Frozen,63,223,0,0,0,Friday,1,1,0
2024-02-06,S003,Ahmedabad,P0049,Frozen Pizza,Frozen,38,223,0,0,0,Tuesday,2,1,0
2024-02-10,S003,Ahmedabad,P0049,Frozen Pizza,Frozen,55,200.7,10,0,0,Saturday,2,1,1
2024-02-12,S003,Ahmedabad,P0049,Frozen Pizza,Frozen,57,189.55,15,0,0,Monday,2,1,0
2024-02-14,S003,Ahmedabad,P0049,Frozen Pizza,Frozen,52,223,0,0,0,Wednesday,2,1,0
2024-02-15,S003,Ahmedabad,P0049,Frozen Pizza,Frozen,68,200.7,10,0,0,Thursday,2,1,0
2024-02-17,S003,Ahmedabad,P0049,Frozen Pizza,Frozen,65,223,0,0,0,Saturday,2,1,1
2024-02-18,S003,Ahmedabad,P0049,Frozen Pizza,Frozen,57,200.7,10,0,0,Sunday,2,1,1
2024-02-20,S003,Ahmedabad,P0049,Frozen Pizza,Frozen,58,223,0,0,0,Tuesday,2,1,0
2024-01-03,S005,Bengaluru,P0043,Tomato,Vegetables,41,181,0,0,0,Wednesday,1,1,0
2024-01-07,S005,Bengaluru,P0043,Tomato,Vegetables,57,181,0,0,0,Sunday,1,1,1
2024-01-12,S005,Bengaluru,P0043,Tomato,Vegetables,39,181,0,0,0,Friday,1,1,0
2024-01-17,S005,Bengaluru,P0043,Tomato,Vegetables,39,181,0,0,0,Wednesday,1,1,0
2024-01-23,S005,Bengaluru,P0043,Tomato,Vegetables,53,144.8,20,0,0,Tuesday,1,1,0
2024-01-24,S005,Bengaluru,P0043,Tomato,Vegetables,39,181,0,0,0,Wednesday,1,1,0
2024-02-02,S005,Bengaluru,P0043,Tomato,Vegetables,40,181,0,0,0,Friday,2,1,0
2024-02-03,S005,Bengaluru,P0043,Tomato,Vegetables,59,181,0,0,0,Saturday,2,1,1
2024-02-05,S005,Bengaluru,P0043,Tomato,Vegetables,49,162.9,10,0,0,Monday,2,1,0
2024-02-07,S005,Bengaluru,P0043,Tomato,Vegetables,35,181,0,0,0,Wednesday,2,1,0
2024-02-08,S005,Bengaluru,P0043,Tomato,Vegetables,38,181,0,0,0,Thursday,2,1,0
2024-02-11,S005,Bengaluru,P0043,Tomato,Vegetables,50,162.9,10,0,0,Sunday,2,1,1
2024-02-12,S005,Bengaluru,P0043,Tomato,Vegetables,47,181,0,0,0,Monday,2,1,0
2024-02-15,S005,Bengaluru,P0043,Tomato,Vegetables,31,181,0,0,0,Thursday,2,1,0
2024-02-19,S005,Bengaluru,P0043,Tomato,Vegetables,41,162.9,10,0,0,Monday,2,1,0
2024-02-22,S005,Bengaluru,P0043,Tomato,Vegetables,28,181,0,0,0,Thursday,2,1,0
2024-01-03,S007,Delhi,P0037,Apple,Fruits,80,137,0,0,0,Wednesday,1,1,0
2024-01-08,S007,Delhi,P0037,Apple,Fruits,65,109.6,20,0,0,Monday,1,1,0
2024-01-13,S007,Delhi,P0037,Apple,Fruits,75,137,0,0,0,Saturday,1,1,1
2024-01-18,S007,Delhi,P0037,Apple,Fruits,70,137,0,0,0,Thursday,1,1,0
2024-01-24,S007,Delhi,P0037,Apple,Fruits,97,123.3,10,1,0,Wednesday,1,1,0
2024-02-02,S007,Delhi,P0037,Apple,Fruits,61,137,0,0,0,Friday,2,1,0
2024-02-05,S007,Delhi,P0037,Apple,Fruits,55,137,0,0,0,Monday,2,1,0
2024-02-06,S007,Delhi,P0037,Apple,Fruits,64,137,0,0,0,Tuesday,2,1,0
2024-02-07,S007,Delhi,P0037,Apple,Fruits,66,137,0,0,0,Wednesday,2,1,0
2024-02-08,S007,Delhi,P0037,Apple,Fruits,44,137,0,0,0,Thursday,2,1,0
2024-02-12,S007,Delhi,P0037,Apple,Fruits,57,137,0,0,0,Monday,2,1,0
2024-01-03,S001,Mumbai,P0022,Wheat Flour,Rice & Grains,59,58.4,20,0,0,Wednesday,1,1,0
2024-01-05,S001,Mumbai,P0022,Wheat Flour,Rice & Grains,47,73,0,0,0,Friday,1,1,0
2024-01-09,S001,Mumbai,P0022,Wheat Flour,Rice & Grains,67,69.35,5,1,0,Tuesday,1,1,0
2024-01-15,S001,Mumbai,P0022,Wheat Flour,Rice & Grains,39,73,0,0,0,Monday,1,1,0
2024-01-16,S001,Mumbai,P0022,Wheat Flour,Rice & Grains,51,73,0,0,0,Tuesday,1,1,0
2024-01-22,S001,Mumbai,P0022,Wheat Flour,Rice & Grains,54,69.35,5,0,0,Monday,1,1,0
2024-01-26,S001,Mumbai,P0022,Wheat Flour,Rice & Grains,70,58.4,20,0,0,Friday,1,1,0
2024-01-28,S001,Mumbai,P0022,Wheat Flour,Rice & Grains,67,73,0,0,0,Sunday,1,1,1
2024-02-04,S001,Mumbai,P0022,Wheat Flour,Rice & Grains,67,69.35,5,0,0,Sunday,2,1,1
2024-02-14,S001,Mumbai,P0022,Wheat Flour,Rice & Grains,48,73,0,0,0,Wednesday,2,1,0
2024-02-17,S001,Mumbai,P0022,Wheat Flour,Rice & Grains,62,73,0,0,0,Saturday,2,1,1
2024-02-19,S001,Mumbai,P0022,Wheat Flour,Rice & Grains,52,73,0,0,0,Monday,2,1,0
2024-02-20,S001,Mumbai,P0022,Wheat Flour,Rice & Grains,54,62.05,15,0,0,Tuesday,2,1,0
2024-01-03,S009,Chennai,P0013,Juice,Beverages,50,132,0,1,0,Wednesday,1,1,0
2024-01-15,S009,Chennai,P0013,Juice,Beverages,35,118.8,10,0,0,Monday,1,1,0
2024-01-17,S009,Chennai,P0013,Juice,Beverages,38,112.2,15,0,0,Wednesday,1,1,0
2024-01-29,S009,Chennai,P0013,Juice,Beverages,32,132,0,0,0,Monday,1,1,0
2024-01-31,S009,Chennai,P0013,Juice,Beverages,29,132,0,0,0,Wednesday,1,1,0
2024-02-01,S009,Chennai,P0013,Juice,Beverages,34,112.2,15,0,0,Thursday,2,1,0
2024-02-02,S009,Chennai,P0013,Juice,Beverages,33,132,0,0,0,Friday,2,1,0
2024-02-14,S009,Chennai,P0013,Juice,Beverages,30,132,0,0,0,Wednesday,2,1,0
2024-02-17,S009,Chennai,P0013,Juice,Beverages,45,132,0,0,0,Saturday,2,1,1
2024-02-21,S009,Chennai,P0013,Juice,Beverages,33,125.4,5,0,0,Wednesday,2,1,0
2024-01-03,S005,Bengaluru,P0018,Popcorn,Snacks,43,243,0,0,0,Wednesday,1,1,0
2024-01-04,S005,Bengaluru,P0018,Popcorn,Snacks,44,243,0,0,0,Thursday,1,1,0
2024-01-17,S005,Bengaluru,P0018,Popcorn,Snacks,46,243,0,0,0,Wednesday,1,1,0
2024-01-21,S005,Bengaluru,P0018,Popcorn,Snacks,48,243,0,0,0,Sunday,1,1,1
2024-01-26,S005,Bengaluru,P0018,Popcorn,Snacks,43,243,0,0,0,Friday,1,1,0
2024-01-27,S005,Bengaluru,P0018,Popcorn,Snacks,68,230.85,5,1,0,Saturday,1,1,1
2024-01-30,S005,Bengaluru,P0018,Popcorn,Snacks,50,243,0,0,0,Tuesday,1,1,0
2024-02-03,S005,Bengaluru,P0018,Popcorn,Snacks,43,243,0,0,0,Saturday,2,1,1
2024-02-09,S005,Bengaluru,P0018,Popcorn,Snacks,50,243,0,0,0,Friday,2,1,0
2024-02-12,S005,Bengaluru,P0018,Popcorn,Snacks,43,243,0,0,0,Monday,2,1,0
2024-02-17,S005,Bengaluru,P0018,Popcorn,Snacks,62,194.4,20,0,0,Saturday,2,1,1
2024-02-22,S005,Bengaluru,P0018,Popcorn,Snacks,26,230.85,5,0,0,Thursday,2,1,0
2024-01-03,S001,Mumbai,P0010,Rusk,Bakery,38,111.6,10,0,0,Wednesday,1,1,0
2024-01-04,S001,Mumbai,P0010,Rusk,Bakery,43,99.2,20,0,0,Thursday,1,1,0
2024-01-13,S001,Mumbai,P0010,Rusk,Bakery,51,124,0,0,0,Saturday,1,1,1
2024-01-15,S001,Mumbai,P0010,Rusk,Bakery,46,111.6,10,0,0,Monday,1,1,0
2024-01-20,S001,Mumbai,P0010,Rusk,Bakery,40,124,0,0,0,Saturday,1,1,1
2024-01-24,S001,Mumbai,P0010,Rusk,Bakery,48,111.6,10,0,0,Wednesday,1,1,0
2024-01-31,S001,Mumbai,P0010,Rusk,Bakery,39,124,0,0,0,Wednesday,1,1,0
2024-02-08,S001,Mumbai,P0010,Rusk,Bakery,40,124,0,0,0,Thursday,2,1,0
2024-02-09,S001,Mumbai,P0010,Rusk,Bakery,30,124,0,0,0,Friday,2,1,0
2024-02-10,S001,Mumbai,P0010,Rusk,Bakery,52,124,0,0,0,Saturday,2,1,1
2024-02-19,S001,Mumbai,P0010,Rusk,Bakery,40,111.6,10,0,0,Monday,2,1,0
2024-02-22,S001,Mumbai,P0010,Rusk,Bakery,46,124,0,0,0,Thursday,2,1,0
2024-02-24,S001,Mumbai,P0010,Rusk,Bakery,56,124,0,0,0,Saturday,2,1,1
