prediction-service/data/retail_forecasting_dataset_50000.csv
date_purchased,store_id,city,product_id,product_name,category,quantity_sold,unit_price,discount_pct,promotion_flag,holiday_flag,day_of_week,month,quarter,is_weekend
2024-01-03,S010,Kolkata,P0021,Rice,Rice & Grains,34,29,0,0,0,Wednesday,1,1,0
2024-01-04,S010,Kolkata,P0021,Rice,Rice & Grains,33,29,0,0,0,Thursday,1,1,0
2024-01-07,S010,Kolkata,P0021,Rice,Rice & Grains,41,26.1,10,0,0,Sunday,1,1,1
2024-01-09,S010,Kolkata,P0021,Rice,Rice & Grains,34,27.55,5,0,0,Tuesday,1,1,0
2024-01-15,S010,Kolkata,P0021,Rice,Rice & Grains,25,29,0,0,0,Monday,1,1,0
2024-01-18,S010,Kolkata,P0021,Rice,Rice & Grains,33,29,0,0,0,Thursday,1,1,0
2024-01-19,S010,Kolkata,P0021,Rice,Rice & Grains,32,29,0,0,0,Friday,1,1,0
2024-01-23,S010,Kolkata,P0021,Rice,Rice & Grains,27,29,0,0,0,Tuesday,1,1,0
2024-01-31,S010,Kolkata,P0021,Rice,Rice & Grains,30,29,0,0,0,Wednesday,1,1,0
2024-02-04,S010,Kolkata,P0021,Rice,Rice & Grains,41,27.55,5,0,0,Sunday,2,1,1
2024-02-05,S010,Kolkata,P0021,Rice,Rice & Grains,28,29,0,0,0,Monday,2,1,0
2024-02-07,S010,Kolkata,P0021,Rice,Rice & Grains,33,29,0,0,0,Wednesday,2,1,0
2024-02-12,S010,Kolkata,P0021,Rice,Rice & Grains,30,24.65,15,0,0,Monday,2,1,0
2024-02-14,S010,Kolkata,P0021,Rice,Rice & Grains,33,29,0,0,0,Wednesday,2,1,0
2024-02-15,S010,Kolkata,P0021,Rice,Rice & Grains,34,29,0,0,0,Thursday,2,1,0
2024-02-19,S010,Kolkata,P0021,Rice,Rice & Grains,29,24.65,15,0,0,Monday,2,1,0
2024-01-03,S005,Bengaluru,P0023,Poha,Rice & Grains,27,72,10,0,0,Wednesday,1,1,0
2024-01-07,S005,Bengaluru,P0023,Poha,Rice & Grains,31,80,0,0,0,Sunday,1,1,1
2024-01-16,S005,Bengaluru,P0023,Poha,Rice & Grains,25,80,0,0,0,Tuesday,1,1,0
2024-01-30,S005,Bengaluru,P0023,Poha,Rice & Grains,25,80,0,0,0,Tuesday,1,1,0
2024-01-31,S005,Bengaluru,P0023,Poha,Rice & Grains,30,68,15,0,0,Wednesday,1,1,0
2024-02-05,S005,Bengaluru,P0023,Poha,Rice & Grains,23,68,15,0,0,Monday,2,1,0
2024-02-06,S005,Bengaluru,P0023,Poha,Rice & Grains,33,80,0,1,0,Tuesday,2,1,0
2024-02-08,S005,Bengaluru,P0023,Poha,Rice & Grains,26,80,0,0,0,Thursday,2,1,0
2024-02-10,S005,Bengaluru,P0023,Poha,Rice & Grains,46,76,5,1,0,Saturday,2,1,1
2024-02-11,S005,Bengaluru,P0023,Poha,Rice & Grains,31,80,0,0,0,Sunday,2,1,1
2024-02-19,S005,Bengaluru,P0023,Poha,Rice & Grains,27,80,0,0,0,Monday,2,1,0
2024-02-22,S005,Bengaluru,P0023,Poha,Rice & Grains,20,80,0,0,0,Thursday,2,1,0
2024-01-03,S010,Kolkata,P0016,Chips,Snacks,48,259,0,0,0,Wednesday,1,1,0
2024-01-08,S010,Kolkata,P0016,Chips,Snacks,50,233.1,10,0,0,Monday,1,1,0
2024-01-09,S010,Kolkata,P0016,Chips,Snacks,46,259,0,0,0,Tuesday,1,1,0
2024-01-13,S010,Kolkata,P0016,Chips,Snacks,93,220.15,15,0,0,Saturday,1,1,1
2024-01-19,S010,Kolkata,P0016,Chips,Snacks,51,259,0,0,0,Friday,1,1,0
2024-01-20,S010,Kolkata,P0016,Chips,Snacks,69,259,0,0,0,Saturday,1,1,1
2024-01-22,S010,Kolkata,P0016,Chips,Snacks,58,259,0,0,0,Monday,1,1,0
2024-01-25,S010,Kolkata,P0016,Chips,Snacks,47,246.05,5,0,0,Thursday,1,1,0
2024-01-29,S010,Kolkata,P0016,Chips,Snacks,47,259,0,0,0,Monday,1,1,0
2024-01-31,S010,Kolkata,P0016,Chips,Snacks,56,259,0,0,0,Wednesday,1,1,0
2024-02-05,S010,Kolkata,P0016,Chips,Snacks,40,259,0,0,0,Monday,2,1,0
2024-02-09,S010,Kolkata,P0016,Chips,Snacks,53,259,0,0,0,Friday,2,1,0
2024-02-10,S010,Kolkata,P0016,Chips,Snacks,70,233.1,10,0,0,Saturday,2,1,1
2024-02-18,S010,Kolkata,P0016,Chips,Snacks,66,259,0,0,0,Sunday,2,1,1
2024-01-03,S008,Jaipur,P0017,Namkeen,Snacks,34,173.85,5,0,0,Wednesday,1,1,0
2024-01-05,S008,Jaipur,P0017,Namkeen,Snacks,26,183,0,0,0,Friday,1,1,0
2024-01-06,S008,Jaipur,P0017,Namkeen,Snacks,42,173.85,5,0,0,Saturday,1,1,1
2024-01-13,S008,Jaipur,P0017,Namkeen,Snacks,47,183,0,1,0,Saturday,1,1,1
2024-01-19,S008,Jaipur,P0017,Namkeen,Snacks,36,183,0,1,0,Friday,1,1,0
2024-01-21,S008,Jaipur,P0017,Namkeen,Snacks,33,183,0,0,0,Sunday,1,1,1
2024-01-26,S008,Jaipur,P0017,Namkeen,Snacks,26,183,0,0,0,Friday,1,1,0
2024-01-29,S008,Jaipur,P0017,Namkeen,Snacks,28,183,0,0,0,Monday,1,1,0
2024-02-10,S008,Jaipur,P0017,Namkeen,Snacks,36,183,0,0,0,Saturday,2,1,1
2024-02-12,S008,Jaipur,P0017,Namkeen,Snacks,25,183,0,0,0,Monday,2,1,0
2024-02-16,S008,Jaipur,P0017,Namkeen,Snacks,27,173.85,5,0,0,Friday,2,1,0
2024-02-17,S008,Jaipur,P0017,Namkeen,Snacks,25,183,0,0,0,Saturday,2,1,1
2024-01-03,S010,Kolkata,P0027,Shampoo,Personal Care,46,219,0,0,0,Wednesday,1,1,0
2024-01-04,S010,Kolkata,P0027,Shampoo,Personal Care,41,219,0,0,0,Thursday,1,1,0
2024-01-10,S010,Kolkata,P0027,Shampoo,Personal Care,47,219,0,0,0,Wednesday,1,1,0
2024-01-16,S010,Kolkata,P0027,Shampoo,Personal Care,37,219,0,0,0,Tuesday,1,1,0
2024-01-17,S010,Kolkata,P0027,Shampoo,Personal Care,51,186.15,15,0,0,Wednesday,1,1,0
2024-01-25,S010,Kolkata,P0027,Shampoo,Personal Care,34,219,0,0,0,Thursday,1,1,0
2024-01-31,S010,Kolkata,P0027,Shampoo,Personal Care,38,219,0,0,0,Wednesday,1,1,0
2024-02-06,S010,Kolkata,P0027,Shampoo,Personal Care,41,219,0,0,0,Tuesday,2,1,0
2024-02-08,S010,Kolkata,P0027,Shampoo,Personal Care,39,219,0,0,0,Thursday,2,1,0
2024-02-09,S010,Kolkata,P0027,Shampoo,Personal Care,39,208.05,5,0,0,Friday,2,1,0
2024-02-16,S010,Kolkata,P0027,Shampoo,Personal Care,39,186.15,15,0,0,Friday,2,1,0
2024-01-03,S008,Jaipur,P0015,Water,Beverages,17,194.75,5,0,0,Wednesday,1,1,0
2024-01-05,S008,Jaipur,P0015,Water,Beverages,27,205,0,0,0,Friday,1,1,0
2024-01-07,S008,Jaipur,P0015,Water,Beverages,30,205,0,0,0,Sunday,1,1,1
2024-01-20,S008,Jaipur,P0015,Water,Beverages,26,205,0,0,0,Saturday,1,1,1
2024-01-23,S008,Jaipur,P0015,Water,Beverages,23,184.5,10,1,0,Tuesday,1,1,0
2024-01-25,S008,Jaipur,P0015,Water,Beverages,23,205,0,0,0,Thursday,1,1,0
2024-02-13,S008,Jaipur,P0015,Water,Beverages,23,205,0,0,0,Tuesday,2,1,0
2024-02-15,S008,Jaipur,P0015,Water,Beverages,17,205,0,0,0,Thursday,2,1,0
2024-02-16,S008,Jaipur,P0015,Water,Beverages,22,205,0,0,0,Friday,2,1,0
2024-02-19,S008,Jaipur,P0015,Water,Beverages,24,205,0,0,0,Monday,2,1,0
2024-02-20,S008,Jaipur,P0015,Water,Beverages,15,205,0,0,0,Tuesday,2,1,0
2024-01-03,S006,Hyderabad,P0002,Curd,Dairy,42,314,0,0,0,Wednesday,1,1,0
2024-01-04,S006,Hyderabad,P0002,Curd,Dairy,69,314,0,0,0,Thursday,1,1,0
2024-01-06,S006,Hyderabad,P0002,Curd,Dairy,79,314,0,0,0,Saturday,1,1,1
2024-01-16,S006,Hyderabad,P0002,Curd,Dairy,73,314,0,0,0,Tuesday,1,1,0
2024-01-17,S006,Hyderabad,P0002,Curd,Dairy,67,314,0,0,0,Wednesday,1,1,0
2024-01-22,S006,Hyderabad,P0002,Curd,Dairy,66,298.3,5,0,0,Monday,1,1,0
2024-01-27,S006,Hyderabad,P0002,Curd,Dairy,103,251.2,20,1,0,Saturday,1,1,1
2024-01-31,S006,Hyderabad,P0002,Curd,Dairy,71,314,0,0,0,Wednesday,1,1,0
2024-02-01,S006,Hyderabad,P0002,Curd,Dairy,75,266.9,15,0,0,Thursday,2,1,0
2024-02-07,S006,Hyderabad,P0002,Curd,Dairy,80,298.3,5,0,0,Wednesday,2,1,0
2024-02-08,S006,Hyderabad,P0002,Curd,Dairy,72,298.3,5,0,0,Thursday,2,1,0
2024-02-11,S006,Hyderabad,P0002,Curd,Dairy,83,282.6,10,0,0,Sunday,2,1,1
2024-01-03,S007,Delhi,P0007,Bun,Bakery,63,282.6,10,0,0,Wednesday,1,1,0
2024-01-08,S007,Delhi,P0007,Bun,Bakery,56,314,0,0,0,Monday,1,1,0
2024-01-13,S007,Delhi,P0007,Bun,Bakery,80,266.9,15,0,0,Saturday,1,1,1
2024-01-20,S007,Delhi,P0007,Bun,Bakery,73,298.3,5,0,0,Saturday,1,1,1
2024-01-24,S007,Delhi,P0007,Bun,Bakery,56,314,0,0,0,Wednesday,1,1,0
2024-01-26,S007,Delhi,P0007,Bun,Bakery,49,314,0,0,0,Friday,1,1,0
2024-01-28,S007,Delhi,P0007,Bun,Bakery,57,314,0,0,0,Sunday,1,1,1
2024-02-01,S007,Delhi,P0007,Bun,Bakery,60,314,0,0,0,Thursday,2,1,0
2024-02-13,S007,Delhi,P0007,Bun,Bakery,56,282.6,10,0,0,Tuesday,2,1,0
2024-02-15,S007,Delhi,P0007,Bun,Bakery,53,282.6,10,0,0,Thursday,2,1,0
2024-01-03,S002,Pune,P0016,Chips,Snacks,61,259,0,0,0,Wednesday,1,1,0
2024-01-05,S002,Pune,P0016,Chips,Snacks,88,259,0,1,0,Friday,1,1,0
2024-01-06,S002,Pune,P0016,Chips,Snacks,80,259,0,0,0,Saturday,1,1,1
2024-01-11,S002,Pune,P0016,Chips,Snacks,52,259,0,0,0,Thursday,1,1,0
2024-01-12,S002,Pune,P0016,Chips,Snacks,72,246.05,5,0,0,Friday,1,1,0
2024-01-13,S002,Pune,P0016,Chips,Snacks,67,259,0,0,0,Saturday,1,1,1
2024-01-18,S002,Pune,P0016,Chips,Snacks,63,259,0,0,0,Thursday,1,1,0
2024-01-23,S002,Pune,P0016,Chips,Snacks,63,259,0,0,0,Tuesday,1,1,0
2024-01-30,S002,Pune,P0016,Chips,Snacks,68,259,0,0,0,Tuesday,1,1,0
2024-02-02,S002,Pune,P0016,Chips,Snacks,66,259,0,0,0,Friday,2,1,0
2024-02-06,S002,Pune,P0016,Chips,Snacks,65,259,0,0,0,Tuesday,2,1,0
2024-02-12,S002,Pune,P0016,Chips,Snacks,48,259,0,0,0,Monday,2,1,0
2024-02-17,S002,Pune,P0016,Chips,Snacks,78,259,0,0,0,Saturday,2,1,1
2024-01-03,S007,Delhi,P0047,Frozen Peas,Frozen,37,209,0,0,0,Wednesday,1,1,0
2024-01-11,S007,Delhi,P0047,Frozen Peas,Frozen,36,188.1,10,0,0,Thursday,1,1,0
2024-01-13,S007,Delhi,P0047,Frozen Peas,Frozen,49,188.1,10,1,0,Saturday,1,1,1
2024-01-18,S007,Delhi,P0047,Frozen Peas,Frozen,42,177.65,15,0,0,Thursday,1,1,0
2024-01-20,S007,Delhi,P0047,Frozen Peas,Frozen,43,167.2,20,0,0,Saturday,1,1,1
2024-01-27,S007,Delhi,P0047,Frozen Peas,Frozen,50,209,0,1,0,Saturday,1,1,1
2024-02-05,S007,Delhi,P0047,Frozen Peas,Frozen,33,209,0,0,0,Monday,2,1,0
2024-02-07,S007,Delhi,P0047,Frozen Peas,Frozen,34,209,0,0,0,Wednesday,2,1,0
2024-02-10,S007,Delhi,P0047,Frozen Peas,Frozen,45,198.55,5,0,0,Saturday,2,1,1
2024-02-15,S007,Delhi,P0047,Frozen Peas,Frozen,38,209,0,0,0,Thursday,2,1,0
2024-02-23,S007,Delhi,P0047,Frozen Peas,Frozen,36,188.1,10,0,0,Friday,2,1,0
2024-01-03,S006,Hyderabad,P0035,Phenyl,Cleaning,52,70,0,0,0,Wednesday,1,1,0
2024-01-14,S006,Hyderabad,P0035,Phenyl,Cleaning,58,66.5,5,0,0,Sunday,1,1,1
2024-01-15,S006,Hyderabad,P0035,Phenyl,Cleaning,48,70,0,0,0,Monday,1,1,0
2024-01-17,S006,Hyderabad,P0035,Phenyl,Cleaning,55,56,20,0,0,Wednesday,1,1,0
2024-01-26,S006,Hyderabad,P0035,Phenyl,Cleaning,62,70,0,1,0,Friday,1,1,0
2024-01-28,S006,Hyderabad,P0035,Phenyl,Cleaning,58,70,0,0,0,Sunday,1,1,1
2024-02-02,S006,Hyderabad,P0035,Phenyl,Cleaning,68,63,10,1,0,Friday,2,1,0
2024-02-10,S006,Hyderabad,P0035,Phenyl,Cleaning,48,70,0,0,0,Saturday,2,1,1
2024-02-17,S006,Hyderabad,P0035,Phenyl,Cleaning,64,70,0,0,0,Saturday,2,1,1
2024-02-22,S006,Hyderabad,P0035,Phenyl,Cleaning,49,59.5,15,0,0,Thursday,2,1,0
2024-02-23,S006,Hyderabad,P0035,Phenyl,Cleaning,51,70,0,1,0,Friday,2,1,0
2024-01-03,S005,Bengaluru,P0024,Oats,Rice & Grains,60,256,0,0,0,Wednesday,1,1,0
2024-01-04,S005,Bengaluru,P0024,Oats,Rice & Grains,69,256,0,0,0,Thursday,1,1,0
2024-01-11,S005,Bengaluru,P0024,Oats,Rice & Grains,52,256,0,0,0,Thursday,1,1,0
2024-01-13,S005,Bengaluru,P0024,Oats,Rice & Grains,84,204.8,20,0,0,Saturday,1,1,1
2024-01-20,S005,Bengaluru,P0024,Oats,Rice & Grains,72,217.6,15,0,0,Saturday,1,1,1
2024-01-22,S005,Bengaluru,P0024,Oats,Rice & Grains,65,243.2,5,0,0,Monday,1,1,0
2024-01-27,S005,Bengaluru,P0024,Oats,Rice & Grains,73,256,0,0,0,Saturday,1,1,1
2024-02-09,S005,Bengaluru,P0024,Oats,Rice & Grains,63,256,0,0,0,Friday,2,1,0
2024-02-10,S005,Bengaluru,P0024,Oats,Rice & Grains,69,256,0,0,0,Saturday,2,1,1
2024-02-16,S005,Bengaluru,P0024,Oats,Rice & Grains,49,256,0,0,0,Friday,2,1,0
2024-02-18,S005,Bengaluru,P0024,Oats,Rice & Grains,76,256,0,0,0,Sunday,2,1,1
2024-02-19,S005,Bengaluru,P0024,Oats,Rice & Grains,57,256,0,0,0,Monday,2,1,0
2024-01-03,S006,Hyderabad,P0005,Paneer,Dairy,36,231,0,0,0,Wednesday,1,1,0
2024-01-05,S006,Hyderabad,P0005,Paneer,Dairy,44,184.8,20,1,0,Friday,1,1,0
2024-01-06,S006,Hyderabad,P0005,Paneer,Dairy,35,231,0,0,0,Saturday,1,1,1
2024-01-12,S006,Hyderabad,P0005,Paneer,Dairy,31,231,0,0,0,Friday,1,1,0
2024-01-13,S006,Hyderabad,P0005,Paneer,Dairy,38,207.9,10,0,0,Saturday,1,1,1
2024-01-14,S006,Hyderabad,P0005,Paneer,Dairy,49,231,0,1,0,Sunday,1,1,1
2024-01-15,S006,Hyderabad,P0005,Paneer,Dairy,39,231,0,0,0,Monday,1,1,0
2024-01-17,S006,Hyderabad,P0005,Paneer,Dairy,33,207.9,10,0,0,Wednesday,1,1,0
2024-01-31,S006,Hyderabad,P0005,Paneer,Dairy,36,219.45,5,0,0,Wednesday,1,1,0
2024-02-06,S006,Hyderabad,P0005,Paneer,Dairy,27,231,0,0,0,Tuesday,2,1,0
2024-02-11,S006,Hyderabad,P0005,Paneer,Dairy,40,231,0,0,0,Sunday,2,1,1
2024-01-03,S005,Bengaluru,P0046,Ice Cream,Frozen,66,91.8,15,0,0,Wednesday,1,1,0
2024-01-04,S005,Bengaluru,P0046,Ice Cream,Frozen,69,97.2,10,0,0,Thursday,1,1,0
2024-01-09,S005,Bengaluru,P0046,Ice Cream,Frozen,57,108,0,0,0,Tuesday,1,1,0
2024-01-13,S005,Bengaluru,P0046,Ice Cream,Frozen,98,108,0,0,0,Saturday,1,1,1
2024-01-19,S005,Bengaluru,P0046,Ice Cream,Frozen,63,108,0,0,0,Friday,1,1,0
2024-01-21,S005,Bengaluru,P0046,Ice Cream,Frozen,87,108,0,0,0,Sunday,1,1,1
2024-01-24,S005,Bengaluru,P0046,Ice Cream,Frozen,48,91.8,15,0,0,Wednesday,1,1,0
2024-02-09,S005,Bengaluru,P0046,Ice Cream,Frozen,71,108,0,0,0,Friday,2,1,0
2024-02-12,S005,Bengaluru,P0046,Ice Cream,Frozen,54,108,0,0,0,Monday,2,1,0
2024-02-22,S005,Bengaluru,P0046,Ice Cream,Frozen,73,108,0,0,0,Thursday,2,1,0
2024-01-04,S007,Delhi,P0049,Frozen Pizza,Frozen,40,223,0,0,0,Thursday,1,1,0
2024-01-05,S007,Delhi,P0049,Frozen Pizza,Frozen,64,223,0,0,0,Friday,1,1,0
2024-01-08,S007,Delhi,P0049,Frozen Pizza,Frozen,68,223,0,0,0,Monday,1,1,0
2024-01-10,S007,Delhi,P0049,Frozen Pizza,Frozen,71,223,0,1,0,Wednesday,1,1,0
2024-01-12,S007,Delhi,P0049,Frozen Pizza,Frozen,40,223,0,1,0,Friday,1,1,0
2024-01-13,S007,Delhi,P0049,Frozen Pizza,Frozen,55,223,0,0,0,Saturday,1,1,1
2024-01-15,S007,Delhi,P0049,Frozen Pizza,Frozen,51,189.55,15,0,0,Monday,1,1,0
2024-01-19,S007,Delhi,P0049,Frozen Pizza,Frozen,52,223,0,0,0,Friday,1,1,0
2024-01-24,S007,Delhi,P0049,Frozen Pizza,Frozen,57,189.55,15,0,0,Wednesday,1,1,0
2024-01-28,S007,Delhi,P0049,Frozen Pizza,Frozen,56,223,0,0,0,Sunday,1,1,1
2024-01-29,S007,Delhi,P0049,Frozen Pizza,Frozen,57,189.55,15,0,0,Monday,1,1,0
2024-02-03,S007,Delhi,P0049,Frozen Pizza,Frozen,68,223,0,0,0,Saturday,2,1,1
2024-02-11,S007,Delhi,P0049,Frozen Pizza,Frozen,68,223,0,0,0,Sunday,2,1,1
2024-02-12,S007,Delhi,P0049,Frozen Pizza,Frozen,37,223,0,0,0,Monday,2,1,0
2024-02-18,S007,Delhi,P0049,Frozen Pizza,Frozen,92,223,0,1,0,Sunday,2,1,1
2024-02-19,S007,Delhi,P0049,Frozen Pizza,Frozen,64,223,0,0,0,Monday,2,1,0
2024-02-22,S007,Delhi,P0049,Frozen Pizza,Frozen,56,223,0,0,0,Thursday,2,1,0
2024-01-04,S007,Delhi,P0018,Popcorn,Snacks,46,243,0,0,0,Thursday,1,1,0
2024-01-05,S007,Delhi,P0018,Popcorn,Snacks,51,243,0,1,0,Friday,1,1,0
2024-01-11,S007,Delhi,P0018,Popcorn,Snacks,46,218.7,10,0,0,Thursday,1,1,0
2024-01-13,S007,Delhi,P0018,Popcorn,Snacks,55,218.7,10,0,0,Saturday,1,1,1
2024-01-14,S007,Delhi,P0018,Popcorn,Snacks,60,230.85,5,0,0,Sunday,1,1,1
2024-01-18,S007,Delhi,P0018,Popcorn,Snacks,42,243,0,0,0,Thursday,1,1,0
2024-01-31,S007,Delhi,P0018,Popcorn,Snacks,46,243,0,0,0,Wednesday,1,1,0
2024-02-11,S007,Delhi,P0018,Popcorn,Snacks,72,206.55,15,0,0,Sunday,2,1,1
2024-02-12,S007,Delhi,P0018,Popcorn,Snacks,45,243,0,0,0,Monday,2,1,0
2024-02-14,S007,Delhi,P0018,Popcorn,Snacks,52,243,0,0,0,Wednesday,2,1,0
2024-02-19,S007,Delhi,P0018,Popcorn,Snacks,49,218.7,10,0,0,Monday,2,1,0
2024-02-21,S007,Delhi,P0018,Popcorn,Snacks,36,243,0,0,0,Wednesday,2,1,0
2024-01-04,S002,Pune,P0036,Banana,Fruits,28,112,0,0,0,Thursday,1,1,0
2024-01-08,S002,Pune,P0036,Banana,Fruits,21,112,0,0,0,Monday,1,1,0
2024-01-14,S002,Pune,P0036,Banana,Fruits,34,112,0,0,0,Sunday,1,1,1
2024-01-19,S002,Pune,P0036,Banana,Fruits,33,106.4,5,0,0,Friday,1,1,0
2024-01-20,S002,Pune,P0036,Banana,Fruits,35,112,0,0,0,Saturday,1,1,1
2024-01-25,S002,Pune,P0036,Banana,Fruits,21,112,0,0,0,Thursday,1,1,0
2024-01-30,S002,Pune,P0036,Banana,Fruits,32,112,0,0,0,Tuesday,1,1,0
2024-02-04,S002,Pune,P0036,Banana,Fruits,35,112,0,0,0,Sunday,2,1,1
2024-02-06,S002,Pune,P0036,Banana,Fruits,35,100.8,10,1,0,Tuesday,2,1,0
2024-02-11,S002,Pune,P0036,Banana,Fruits,38,112,0,0,0,Sunday,2,1,1
2024-02-17,S002,Pune,P0036,Banana,Fruits,25,112,0,0,0,Saturday,2,1,1
2024-02-22,S002,Pune,P0036,Banana,Fruits,27,112,0,0,0,Thursday,2,1,0
2024-01-04,S008,Jaipur,P0002,Curd,Dairy,51,314,0,0,0,Thursday,1,1,0
2024-01-06,S008,Jaipur,P0002,Curd,Dairy,63,251.2,20,1,0,Saturday,1,1,1
2024-01-09,S008,Jaipur,P0002,Curd,Dairy,48,314,0,0,0,Tuesday,1,1,0
2024-01-17,S008,Jaipur,P0002,Curd,Dairy,51,314,0,0,0,Wednesday,1,1,0
2024-01-20,S008,Jaipur,P0002,Curd,Dairy,50,314,0,0,0,Saturday,1,1,1
2024-01-26,S008,Jaipur,P0002,Curd,Dairy,66,251.2,20,1,0,Friday,1,1,0
2024-02-04,S008,Jaipur,P0002,Curd,Dairy,69,282.6,10,0,0,Sunday,2,1,1
2024-02-07,S008,Jaipur,P0002,Curd,Dairy,41,298.3,5,0,0,Wednesday,2,1,0
2024-02-14,S008,Jaipur,P0002,Curd,Dairy,46,314,0,0,0,Wednesday,2,1,0
2024-02-15,S008,Jaipur,P0002,Curd,Dairy,48,314,0,0,0,Thursday,2,1,0
2024-02-20,S008,Jaipur,P0002,Curd,Dairy,36,314,0,0,0,Tuesday,2,1,0
2024-02-23,S008,Jaipur,P0002,Curd,Dairy,48,298.3,5,0,0,Friday,2,1,0
2024-01-04,S003,Ahmedabad,P0043,Tomato,Vegetables,40,162.9,10,0,0,Thursday,1,1,0
2024-01-07,S003,Ahmedabad,P0043,Tomato,Vegetables,47,181,0,0,0,Sunday,1,1,1
2024-01-09,S003,Ahmedabad,P0043,Tomato,Vegetables,41,181,0,0,0,Tuesday,1,1,0
2024-01-13,S003,Ahmedabad,P0043,Tomato,Vegetables,31,181,0,0,0,Saturday,1,1,1
2024-01-23,S003,Ahmedabad,P0043,Tomato,Vegetables,39,171.95,5,0,0,Tuesday,1,1,0
2024-01-25,S003,Ahmedabad,P0043,Tomato,Vegetables,37,181,0,0,0,Thursday,1,1,0
2024-02-01,S003,Ahmedabad,P0043,Tomato,Vegetables,34,162.9,10,0,0,Thursday,2,1,0
2024-02-05,S003,Ahmedabad,P0043,Tomato,Vegetables,47,181,0,1,0,Monday,2,1,0
2024-02-07,S003,Ahmedabad,P0043,Tomato,Vegetables,40,162.9,10,0,0,Wednesday,2,1,0
2024-02-09,S003,Ahmedabad,P0043,Tomato,Vegetables,39,171.95,5,0,0,Friday,2,1,0
2024-02-11,S003,Ahmedabad,P0043,Tomato,Vegetables,55,181,0,0,0,Sunday,2,1,1
2024-02-13,S003,Ahmedabad,P0043,Tomato,Vegetables,36,181,0,0,0,Tuesday,2,1,0
2024-02-14,S003,Ahmedabad,P0043,Tomato,Vegetables,34,144.8,20,0,0,Wednesday,2,1,0
2024-02-15,S003,Ahmedabad,P0043,Tomato,Vegetables,30,181,0,0,0,Thursday,2,1,0
2024-02-17,S003,Ahmedabad,P0043,Tomato,Vegetables,39,181,0,0,0,Saturday,2,1,1
2024-02-21,S003,Ahmedabad,P0043,Tomato,Vegetables,32,171.95,5,0,0,Wednesday,2,1,0
2024-02-22,S003,Ahmedabad,P0043,Tomato,Vegetables,34,181,0,0,0,Thursday,2,1,0
