prediction-service/data/retail_forecasting_dataset_50000.csv
date_purchased,store_id,city,product_id,product_name,category,quantity_sold,unit_price,discount_pct,promotion_flag,holiday_flag,day_of_week,month,quarter,is_weekend
2024-01-04,S002,Pune,P0034,Toilet Cleaner,Cleaning,48,195,0,0,0,Thursday,1,1,0
2024-01-11,S002,Pune,P0034,Toilet Cleaner,Cleaning,63,195,0,0,0,Thursday,1,1,0
2024-01-16,S002,Pune,P0034,Toilet Cleaner,Cleaning,58,195,0,0,0,Tuesday,1,1,0
2024-01-22,S002,Pune,P0034,Toilet Cleaner,Cleaning,70,175.5,10,0,0,Monday,1,1,0
2024-01-24,S002,Pune,P0034,Toilet Cleaner,Cleaning,62,195,0,0,0,Wednesday,1,1,0
2024-01-28,S002,Pune,P0034,Toilet Cleaner,Cleaning,78,195,0,1,0,Sunday,1,1,1
2024-01-29,S002,Pune,P0034,Toilet Cleaner,Cleaning,44,195,0,0,0,Monday,1,1,0
2024-01-30,S002,Pune,P0034,Toilet Cleaner,Cleaning,68,195,0,0,0,Tuesday,1,1,0
2024-02-01,S002,Pune,P0034,Toilet Cleaner,Cleaning,56,175.5,10,0,0,Thursday,2,1,0
2024-02-03,S002,Pune,P0034,Toilet Cleaner,Cleaning,75,195,0,0,0,Saturday,2,1,1
2024-02-22,S002,Pune,P0034,Toilet Cleaner,Cleaning,63,195,0,0,0,Thursday,2,1,0
2024-02-23,S002,Pune,P0034,Toilet Cleaner,Cleaning,50,165.75,15,0,0,Friday,2,1,0
2024-01-04,S010,Kolkata,P0050,Frozen Fries,Frozen,43,186.15,15,0,0,Thursday,1,1,0
2024-01-05,S010,Kolkata,P0050,Frozen Fries,Frozen,46,175.2,20,0,0,Friday,1,1,0
2024-01-06,S010,Kolkata,P0050,Frozen Fries,Frozen,46,219,0,0,0,Saturday,1,1,1
2024-01-09,S010,Kolkata,P0050,Frozen Fries,Frozen,33,219,0,0,0,Tuesday,1,1,0
2024-01-13,S010,Kolkata,P0050,Frozen Fries,Frozen,51,219,0,0,0,Saturday,1,1,1
2024-01-15,S010,Kolkata,P0050,Frozen Fries,Frozen,43,219,0,0,0,Monday,1,1,0
2024-01-20,S010,Kolkata,P0050,Frozen Fries,Frozen,57,219,0,0,0,Saturday,1,1,1
2024-01-22,S010,Kolkata,P0050,Frozen Fries,Frozen,41,175.2,20,0,0,Monday,1,1,0
2024-02-06,S010,Kolkata,P0050,Frozen Fries,Frozen,44,197.1,10,0,0,Tuesday,2,1,0
2024-02-13,S010,Kolkata,P0050,Frozen Fries,Frozen,44,219,0,0,0,Tuesday,2,1,0
2024-02-16,S010,Kolkata,P0050,Frozen Fries,Frozen,43,197.1,10,0,0,Friday,2,1,0
2024-02-22,S010,Kolkata,P0050,Frozen Fries,Frozen,45,219,0,1,0,Thursday,2,1,0
2024-01-04,S009,Chennai,P0021,Rice,Rice & Grains,27,29,0,0,0,Thursday,1,1,0
2024-01-07,S009,Chennai,P0021,Rice,Rice & Grains,30,29,0,0,0,Sunday,1,1,1
2024-01-17,S009,Chennai,P0021,Rice,Rice & Grains,23,29,0,0,0,Wednesday,1,1,0
2024-01-31,S009,Chennai,P0021,Rice,Rice & Grains,21,29,0,0,0,Wednesday,1,1,0
2024-02-01,S009,Chennai,P0021,Rice,Rice & Grains,27,27.55,5,1,0,Thursday,2,1,0
2024-02-08,S009,Chennai,P0021,Rice,Rice & Grains,22,29,0,0,0,Thursday,2,1,0
2024-02-10,S009,Chennai,P0021,Rice,Rice & Grains,27,29,0,0,0,Saturday,2,1,1
2024-02-14,S009,Chennai,P0021,Rice,Rice & Grains,25,23.2,20,0,0,Wednesday,2,1,0
2024-02-17,S009,Chennai,P0021,Rice,Rice & Grains,28,29,0,0,0,Saturday,2,1,1
2024-02-23,S009,Chennai,P0021,Rice,Rice & Grains,28,29,0,0,0,Friday,2,1,0
2024-01-04,S010,Kolkata,P0006,Bread,Bakery,21,231,0,0,0,Thursday,1,1,0
2024-01-17,S010,Kolkata,P0006,Bread,Bakery,21,207.9,10,0,0,Wednesday,1,1,0
2024-01-24,S010,Kolkata,P0006,Bread,Bakery,23,231,0,0,0,Wednesday,1,1,0
2024-02-01,S010,Kolkata,P0006,Bread,Bakery,18,231,0,0,0,Thursday,2,1,0
2024-02-07,S010,Kolkata,P0006,Bread,Bakery,25,207.9,10,0,0,Wednesday,2,1,0
2024-02-09,S010,Kolkata,P0006,Bread,Bakery,22,207.9,10,0,0,Friday,2,1,0
2024-02-11,S010,Kolkata,P0006,Bread,Bakery,25,231,0,0,0,Sunday,2,1,1
2024-02-15,S010,Kolkata,P0006,Bread,Bakery,26,231,0,0,0,Thursday,2,1,0
2024-02-16,S010,Kolkata,P0006,Bread,Bakery,24,231,0,0,0,Friday,2,1,0
2024-02-20,S010,Kolkata,P0006,Bread,Bakery,21,231,0,0,0,Tuesday,2,1,0
2024-01-04,S003,Ahmedabad,P0015,Water,Beverages,36,194.75,5,0,0,Thursday,1,1,0
2024-01-06,S003,Ahmedabad,P0015,Water,Beverages,34,184.5,10,0,0,Saturday,1,1,1
2024-01-10,S003,Ahmedabad,P0015,Water,Beverages,28,194.75,5,0,0,Wednesday,1,1,0
2024-01-12,S003,Ahmedabad,P0015,Water,Beverages,29,205,0,0,0,Friday,1,1,0
2024-01-17,S003,Ahmedabad,P0015,Water,Beverages,32,205,0,0,0,Wednesday,1,1,0
2024-01-20,S003,Ahmedabad,P0015,Water,Beverages,42,205,0,0,0,Saturday,1,1,1
2024-01-21,S003,Ahmedabad,P0015,Water,Beverages,42,205,0,0,0,Sunday,1,1,1
2024-01-27,S003,Ahmedabad,P0015,Water,Beverages,38,205,0,0,0,Saturday,1,1,1
2024-01-28,S003,Ahmedabad,P0015,Water,Beverages,32,205,0,0,0,Sunday,1,1,1
2024-02-01,S003,Ahmedabad,P0015,Water,Beverages,29,205,0,0,0,Thursday,2,1,0
2024-02-05,S003,Ahmedabad,P0015,Water,Beverages,31,205,0,0,0,Monday,2,1,0
2024-02-07,S003,Ahmedabad,P0015,Water,Beverages,28,205,0,0,0,Wednesday,2,1,0
2024-02-09,S003,Ahmedabad,P0015,Water,Beverages,26,194.75,5,0,0,Friday,2,1,0
2024-02-10,S003,Ahmedabad,P0015,Water,Beverages,42,205,0,0,0,Saturday,2,1,1
2024-02-17,S003,Ahmedabad,P0015,Water,Beverages,45,174.25,15,0,0,Saturday,2,1,1
2024-01-04,S001,Mumbai,P0001,Milk,Dairy,66,255,0,0,0,Thursday,1,1,0
2024-01-06,S001,Mumbai,P0001,Milk,Dairy,81,255,0,0,0,Saturday,1,1,1
2024-01-10,S001,Mumbai,P0001,Milk,Dairy,65,255,0,0,0,Wednesday,1,1,0
2024-01-11,S001,Mumbai,P0001,Milk,Dairy,72,255,0,0,0,Thursday,1,1,0
2024-01-15,S001,Mumbai,P0001,Milk,Dairy,63,242.25,5,0,0,Monday,1,1,0
2024-01-23,S001,Mumbai,P0001,Milk,Dairy,72,216.75,15,0,0,Tuesday,1,1,0
2024-02-01,S001,Mumbai,P0001,Milk,Dairy,59,255,0,0,0,Thursday,2,1,0
2024-02-04,S001,Mumbai,P0001,Milk,Dairy,95,255,0,0,0,Sunday,2,1,1
2024-02-06,S001,Mumbai,P0001,Milk,Dairy,56,255,0,0,0,Tuesday,2,1,0
2024-02-08,S001,Mumbai,P0001,Milk,Dairy,68,255,0,0,0,Thursday,2,1,0
2024-02-09,S001,Mumbai,P0001,Milk,Dairy,68,255,0,0,0,Friday,2,1,0
2024-02-19,S001,Mumbai,P0001,Milk,Dairy,49,216.75,15,0,0,Monday,2,1,0
2024-01-04,S001,Mumbai,P0031,Detergent,Cleaning,42,276,0,0,0,Thursday,1,1,0
2024-01-06,S001,Mumbai,P0031,Detergent,Cleaning,49,276,0,0,0,Saturday,1,1,1
2024-01-19,S001,Mumbai,P0031,Detergent,Cleaning,44,276,0,0,0,Friday,1,1,0
2024-01-25,S001,Mumbai,P0031,Detergent,Cleaning,64,276,0,1,0,Thursday,1,1,0
2024-01-26,S001,Mumbai,P0031,Detergent,Cleaning,43,276,0,0,0,Friday,1,1,0
2024-01-27,S001,Mumbai,P0031,Detergent,Cleaning,64,276,0,0,0,Saturday,1,1,1
2024-02-09,S001,Mumbai,P0031,Detergent,Cleaning,43,276,0,0,0,Friday,2,1,0
2024-02-13,S001,Mumbai,P0031,Detergent,Cleaning,46,276,0,0,0,Tuesday,2,1,0
2024-02-16,S001,Mumbai,P0031,Detergent,Cleaning,43,276,0,0,0,Friday,2,1,0
2024-02-18,S001,Mumbai,P0031,Detergent,Cleaning,53,248.4,10,1,0,Sunday,2,1,1
2024-02-20,S001,Mumbai,P0031,Detergent,Cleaning,46,276,0,0,0,Tuesday,2,1,0
2024-01-04,S001,Mumbai,P0045,Spinach,Vegetables,29,53,0,0,0,Thursday,1,1,0
2024-01-12,S001,Mumbai,P0045,Spinach,Vegetables,25,50.35,5,0,0,Friday,1,1,0
2024-01-14,S001,Mumbai,P0045,Spinach,Vegetables,26,53,0,0,0,Sunday,1,1,1
2024-01-18,S001,Mumbai,P0045,Spinach,Vegetables,30,53,0,0,0,Thursday,1,1,0
2024-01-22,S001,Mumbai,P0045,Spinach,Vegetables,23,47.7,10,0,0,Monday,1,1,0
2024-01-24,S001,Mumbai,P0045,Spinach,Vegetables,28,47.7,10,0,0,Wednesday,1,1,0
2024-01-25,S001,Mumbai,P0045,Spinach,Vegetables,25,47.7,10,1,0,Thursday,1,1,0
2024-02-02,S001,Mumbai,P0045,Spinach,Vegetables,30,53,0,0,0,Friday,2,1,0
2024-02-06,S001,Mumbai,P0045,Spinach,Vegetables,25,53,0,0,0,Tuesday,2,1,0
2024-02-07,S001,Mumbai,P0045,Spinach,Vegetables,24,53,0,0,0,Wednesday,2,1,0
2024-02-08,S001,Mumbai,P0045,Spinach,Vegetables,30,53,0,0,0,Thursday,2,1,0
2024-02-12,S001,Mumbai,P0045,Spinach,Vegetables,27,53,0,0,0,Monday,2,1,0
2024-02-22,S001,Mumbai,P0045,Spinach,Vegetables,31,50.35,5,0,0,Thursday,2,1,0
2024-01-04,S007,Delhi,P0025,Dal,Rice & Grains,33,30,0,0,0,Thursday,1,1,0
2024-01-07,S007,Delhi,P0025,Dal,Rice & Grains,44,30,0,0,0,Sunday,1,1,1
2024-01-10,S007,Delhi,P0025,Dal,Rice & Grains,36,30,0,0,0,Wednesday,1,1,0
2024-01-19,S007,Delhi,P0025,Dal,Rice & Grains,41,27,10,0,0,Friday,1,1,0
2024-01-23,S007,Delhi,P0025,Dal,Rice & Grains,39,24,20,0,0,Tuesday,1,1,0
2024-01-31,S007,Delhi,P0025,Dal,Rice & Grains,44,30,0,0,0,Wednesday,1,1,0
2024-02-04,S007,Delhi,P0025,Dal,Rice & Grains,57,30,0,0,0,Sunday,2,1,1
2024-02-05,S007,Delhi,P0025,Dal,Rice & Grains,37,30,0,0,0,Monday,2,1,0
2024-02-13,S007,Delhi,P0025,Dal,Rice & Grains,41,27,10,0,0,Tuesday,2,1,0
2024-01-04,S008,Jaipur,P0012,Coffee,Beverages,36,226,0,0,0,Thursday,1,1,0
2024-01-08,S008,Jaipur,P0012,Coffee,Beverages,48,192.1,15,0,0,Monday,1,1,0
2024-01-16,S008,Jaipur,P0012,Coffee,Beverages,40,226,0,0,0,Tuesday,1,1,0
2024-01-20,S008,Jaipur,P0012,Coffee,Beverages,48,203.4,10,0,0,Saturday,1,1,1
2024-01-31,S008,Jaipur,P0012,Coffee,Beverages,44,180.8,20,0,0,Wednesday,1,1,0
2024-02-02,S008,Jaipur,P0012,Coffee,Beverages,44,226,0,0,0,Friday,2,1,0
2024-02-05,S008,Jaipur,P0012,Coffee,Beverages,42,226,0,0,0,Monday,2,1,0
2024-02-07,S008,Jaipur,P0012,Coffee,Beverages,35,203.4,10,0,0,Wednesday,2,1,0
2024-02-12,S008,Jaipur,P0012,Coffee,Beverages,39,226,0,0,0,Monday,2,1,0
2024-02-18,S008,Jaipur,P0012,Coffee,Beverages,56,226,0,0,0,Sunday,2,1,1
2024-01-04,S005,Bengaluru,P0027,Shampoo,Personal Care,54,208.05,5,0,0,Thursday,1,1,0
2024-01-07,S005,Bengaluru,P0027,Shampoo,Personal Care,65,219,0,0,0,Sunday,1,1,1
2024-01-16,S005,Bengaluru,P0027,Shampoo,Personal Care,50,219,0,0,0,Tuesday,1,1,0
2024-01-18,S005,Bengaluru,P0027,Shampoo,Personal Care,49,197.1,10,0,0,Thursday,1,1,0
2024-01-19,S005,Bengaluru,P0027,Shampoo,Personal Care,54,219,0,0,0,Friday,1,1,0
2024-01-20,S005,Bengaluru,P0027,Shampoo,Personal Care,72,219,0,0,0,Saturday,1,1,1
2024-01-23,S005,Bengaluru,P0027,Shampoo,Personal Care,49,219,0,0,0,Tuesday,1,1,0
2024-01-24,S005,Bengaluru,P0027,Shampoo,Personal Care,54,219,0,0,0,Wednesday,1,1,0
2024-02-02,S005,Bengaluru,P0027,Shampoo,Personal Care,48,175.2,20,0,0,Friday,2,1,0
2024-02-11,S005,Bengaluru,P0027,Shampoo,Personal Care,63,219,0,0,0,Sunday,2,1,1
2024-02-12,S005,Bengaluru,P0027,Shampoo,Personal Care,60,219,0,1,0,Monday,2,1,0
2024-01-04,S007,Delhi,P0014,Soft Drink,Beverages,41,121,0,0,0,Thursday,1,1,0
2024-01-05,S007,Delhi,P0014,Soft Drink,Beverages,43,121,0,0,0,Friday,1,1,0
2024-01-10,S007,Delhi,P0014,Soft Drink,Beverages,41,121,0,0,0,Wednesday,1,1,0
2024-01-11,S007,Delhi,P0014,Soft Drink,Beverages,42,121,0,0,0,Thursday,1,1,0
2024-01-13,S007,Delhi,P0014,Soft Drink,Beverages,46,121,0,0,0,Saturday,1,1,1
2024-01-15,S007,Delhi,P0014,Soft Drink,Beverages,44,121,0,0,0,Monday,1,1,0
2024-01-17,S007,Delhi,P0014,Soft Drink,Beverages,45,121,0,0,0,Wednesday,1,1,0
2024-01-18,S007,Delhi,P0014,Soft Drink,Beverages,37,108.9,10,0,0,Thursday,1,1,0
2024-01-19,S007,Delhi,P0014,Soft Drink,Beverages,36,121,0,0,0,Friday,1,1,0
2024-01-20,S007,Delhi,P0014,Soft Drink,Beverages,59,114.95,5,0,0,Saturday,1,1,1
2024-01-22,S007,Delhi,P0014,Soft Drink,Beverages,34,96.8,20,0,0,Monday,1,1,0
2024-02-06,S007,Delhi,P0014,Soft Drink,Beverages,39,108.9,10,0,0,Tuesday,2,1,0
2024-02-11,S007,Delhi,P0014,Soft Drink,Beverages,60,121,0,0,0,Sunday,2,1,1
2024-02-17,S007,Delhi,P0014,Soft Drink,Beverages,52,108.9,10,0,0,Saturday,2,1,1
2024-02-22,S007,Delhi,P0014,Soft Drink,Beverages,39,121,0,0,0,Thursday,2,1,0
2024-01-04,S001,Mumbai,P0028,Toothpaste,Personal Care,45,29.45,5,0,0,Thursday,1,1,0
2024-01-11,S001,Mumbai,P0028,Toothpaste,Personal Care,33,31,0,0,0,Thursday,1,1,0
2024-01-16,S001,Mumbai,P0028,Toothpaste,Personal Care,38,31,0,0,0,Tuesday,1,1,0
2024-02-06,S001,Mumbai,P0028,Toothpaste,Personal Care,45,31,0,0,0,Tuesday,2,1,0
2024-02-09,S001,Mumbai,P0028,Toothpaste,Personal Care,33,31,0,0,0,Friday,2,1,0
2024-02-12,S001,Mumbai,P0028,Toothpaste,Personal Care,43,31,0,0,0,Monday,2,1,0
2024-02-13,S001,Mumbai,P0028,Toothpaste,Personal Care,42,31,0,0,0,Tuesday,2,1,0
2024-02-14,S001,Mumbai,P0028,Toothpaste,Personal Care,38,31,0,0,0,Wednesday,2,1,0
2024-02-18,S001,Mumbai,P0028,Toothpaste,Personal Care,50,27.9,10,0,0,Sunday,2,1,1
2024-01-04,S001,Mumbai,P0007,Bun,Bakery,62,314,0,0,0,Thursday,1,1,0
2024-01-06,S001,Mumbai,P0007,Bun,Bakery,72,314,0,1,0,Saturday,1,1,1
2024-01-08,S001,Mumbai,P0007,Bun,Bakery,53,314,0,0,0,Monday,1,1,0
2024-01-16,S001,Mumbai,P0007,Bun,Bakery,50,314,0,0,0,Tuesday,1,1,0
2024-01-17,S001,Mumbai,P0007,Bun,Bakery,60,298.3,5,0,0,Wednesday,1,1,0
2024-01-20,S001,Mumbai,P0007,Bun,Bakery,64,298.3,5,0,0,Saturday,1,1,1
2024-01-23,S001,Mumbai,P0007,Bun,Bakery,60,314,0,0,0,Tuesday,1,1,0
2024-01-24,S001,Mumbai,P0007,Bun,Bakery,54,314,0,0,0,Wednesday,1,1,0
2024-02-03,S001,Mumbai,P0007,Bun,Bakery,88,314,0,0,0,Saturday,2,1,1
2024-02-05,S001,Mumbai,P0007,Bun,Bakery,51,314,0,0,0,Monday,2,1,0
2024-02-09,S001,Mumbai,P0007,Bun,Bakery,55,314,0,0,0,Friday,2,1,0
2024-02-14,S001,Mumbai,P0007,Bun,Bakery,59,314,0,0,0,Wednesday,2,1,0
2024-02-17,S001,Mumbai,P0007,Bun,Bakery,73,314,0,0,0,Saturday,2,1,1
2024-02-24,S001,Mumbai,P0007,Bun,Bakery,52,314,0,0,0,Saturday,2,1,1
2024-01-04,S008,Jaipur,P0046,Ice Cream,Frozen,40,108,0,0,0,Thursday,1,1,0
2024-01-05,S008,Jaipur,P0046,Ice Cream,Frozen,45,108,0,0,0,Friday,1,1,0
2024-01-08,S008,Jaipur,P0046,Ice Cream,Frozen,41,108,0,0,0,Monday,1,1,0
2024-01-17,S008,Jaipur,P0046,Ice Cream,Frozen,51,97.2,10,0,0,Wednesday,1,1,0
2024-01-27,S008,Jaipur,P0046,Ice Cream,Frozen,55,108,0,0,0,Saturday,1,1,1
2024-01-30,S008,Jaipur,P0046,Ice Cream,Frozen,37,108,0,0,0,Tuesday,1,1,0
2024-02-08,S008,Jaipur,P0046,Ice Cream,Frozen,36,108,0,0,0,Thursday,2,1,0
2024-02-13,S008,Jaipur,P0046,Ice Cream,Frozen,44,86.4,20,0,0,Tuesday,2,1,0
2024-01-04,S010,Kolkata,P0012,Coffee,Beverages,56,226,0,0,0,Thursday,1,1,0
2024-01-06,S010,Kolkata,P0012,Coffee,Beverages,60,226,0,0,0,Saturday,1,1,1
2024-01-08,S010,Kolkata,P0012,Coffee,Beverages,47,226,0,0,0,Monday,1,1,0
2024-01-10,S010,Kolkata,P0012,Coffee,Beverages,46,226,0,0,0,Wednesday,1,1,0
2024-01-11,S010,Kolkata,P0012,Coffee,Beverages,48,214.7,5,0,0,Thursday,1,1,0
2024-01-25,S010,Kolkata,P0012,Coffee,Beverages,43,226,0,0,0,Thursday,1,1,0
2024-02-04,S010,Kolkata,P0012,Coffee,Beverages,71,226,0,0,0,Sunday,2,1,1
2024-02-05,S010,Kolkata,P0012,Coffee,Beverages,52,226,0,0,0,Monday,2,1,0
2024-02-08,S010,Kolkata,P0012,Coffee,Beverages,48,214.7,5,0,0,Thursday,2,1,0
2024-02-13,S010,Kolkata,P0012,Coffee,Beverages,47,214.7,5,0,0,Tuesday,2,1,0
2024-01-04,S010,Kolkata,P0028,Toothpaste,Personal Care,27,31,0,0,0,Thursday,1,1,0
2024-01-14,S010,Kolkata,P0028,Toothpaste,Personal Care,43,31,0,0,0,Sunday,1,1,1
2024-02-06,S010,Kolkata,P0028,Toothpaste,Personal Care,33,31,0,0,0,Tuesday,2,1,0
2024-02-07,S010,Kolkata,P0028,Toothpaste,Personal Care,33,29.45,5,0,0,Wednesday,2,1,0
2024-02-09,S010,Kolkata,P0028,Toothpaste,Personal Care,32,29.45,5,0,0,Friday,2,1,0
2024-02-10,S010,Kolkata,P0028,Toothpaste,Personal Care,35,31,0,0,0,Saturday,2,1,1
2024-02-14,S010,Kolkata,P0028,Toothpaste,Personal Care,31,26.35,15,0,0,Wednesday,2,1,0
2024-02-15,S010,Kolkata,P0028,Toothpaste,Personal Care,34,31,0,0,0,Thursday,2,1,0
2024-02-20,S010,Kolkata,P0028,Toothpaste,Personal Care,33,31,0,0,0,Tuesday,2,1,0
2024-01-04,S010,Kolkata,P0013,Juice,Beverages,43,132,0,0,0,Thursday,1,1,0
2024-01-06,S010,Kolkata,P0013,Juice,Beverages,55,132,0,0,0,Saturday,1,1,1
2024-01-11,S010,Kolkata,P0013,Juice,Beverages,41,132,0,0,0,Thursday,1,1,0
2024-01-19,S010,Kolkata,P0013,Juice,Beverages,51,105.6,20,0,0,Friday,1,1,0
2024-01-27,S010,Kolkata,P0013,Juice,Beverages,69,118.8,10,0,0,Saturday,1,1,1
2024-01-31,S010,Kolkata,P0013,Juice,Beverages,41,132,0,0,0,Wednesday,1,1,0
2024-02-01,S010,Kolkata,P0013,Juice,Beverages,44,132,0,0,0,Thursday,2,1,0
2024-02-09,S010,Kolkata,P0013,Juice,Beverages,53,132,0,0,0,Friday,2,1,0
2024-01-04,S005,Bengaluru,P0004,Cheese,Dairy,68,46,0,0,0,Thursday,1,1,0
2024-01-08,S005,Bengaluru,P0004,Cheese,Dairy,86,36.8,20,0,0,Monday,1,1,0
2024-01-10,S005,Bengaluru,P0004,Cheese,Dairy,76,46,0,0,0,Wednesday,1,1,0
2024-01-11,S005,Bengaluru,P0004,Cheese,Dairy,71,43.7,5,0,0,Thursday,1,1,0
2024-01-12,S005,Bengaluru,P0004,Cheese,Dairy,74,46,0,0,0,Friday,1,1,0
2024-01-15,S005,Bengaluru,P0004,Cheese,Dairy,66,46,0,0,0,Monday,1,1,0
2024-01-17,S005,Bengaluru,P0004,Cheese,Dairy,71,43.7,5,0,0,Wednesday,1,1,0
2024-01-20,S005,Bengaluru,P0004,Cheese,Dairy,75,46,0,0,0,Saturday,1,1,1
2024-01-22,S005,Bengaluru,P0004,Cheese,Dairy,78,39.1,15,0,0,Monday,1,1,0
2024-01-25,S005,Bengaluru,P0004,Cheese,Dairy,68,46,0,0,0,Thursday,1,1,0
2024-01-28,S005,Bengaluru,P0004,Cheese,Dairy,82,43.7,5,0,0,Sunday,1,1,1
2024-02-01,S005,Bengaluru,P0004,Cheese,Dairy,67,46,0,0,0,Thursday,2,1,0
2024-02-04,S005,Bengaluru,P0004,Cheese,Dairy,109,46,0,0,0,Sunday,2,1,1
2024-02-06,S005,Bengaluru,P0004,Cheese,Dairy,81,46,0,1,0,Tuesday,2,1,0
2024-02-10,S005,Bengaluru,P0004,Cheese,Dairy,112,46,0,0,0,Saturday,2,1,1
2024-02-12,S005,Bengaluru,P0004,Cheese,Dairy,73,36.8,20,0,0,Monday,2,1,0
2024-02-13,S005,Bengaluru,P0004,Cheese,Dairy,64,46,0,0,0,Tuesday,2,1,0
2024-02-21,S005,Bengaluru,P0004,Cheese,Dairy,68,46,0,0,0,Wednesday,2,1,0
2024-01-04,S006,Hyderabad,P0048,Frozen Corn,Frozen,54,313,0,0,0,Thursday,1,1,0
2024-01-06,S006,Hyderabad,P0048,Frozen Corn,Frozen,62,313,0,0,0,Saturday,1,1,1
2024-01-09,S006,Hyderabad,P0048,Frozen Corn,Frozen,39,313,0,0,0,Tuesday,1,1,0
2024-01-11,S006,Hyderabad,P0048,Frozen Corn,Frozen,59,250.4,20,0,0,Thursday,1,1,0
2024-01-19,S006,Hyderabad,P0048,Frozen Corn,Frozen,45,313,0,0,0,Friday,1,1,0
2024-02-03,S006,Hyderabad,P0048,Frozen Corn,Frozen,77,313,0,0,0,Saturday,2,1,1
2024-02-04,S006,Hyderabad,P0048,Frozen Corn,Frozen,75,313,0,0,0,Sunday,2,1,1
2024-02-09,S006,Hyderabad,P0048,Frozen Corn,Frozen,72,266.05,15,0,0,Friday,2,1,0
2024-02-14,S006,Hyderabad,P0048,Frozen Corn,Frozen,50,313,0,0,0,Wednesday,2,1,0
2024-02-15,S006,Hyderabad,P0048,Frozen Corn,Frozen,73,250.4,20,0,0,Thursday,2,1,0
2024-02-16,S006,Hyderabad,P0048,Frozen Corn,Frozen,58,313,0,0,0,Friday,2,1,0
2024-02-20,S006,Hyderabad,P0048,Frozen Corn,Frozen,55,313,0,0,0,Tuesday,2,1,0
2024-02-23,S006,Hyderabad,P0048,Frozen Corn,Frozen,62,313,0,1,0,Friday,2,1,0
