prediction-service/data/retail_forecasting_dataset_50000.csv
date_purchased,store_id,city,product_id,product_name,category,quantity_sold,unit_price,discount_pct,promotion_flag,holiday_flag,day_of_week,month,quarter,is_weekend
2024-01-04,S008,Jaipur,P0006,Bread,Bakery,17,231,0,0,0,Thursday,1,1,0
2024-01-13,S008,Jaipur,P0006,Bread,Bakery,23,231,0,0,0,Saturday,1,1,1
2024-01-16,S008,Jaipur,P0006,Bread,Bakery,19,231,0,0,0,Tuesday,1,1,0
2024-01-29,S008,Jaipur,P0006,Bread,Bakery,17,231,0,0,0,Monday,1,1,0
2024-01-30,S008,Jaipur,P0006,Bread,Bakery,22,231,0,1,0,Tuesday,1,1,0
2024-02-06,S008,Jaipur,P0006,Bread,Bakery,15,231,0,0,0,Tuesday,2,1,0
2024-02-07,S008,Jaipur,P0006,Bread,Bakery,20,231,0,0,0,Wednesday,2,1,0
2024-02-08,S008,Jaipur,P0006,Bread,Bakery,16,231,0,0,0,Thursday,2,1,0
2024-02-09,S008,Jaipur,P0006,Bread,Bakery,20,207.9,10,0,0,Friday,2,1,0
2024-02-12,S008,Jaipur,P0006,Bread,Bakery,19,231,0,0,0,Monday,2,1,0
2024-02-13,S008,Jaipur,P0006,Bread,Bakery,18,231,0,0,0,Tuesday,2,1,0
2024-02-19,S008,Jaipur,P0006,Bread,Bakery,15,207.9,10,0,0,Monday,2,1,0
2024-01-04,S003,Ahmedabad,P0026,Soap,Personal Care,23,70.55,15,0,0,Thursday,1,1,0
2024-01-06,S003,Ahmedabad,P0026,Soap,Personal Care,31,83,0,0,0,Saturday,1,1,1
2024-01-09,S003,Ahmedabad,P0026,Soap,Personal Care,29,78.85,5,0,0,Tuesday,1,1,0
2024-01-11,S003,Ahmedabad,P0026,Soap,Personal Care,24,83,0,0,0,Thursday,1,1,0
2024-01-15,S003,Ahmedabad,P0026,Soap,Personal Care,25,83,0,0,0,Monday,1,1,0
2024-01-17,S003,Ahmedabad,P0026,Soap,Personal Care,26,83,0,0,0,Wednesday,1,1,0
2024-02-10,S003,Ahmedabad,P0026,Soap,Personal Care,35,78.85,5,0,0,Saturday,2,1,1
2024-02-17,S003,Ahmedabad,P0026,Soap,Personal Care,33,83,0,0,0,Saturday,2,1,1
2024-02-19,S003,Ahmedabad,P0026,Soap,Personal Care,42,66.4,20,1,0,Monday,2,1,0
2024-02-20,S003,Ahmedabad,P0026,Soap,Personal Care,31,83,0,1,0,Tuesday,2,1,0
2024-01-04,S006,Hyderabad,P0029,Face Wash,Personal Care,42,97.6,20,0,0,Thursday,1,1,0
2024-01-13,S006,Hyderabad,P0029,Face Wash,Personal Care,39,122,0,0,0,Saturday,1,1,1
2024-01-17,S006,Hyderabad,P0029,Face Wash,Personal Care,46,122,0,0,0,Wednesday,1,1,0
2024-01-21,S006,Hyderabad,P0029,Face Wash,Personal Care,47,122,0,0,0,Sunday,1,1,1
2024-01-31,S006,Hyderabad,P0029,Face Wash,Personal Care,42,122,0,0,0,Wednesday,1,1,0
2024-02-02,S006,Hyderabad,P0029,Face Wash,Personal Care,46,109.8,10,0,0,Friday,2,1,0
2024-02-07,S006,Hyderabad,P0029,Face Wash,Personal Care,38,122,0,0,0,Wednesday,2,1,0
2024-02-08,S006,Hyderabad,P0029,Face Wash,Personal Care,38,122,0,0,0,Thursday,2,1,0
2024-02-10,S006,Hyderabad,P0029,Face Wash,Personal Care,57,122,0,0,0,Saturday,2,1,1
2024-02-15,S006,Hyderabad,P0029,Face Wash,Personal Care,33,122,0,0,0,Thursday,2,1,0
2024-02-18,S006,Hyderabad,P0029,Face Wash,Personal Care,49,122,0,0,0,Sunday,2,1,1
2024-02-21,S006,Hyderabad,P0029,Face Wash,Personal Care,46,122,0,1,0,Wednesday,2,1,0
2024-02-22,S006,Hyderabad,P0029,Face Wash,Personal Care,46,103.7,15,0,0,Thursday,2,1,0
2024-01-04,S006,Hyderabad,P0011,Tea,Beverages,59,196,20,0,0,Thursday,1,1,0
2024-01-08,S006,Hyderabad,P0011,Tea,Beverages,44,245,0,0,0,Monday,1,1,0
2024-01-12,S006,Hyderabad,P0011,Tea,Beverages,46,245,0,0,0,Friday,1,1,0
2024-01-16,S006,Hyderabad,P0011,Tea,Beverages,45,232.75,5,0,0,Tuesday,1,1,0
2024-01-22,S006,Hyderabad,P0011,Tea,Beverages,54,220.5,10,0,0,Monday,1,1,0
2024-01-24,S006,Hyderabad,P0011,Tea,Beverages,49,245,0,0,0,Wednesday,1,1,0
2024-01-28,S006,Hyderabad,P0011,Tea,Beverages,55,245,0,0,0,Sunday,1,1,1
2024-02-10,S006,Hyderabad,P0011,Tea,Beverages,67,245,0,1,0,Saturday,2,1,1
2024-02-13,S006,Hyderabad,P0011,Tea,Beverages,45,245,0,0,0,Tuesday,2,1,0
2024-02-19,S006,Hyderabad,P0011,Tea,Beverages,36,245,0,0,0,Monday,2,1,0
2024-02-22,S006,Hyderabad,P0011,Tea,Beverages,43,245,0,0,0,Thursday,2,1,0
2024-01-04,S005,Bengaluru,P0016,Chips,Snacks,62,259,0,0,0,Thursday,1,1,0
2024-01-10,S005,Bengaluru,P0016,Chips,Snacks,63,259,0,0,0,Wednesday,1,1,0
2024-01-15,S005,Bengaluru,P0016,Chips,Snacks,62,246.05,5,1,0,Monday,1,1,0
2024-01-17,S005,Bengaluru,P0016,Chips,Snacks,57,259,0,0,0,Wednesday,1,1,0
2024-01-31,S005,Bengaluru,P0016,Chips,Snacks,62,259,0,0,0,Wednesday,1,1,0
2024-02-08,S005,Bengaluru,P0016,Chips,Snacks,61,259,0,0,0,Thursday,2,1,0
2024-02-11,S005,Bengaluru,P0016,Chips,Snacks,97,233.1,10,0,0,Sunday,2,1,1
2024-02-17,S005,Bengaluru,P0016,Chips,Snacks,61,259,0,0,0,Saturday,2,1,1
2024-01-04,S007,Delhi,P0022,Wheat Flour,Rice & Grains,55,73,0,0,0,Thursday,1,1,0
2024-01-05,S007,Delhi,P0022,Wheat Flour,Rice & Grains,57,73,0,0,0,Friday,1,1,0
2024-01-10,S007,Delhi,P0022,Wheat Flour,Rice & Grains,58,73,0,0,0,Wednesday,1,1,0
2024-01-11,S007,Delhi,P0022,Wheat Flour,Rice & Grains,61,69.35,5,0,0,Thursday,1,1,0
2024-01-16,S007,Delhi,P0022,Wheat Flour,Rice & Grains,47,65.7,10,0,0,Tuesday,1,1,0
2024-01-22,S007,Delhi,P0022,Wheat Flour,Rice & Grains,59,62.05,15,0,0,Monday,1,1,0
2024-01-26,S007,Delhi,P0022,Wheat Flour,Rice & Grains,65,73,0,0,0,Friday,1,1,0
2024-01-27,S007,Delhi,P0022,Wheat Flour,Rice & Grains,89,73,0,1,0,Saturday,1,1,1
2024-01-28,S007,Delhi,P0022,Wheat Flour,Rice & Grains,74,73,0,0,0,Sunday,1,1,1
2024-01-29,S007,Delhi,P0022,Wheat Flour,Rice & Grains,62,69.35,5,0,0,Monday,1,1,0
2024-02-03,S007,Delhi,P0022,Wheat Flour,Rice & Grains,67,73,0,0,0,Saturday,2,1,1
2024-02-11,S007,Delhi,P0022,Wheat Flour,Rice & Grains,71,62.05,15,0,0,Sunday,2,1,1
2024-02-12,S007,Delhi,P0022,Wheat Flour,Rice & Grains,61,73,0,0,0,Monday,2,1,0
2024-02-13,S007,Delhi,P0022,Wheat Flour,Rice & Grains,57,73,0,0,0,Tuesday,2,1,0
2024-02-17,S007,Delhi,P0022,Wheat Flour,Rice & Grains,58,73,0,0,0,Saturday,2,1,1
2024-02-21,S007,Delhi,P0022,Wheat Flour,Rice & Grains,62,73,0,0,0,Wednesday,2,1,0
2024-02-23,S007,Delhi,P0022,Wheat Flour,Rice & Grains,73,65.7,10,1,0,Friday,2,1,0
2024-01-04,S008,Jaipur,P0037,Apple,Fruits,27,137,0,0,0,Thursday,1,1,0
2024-01-07,S008,Jaipur,P0037,Apple,Fruits,56,123.3,10,0,0,Sunday,1,1,1
2024-01-10,S008,Jaipur,P0037,Apple,Fruits,37,137,0,0,0,Wednesday,1,1,0
2024-01-17,S008,Jaipur,P0037,Apple,Fruits,51,116.45,15,1,0,Wednesday,1,1,0
2024-01-19,S008,Jaipur,P0037,Apple,Fruits,39,137,0,0,0,Friday,1,1,0
2024-01-21,S008,Jaipur,P0037,Apple,Fruits,48,137,0,0,0,Sunday,1,1,1
2024-01-23,S008,Jaipur,P0037,Apple,Fruits,33,137,0,0,0,Tuesday,1,1,0
2024-01-28,S008,Jaipur,P0037,Apple,Fruits,58,137,0,0,0,Sunday,1,1,1
2024-01-30,S008,Jaipur,P0037,Apple,Fruits,51,137,0,0,0,Tuesday,1,1,0
2024-02-07,S008,Jaipur,P0037,Apple,Fruits,53,137,0,1,0,Wednesday,2,1,0
2024-01-04,S003,Ahmedabad,P0007,Bun,Bakery,55,314,0,0,0,Thursday,1,1,0
2024-01-13,S003,Ahmedabad,P0007,Bun,Bakery,63,251.2,20,0,0,Saturday,1,1,1
2024-01-15,S003,Ahmedabad,P0007,Bun,Bakery,45,314,0,0,0,Monday,1,1,0
2024-01-25,S003,Ahmedabad,P0007,Bun,Bakery,56,314,0,0,0,Thursday,1,1,0
2024-01-29,S003,Ahmedabad,P0007,Bun,Bakery,62,266.9,15,1,0,Monday,1,1,0
2024-02-13,S003,Ahmedabad,P0007,Bun,Bakery,53,314,0,0,0,Tuesday,2,1,0
2024-02-14,S003,Ahmedabad,P0007,Bun,Bakery,59,314,0,0,0,Wednesday,2,1,0
2024-02-15,S003,Ahmedabad,P0007,Bun,Bakery,55,298.3,5,0,0,Thursday,2,1,0
2024-02-23,S003,Ahmedabad,P0007,Bun,Bakery,55,266.9,15,0,0,Friday,2,1,0
2024-01-04,S004,Surat,P0004,Cheese,Dairy,68,41.4,10,0,0,Thursday,1,1,0
2024-01-11,S004,Surat,P0004,Cheese,Dairy,72,46,0,0,0,Thursday,1,1,0
2024-01-13,S004,Surat,P0004,Cheese,Dairy,96,46,0,0,0,Saturday,1,1,1
2024-01-14,S004,Surat,P0004,Cheese,Dairy,92,41.4,10,0,0,Sunday,1,1,1
2024-01-15,S004,Surat,P0004,Cheese,Dairy,84,41.4,10,1,0,Monday,1,1,0
2024-01-19,S004,Surat,P0004,Cheese,Dairy,64,46,0,0,0,Friday,1,1,0
2024-01-24,S004,Surat,P0004,Cheese,Dairy,58,46,0,0,0,Wednesday,1,1,0
2024-01-25,S004,Surat,P0004,Cheese,Dairy,79,46,0,0,0,Thursday,1,1,0
2024-01-30,S004,Surat,P0004,Cheese,Dairy,74,46,0,0,0,Tuesday,1,1,0
2024-02-18,S004,Surat,P0004,Cheese,Dairy,64,46,0,0,0,Sunday,2,1,1
2024-02-19,S004,Surat,P0004,Cheese,Dairy,66,46,0,0,0,Monday,2,1,0
2024-02-20,S004,Surat,P0004,Cheese,Dairy,55,46,0,0,0,Tuesday,2,1,0
2024-02-22,S004,Surat,P0004,Cheese,Dairy,65,46,0,0,0,Thursday,2,1,0
2024-01-04,S002,Pune,P0019,Biscuits,Snacks,46,138.6,10,0,0,Thursday,1,1,0
2024-01-09,S002,Pune,P0019,Biscuits,Snacks,47,146.3,5,0,0,Tuesday,1,1,0
2024-01-11,S002,Pune,P0019,Biscuits,Snacks,47,154,0,0,0,Thursday,1,1,0
2024-01-18,S002,Pune,P0019,Biscuits,Snacks,49,154,0,0,0,Thursday,1,1,0
2024-01-19,S002,Pune,P0019,Biscuits,Snacks,48,154,0,0,0,Friday,1,1,0
2024-01-20,S002,Pune,P0019,Biscuits,Snacks,53,154,0,0,0,Saturday,1,1,1
2024-01-25,S002,Pune,P0019,Biscuits,Snacks,37,154,0,0,0,Thursday,1,1,0
2024-01-29,S002,Pune,P0019,Biscuits,Snacks,41,154,0,0,0,Monday,1,1,0
2024-02-03,S002,Pune,P0019,Biscuits,Snacks,53,138.6,10,0,0,Saturday,2,1,1
2024-02-05,S002,Pune,P0019,Biscuits,Snacks,39,154,0,0,0,Monday,2,1,0
2024-02-09,S002,Pune,P0019,Biscuits,Snacks,45,138.6,10,0,0,Friday,2,1,0
2024-02-12,S002,Pune,P0019,Biscuits,Snacks,44,154,0,0,0,Monday,2,1,0
2024-02-16,S002,Pune,P0019,Biscuits,Snacks,46,154,0,0,0,Friday,2,1,0
2024-02-21,S002,Pune,P0019,Biscuits,Snacks,41,146.3,5,0,0,Wednesday,2,1,0
2024-02-23,S002,Pune,P0019,Biscuits,Snacks,29,154,0,0,0,Friday,2,1,0
2024-01-04,S006,Hyderabad,P0019,Biscuits,Snacks,34,154,0,0,0,Thursday,1,1,0
2024-01-08,S006,Hyderabad,P0019,Biscuits,Snacks,31,154,0,0,0,Monday,1,1,0
2024-01-09,S006,Hyderabad,P0019,Biscuits,Snacks,46,154,0,0,0,Tuesday,1,1,0
2024-01-10,S006,Hyderabad,P0019,Biscuits,Snacks,49,154,0,0,0,Wednesday,1,1,0
2024-01-17,S006,Hyderabad,P0019,Biscuits,Snacks,38,154,0,0,0,Wednesday,1,1,0
2024-01-26,S006,Hyderabad,P0019,Biscuits,Snacks,41,138.6,10,0,0,Friday,1,1,0
2024-01-29,S006,Hyderabad,P0019,Biscuits,Snacks,49,130.9,15,0,0,Monday,1,1,0
2024-02-01,S006,Hyderabad,P0019,Biscuits,Snacks,40,138.6,10,0,0,Thursday,2,1,0
2024-02-03,S006,Hyderabad,P0019,Biscuits,Snacks,55,154,0,0,0,Saturday,2,1,1
2024-02-06,S006,Hyderabad,P0019,Biscuits,Snacks,45,138.6,10,0,0,Tuesday,2,1,0
2024-02-07,S006,Hyderabad,P0019,Biscuits,Snacks,57,146.3,5,0,0,Wednesday,2,1,0
2024-01-04,S007,Delhi,P0032,Dishwash,Cleaning,58,71,0,0,0,Thursday,1,1,0
2024-01-07,S007,Delhi,P0032,Dishwash,Cleaning,76,71,0,0,0,Sunday,1,1,1
2024-01-16,S007,Delhi,P0032,Dishwash,Cleaning,49,71,0,0,0,Tuesday,1,1,0
2024-01-28,S007,Delhi,P0032,Dishwash,Cleaning,69,71,0,1,0,Sunday,1,1,1
2024-02-01,S007,Delhi,P0032,Dishwash,Cleaning,38,71,0,0,0,Thursday,2,1,0
2024-02-07,S007,Delhi,P0032,Dishwash,Cleaning,52,63.9,10,0,0,Wednesday,2,1,0
2024-02-09,S007,Delhi,P0032,Dishwash,Cleaning,42,71,0,0,0,Friday,2,1,0
2024-02-11,S007,Delhi,P0032,Dishwash,Cleaning,71,71,0,0,0,Sunday,2,1,1
2024-02-18,S007,Delhi,P0032,Dishwash,Cleaning,60,60.35,15,0,0,Sunday,2,1,1
2024-02-20,S007,Delhi,P0032,Dishwash,Cleaning,52,67.45,5,0,0,Tuesday,2,1,0
2024-01-04,S003,Ahmedabad,P0021,Rice,Rice & Grains,33,29,0,0,0,Thursday,1,1,0
2024-01-15,S003,Ahmedabad,P0021,Rice,Rice & Grains,31,29,0,0,0,Monday,1,1,0
2024-01-17,S003,Ahmedabad,P0021,Rice,Rice & Grains,34,27.55,5,0,0,Wednesday,1,1,0
2024-01-25,S003,Ahmedabad,P0021,Rice,Rice & Grains,33,26.1,10,0,0,Thursday,1,1,0
2024-02-05,S003,Ahmedabad,P0021,Rice,Rice & Grains,34,29,0,0,0,Monday,2,1,0
2024-02-10,S003,Ahmedabad,P0021,Rice,Rice & Grains,30,29,0,0,0,Saturday,2,1,1
2024-02-16,S003,Ahmedabad,P0021,Rice,Rice & Grains,44,29,0,0,0,Friday,2,1,0
2024-02-23,S003,Ahmedabad,P0021,Rice,Rice & Grains,29,27.55,5,0,0,Friday,2,1,0
2024-01-04,S002,Pune,P0035,Phenyl,Cleaning,46,70,0,0,0,Thursday,1,1,0
2024-01-07,S002,Pune,P0035,Phenyl,Cleaning,55,66.5,5,0,0,Sunday,1,1,1
2024-01-17,S002,Pune,P0035,Phenyl,Cleaning,46,70,0,0,0,Wednesday,1,1,0
2024-01-18,S002,Pune,P0035,Phenyl,Cleaning,47,70,0,0,0,Thursday,1,1,0
2024-01-20,S002,Pune,P0035,Phenyl,Cleaning,90,70,0,1,0,Saturday,1,1,1
2024-01-21,S002,Pune,P0035,Phenyl,Cleaning,51,70,0,0,0,Sunday,1,1,1
2024-01-25,S002,Pune,P0035,Phenyl,Cleaning,65,63,10,0,0,Thursday,1,1,0
2024-01-27,S002,Pune,P0035,Phenyl,Cleaning,65,63,10,0,0,Saturday,1,1,1
2024-01-31,S002,Pune,P0035,Phenyl,Cleaning,50,70,0,0,0,Wednesday,1,1,0
2024-02-02,S002,Pune,P0035,Phenyl,Cleaning,55,70,0,0,0,Friday,2,1,0
2024-02-12,S002,Pune,P0035,Phenyl,Cleaning,60,70,0,0,0,Monday,2,1,0
2024-02-14,S002,Pune,P0035,Phenyl,Cleaning,63,70,0,0,0,Wednesday,2,1,0
2024-02-16,S002,Pune,P0035,Phenyl,Cleaning,52,70,0,0,0,Friday,2,1,0
2024-02-22,S002,Pune,P0035,Phenyl,Cleaning,51,70,0,0,0,Thursday,2,1,0
2024-01-04,S004,Surat,P0010,Rusk,Bakery,43,117.8,5,0,0,Thursday,1,1,0
2024-01-05,S004,Surat,P0010,Rusk,Bakery,39,117.8,5,0,0,Friday,1,1,0
2024-01-06,S004,Surat,P0010,Rusk,Bakery,47,124,0,0,0,Saturday,1,1,1
2024-01-08,S004,Surat,P0010,Rusk,Bakery,52,124,0,0,0,Monday,1,1,0
2024-01-18,S004,Surat,P0010,Rusk,Bakery,40,124,0,0,0,Thursday,1,1,0
2024-01-25,S004,Surat,P0010,Rusk,Bakery,50,111.6,10,0,0,Thursday,1,1,0
2024-01-27,S004,Surat,P0010,Rusk,Bakery,55,124,0,0,0,Saturday,1,1,1
2024-01-28,S004,Surat,P0010,Rusk,Bakery,48,124,0,0,0,Sunday,1,1,1
2024-01-29,S004,Surat,P0010,Rusk,Bakery,38,124,0,0,0,Monday,1,1,0
2024-02-02,S004,Surat,P0010,Rusk,Bakery,33,124,0,0,0,Friday,2,1,0
2024-02-11,S004,Surat,P0010,Rusk,Bakery,45,124,0,0,0,Sunday,2,1,1
2024-02-17,S004,Surat,P0010,Rusk,Bakery,56,111.6,10,1,0,Saturday,2,1,1
2024-02-19,S004,Surat,P0010,Rusk,Bakery,36,124,0,0,0,Monday,2,1,0
2024-01-04,S009,Chennai,P0039,Mango,Fruits,38,186.2,5,0,0,Thursday,1,1,0
2024-01-06,S009,Chennai,P0039,Mango,Fruits,48,186.2,5,0,0,Saturday,1,1,1
2024-01-07,S009,Chennai,P0039,Mango,Fruits,54,196,0,0,0,Sunday,1,1,1
2024-01-11,S009,Chennai,P0039,Mango,Fruits,37,196,0,0,0,Thursday,1,1,0
2024-01-15,S009,Chennai,P0039,Mango,Fruits,41,196,0,1,0,Monday,1,1,0
2024-01-17,S009,Chennai,P0039,Mango,Fruits,39,196,0,0,0,Wednesday,1,1,0
2024-01-20,S009,Chennai,P0039,Mango,Fruits,47,166.6,15,0,0,Saturday,1,1,1
2024-01-21,S009,Chennai,P0039,Mango,Fruits,43,196,0,0,0,Sunday,1,1,1
2024-01-25,S009,Chennai,P0039,Mango,Fruits,42,176.4,10,0,0,Thursday,1,1,0
2024-01-29,S009,Chennai,P0039,Mango,Fruits,27,176.4,10,0,0,Monday,1,1,0
2024-02-04,S009,Chennai,P0039,Mango,Fruits,40,196,0,0,0,Sunday,2,1,1
2024-02-12,S009,Chennai,P0039,Mango,Fruits,46,196,0,0,0,Monday,2,1,0
2024-02-17,S009,Chennai,P0039,Mango,Fruits,47,196,0,0,0,Saturday,2,1,1
2024-02-18,S009,Chennai,P0039,Mango,Fruits,55,196,0,0,0,Sunday,2,1,1
2024-02-20,S009,Chennai,P0039,Mango,Fruits,34,196,0,0,0,Tuesday,2,1,0
2024-01-04,S005,Bengaluru,P0032,Dishwash,Cleaning,60,71,0,0,0,Thursday,1,1,0
2024-01-10,S005,Bengaluru,P0032,Dishwash,Cleaning,44,71,0,0,0,Wednesday,1,1,0
2024-01-14,S005,Bengaluru,P0032,Dishwash,Cleaning,70,71,0,0,0,Sunday,1,1,1
2024-01-16,S005,Bengaluru,P0032,Dishwash,Cleaning,53,63.9,10,0,0,Tuesday,1,1,0
2024-01-22,S005,Bengaluru,P0032,Dishwash,Cleaning,58,71,0,0,0,Monday,1,1,0
2024-01-24,S005,Bengaluru,P0032,Dishwash,Cleaning,66,63.9,10,0,0,Wednesday,1,1,0
2024-01-28,S005,Bengaluru,P0032,Dishwash,Cleaning,69,71,0,0,0,Sunday,1,1,1
2024-01-29,S005,Bengaluru,P0032,Dishwash,Cleaning,64,71,0,0,0,Monday,1,1,0
2024-01-30,S005,Bengaluru,P0032,Dishwash,Cleaning,46,71,0,0,0,Tuesday,1,1,0
2024-01-31,S005,Bengaluru,P0032,Dishwash,Cleaning,55,67.45,5,0,0,Wednesday,1,1,0
2024-02-01,S005,Bengaluru,P0032,Dishwash,Cleaning,48,71,0,0,0,Thursday,2,1,0
2024-02-04,S005,Bengaluru,P0032,Dishwash,Cleaning,91,56.8,20,0,0,Sunday,2,1,1
2024-02-06,S005,Bengaluru,P0032,Dishwash,Cleaning,57,63.9,10,0,0,Tuesday,2,1,0
2024-02-12,S005,Bengaluru,P0032,Dishwash,Cleaning,73,71,0,1,0,Monday,2,1,0
2024-02-17,S005,Bengaluru,P0032,Dishwash,Cleaning,66,71,0,0,0,Saturday,2,1,1
2024-02-18,S005,Bengaluru,P0032,Dishwash,Cleaning,53,71,0,0,0,Sunday,2,1,1
2024-02-20,S005,Bengaluru,P0032,Dishwash,Cleaning,55,63.9,10,0,0,Tuesday,2,1,0
2024-02-23,S005,Bengaluru,P0032,Dishwash,Cleaning,50,71,0,0,0,Friday,2,1,0
2024-01-04,S009,Chennai,P0004,Cheese,Dairy,51,46,0,0,0,Thursday,1,1,0
2024-01-06,S009,Chennai,P0004,Cheese,Dairy,55,46,0,0,0,Saturday,1,1,1
2024-01-07,S009,Chennai,P0004,Cheese,Dairy,63,41.4,10,0,0,Sunday,1,1,1
2024-01-10,S009,Chennai,P0004,Cheese,Dairy,51,46,0,0,0,Wednesday,1,1,0
2024-01-13,S009,Chennai,P0004,Cheese,Dairy,44,46,0,0,0,Saturday,1,1,1
2024-01-14,S009,Chennai,P0004,Cheese,Dairy,42,46,0,0,0,Sunday,1,1,1
2024-01-15,S009,Chennai,P0004,Cheese,Dairy,44,46,0,0,0,Monday,1,1,0
2024-01-19,S009,Chennai,P0004,Cheese,Dairy,60,36.8,20,1,0,Friday,1,1,0
2024-01-30,S009,Chennai,P0004,Cheese,Dairy,42,46,0,0,0,Tuesday,1,1,0
2024-02-02,S009,Chennai,P0004,Cheese,Dairy,51,46,0,0,0,Friday,2,1,0
2024-02-07,S009,Chennai,P0004,Cheese,Dairy,53,46,0,0,0,Wednesday,2,1,0
2024-02-10,S009,Chennai,P0004,Cheese,Dairy,47,46,0,0,0,Saturday,2,1,1
2024-02-22,S009,Chennai,P0004,Cheese,Dairy,50,46,0,1,0,Thursday,2,1,0
2024-01-04,S010,Kolkata,P0044,Carrot,Vegetables,31,121,0,0,0,Thursday,1,1,0
2024-01-09,S010,Kolkata,P0044,Carrot,Vegetables,31,96.8,20,0,0,Tuesday,1,1,0
2024-01-14,S010,Kolkata,P0044,Carrot,Vegetables,39,121,0,0,0,Sunday,1,1,1
2024-01-15,S010,Kolkata,P0044,Carrot,Vegetables,33,121,0,0,0,Monday,1,1,0
2024-01-18,S010,Kolkata,P0044,Carrot,Vegetables,39,114.95,5,0,0,Thursday,1,1,0
2024-01-21,S010,Kolkata,P0044,Carrot,Vegetables,41,121,0,0,0,Sunday,1,1,1
2024-01-23,S010,Kolkata,P0044,Carrot,Vegetables,35,121,0,0,0,Tuesday,1,1,0
2024-01-26,S010,Kolkata,P0044,Carrot,Vegetables,30,121,0,0,0,Friday,1,1,0
2024-02-04,S010,Kolkata,P0044,Carrot,Vegetables,43,121,0,0,0,Sunday,2,1,1
2024-02-05,S010,Kolkata,P0044,Carrot,Vegetables,30,114.95,5,0,0,Monday,2,1,0
2024-02-13,S010,Kolkata,P0044,Carrot,Vegetables,29,121,0,0,0,Tuesday,2,1,0
2024-02-17,S010,Kolkata,P0044,Carrot,Vegetables,43,121,0,0,0,Saturday,2,1,1
