prediction-service/data/retail_forecasting_dataset_50000.csv
date_purchased,store_id,city,product_id,product_name,category,quantity_sold,unit_price,discount_pct,promotion_flag,holiday_flag,day_of_week,month,quarter,is_weekend
2024-01-04,S010,Kolkata,P0026,Soap,Personal Care,24,83,0,1,0,Thursday,1,1,0
2024-01-15,S010,Kolkata,P0026,Soap,Personal Care,25,74.7,10,0,0,Monday,1,1,0
2024-01-16,S010,Kolkata,P0026,Soap,Personal Care,26,66.4,20,1,0,Tuesday,1,1,0
2024-01-20,S010,Kolkata,P0026,Soap,Personal Care,29,83,0,0,0,Saturday,1,1,1
2024-01-22,S010,Kolkata,P0026,Soap,Personal Care,21,83,0,0,0,Monday,1,1,0
2024-01-26,S010,Kolkata,P0026,Soap,Personal Care,21,83,0,0,0,Friday,1,1,0
2024-01-30,S010,Kolkata,P0026,Soap,Personal Care,27,83,0,0,0,Tuesday,1,1,0
2024-01-31,S010,Kolkata,P0026,Soap,Personal Care,22,83,0,0,0,Wednesday,1,1,0
2024-02-06,S010,Kolkata,P0026,Soap,Personal Care,28,83,0,0,0,Tuesday,2,1,0
2024-02-11,S010,Kolkata,P0026,Soap,Personal Care,33,83,0,0,0,Sunday,2,1,1
2024-02-12,S010,Kolkata,P0026,Soap,Personal Care,25,74.7,10,0,0,Monday,2,1,0
2024-02-15,S010,Kolkata,P0026,Soap,Personal Care,29,74.7,10,0,0,Thursday,2,1,0
2024-02-21,S010,Kolkata,P0026,Soap,Personal Care,22,83,0,0,0,Wednesday,2,1,0
2024-01-04,S002,Pune,P0005,Paneer,Dairy,26,231,0,0,0,Thursday,1,1,0
2024-01-05,S002,Pune,P0005,Paneer,Dairy,27,231,0,0,0,Friday,1,1,0
2024-01-09,S002,Pune,P0005,Paneer,Dairy,39,231,0,0,0,Tuesday,1,1,0
2024-01-10,S002,Pune,P0005,Paneer,Dairy,36,231,0,0,0,Wednesday,1,1,0
2024-01-16,S002,Pune,P0005,Paneer,Dairy,30,231,0,0,0,Tuesday,1,1,0
2024-01-22,S002,Pune,P0005,Paneer,Dairy,31,231,0,0,0,Monday,1,1,0
2024-02-01,S002,Pune,P0005,Paneer,Dairy,26,231,0,0,0,Thursday,2,1,0
2024-02-05,S002,Pune,P0005,Paneer,Dairy,35,231,0,1,0,Monday,2,1,0
2024-02-20,S002,Pune,P0005,Paneer,Dairy,39,207.9,10,0,0,Tuesday,2,1,0
2024-01-04,S005,Bengaluru,P0041,Potato,Vegetables,33,233,0,0,0,Thursday,1,1,0
2024-01-12,S005,Bengaluru,P0041,Potato,Vegetables,23,233,0,0,0,Friday,1,1,0
2024-01-22,S005,Bengaluru,P0041,Potato,Vegetables,26,233,0,0,0,Monday,1,1,0
2024-01-26,S005,Bengaluru,P0041,Potato,Vegetables,33,221.35,5,0,0,Friday,1,1,0
2024-02-02,S005,Bengaluru,P0041,Potato,Vegetables,29,233,0,0,0,Friday,2,1,0
2024-02-03,S005,Bengaluru,P0041,Potato,Vegetables,39,198.05,15,0,0,Saturday,2,1,1
2024-02-07,S005,Bengaluru,P0041,Potato,Vegetables,26,233,0,0,0,Wednesday,2,1,0
2024-02-11,S005,Bengaluru,P0041,Potato,Vegetables,31,198.05,15,0,0,Sunday,2,1,1
2024-02-19,S005,Bengaluru,P0041,Potato,Vegetables,35,233,0,1,0,Monday,2,1,0
2024-01-04,S002,Pune,P0030,Lotion,Personal Care,64,41.65,15,0,0,Thursday,1,1,0
2024-01-06,S002,Pune,P0030,Lotion,Personal Care,76,49,0,0,0,Saturday,1,1,1
2024-01-13,S002,Pune,P0030,Lotion,Personal Care,89,41.65,15,0,0,Saturday,1,1,1
2024-01-14,S002,Pune,P0030,Lotion,Personal Care,73,44.1,10,0,0,Sunday,1,1,1
2024-01-21,S002,Pune,P0030,Lotion,Personal Care,85,44.1,10,0,0,Sunday,1,1,1
2024-01-29,S002,Pune,P0030,Lotion,Personal Care,62,49,0,0,0,Monday,1,1,0
2024-01-31,S002,Pune,P0030,Lotion,Personal Care,55,49,0,0,0,Wednesday,1,1,0
2024-02-04,S002,Pune,P0030,Lotion,Personal Care,62,49,0,0,0,Sunday,2,1,1
2024-02-09,S002,Pune,P0030,Lotion,Personal Care,81,49,0,1,0,Friday,2,1,0
2024-02-17,S002,Pune,P0030,Lotion,Personal Care,88,49,0,1,0,Saturday,2,1,1
2024-02-23,S002,Pune,P0030,Lotion,Personal Care,56,49,0,0,0,Friday,2,1,0
2024-01-04,S008,Jaipur,P0039,Mango,Fruits,48,196,0,0,0,Thursday,1,1,0
2024-01-13,S008,Jaipur,P0039,Mango,Fruits,66,196,0,1,0,Saturday,1,1,1
2024-01-23,S008,Jaipur,P0039,Mango,Fruits,38,186.2,5,0,0,Tuesday,1,1,0
2024-02-04,S008,Jaipur,P0039,Mango,Fruits,54,186.2,5,0,0,Sunday,2,1,1
2024-02-07,S008,Jaipur,P0039,Mango,Fruits,44,196,0,0,0,Wednesday,2,1,0
2024-02-12,S008,Jaipur,P0039,Mango,Fruits,58,176.4,10,1,0,Monday,2,1,0
2024-02-13,S008,Jaipur,P0039,Mango,Fruits,46,196,0,0,0,Tuesday,2,1,0
2024-02-14,S008,Jaipur,P0039,Mango,Fruits,38,196,0,0,0,Wednesday,2,1,0
2024-02-22,S008,Jaipur,P0039,Mango,Fruits,44,196,0,1,0,Thursday,2,1,0
2024-01-04,S001,Mumbai,P0011,Tea,Beverages,45,245,0,0,0,Thursday,1,1,0
2024-01-05,S001,Mumbai,P0011,Tea,Beverages,40,245,0,0,0,Friday,1,1,0
2024-01-10,S001,Mumbai,P0011,Tea,Beverages,42,245,0,0,0,Wednesday,1,1,0
2024-01-13,S001,Mumbai,P0011,Tea,Beverages,45,245,0,0,0,Saturday,1,1,1
2024-01-14,S001,Mumbai,P0011,Tea,Beverages,62,208.25,15,0,0,Sunday,1,1,1
2024-01-16,S001,Mumbai,P0011,Tea,Beverages,38,245,0,0,0,Tuesday,1,1,0
2024-02-01,S001,Mumbai,P0011,Tea,Beverages,41,245,0,0,0,Thursday,2,1,0
2024-02-11,S001,Mumbai,P0011,Tea,Beverages,62,208.25,15,0,0,Sunday,2,1,1
2024-02-14,S001,Mumbai,P0011,Tea,Beverages,47,232.75,5,0,0,Wednesday,2,1,0
2024-02-17,S001,Mumbai,P0011,Tea,Beverages,51,245,0,0,0,Saturday,2,1,1
2024-02-18,S001,Mumbai,P0011,Tea,Beverages,62,245,0,0,0,Sunday,2,1,1
2024-02-20,S001,Mumbai,P0011,Tea,Beverages,37,245,0,0,0,Tuesday,2,1,0
2024-01-04,S004,Surat,P0044,Carrot,Vegetables,43,121,0,0,0,Thursday,1,1,0
2024-01-05,S004,Surat,P0044,Carrot,Vegetables,33,114.95,5,0,0,Friday,1,1,0
2024-01-22,S004,Surat,P0044,Carrot,Vegetables,34,114.95,5,0,0,Monday,1,1,0
2024-01-31,S004,Surat,P0044,Carrot,Vegetables,41,121,0,0,0,Wednesday,1,1,0
2024-02-08,S004,Surat,P0044,Carrot,Vegetables,40,121,0,0,0,Thursday,2,1,0
2024-02-11,S004,Surat,P0044,Carrot,Vegetables,54,96.8,20,0,0,Sunday,2,1,1
2024-02-15,S004,Surat,P0044,Carrot,Vegetables,40,108.9,10,0,0,Thursday,2,1,0
2024-02-19,S004,Surat,P0044,Carrot,Vegetables,35,121,0,0,0,Monday,2,1,0
2024-01-04,S009,Chennai,P0050,Frozen Fries,Frozen,31,219,0,0,0,Thursday,1,1,0
2024-01-10,S009,Chennai,P0050,Frozen Fries,Frozen,31,197.1,10,0,0,Wednesday,1,1,0
2024-01-15,S009,Chennai,P0050,Frozen Fries,Frozen,30,219,0,0,0,Monday,1,1,0
2024-01-19,S009,Chennai,P0050,Frozen Fries,Frozen,28,197.1,10,0,0,Friday,1,1,0
2024-01-21,S009,Chennai,P0050,Frozen Fries,Frozen,40,219,0,0,0,Sunday,1,1,1
2024-01-22,S009,Chennai,P0050,Frozen Fries,Frozen,40,219,0,0,0,Monday,1,1,0
2024-01-24,S009,Chennai,P0050,Frozen Fries,Frozen,32,197.1,10,0,0,Wednesday,1,1,0
2024-02-01,S009,Chennai,P0050,Frozen Fries,Frozen,28,219,0,0,0,Thursday,2,1,0
2024-02-05,S009,Chennai,P0050,Frozen Fries,Frozen,37,208.05,5,1,0,Monday,2,1,0
2024-02-09,S009,Chennai,P0050,Frozen Fries,Frozen,27,208.05,5,0,0,Friday,2,1,0
2024-02-10,S009,Chennai,P0050,Frozen Fries,Frozen,32,219,0,0,0,Saturday,2,1,1
2024-02-18,S009,Chennai,P0050,Frozen Fries,Frozen,39,186.15,15,0,0,Sunday,2,1,1
2024-02-21,S009,Chennai,P0050,Frozen Fries,Frozen,31,219,0,0,0,Wednesday,2,1,0
2024-01-04,S003,Ahmedabad,P0034,Toilet Cleaner,Cleaning,42,195,0,0,0,Thursday,1,1,0
2024-01-05,S003,Ahmedabad,P0034,Toilet Cleaner,Cleaning,52,195,0,0,0,Friday,1,1,0
2024-01-06,S003,Ahmedabad,P0034,Toilet Cleaner,Cleaning,78,195,0,0,0,Saturday,1,1,1
2024-01-17,S003,Ahmedabad,P0034,Toilet Cleaner,Cleaning,43,195,0,0,0,Wednesday,1,1,0
2024-01-26,S003,Ahmedabad,P0034,Toilet Cleaner,Cleaning,64,195,0,1,0,Friday,1,1,0
2024-01-27,S003,Ahmedabad,P0034,Toilet Cleaner,Cleaning,79,195,0,0,0,Saturday,1,1,1
2024-01-28,S003,Ahmedabad,P0034,Toilet Cleaner,Cleaning,81,195,0,0,0,Sunday,1,1,1
2024-01-30,S003,Ahmedabad,P0034,Toilet Cleaner,Cleaning,64,195,0,1,0,Tuesday,1,1,0
2024-02-05,S003,Ahmedabad,P0034,Toilet Cleaner,Cleaning,54,175.5,10,0,0,Monday,2,1,0
2024-02-07,S003,Ahmedabad,P0034,Toilet Cleaner,Cleaning,51,165.75,15,0,0,Wednesday,2,1,0
2024-02-09,S003,Ahmedabad,P0034,Toilet Cleaner,Cleaning,57,175.5,10,0,0,Friday,2,1,0
2024-02-12,S003,Ahmedabad,P0034,Toilet Cleaner,Cleaning,50,195,0,0,0,Monday,2,1,0
2024-02-13,S003,Ahmedabad,P0034,Toilet Cleaner,Cleaning,54,156,20,0,0,Tuesday,2,1,0
2024-02-14,S003,Ahmedabad,P0034,Toilet Cleaner,Cleaning,54,195,0,0,0,Wednesday,2,1,0
2024-02-22,S003,Ahmedabad,P0034,Toilet Cleaner,Cleaning,42,195,0,0,0,Thursday,2,1,0
2024-01-05,S006,Hyderabad,P0018,Popcorn,Snacks,50,206.55,15,0,0,Friday,1,1,0
2024-01-06,S006,Hyderabad,P0018,Popcorn,Snacks,51,243,0,0,0,Saturday,1,1,1
2024-01-07,S006,Hyderabad,P0018,Popcorn,Snacks,65,243,0,0,0,Sunday,1,1,1
2024-01-13,S006,Hyderabad,P0018,Popcorn,Snacks,40,243,0,0,0,Saturday,1,1,1
2024-01-22,S006,Hyderabad,P0018,Popcorn,Snacks,49,243,0,0,0,Monday,1,1,0
2024-02-12,S006,Hyderabad,P0018,Popcorn,Snacks,41,243,0,0,0,Monday,2,1,0
2024-02-16,S006,Hyderabad,P0018,Popcorn,Snacks,46,218.7,10,0,0,Friday,2,1,0
2024-02-18,S006,Hyderabad,P0018,Popcorn,Snacks,62,243,0,0,0,Sunday,2,1,1
2024-02-23,S006,Hyderabad,P0018,Popcorn,Snacks,34,243,0,0,0,Friday,2,1,0
2024-01-05,S001,Mumbai,P0042,Onion,Vegetables,38,153,15,0,0,Friday,1,1,0
2024-01-08,S001,Mumbai,P0042,Onion,Vegetables,34,162,10,0,0,Monday,1,1,0
2024-01-30,S001,Mumbai,P0042,Onion,Vegetables,41,180,0,0,0,Tuesday,1,1,0
2024-01-31,S001,Mumbai,P0042,Onion,Vegetables,43,180,0,0,0,Wednesday,1,1,0
2024-02-10,S001,Mumbai,P0042,Onion,Vegetables,49,180,0,0,0,Saturday,2,1,1
2024-02-16,S001,Mumbai,P0042,Onion,Vegetables,38,180,0,0,0,Friday,2,1,0
2024-02-17,S001,Mumbai,P0042,Onion,Vegetables,35,180,0,0,0,Saturday,2,1,1
2024-02-18,S001,Mumbai,P0042,Onion,Vegetables,42,180,0,0,0,Sunday,2,1,1
2024-02-20,S001,Mumbai,P0042,Onion,Vegetables,33,180,0,0,0,Tuesday,2,1,0
2024-02-23,S001,Mumbai,P0042,Onion,Vegetables,38,171,5,0,0,Friday,2,1,0
2024-01-05,S003,Ahmedabad,P0047,Frozen Peas,Frozen,35,209,0,0,0,Friday,1,1,0
2024-01-16,S003,Ahmedabad,P0047,Frozen Peas,Frozen,27,209,0,0,0,Tuesday,1,1,0
2024-01-20,S003,Ahmedabad,P0047,Frozen Peas,Frozen,47,188.1,10,0,0,Saturday,1,1,1
2024-01-22,S003,Ahmedabad,P0047,Frozen Peas,Frozen,33,209,0,0,0,Monday,1,1,0
2024-01-23,S003,Ahmedabad,P0047,Frozen Peas,Frozen,25,209,0,0,0,Tuesday,1,1,0
2024-01-24,S003,Ahmedabad,P0047,Frozen Peas,Frozen,37,209,0,0,0,Wednesday,1,1,0
2024-01-25,S003,Ahmedabad,P0047,Frozen Peas,Frozen,32,209,0,0,0,Thursday,1,1,0
2024-01-28,S003,Ahmedabad,P0047,Frozen Peas,Frozen,41,209,0,0,0,Sunday,1,1,1
2024-02-04,S003,Ahmedabad,P0047,Frozen Peas,Frozen,32,198.55,5,0,0,Sunday,2,1,1
2024-02-14,S003,Ahmedabad,P0047,Frozen Peas,Frozen,34,198.55,5,0,0,Wednesday,2,1,0
2024-02-15,S003,Ahmedabad,P0047,Frozen Peas,Frozen,38,209,0,0,0,Thursday,2,1,0
2024-01-05,S006,Hyderabad,P0044,Carrot,Vegetables,39,121,0,0,0,Friday,1,1,0
2024-01-06,S006,Hyderabad,P0044,Carrot,Vegetables,57,96.8,20,0,0,Saturday,1,1,1
2024-01-11,S006,Hyderabad,P0044,Carrot,Vegetables,34,121,0,0,0,Thursday,1,1,0
2024-01-14,S006,Hyderabad,P0044,Carrot,Vegetables,52,121,0,0,0,Sunday,1,1,1
2024-01-17,S006,Hyderabad,P0044,Carrot,Vegetables,37,121,0,0,0,Wednesday,1,1,0
2024-01-22,S006,Hyderabad,P0044,Carrot,Vegetables,39,121,0,0,0,Monday,1,1,0
2024-01-31,S006,Hyderabad,P0044,Carrot,Vegetables,32,121,0,0,0,Wednesday,1,1,0
2024-02-02,S006,Hyderabad,P0044,Carrot,Vegetables,42,114.95,5,0,0,Friday,2,1,0
2024-02-04,S006,Hyderabad,P0044,Carrot,Vegetables,60,121,0,1,0,Sunday,2,1,1
2024-02-08,S006,Hyderabad,P0044,Carrot,Vegetables,39,121,0,0,0,Thursday,2,1,0
2024-02-10,S006,Hyderabad,P0044,Carrot,Vegetables,44,121,0,0,0,Saturday,2,1,1
2024-02-12,S006,Hyderabad,P0044,Carrot,Vegetables,39,121,0,0,0,Monday,2,1,0
2024-02-22,S006,Hyderabad,P0044,Carrot,Vegetables,33,121,0,0,0,Thursday,2,1,0
2024-01-05,S010,Kolkata,P0043,Tomato,Vegetables,27,181,0,0,0,Friday,1,1,0
2024-01-07,S010,Kolkata,P0043,Tomato,Vegetables,45,153.85,15,0,0,Sunday,1,1,1
2024-01-14,S010,Kolkata,P0043,Tomato,Vegetables,32,181,0,0,0,Sunday,1,1,1
2024-01-15,S010,Kolkata,P0043,Tomato,Vegetables,32,181,0,0,0,Monday,1,1,0
2024-01-20,S010,Kolkata,P0043,Tomato,Vegetables,37,181,0,0,0,Saturday,1,1,1
2024-01-21,S010,Kolkata,P0043,Tomato,Vegetables,32,181,0,0,0,Sunday,1,1,1
2024-01-23,S010,Kolkata,P0043,Tomato,Vegetables,34,162.9,10,0,0,Tuesday,1,1,0
2024-01-29,S010,Kolkata,P0043,Tomato,Vegetables,34,181,0,0,0,Monday,1,1,0
2024-02-01,S010,Kolkata,P0043,Tomato,Vegetables,26,181,0,0,0,Thursday,2,1,0
2024-02-11,S010,Kolkata,P0043,Tomato,Vegetables,44,181,0,0,0,Sunday,2,1,1
2024-02-18,S010,Kolkata,P0043,Tomato,Vegetables,39,181,0,0,0,Sunday,2,1,1
2024-02-19,S010,Kolkata,P0043,Tomato,Vegetables,31,181,0,0,0,Monday,2,1,0
2024-02-22,S010,Kolkata,P0043,Tomato,Vegetables,29,181,0,0,0,Thursday,2,1,0
2024-02-23,S010,Kolkata,P0043,Tomato,Vegetables,30,181,0,0,0,Friday,2,1,0
2024-01-05,S005,Bengaluru,P0015,Water,Beverages,36,184.5,10,0,0,Friday,1,1,0
2024-01-19,S005,Bengaluru,P0015,Water,Beverages,25,205,0,0,0,Friday,1,1,0
2024-01-24,S005,Bengaluru,P0015,Water,Beverages,35,205,0,0,0,Wednesday,1,1,0
2024-01-30,S005,Bengaluru,P0015,Water,Beverages,37,205,0,0,0,Tuesday,1,1,0
2024-02-10,S005,Bengaluru,P0015,Water,Beverages,37,205,0,0,0,Saturday,2,1,1
2024-02-11,S005,Bengaluru,P0015,Water,Beverages,35,194.75,5,0,0,Sunday,2,1,1
2024-02-21,S005,Bengaluru,P0015,Water,Beverages,28,205,0,0,0,Wednesday,2,1,0
2024-02-22,S005,Bengaluru,P0015,Water,Beverages,36,184.5,10,0,0,Thursday,2,1,0
2024-02-23,S005,Bengaluru,P0015,Water,Beverages,30,205,0,0,0,Friday,2,1,0
2024-01-05,S003,Ahmedabad,P0035,Phenyl,Cleaning,38,70,0,0,0,Friday,1,1,0
2024-01-18,S003,Ahmedabad,P0035,Phenyl,Cleaning,46,70,0,0,0,Thursday,1,1,0
2024-01-22,S003,Ahmedabad,P0035,Phenyl,Cleaning,69,66.5,5,1,0,Monday,1,1,0
2024-01-31,S003,Ahmedabad,P0035,Phenyl,Cleaning,70,59.5,15,1,0,Wednesday,1,1,0
2024-02-01,S003,Ahmedabad,P0035,Phenyl,Cleaning,53,70,0,0,0,Thursday,2,1,0
2024-02-02,S003,Ahmedabad,P0035,Phenyl,Cleaning,45,70,0,0,0,Friday,2,1,0
2024-02-07,S003,Ahmedabad,P0035,Phenyl,Cleaning,54,63,10,0,0,Wednesday,2,1,0
2024-02-10,S003,Ahmedabad,P0035,Phenyl,Cleaning,54,70,0,0,0,Saturday,2,1,1
2024-02-18,S003,Ahmedabad,P0035,Phenyl,Cleaning,65,63,10,0,0,Sunday,2,1,1
2024-01-05,S005,Bengaluru,P0006,Bread,Bakery,26,219.45,5,0,0,Friday,1,1,0
2024-01-25,S005,Bengaluru,P0006,Bread,Bakery,24,231,0,0,0,Thursday,1,1,0
2024-01-26,S005,Bengaluru,P0006,Bread,Bakery,23,231,0,0,0,Friday,1,1,0
2024-02-03,S005,Bengaluru,P0006,Bread,Bakery,39,219.45,5,0,0,Saturday,2,1,1
2024-02-09,S005,Bengaluru,P0006,Bread,Bakery,26,231,0,0,0,Friday,2,1,0
2024-02-17,S005,Bengaluru,P0006,Bread,Bakery,30,231,0,0,0,Saturday,2,1,1
2024-02-20,S005,Bengaluru,P0006,Bread,Bakery,26,231,0,0,0,Tuesday,2,1,0
2024-02-21,S005,Bengaluru,P0006,Bread,Bakery,27,231,0,0,0,Wednesday,2,1,0
2024-01-05,S004,Surat,P0036,Banana,Fruits,26,112,0,0,0,Friday,1,1,0
2024-01-10,S004,Surat,P0036,Banana,Fruits,32,106.4,5,0,0,Wednesday,1,1,0
2024-01-18,S004,Surat,P0036,Banana,Fruits,27,100.8,10,0,0,Thursday,1,1,0
2024-01-29,S004,Surat,P0036,Banana,Fruits,30,95.2,15,0,0,Monday,1,1,0
2024-01-31,S004,Surat,P0036,Banana,Fruits,29,112,0,0,0,Wednesday,1,1,0
2024-02-08,S004,Surat,P0036,Banana,Fruits,29,106.4,5,0,0,Thursday,2,1,0
2024-02-09,S004,Surat,P0036,Banana,Fruits,24,112,0,0,0,Friday,2,1,0
2024-02-13,S004,Surat,P0036,Banana,Fruits,33,95.2,15,1,0,Tuesday,2,1,0
2024-02-14,S004,Surat,P0036,Banana,Fruits,26,106.4,5,0,0,Wednesday,2,1,0
2024-02-18,S004,Surat,P0036,Banana,Fruits,31,106.4,5,0,0,Sunday,2,1,1
2024-02-19,S004,Surat,P0036,Banana,Fruits,31,112,0,0,0,Monday,2,1,0
2024-02-23,S004,Surat,P0036,Banana,Fruits,28,112,0,0,0,Friday,2,1,0
2024-01-05,S003,Ahmedabad,P0028,Toothpaste,Personal Care,39,31,0,0,0,Friday,1,1,0
2024-01-07,S003,Ahmedabad,P0028,Toothpaste,Personal Care,37,31,0,0,0,Sunday,1,1,1
2024-01-10,S003,Ahmedabad,P0028,Toothpaste,Personal Care,33,31,0,0,0,Wednesday,1,1,0
2024-01-13,S003,Ahmedabad,P0028,Toothpaste,Personal Care,40,27.9,10,0,0,Saturday,1,1,1
2024-01-15,S003,Ahmedabad,P0028,Toothpaste,Personal Care,39,31,0,0,0,Monday,1,1,0
2024-01-22,S003,Ahmedabad,P0028,Toothpaste,Personal Care,36,31,0,0,0,Monday,1,1,0
2024-01-26,S003,Ahmedabad,P0028,Toothpaste,Personal Care,43,31,0,0,0,Friday,1,1,0
2024-02-05,S003,Ahmedabad,P0028,Toothpaste,Personal Care,35,31,0,0,0,Monday,2,1,0
2024-02-09,S003,Ahmedabad,P0028,Toothpaste,Personal Care,43,29.45,5,0,0,Friday,2,1,0
2024-02-15,S003,Ahmedabad,P0028,Toothpaste,Personal Care,40,31,0,0,0,Thursday,2,1,0
2024-02-18,S003,Ahmedabad,P0028,Toothpaste,Personal Care,47,31,0,0,0,Sunday,2,1,1
2024-02-23,S003,Ahmedabad,P0028,Toothpaste,Personal Care,34,31,0,0,0,Friday,2,1,0
2024-01-05,S004,Surat,P0009,Cookies,Bakery,32,209,0,0,0,Friday,1,1,0
2024-01-22,S004,Surat,P0009,Cookies,Bakery,34,209,0,0,0,Monday,1,1,0
2024-01-26,S004,Surat,P0009,Cookies,Bakery,24,198.55,5,0,0,Friday,1,1,0
2024-02-04,S004,Surat,P0009,Cookies,Bakery,49,209,0,0,0,Sunday,2,1,1
2024-02-15,S004,Surat,P0009,Cookies,Bakery,36,209,0,0,0,Thursday,2,1,0
2024-02-17,S004,Surat,P0009,Cookies,Bakery,46,188.1,10,0,0,Saturday,2,1,1
2024-02-19,S004,Surat,P0009,Cookies,Bakery,44,209,0,0,0,Monday,2,1,0
2024-02-20,S004,Surat,P0009,Cookies,Bakery,33,209,0,0,0,Tuesday,2,1,0
2024-02-22,S004,Surat,P0009,Cookies,Bakery,34,209,0,0,0,Thursday,2,1,0
2024-01-05,S006,Hyderabad,P0050,Frozen Fries,Frozen,62,219,0,0,0,Friday,1,1,0
2024-01-07,S006,Hyderabad,P0050,Frozen Fries,Frozen,66,197.1,10,0,0,Sunday,1,1,1
2024-01-09,S006,Hyderabad,P0050,Frozen Fries,Frozen,59,186.15,15,0,0,Tuesday,1,1,0
2024-01-19,S006,Hyderabad,P0050,Frozen Fries,Frozen,51,197.1,10,0,0,Friday,1,1,0
2024-01-23,S006,Hyderabad,P0050,Frozen Fries,Frozen,47,219,0,0,0,Tuesday,1,1,0
2024-01-24,S006,Hyderabad,P0050,Frozen Fries,Frozen,48,219,0,0,0,Wednesday,1,1,0
2024-01-25,S006,Hyderabad,P0050,Frozen Fries,Frozen,54,219,0,0,0,Thursday,1,1,0
2024-01-28,S006,Hyderabad,P0050,Frozen Fries,Frozen,70,219,0,0,0,Sunday,1,1,1
2024-02-03,S006,Hyderabad,P0050,Frozen Fries,Frozen,54,186.15,15,0,0,Saturday,2,1,1
2024-02-05,S006,Hyderabad,P0050,Frozen Fries,Frozen,52,219,0,0,0,Monday,2,1,0
2024-02-07,S006,Hyderabad,P0050,Frozen Fries,Frozen,56,219,0,0,0,Wednesday,2,1,0
2024-02-08,S006,Hyderabad,P0050,Frozen Fries,Frozen,51,219,0,0,0,Thursday,2,1,0
2024-02-10,S006,Hyderabad,P0050,Frozen Fries,Frozen,63,219,0,0,0,Saturday,2,1,1
2024-02-17,S006,Hyderabad,P0050,Frozen Fries,Frozen,73,219,0,0,0,Saturday,2,1,1
