prediction-service/data/retail_forecasting_dataset_50000.csv
date_purchased,store_id,city,product_id,product_name,category,quantity_sold,unit_price,discount_pct,promotion_flag,holiday_flag,day_of_week,month,quarter,is_weekend
2024-01-05,S006,Hyderabad,P0008,Cake,Bakery,42,126,0,0,0,Friday,1,1,0
2024-01-11,S006,Hyderabad,P0008,Cake,Bakery,45,126,0,0,0,Thursday,1,1,0
2024-01-23,S006,Hyderabad,P0008,Cake,Bakery,47,126,0,0,0,Tuesday,1,1,0
2024-01-24,S006,Hyderabad,P0008,Cake,Bakery,44,126,0,0,0,Wednesday,1,1,0
2024-02-01,S006,Hyderabad,P0008,Cake,Bakery,51,126,0,0,0,Thursday,2,1,0
2024-02-06,S006,Hyderabad,P0008,Cake,Bakery,55,107.1,15,0,0,Tuesday,2,1,0
2024-02-07,S006,Hyderabad,P0008,Cake,Bakery,57,107.1,15,0,0,Wednesday,2,1,0
2024-02-10,S006,Hyderabad,P0008,Cake,Bakery,53,119.7,5,0,0,Saturday,2,1,1
2024-02-12,S006,Hyderabad,P0008,Cake,Bakery,44,113.4,10,0,0,Monday,2,1,0
2024-02-21,S006,Hyderabad,P0008,Cake,Bakery,45,107.1,15,0,0,Wednesday,2,1,0
2024-02-22,S006,Hyderabad,P0008,Cake,Bakery,51,100.8,20,0,0,Thursday,2,1,0
2024-01-05,S001,Mumbai,P0018,Popcorn,Snacks,41,243,0,0,0,Friday,1,1,0
2024-01-06,S001,Mumbai,P0018,Popcorn,Snacks,43,243,0,0,0,Saturday,1,1,1
2024-01-10,S001,Mumbai,P0018,Popcorn,Snacks,40,243,0,0,0,Wednesday,1,1,0
2024-01-17,S001,Mumbai,P0018,Popcorn,Snacks,43,243,0,0,0,Wednesday,1,1,0
2024-01-18,S001,Mumbai,P0018,Popcorn,Snacks,34,243,0,0,0,Thursday,1,1,0
2024-01-22,S001,Mumbai,P0018,Popcorn,Snacks,36,243,0,0,0,Monday,1,1,0
2024-01-29,S001,Mumbai,P0018,Popcorn,Snacks,45,243,0,0,0,Monday,1,1,0
2024-01-30,S001,Mumbai,P0018,Popcorn,Snacks,40,230.85,5,0,0,Tuesday,1,1,0
2024-02-05,S001,Mumbai,P0018,Popcorn,Snacks,35,243,0,0,0,Monday,2,1,0
2024-02-14,S001,Mumbai,P0018,Popcorn,Snacks,51,194.4,20,0,0,Wednesday,2,1,0
2024-02-15,S001,Mumbai,P0018,Popcorn,Snacks,40,243,0,0,0,Thursday,2,1,0
2024-02-16,S001,Mumbai,P0018,Popcorn,Snacks,38,243,0,0,0,Friday,2,1,0
2024-01-05,S004,Surat,P0006,Bread,Bakery,32,184.8,20,1,0,Friday,1,1,0
2024-01-06,S004,Surat,P0006,Bread,Bakery,40,231,0,1,0,Saturday,1,1,1
2024-01-17,S004,Surat,P0006,Bread,Bakery,24,231,0,0,0,Wednesday,1,1,0
2024-01-21,S004,Surat,P0006,Bread,Bakery,34,231,0,0,0,Sunday,1,1,1
2024-01-23,S004,Surat,P0006,Bread,Bakery,32,196.35,15,0,0,Tuesday,1,1,0
2024-01-26,S004,Surat,P0006,Bread,Bakery,35,231,0,1,0,Friday,1,1,0
2024-02-04,S004,Surat,P0006,Bread,Bakery,33,231,0,0,0,Sunday,2,1,1
2024-02-10,S004,Surat,P0006,Bread,Bakery,35,231,0,0,0,Saturday,2,1,1
2024-02-14,S004,Surat,P0006,Bread,Bakery,25,219.45,5,0,0,Wednesday,2,1,0
2024-01-05,S001,Mumbai,P0036,Banana,Fruits,24,112,0,0,0,Friday,1,1,0
2024-01-13,S001,Mumbai,P0036,Banana,Fruits,34,106.4,5,0,0,Saturday,1,1,1
2024-01-26,S001,Mumbai,P0036,Banana,Fruits,29,112,0,0,0,Friday,1,1,0
2024-01-27,S001,Mumbai,P0036,Banana,Fruits,34,112,0,0,0,Saturday,1,1,1
2024-01-28,S001,Mumbai,P0036,Banana,Fruits,32,112,0,0,0,Sunday,1,1,1
2024-02-09,S001,Mumbai,P0036,Banana,Fruits,24,112,0,0,0,Friday,2,1,0
2024-02-11,S001,Mumbai,P0036,Banana,Fruits,28,112,0,0,0,Sunday,2,1,1
2024-02-19,S001,Mumbai,P0036,Banana,Fruits,20,112,0,0,0,Monday,2,1,0
2024-01-05,S008,Jaipur,P0034,Toilet Cleaner,Cleaning,35,195,0,0,0,Friday,1,1,0
2024-01-11,S008,Jaipur,P0034,Toilet Cleaner,Cleaning,38,195,0,0,0,Thursday,1,1,0
2024-01-15,S008,Jaipur,P0034,Toilet Cleaner,Cleaning,42,185.25,5,0,0,Monday,1,1,0
2024-01-21,S008,Jaipur,P0034,Toilet Cleaner,Cleaning,37,195,0,0,0,Sunday,1,1,1
2024-01-30,S008,Jaipur,P0034,Toilet Cleaner,Cleaning,40,195,0,0,0,Tuesday,1,1,0
2024-02-06,S008,Jaipur,P0034,Toilet Cleaner,Cleaning,35,195,0,0,0,Tuesday,2,1,0
2024-02-13,S008,Jaipur,P0034,Toilet Cleaner,Cleaning,36,165.75,15,0,0,Tuesday,2,1,0
2024-02-17,S008,Jaipur,P0034,Toilet Cleaner,Cleaning,40,195,0,0,0,Saturday,2,1,1
2024-01-05,S009,Chennai,P0045,Spinach,Vegetables,19,42.4,20,0,0,Friday,1,1,0
2024-01-09,S009,Chennai,P0045,Spinach,Vegetables,16,53,0,0,0,Tuesday,1,1,0
2024-01-16,S009,Chennai,P0045,Spinach,Vegetables,19,53,0,0,0,Tuesday,1,1,0
2024-01-17,S009,Chennai,P0045,Spinach,Vegetables,18,53,0,0,0,Wednesday,1,1,0
2024-01-18,S009,Chennai,P0045,Spinach,Vegetables,25,53,0,1,0,Thursday,1,1,0
2024-01-25,S009,Chennai,P0045,Spinach,Vegetables,21,50.35,5,0,0,Thursday,1,1,0
2024-01-30,S009,Chennai,P0045,Spinach,Vegetables,19,53,0,0,0,Tuesday,1,1,0
2024-02-05,S009,Chennai,P0045,Spinach,Vegetables,17,53,0,0,0,Monday,2,1,0
2024-02-07,S009,Chennai,P0045,Spinach,Vegetables,18,53,0,0,0,Wednesday,2,1,0
2024-02-12,S009,Chennai,P0045,Spinach,Vegetables,13,53,0,0,0,Monday,2,1,0
2024-02-19,S009,Chennai,P0045,Spinach,Vegetables,16,53,0,0,0,Monday,2,1,0
2024-01-05,S005,Bengaluru,P0034,Toilet Cleaner,Cleaning,66,175.5,10,0,0,Friday,1,1,0
2024-01-08,S005,Bengaluru,P0034,Toilet Cleaner,Cleaning,71,175.5,10,0,0,Monday,1,1,0
2024-01-10,S005,Bengaluru,P0034,Toilet Cleaner,Cleaning,69,195,0,1,0,Wednesday,1,1,0
2024-01-21,S005,Bengaluru,P0034,Toilet Cleaner,Cleaning,74,195,0,0,0,Sunday,1,1,1
2024-01-22,S005,Bengaluru,P0034,Toilet Cleaner,Cleaning,55,195,0,0,0,Monday,1,1,0
2024-01-23,S005,Bengaluru,P0034,Toilet Cleaner,Cleaning,55,195,0,0,0,Tuesday,1,1,0
2024-01-26,S005,Bengaluru,P0034,Toilet Cleaner,Cleaning,60,175.5,10,0,0,Friday,1,1,0
2024-02-17,S005,Bengaluru,P0034,Toilet Cleaner,Cleaning,70,156,20,0,0,Saturday,2,1,1
2024-01-05,S009,Chennai,P0035,Phenyl,Cleaning,34,70,0,0,0,Friday,1,1,0
2024-01-16,S009,Chennai,P0035,Phenyl,Cleaning,37,59.5,15,0,0,Tuesday,1,1,0
2024-01-17,S009,Chennai,P0035,Phenyl,Cleaning,30,66.5,5,0,0,Wednesday,1,1,0
2024-01-20,S009,Chennai,P0035,Phenyl,Cleaning,39,70,0,0,0,Saturday,1,1,1
2024-01-25,S009,Chennai,P0035,Phenyl,Cleaning,30,70,0,0,0,Thursday,1,1,0
2024-01-29,S009,Chennai,P0035,Phenyl,Cleaning,28,70,0,0,0,Monday,1,1,0
2024-02-13,S009,Chennai,P0035,Phenyl,Cleaning,26,70,0,1,0,Tuesday,2,1,0
2024-02-16,S009,Chennai,P0035,Phenyl,Cleaning,42,70,0,1,0,Friday,2,1,0
2024-02-17,S009,Chennai,P0035,Phenyl,Cleaning,36,70,0,0,0,Saturday,2,1,1
2024-02-19,S009,Chennai,P0035,Phenyl,Cleaning,26,70,0,0,0,Monday,2,1,0
2024-01-05,S005,Bengaluru,P0039,Mango,Fruits,56,196,0,0,0,Friday,1,1,0
2024-01-11,S005,Bengaluru,P0039,Mango,Fruits,57,196,0,0,0,Thursday,1,1,0
2024-01-12,S005,Bengaluru,P0039,Mango,Fruits,52,166.6,15,0,0,Friday,1,1,0
2024-01-18,S005,Bengaluru,P0039,Mango,Fruits,58,196,0,0,0,Thursday,1,1,0
2024-01-23,S005,Bengaluru,P0039,Mango,Fruits,62,196,0,0,0,Tuesday,1,1,0
2024-01-25,S005,Bengaluru,P0039,Mango,Fruits,72,176.4,10,0,0,Thursday,1,1,0
2024-02-03,S005,Bengaluru,P0039,Mango,Fruits,79,196,0,0,0,Saturday,2,1,1
2024-02-11,S005,Bengaluru,P0039,Mango,Fruits,71,196,0,0,0,Sunday,2,1,1
2024-02-14,S005,Bengaluru,P0039,Mango,Fruits,61,196,0,0,0,Wednesday,2,1,0
2024-01-05,S009,Chennai,P0005,Paneer,Dairy,19,231,0,0,0,Friday,1,1,0
2024-01-11,S009,Chennai,P0005,Paneer,Dairy,20,219.45,5,0,0,Thursday,1,1,0
2024-01-20,S009,Chennai,P0005,Paneer,Dairy,26,231,0,0,0,Saturday,1,1,1
2024-01-31,S009,Chennai,P0005,Paneer,Dairy,18,231,0,0,0,Wednesday,1,1,0
2024-02-01,S009,Chennai,P0005,Paneer,Dairy,23,231,0,1,0,Thursday,2,1,0
2024-02-04,S009,Chennai,P0005,Paneer,Dairy,21,231,0,0,0,Sunday,2,1,1
2024-02-09,S009,Chennai,P0005,Paneer,Dairy,22,231,0,0,0,Friday,2,1,0
2024-02-10,S009,Chennai,P0005,Paneer,Dairy,24,231,0,0,0,Saturday,2,1,1
2024-02-17,S009,Chennai,P0005,Paneer,Dairy,30,231,0,1,0,Saturday,2,1,1
2024-02-18,S009,Chennai,P0005,Paneer,Dairy,30,231,0,0,0,Sunday,2,1,1
2024-02-19,S009,Chennai,P0005,Paneer,Dairy,21,207.9,10,0,0,Monday,2,1,0
2024-02-21,S009,Chennai,P0005,Paneer,Dairy,23,207.9,10,0,0,Wednesday,2,1,0
2024-02-22,S009,Chennai,P0005,Paneer,Dairy,20,207.9,10,0,0,Thursday,2,1,0
2024-01-05,S001,Mumbai,P0023,Poha,Rice & Grains,25,80,0,0,0,Friday,1,1,0
2024-01-08,S001,Mumbai,P0023,Poha,Rice & Grains,24,80,0,0,0,Monday,1,1,0
2024-01-13,S001,Mumbai,P0023,Poha,Rice & Grains,27,80,0,0,0,Saturday,1,1,1
2024-01-14,S001,Mumbai,P0023,Poha,Rice & Grains,38,76,5,1,0,Sunday,1,1,1
2024-01-15,S001,Mumbai,P0023,Poha,Rice & Grains,28,76,5,0,0,Monday,1,1,0
2024-01-16,S001,Mumbai,P0023,Poha,Rice & Grains,29,68,15,0,0,Tuesday,1,1,0
2024-01-17,S001,Mumbai,P0023,Poha,Rice & Grains,28,80,0,0,0,Wednesday,1,1,0
2024-01-21,S001,Mumbai,P0023,Poha,Rice & Grains,36,76,5,0,0,Sunday,1,1,1
2024-01-25,S001,Mumbai,P0023,Poha,Rice & Grains,26,80,0,0,0,Thursday,1,1,0
2024-02-03,S001,Mumbai,P0023,Poha,Rice & Grains,35,68,15,0,0,Saturday,2,1,1
2024-02-04,S001,Mumbai,P0023,Poha,Rice & Grains,28,76,5,0,0,Sunday,2,1,1
2024-02-05,S001,Mumbai,P0023,Poha,Rice & Grains,28,80,0,1,0,Monday,2,1,0
2024-02-12,S001,Mumbai,P0023,Poha,Rice & Grains,26,80,0,0,0,Monday,2,1,0
2024-02-13,S001,Mumbai,P0023,Poha,Rice & Grains,26,80,0,0,0,Tuesday,2,1,0
2024-02-15,S001,Mumbai,P0023,Poha,Rice & Grains,22,68,15,0,0,Thursday,2,1,0
2024-02-16,S001,Mumbai,P0023,Poha,Rice & Grains,26,80,0,0,0,Friday,2,1,0
2024-02-18,S001,Mumbai,P0023,Poha,Rice & Grains,30,68,15,0,0,Sunday,2,1,1
2024-02-19,S001,Mumbai,P0023,Poha,Rice & Grains,20,68,15,0,0,Monday,2,1,0
2024-01-05,S009,Chennai,P0046,Ice Cream,Frozen,36,108,0,0,0,Friday,1,1,0
2024-01-07,S009,Chennai,P0046,Ice Cream,Frozen,39,97.2,10,0,0,Sunday,1,1,1
2024-01-09,S009,Chennai,P0046,Ice Cream,Frozen,39,108,0,0,0,Tuesday,1,1,0
2024-01-11,S009,Chennai,P0046,Ice Cream,Frozen,49,102.6,5,0,0,Thursday,1,1,0
2024-01-12,S009,Chennai,P0046,Ice Cream,Frozen,44,108,0,0,0,Friday,1,1,0
2024-01-13,S009,Chennai,P0046,Ice Cream,Frozen,50,108,0,0,0,Saturday,1,1,1
2024-01-14,S009,Chennai,P0046,Ice Cream,Frozen,40,108,0,0,0,Sunday,1,1,1
2024-01-15,S009,Chennai,P0046,Ice Cream,Frozen,43,108,0,0,0,Monday,1,1,0
2024-01-16,S009,Chennai,P0046,Ice Cream,Frozen,35,108,0,0,0,Tuesday,1,1,0
2024-01-22,S009,Chennai,P0046,Ice Cream,Frozen,33,102.6,5,0,0,Monday,1,1,0
2024-02-02,S009,Chennai,P0046,Ice Cream,Frozen,43,108,0,0,0,Friday,2,1,0
2024-02-06,S009,Chennai,P0046,Ice Cream,Frozen,45,86.4,20,0,0,Tuesday,2,1,0
2024-02-10,S009,Chennai,P0046,Ice Cream,Frozen,45,91.8,15,0,0,Saturday,2,1,1
2024-02-11,S009,Chennai,P0046,Ice Cream,Frozen,54,91.8,15,0,0,Sunday,2,1,1
2024-02-14,S009,Chennai,P0046,Ice Cream,Frozen,36,108,0,0,0,Wednesday,2,1,0
2024-02-16,S009,Chennai,P0046,Ice Cream,Frozen,48,108,0,0,0,Friday,2,1,0
2024-02-22,S009,Chennai,P0046,Ice Cream,Frozen,37,102.6,5,0,0,Thursday,2,1,0
2024-01-05,S003,Ahmedabad,P0008,Cake,Bakery,42,113.4,10,0,0,Friday,1,1,0
2024-01-06,S003,Ahmedabad,P0008,Cake,Bakery,49,126,0,0,0,Saturday,1,1,1
2024-01-09,S003,Ahmedabad,P0008,Cake,Bakery,47,126,0,0,0,Tuesday,1,1,0
2024-01-16,S003,Ahmedabad,P0008,Cake,Bakery,36,119.7,5,0,0,Tuesday,1,1,0
2024-01-19,S003,Ahmedabad,P0008,Cake,Bakery,47,126,0,0,0,Friday,1,1,0
2024-01-26,S003,Ahmedabad,P0008,Cake,Bakery,48,119.7,5,0,0,Friday,1,1,0
2024-02-01,S003,Ahmedabad,P0008,Cake,Bakery,48,100.8,20,1,0,Thursday,2,1,0
2024-02-03,S003,Ahmedabad,P0008,Cake,Bakery,58,126,0,0,0,Saturday,2,1,1
2024-02-13,S003,Ahmedabad,P0008,Cake,Bakery,48,107.1,15,0,0,Tuesday,2,1,0
2024-02-15,S003,Ahmedabad,P0008,Cake,Bakery,42,119.7,5,0,0,Thursday,2,1,0
2024-02-20,S003,Ahmedabad,P0008,Cake,Bakery,48,126,0,0,0,Tuesday,2,1,0
2024-01-05,S002,Pune,P0013,Juice,Beverages,53,132,0,0,0,Friday,1,1,0
2024-01-12,S002,Pune,P0013,Juice,Beverages,51,132,0,0,0,Friday,1,1,0
2024-01-13,S002,Pune,P0013,Juice,Beverages,76,118.8,10,0,0,Saturday,1,1,1
2024-01-18,S002,Pune,P0013,Juice,Beverages,52,132,0,0,0,Thursday,1,1,0
2024-02-04,S002,Pune,P0013,Juice,Beverages,59,132,0,0,0,Sunday,2,1,1
2024-02-05,S002,Pune,P0013,Juice,Beverages,57,132,0,0,0,Monday,2,1,0
2024-02-14,S002,Pune,P0013,Juice,Beverages,55,125.4,5,0,0,Wednesday,2,1,0
2024-02-17,S002,Pune,P0013,Juice,Beverages,57,118.8,10,0,0,Saturday,2,1,1
2024-01-05,S008,Jaipur,P0041,Potato,Vegetables,22,233,0,0,0,Friday,1,1,0
2024-01-06,S008,Jaipur,P0041,Potato,Vegetables,21,233,0,0,0,Saturday,1,1,1
2024-01-15,S008,Jaipur,P0041,Potato,Vegetables,26,198.05,15,0,0,Monday,1,1,0
2024-01-18,S008,Jaipur,P0041,Potato,Vegetables,18,221.35,5,0,0,Thursday,1,1,0
2024-01-30,S008,Jaipur,P0041,Potato,Vegetables,20,233,0,0,0,Tuesday,1,1,0
2024-01-31,S008,Jaipur,P0041,Potato,Vegetables,21,221.35,5,0,0,Wednesday,1,1,0
2024-02-09,S008,Jaipur,P0041,Potato,Vegetables,18,233,0,0,0,Friday,2,1,0
2024-02-11,S008,Jaipur,P0041,Potato,Vegetables,29,209.7,10,0,0,Sunday,2,1,1
2024-02-22,S008,Jaipur,P0041,Potato,Vegetables,18,198.05,15,0,0,Thursday,2,1,0
2024-02-23,S008,Jaipur,P0041,Potato,Vegetables,17,221.35,5,0,0,Friday,2,1,0
2024-01-05,S005,Bengaluru,P0008,Cake,Bakery,44,126,0,0,0,Friday,1,1,0
2024-01-08,S005,Bengaluru,P0008,Cake,Bakery,48,126,0,0,0,Monday,1,1,0
2024-01-10,S005,Bengaluru,P0008,Cake,Bakery,48,107.1,15,0,0,Wednesday,1,1,0
2024-01-11,S005,Bengaluru,P0008,Cake,Bakery,32,126,0,0,0,Thursday,1,1,0
2024-01-21,S005,Bengaluru,P0008,Cake,Bakery,56,126,0,0,0,Sunday,1,1,1
2024-01-24,S005,Bengaluru,P0008,Cake,Bakery,53,126,0,0,0,Wednesday,1,1,0
2024-01-26,S005,Bengaluru,P0008,Cake,Bakery,43,126,0,0,0,Friday,1,1,0
2024-01-30,S005,Bengaluru,P0008,Cake,Bakery,48,113.4,10,1,0,Tuesday,1,1,0
2024-02-02,S005,Bengaluru,P0008,Cake,Bakery,50,107.1,15,0,0,Friday,2,1,0
2024-02-07,S005,Bengaluru,P0008,Cake,Bakery,40,126,0,0,0,Wednesday,2,1,0
2024-02-14,S005,Bengaluru,P0008,Cake,Bakery,52,126,0,0,0,Wednesday,2,1,0
2024-02-17,S005,Bengaluru,P0008,Cake,Bakery,54,126,0,0,0,Saturday,2,1,1
2024-02-21,S005,Bengaluru,P0008,Cake,Bakery,54,126,0,0,0,Wednesday,2,1,0
2024-01-05,S003,Ahmedabad,P0010,Rusk,Bakery,41,124,0,0,0,Friday,1,1,0
2024-01-07,S003,Ahmedabad,P0010,Rusk,Bakery,46,124,0,0,0,Sunday,1,1,1
2024-01-08,S003,Ahmedabad,P0010,Rusk,Bakery,39,124,0,0,0,Monday,1,1,0
2024-01-09,S003,Ahmedabad,P0010,Rusk,Bakery,49,117.8,5,1,0,Tuesday,1,1,0
2024-01-10,S003,Ahmedabad,P0010,Rusk,Bakery,57,105.4,15,1,0,Wednesday,1,1,0
2024-01-15,S003,Ahmedabad,P0010,Rusk,Bakery,41,105.4,15,0,0,Monday,1,1,0
2024-01-16,S003,Ahmedabad,P0010,Rusk,Bakery,32,124,0,0,0,Tuesday,1,1,0
2024-01-21,S003,Ahmedabad,P0010,Rusk,Bakery,48,124,0,0,0,Sunday,1,1,1
2024-02-01,S003,Ahmedabad,P0010,Rusk,Bakery,41,124,0,0,0,Thursday,2,1,0
2024-02-15,S003,Ahmedabad,P0010,Rusk,Bakery,39,124,0,0,0,Thursday,2,1,0
2024-02-19,S003,Ahmedabad,P0010,Rusk,Bakery,40,124,0,0,0,Monday,2,1,0
2024-02-20,S003,Ahmedabad,P0010,Rusk,Bakery,38,124,0,0,0,Tuesday,2,1,0
2024-01-05,S003,Ahmedabad,P0037,Apple,Fruits,48,123.3,10,0,0,Friday,1,1,0
2024-01-11,S003,Ahmedabad,P0037,Apple,Fruits,63,116.45,15,0,0,Thursday,1,1,0
2024-01-12,S003,Ahmedabad,P0037,Apple,Fruits,59,137,0,0,0,Friday,1,1,0
2024-01-15,S003,Ahmedabad,P0037,Apple,Fruits,55,130.15,5,0,0,Monday,1,1,0
2024-01-17,S003,Ahmedabad,P0037,Apple,Fruits,55,137,0,0,0,Wednesday,1,1,0
2024-01-18,S003,Ahmedabad,P0037,Apple,Fruits,58,137,0,0,0,Thursday,1,1,0
2024-01-30,S003,Ahmedabad,P0037,Apple,Fruits,50,137,0,1,0,Tuesday,1,1,0
2024-02-02,S003,Ahmedabad,P0037,Apple,Fruits,52,137,0,0,0,Friday,2,1,0
2024-02-05,S003,Ahmedabad,P0037,Apple,Fruits,50,137,0,0,0,Monday,2,1,0
2024-02-06,S003,Ahmedabad,P0037,Apple,Fruits,57,137,0,0,0,Tuesday,2,1,0
2024-02-13,S003,Ahmedabad,P0037,Apple,Fruits,57,130.15,5,0,0,Tuesday,2,1,0
2024-02-15,S003,Ahmedabad,P0037,Apple,Fruits,42,137,0,0,0,Thursday,2,1,0
2024-01-05,S002,Pune,P0002,Curd,Dairy,70,314,0,0,0,Friday,1,1,0
2024-01-07,S002,Pune,P0002,Curd,Dairy,99,266.9,15,0,0,Sunday,1,1,1
2024-01-08,S002,Pune,P0002,Curd,Dairy,64,298.3,5,0,0,Monday,1,1,0
2024-01-10,S002,Pune,P0002,Curd,Dairy,70,314,0,0,0,Wednesday,1,1,0
2024-01-12,S002,Pune,P0002,Curd,Dairy,72,266.9,15,0,0,Friday,1,1,0
2024-01-15,S002,Pune,P0002,Curd,Dairy,71,314,0,0,0,Monday,1,1,0
2024-01-17,S002,Pune,P0002,Curd,Dairy,73,266.9,15,0,0,Wednesday,1,1,0
2024-01-22,S002,Pune,P0002,Curd,Dairy,74,314,0,0,0,Monday,1,1,0
2024-01-28,S002,Pune,P0002,Curd,Dairy,98,266.9,15,0,0,Sunday,1,1,1
2024-01-30,S002,Pune,P0002,Curd,Dairy,65,314,0,0,0,Tuesday,1,1,0
2024-02-04,S002,Pune,P0002,Curd,Dairy,74,314,0,0,0,Sunday,2,1,1
2024-02-09,S002,Pune,P0002,Curd,Dairy,57,298.3,5,0,0,Friday,2,1,0
2024-02-24,S002,Pune,P0002,Curd,Dairy,88,266.9,15,0,0,Saturday,2,1,1
2024-01-05,S006,Hyderabad,P0009,Cookies,Bakery,33,209,0,0,0,Friday,1,1,0
2024-01-14,S006,Hyderabad,P0009,Cookies,Bakery,50,209,0,0,0,Sunday,1,1,1
2024-01-24,S006,Hyderabad,P0009,Cookies,Bakery,39,209,0,0,0,Wednesday,1,1,0
2024-01-26,S006,Hyderabad,P0009,Cookies,Bakery,37,177.65,15,0,0,Friday,1,1,0
2024-01-29,S006,Hyderabad,P0009,Cookies,Bakery,45,198.55,5,0,0,Monday,1,1,0
2024-02-03,S006,Hyderabad,P0009,Cookies,Bakery,42,209,0,0,0,Saturday,2,1,1
2024-02-04,S006,Hyderabad,P0009,Cookies,Bakery,42,209,0,0,0,Sunday,2,1,1
2024-02-11,S006,Hyderabad,P0009,Cookies,Bakery,46,209,0,0,0,Sunday,2,1,1
2024-02-20,S006,Hyderabad,P0009,Cookies,Bakery,31,209,0,0,0,Tuesday,2,1,0
2024-01-06,S008,Jaipur,P0024,Oats,Rice & Grains,53,256,0,0,0,Saturday,1,1,1
2024-01-08,S008,Jaipur,P0024,Oats,Rice & Grains,38,256,0,0,0,Monday,1,1,0
2024-01-13,S008,Jaipur,P0024,Oats,Rice & Grains,49,256,0,0,0,Saturday,1,1,1
2024-01-27,S008,Jaipur,P0024,Oats,Rice & Grains,53,243.2,5,0,0,Saturday,1,1,1
2024-02-01,S008,Jaipur,P0024,Oats,Rice & Grains,32,256,0,0,0,Thursday,2,1,0
2024-02-05,S008,Jaipur,P0024,Oats,Rice & Grains,40,217.6,15,0,0,Monday,2,1,0
2024-02-14,S008,Jaipur,P0024,Oats,Rice & Grains,47,256,0,0,0,Wednesday,2,1,0
2024-02-17,S008,Jaipur,P0024,Oats,Rice & Grains,62,230.4,10,1,0,Saturday,2,1,1
2024-02-18,S008,Jaipur,P0024,Oats,Rice & Grains,63,256,0,1,0,Sunday,2,1,1
2024-01-06,S007,Delhi,P0020,Crackers,Snacks,43,88,0,0,0,Saturday,1,1,1
2024-01-10,S007,Delhi,P0020,Crackers,Snacks,36,79.2,10,0,0,Wednesday,1,1,0
2024-01-26,S007,Delhi,P0020,Crackers,Snacks,38,88,0,0,0,Friday,1,1,0
2024-01-27,S007,Delhi,P0020,Crackers,Snacks,49,88,0,0,0,Saturday,1,1,1
2024-02-02,S007,Delhi,P0020,Crackers,Snacks,29,88,0,0,0,Friday,2,1,0
2024-02-05,S007,Delhi,P0020,Crackers,Snacks,37,88,0,0,0,Monday,2,1,0
2024-02-08,S007,Delhi,P0020,Crackers,Snacks,35,88,0,0,0,Thursday,2,1,0
2024-02-09,S007,Delhi,P0020,Crackers,Snacks,35,88,0,0,0,Friday,2,1,0
2024-02-16,S007,Delhi,P0020,Crackers,Snacks,33,79.2,10,0,0,Friday,2,1,0
2024-02-23,S007,Delhi,P0020,Crackers,Snacks,37,74.8,15,0,0,Friday,2,1,0
