prediction-service/data/retail_forecasting_dataset_50000.csv
date_purchased,store_id,city,product_id,product_name,category,quantity_sold,unit_price,discount_pct,promotion_flag,holiday_flag,day_of_week,month,quarter,is_weekend
2024-01-06,S004,Surat,P0049,Frozen Pizza,Frozen,80,223,0,0,0,Saturday,1,1,1
2024-01-10,S004,Surat,P0049,Frozen Pizza,Frozen,53,211.85,5,0,0,Wednesday,1,1,0
2024-01-18,S004,Surat,P0049,Frozen Pizza,Frozen,47,223,0,0,0,Thursday,1,1,0
2024-01-19,S004,Surat,P0049,Frozen Pizza,Frozen,42,223,0,0,0,Friday,1,1,0
2024-01-27,S004,Surat,P0049,Frozen Pizza,Frozen,69,223,0,0,0,Saturday,1,1,1
2024-02-05,S004,Surat,P0049,Frozen Pizza,Frozen,60,223,0,0,0,Monday,2,1,0
2024-02-07,S004,Surat,P0049,Frozen Pizza,Frozen,50,223,0,0,0,Wednesday,2,1,0
2024-02-11,S004,Surat,P0049,Frozen Pizza,Frozen,75,223,0,0,0,Sunday,2,1,1
2024-02-12,S004,Surat,P0049,Frozen Pizza,Frozen,54,223,0,0,0,Monday,2,1,0
2024-02-13,S004,Surat,P0049,Frozen Pizza,Frozen,52,223,0,0,0,Tuesday,2,1,0
2024-02-14,S004,Surat,P0049,Frozen Pizza,Frozen,63,223,0,0,0,Wednesday,2,1,0
2024-02-17,S004,Surat,P0049,Frozen Pizza,Frozen,79,200.7,10,0,0,Saturday,2,1,1
2024-02-20,S004,Surat,P0049,Frozen Pizza,Frozen,47,223,0,0,0,Tuesday,2,1,0
2024-01-06,S007,Delhi,P0034,Toilet Cleaner,Cleaning,78,195,0,0,0,Saturday,1,1,1
2024-01-07,S007,Delhi,P0034,Toilet Cleaner,Cleaning,63,195,0,0,0,Sunday,1,1,1
2024-01-08,S007,Delhi,P0034,Toilet Cleaner,Cleaning,63,195,0,0,0,Monday,1,1,0
2024-01-10,S007,Delhi,P0034,Toilet Cleaner,Cleaning,62,195,0,0,0,Wednesday,1,1,0
2024-01-13,S007,Delhi,P0034,Toilet Cleaner,Cleaning,81,165.75,15,0,0,Saturday,1,1,1
2024-01-14,S007,Delhi,P0034,Toilet Cleaner,Cleaning,79,195,0,0,0,Sunday,1,1,1
2024-01-16,S007,Delhi,P0034,Toilet Cleaner,Cleaning,53,195,0,0,0,Tuesday,1,1,0
2024-01-17,S007,Delhi,P0034,Toilet Cleaner,Cleaning,61,195,0,0,0,Wednesday,1,1,0
2024-01-19,S007,Delhi,P0034,Toilet Cleaner,Cleaning,61,195,0,1,0,Friday,1,1,0
2024-01-22,S007,Delhi,P0034,Toilet Cleaner,Cleaning,60,195,0,0,0,Monday,1,1,0
2024-01-24,S007,Delhi,P0034,Toilet Cleaner,Cleaning,56,195,0,0,0,Wednesday,1,1,0
2024-01-27,S007,Delhi,P0034,Toilet Cleaner,Cleaning,79,195,0,0,0,Saturday,1,1,1
2024-02-03,S007,Delhi,P0034,Toilet Cleaner,Cleaning,77,175.5,10,0,0,Saturday,2,1,1
2024-02-07,S007,Delhi,P0034,Toilet Cleaner,Cleaning,51,195,0,1,0,Wednesday,2,1,0
2024-02-08,S007,Delhi,P0034,Toilet Cleaner,Cleaning,50,195,0,0,0,Thursday,2,1,0
2024-02-09,S007,Delhi,P0034,Toilet Cleaner,Cleaning,52,195,0,0,0,Friday,2,1,0
2024-02-10,S007,Delhi,P0034,Toilet Cleaner,Cleaning,64,195,0,0,0,Saturday,2,1,1
2024-02-18,S007,Delhi,P0034,Toilet Cleaner,Cleaning,63,195,0,0,0,Sunday,2,1,1
2024-02-20,S007,Delhi,P0034,Toilet Cleaner,Cleaning,53,195,0,0,0,Tuesday,2,1,0
2024-01-06,S005,Bengaluru,P0001,Milk,Dairy,119,255,0,1,0,Saturday,1,1,1
2024-01-09,S005,Bengaluru,P0001,Milk,Dairy,67,242.25,5,0,0,Tuesday,1,1,0
2024-01-13,S005,Bengaluru,P0001,Milk,Dairy,85,255,0,0,0,Saturday,1,1,1
2024-01-21,S005,Bengaluru,P0001,Milk,Dairy,105,242.25,5,0,0,Sunday,1,1,1
2024-01-24,S005,Bengaluru,P0001,Milk,Dairy,62,255,0,0,0,Wednesday,1,1,0
2024-01-25,S005,Bengaluru,P0001,Milk,Dairy,78,255,0,0,0,Thursday,1,1,0
2024-02-04,S005,Bengaluru,P0001,Milk,Dairy,103,242.25,5,1,0,Sunday,2,1,1
2024-02-05,S005,Bengaluru,P0001,Milk,Dairy,73,255,0,0,0,Monday,2,1,0
2024-02-06,S005,Bengaluru,P0001,Milk,Dairy,69,229.5,10,0,0,Tuesday,2,1,0
2024-02-09,S005,Bengaluru,P0001,Milk,Dairy,47,255,0,0,0,Friday,2,1,0
2024-02-12,S005,Bengaluru,P0001,Milk,Dairy,67,255,0,0,0,Monday,2,1,0
2024-02-19,S005,Bengaluru,P0001,Milk,Dairy,60,242.25,5,0,0,Monday,2,1,0
2024-02-20,S005,Bengaluru,P0001,Milk,Dairy,67,255,0,0,0,Tuesday,2,1,0
2024-02-23,S005,Bengaluru,P0001,Milk,Dairy,71,255,0,0,0,Friday,2,1,0
2024-01-06,S010,Kolkata,P0025,Dal,Rice & Grains,42,30,0,0,0,Saturday,1,1,1
2024-01-08,S010,Kolkata,P0025,Dal,Rice & Grains,31,30,0,0,0,Monday,1,1,0
2024-01-19,S010,Kolkata,P0025,Dal,Rice & Grains,32,30,0,0,0,Friday,1,1,0
2024-01-20,S010,Kolkata,P0025,Dal,Rice & Grains,44,30,0,0,0,Saturday,1,1,1
2024-01-21,S010,Kolkata,P0025,Dal,Rice & Grains,35,30,0,0,0,Sunday,1,1,1
2024-01-26,S010,Kolkata,P0025,Dal,Rice & Grains,28,30,0,0,0,Friday,1,1,0
2024-01-29,S010,Kolkata,P0025,Dal,Rice & Grains,27,30,0,0,0,Monday,1,1,0
2024-01-31,S010,Kolkata,P0025,Dal,Rice & Grains,33,24,20,0,0,Wednesday,1,1,0
2024-02-03,S010,Kolkata,P0025,Dal,Rice & Grains,30,27,10,0,0,Saturday,2,1,1
2024-02-05,S010,Kolkata,P0025,Dal,Rice & Grains,30,30,0,0,0,Monday,2,1,0
2024-02-07,S010,Kolkata,P0025,Dal,Rice & Grains,29,28.5,5,0,0,Wednesday,2,1,0
2024-02-11,S010,Kolkata,P0025,Dal,Rice & Grains,47,30,0,0,0,Sunday,2,1,1
2024-02-19,S010,Kolkata,P0025,Dal,Rice & Grains,26,30,0,0,0,Monday,2,1,0
2024-02-22,S010,Kolkata,P0025,Dal,Rice & Grains,29,30,0,0,0,Thursday,2,1,0
2024-02-23,S010,Kolkata,P0025,Dal,Rice & Grains,30,30,0,0,0,Friday,2,1,0
2024-01-06,S009,Chennai,P0014,Soft Drink,Beverages,32,121,0,0,0,Saturday,1,1,1
2024-01-14,S009,Chennai,P0014,Soft Drink,Beverages,33,121,0,0,0,Sunday,1,1,1
2024-01-18,S009,Chennai,P0014,Soft Drink,Beverages,21,121,0,0,0,Thursday,1,1,0
2024-01-19,S009,Chennai,P0014,Soft Drink,Beverages,21,121,0,0,0,Friday,1,1,0
2024-01-20,S009,Chennai,P0014,Soft Drink,Beverages,27,121,0,0,0,Saturday,1,1,1
2024-01-22,S009,Chennai,P0014,Soft Drink,Beverages,21,121,0,0,0,Monday,1,1,0
2024-01-24,S009,Chennai,P0014,Soft Drink,Beverages,22,121,0,0,0,Wednesday,1,1,0
2024-01-25,S009,Chennai,P0014,Soft Drink,Beverages,27,102.85,15,0,0,Thursday,1,1,0
2024-01-29,S009,Chennai,P0014,Soft Drink,Beverages,28,114.95,5,0,0,Monday,1,1,0
2024-02-08,S009,Chennai,P0014,Soft Drink,Beverages,24,121,0,0,0,Thursday,2,1,0
2024-02-10,S009,Chennai,P0014,Soft Drink,Beverages,30,121,0,0,0,Saturday,2,1,1
2024-02-17,S009,Chennai,P0014,Soft Drink,Beverages,29,121,0,0,0,Saturday,2,1,1
2024-02-19,S009,Chennai,P0014,Soft Drink,Beverages,26,108.9,10,0,0,Monday,2,1,0
2024-02-21,S009,Chennai,P0014,Soft Drink,Beverages,21,96.8,20,0,0,Wednesday,2,1,0
2024-02-23,S009,Chennai,P0014,Soft Drink,Beverages,29,114.95,5,0,0,Friday,2,1,0
2024-01-06,S005,Bengaluru,P0025,Dal,Rice & Grains,50,30,0,0,0,Saturday,1,1,1
2024-01-09,S005,Bengaluru,P0025,Dal,Rice & Grains,43,30,0,0,0,Tuesday,1,1,0
2024-01-12,S005,Bengaluru,P0025,Dal,Rice & Grains,36,30,0,0,0,Friday,1,1,0
2024-01-13,S005,Bengaluru,P0025,Dal,Rice & Grains,57,30,0,0,0,Saturday,1,1,1
2024-01-17,S005,Bengaluru,P0025,Dal,Rice & Grains,36,28.5,5,0,0,Wednesday,1,1,0
2024-01-25,S005,Bengaluru,P0025,Dal,Rice & Grains,35,30,0,0,0,Thursday,1,1,0
2024-01-27,S005,Bengaluru,P0025,Dal,Rice & Grains,37,28.5,5,0,0,Saturday,1,1,1
2024-01-30,S005,Bengaluru,P0025,Dal,Rice & Grains,44,24,20,0,0,Tuesday,1,1,0
2024-02-04,S005,Bengaluru,P0025,Dal,Rice & Grains,45,30,0,0,0,Sunday,2,1,1
2024-02-05,S005,Bengaluru,P0025,Dal,Rice & Grains,33,30,0,0,0,Monday,2,1,0
2024-02-11,S005,Bengaluru,P0025,Dal,Rice & Grains,47,30,0,0,0,Sunday,2,1,1
2024-02-16,S005,Bengaluru,P0025,Dal,Rice & Grains,46,30,0,1,0,Friday,2,1,0
2024-01-06,S002,Pune,P0021,Rice,Rice & Grains,53,29,0,1,0,Saturday,1,1,1
2024-01-10,S002,Pune,P0021,Rice,Rice & Grains,34,23.2,20,0,0,Wednesday,1,1,0
2024-01-12,S002,Pune,P0021,Rice,Rice & Grains,37,27.55,5,0,0,Friday,1,1,0
2024-01-14,S002,Pune,P0021,Rice,Rice & Grains,49,29,0,0,0,Sunday,1,1,1
2024-01-18,S002,Pune,P0021,Rice,Rice & Grains,48,29,0,0,0,Thursday,1,1,0
2024-01-30,S002,Pune,P0021,Rice,Rice & Grains,37,29,0,0,0,Tuesday,1,1,0
2024-02-06,S002,Pune,P0021,Rice,Rice & Grains,41,29,0,0,0,Tuesday,2,1,0
2024-02-10,S002,Pune,P0021,Rice,Rice & Grains,45,29,0,0,0,Saturday,2,1,1
2024-02-13,S002,Pune,P0021,Rice,Rice & Grains,29,29,0,0,0,Tuesday,2,1,0
2024-02-14,S002,Pune,P0021,Rice,Rice & Grains,30,29,0,0,0,Wednesday,2,1,0
2024-02-20,S002,Pune,P0021,Rice,Rice & Grains,40,24.65,15,0,0,Tuesday,2,1,0
2024-02-21,S002,Pune,P0021,Rice,Rice & Grains,35,29,0,0,0,Wednesday,2,1,0
2024-02-22,S002,Pune,P0021,Rice,Rice & Grains,35,29,0,0,0,Thursday,2,1,0
2024-01-06,S010,Kolkata,P0029,Face Wash,Personal Care,39,122,0,1,0,Saturday,1,1,1
2024-01-10,S010,Kolkata,P0029,Face Wash,Personal Care,33,122,0,0,0,Wednesday,1,1,0
2024-01-11,S010,Kolkata,P0029,Face Wash,Personal Care,41,122,0,0,0,Thursday,1,1,0
2024-01-22,S010,Kolkata,P0029,Face Wash,Personal Care,33,122,0,0,0,Monday,1,1,0
2024-02-03,S010,Kolkata,P0029,Face Wash,Personal Care,36,122,0,0,0,Saturday,2,1,1
2024-02-07,S010,Kolkata,P0029,Face Wash,Personal Care,34,115.9,5,0,0,Wednesday,2,1,0
2024-02-16,S010,Kolkata,P0029,Face Wash,Personal Care,36,115.9,5,0,0,Friday,2,1,0
2024-02-22,S010,Kolkata,P0029,Face Wash,Personal Care,28,122,0,0,0,Thursday,2,1,0
2024-01-06,S001,Mumbai,P0049,Frozen Pizza,Frozen,63,223,0,0,0,Saturday,1,1,1
2024-01-14,S001,Mumbai,P0049,Frozen Pizza,Frozen,54,223,0,0,0,Sunday,1,1,1
2024-01-18,S001,Mumbai,P0049,Frozen Pizza,Frozen,47,223,0,0,0,Thursday,1,1,0
2024-01-24,S001,Mumbai,P0049,Frozen Pizza,Frozen,51,189.55,15,0,0,Wednesday,1,1,0
2024-01-26,S001,Mumbai,P0049,Frozen Pizza,Frozen,59,223,0,0,0,Friday,1,1,0
2024-02-02,S001,Mumbai,P0049,Frozen Pizza,Frozen,54,223,0,0,0,Friday,2,1,0
2024-02-10,S001,Mumbai,P0049,Frozen Pizza,Frozen,66,223,0,0,0,Saturday,2,1,1
2024-02-13,S001,Mumbai,P0049,Frozen Pizza,Frozen,47,200.7,10,0,0,Tuesday,2,1,0
2024-02-16,S001,Mumbai,P0049,Frozen Pizza,Frozen,47,223,0,0,0,Friday,2,1,0
2024-02-21,S001,Mumbai,P0049,Frozen Pizza,Frozen,59,189.55,15,0,0,Wednesday,2,1,0
2024-01-06,S004,Surat,P0005,Paneer,Dairy,38,219.45,5,0,0,Saturday,1,1,1
2024-01-15,S004,Surat,P0005,Paneer,Dairy,32,207.9,10,0,0,Monday,1,1,0
2024-01-23,S004,Surat,P0005,Paneer,Dairy,27,207.9,10,0,0,Tuesday,1,1,0
2024-01-29,S004,Surat,P0005,Paneer,Dairy,31,231,0,0,0,Monday,1,1,0
2024-02-01,S004,Surat,P0005,Paneer,Dairy,35,231,0,0,0,Thursday,2,1,0
2024-02-03,S004,Surat,P0005,Paneer,Dairy,30,231,0,0,0,Saturday,2,1,1
2024-02-04,S004,Surat,P0005,Paneer,Dairy,31,231,0,0,0,Sunday,2,1,1
2024-02-12,S004,Surat,P0005,Paneer,Dairy,33,231,0,0,0,Monday,2,1,0
2024-02-13,S004,Surat,P0005,Paneer,Dairy,29,231,0,0,0,Tuesday,2,1,0
2024-02-14,S004,Surat,P0005,Paneer,Dairy,31,219.45,5,0,0,Wednesday,2,1,0
2024-02-16,S004,Surat,P0005,Paneer,Dairy,29,231,0,0,0,Friday,2,1,0
2024-02-23,S004,Surat,P0005,Paneer,Dairy,27,231,0,0,0,Friday,2,1,0
2024-01-06,S005,Bengaluru,P0033,Floor Cleaner,Cleaning,54,98,0,0,0,Saturday,1,1,1
2024-01-14,S005,Bengaluru,P0033,Floor Cleaner,Cleaning,70,98,0,0,0,Sunday,1,1,1
2024-01-16,S005,Bengaluru,P0033,Floor Cleaner,Cleaning,45,83.3,15,0,0,Tuesday,1,1,0
2024-01-20,S005,Bengaluru,P0033,Floor Cleaner,Cleaning,60,98,0,0,0,Saturday,1,1,1
2024-01-27,S005,Bengaluru,P0033,Floor Cleaner,Cleaning,56,98,0,0,0,Saturday,1,1,1
2024-02-01,S005,Bengaluru,P0033,Floor Cleaner,Cleaning,43,98,0,1,0,Thursday,2,1,0
2024-02-03,S005,Bengaluru,P0033,Floor Cleaner,Cleaning,63,88.2,10,0,0,Saturday,2,1,1
2024-02-05,S005,Bengaluru,P0033,Floor Cleaner,Cleaning,45,98,0,0,0,Monday,2,1,0
2024-02-06,S005,Bengaluru,P0033,Floor Cleaner,Cleaning,50,88.2,10,0,0,Tuesday,2,1,0
2024-02-08,S005,Bengaluru,P0033,Floor Cleaner,Cleaning,41,98,0,0,0,Thursday,2,1,0
2024-02-10,S005,Bengaluru,P0033,Floor Cleaner,Cleaning,61,98,0,0,0,Saturday,2,1,1
2024-02-12,S005,Bengaluru,P0033,Floor Cleaner,Cleaning,51,93.1,5,0,0,Monday,2,1,0
2024-02-13,S005,Bengaluru,P0033,Floor Cleaner,Cleaning,43,98,0,0,0,Tuesday,2,1,0
2024-02-15,S005,Bengaluru,P0033,Floor Cleaner,Cleaning,48,98,0,0,0,Thursday,2,1,0
2024-02-17,S005,Bengaluru,P0033,Floor Cleaner,Cleaning,54,98,0,0,0,Saturday,2,1,1
2024-01-06,S008,Jaipur,P0049,Frozen Pizza,Frozen,54,200.7,10,0,0,Saturday,1,1,1
2024-01-18,S008,Jaipur,P0049,Frozen Pizza,Frozen,37,223,0,0,0,Thursday,1,1,0
2024-01-21,S008,Jaipur,P0049,Frozen Pizza,Frozen,49,223,0,0,0,Sunday,1,1,1
2024-01-27,S008,Jaipur,P0049,Frozen Pizza,Frozen,56,223,0,0,0,Saturday,1,1,1
2024-02-01,S008,Jaipur,P0049,Frozen Pizza,Frozen,34,223,0,0,0,Thursday,2,1,0
2024-02-03,S008,Jaipur,P0049,Frozen Pizza,Frozen,52,223,0,0,0,Saturday,2,1,1
2024-02-07,S008,Jaipur,P0049,Frozen Pizza,Frozen,40,223,0,0,0,Wednesday,2,1,0
2024-02-11,S008,Jaipur,P0049,Frozen Pizza,Frozen,52,223,0,0,0,Sunday,2,1,1
2024-01-06,S009,Chennai,P0017,Namkeen,Snacks,34,183,0,0,0,Saturday,1,1,1
2024-01-07,S009,Chennai,P0017,Namkeen,Snacks,35,173.85,5,0,0,Sunday,1,1,1
2024-01-12,S009,Chennai,P0017,Namkeen,Snacks,36,183,0,1,0,Friday,1,1,0
2024-01-19,S009,Chennai,P0017,Namkeen,Snacks,28,155.55,15,0,0,Friday,1,1,0
2024-01-24,S009,Chennai,P0017,Namkeen,Snacks,23,183,0,0,0,Wednesday,1,1,0
2024-01-26,S009,Chennai,P0017,Namkeen,Snacks,27,183,0,0,0,Friday,1,1,0
2024-01-29,S009,Chennai,P0017,Namkeen,Snacks,29,164.7,10,0,0,Monday,1,1,0
2024-02-16,S009,Chennai,P0017,Namkeen,Snacks,22,183,0,0,0,Friday,2,1,0
2024-02-18,S009,Chennai,P0017,Namkeen,Snacks,38,183,0,0,0,Sunday,2,1,1
2024-02-19,S009,Chennai,P0017,Namkeen,Snacks,25,183,0,0,0,Monday,2,1,0
2024-02-21,S009,Chennai,P0017,Namkeen,Snacks,22,183,0,0,0,Wednesday,2,1,0
2024-01-06,S010,Kolkata,P0048,Frozen Corn,Frozen,51,313,0,0,0,Saturday,1,1,1
2024-01-14,S010,Kolkata,P0048,Frozen Corn,Frozen,60,313,0,0,0,Sunday,1,1,1
2024-01-25,S010,Kolkata,P0048,Frozen Corn,Frozen,49,313,0,0,0,Thursday,1,1,0
2024-01-26,S010,Kolkata,P0048,Frozen Corn,Frozen,42,313,0,0,0,Friday,1,1,0
2024-01-27,S010,Kolkata,P0048,Frozen Corn,Frozen,58,297.35,5,0,0,Saturday,1,1,1
2024-02-10,S010,Kolkata,P0048,Frozen Corn,Frozen,53,313,0,0,0,Saturday,2,1,1
2024-02-12,S010,Kolkata,P0048,Frozen Corn,Frozen,44,313,0,0,0,Monday,2,1,0
2024-02-20,S010,Kolkata,P0048,Frozen Corn,Frozen,46,313,0,0,0,Tuesday,2,1,0
2024-02-22,S010,Kolkata,P0048,Frozen Corn,Frozen,36,313,0,0,0,Thursday,2,1,0
2024-01-06,S008,Jaipur,P0022,Wheat Flour,Rice & Grains,51,65.7,10,0,0,Saturday,1,1,1
2024-01-08,S008,Jaipur,P0022,Wheat Flour,Rice & Grains,48,69.35,5,1,0,Monday,1,1,0
2024-01-13,S008,Jaipur,P0022,Wheat Flour,Rice & Grains,47,73,0,0,0,Saturday,1,1,1
2024-01-15,S008,Jaipur,P0022,Wheat Flour,Rice & Grains,38,73,0,0,0,Monday,1,1,0
2024-01-29,S008,Jaipur,P0022,Wheat Flour,Rice & Grains,33,73,0,0,0,Monday,1,1,0
2024-01-31,S008,Jaipur,P0022,Wheat Flour,Rice & Grains,34,73,0,0,0,Wednesday,1,1,0
2024-02-04,S008,Jaipur,P0022,Wheat Flour,Rice & Grains,43,65.7,10,0,0,Sunday,2,1,1
2024-02-11,S008,Jaipur,P0022,Wheat Flour,Rice & Grains,46,73,0,0,0,Sunday,2,1,1
2024-02-15,S008,Jaipur,P0022,Wheat Flour,Rice & Grains,28,73,0,0,0,Thursday,2,1,0
2024-02-17,S008,Jaipur,P0022,Wheat Flour,Rice & Grains,40,73,0,0,0,Saturday,2,1,1
2024-02-20,S008,Jaipur,P0022,Wheat Flour,Rice & Grains,30,73,0,0,0,Tuesday,2,1,0
2024-01-06,S005,Bengaluru,P0019,Biscuits,Snacks,61,130.9,15,0,0,Saturday,1,1,1
2024-01-07,S005,Bengaluru,P0019,Biscuits,Snacks,47,138.6,10,0,0,Sunday,1,1,1
2024-01-15,S005,Bengaluru,P0019,Biscuits,Snacks,41,138.6,10,0,0,Monday,1,1,0
2024-01-17,S005,Bengaluru,P0019,Biscuits,Snacks,34,146.3,5,0,0,Wednesday,1,1,0
2024-01-19,S005,Bengaluru,P0019,Biscuits,Snacks,34,154,0,0,0,Friday,1,1,0
2024-01-20,S005,Bengaluru,P0019,Biscuits,Snacks,60,154,0,0,0,Saturday,1,1,1
2024-01-28,S005,Bengaluru,P0019,Biscuits,Snacks,47,154,0,0,0,Sunday,1,1,1
2024-01-31,S005,Bengaluru,P0019,Biscuits,Snacks,46,146.3,5,0,0,Wednesday,1,1,0
2024-02-01,S005,Bengaluru,P0019,Biscuits,Snacks,40,138.6,10,0,0,Thursday,2,1,0
2024-02-06,S005,Bengaluru,P0019,Biscuits,Snacks,38,154,0,0,0,Tuesday,2,1,0
2024-02-13,S005,Bengaluru,P0019,Biscuits,Snacks,55,154,0,0,0,Tuesday,2,1,0
2024-02-14,S005,Bengaluru,P0019,Biscuits,Snacks,49,138.6,10,0,0,Wednesday,2,1,0
2024-02-16,S005,Bengaluru,P0019,Biscuits,Snacks,51,138.6,10,0,0,Friday,2,1,0
2024-02-17,S005,Bengaluru,P0019,Biscuits,Snacks,57,154,0,0,0,Saturday,2,1,1
2024-02-18,S005,Bengaluru,P0019,Biscuits,Snacks,68,154,0,0,0,Sunday,2,1,1
2024-02-20,S005,Bengaluru,P0019,Biscuits,Snacks,45,154,0,0,0,Tuesday,2,1,0
2024-02-21,S005,Bengaluru,P0019,Biscuits,Snacks,38,154,0,0,0,Wednesday,2,1,0
2024-01-06,S002,Pune,P0041,Potato,Vegetables,38,221.35,5,0,0,Saturday,1,1,1
2024-01-13,S002,Pune,P0041,Potato,Vegetables,47,209.7,10,0,0,Saturday,1,1,1
2024-01-14,S002,Pune,P0041,Potato,Vegetables,42,233,0,0,0,Sunday,1,1,1
2024-01-15,S002,Pune,P0041,Potato,Vegetables,35,233,0,0,0,Monday,1,1,0
2024-01-20,S002,Pune,P0041,Potato,Vegetables,34,233,0,0,0,Saturday,1,1,1
2024-02-07,S002,Pune,P0041,Potato,Vegetables,25,233,0,0,0,Wednesday,2,1,0
2024-02-14,S002,Pune,P0041,Potato,Vegetables,29,233,0,0,0,Wednesday,2,1,0
2024-02-18,S002,Pune,P0041,Potato,Vegetables,43,198.05,15,0,0,Sunday,2,1,1
2024-02-19,S002,Pune,P0041,Potato,Vegetables,34,233,0,0,0,Monday,2,1,0
2024-02-20,S002,Pune,P0041,Potato,Vegetables,31,233,0,0,0,Tuesday,2,1,0
2024-01-06,S006,Hyderabad,P0007,Bun,Bakery,62,314,0,0,0,Saturday,1,1,1
2024-01-07,S006,Hyderabad,P0007,Bun,Bakery,55,282.6,10,0,0,Sunday,1,1,1
2024-01-12,S006,Hyderabad,P0007,Bun,Bakery,49,266.9,15,0,0,Friday,1,1,0
2024-01-25,S006,Hyderabad,P0007,Bun,Bakery,69,282.6,10,0,0,Thursday,1,1,0
2024-01-26,S006,Hyderabad,P0007,Bun,Bakery,67,298.3,5,0,0,Friday,1,1,0
2024-02-02,S006,Hyderabad,P0007,Bun,Bakery,54,314,0,0,0,Friday,2,1,0
2024-02-05,S006,Hyderabad,P0007,Bun,Bakery,58,314,0,0,0,Monday,2,1,0
2024-02-06,S006,Hyderabad,P0007,Bun,Bakery,59,314,0,0,0,Tuesday,2,1,0
2024-02-13,S006,Hyderabad,P0007,Bun,Bakery,64,266.9,15,0,0,Tuesday,2,1,0
2024-02-18,S006,Hyderabad,P0007,Bun,Bakery,65,298.3,5,0,0,Sunday,2,1,1
2024-02-21,S006,Hyderabad,P0007,Bun,Bakery,58,314,0,0,0,Wednesday,2,1,0
2024-02-22,S006,Hyderabad,P0007,Bun,Bakery,80,314,0,1,0,Thursday,2,1,0
