prediction-service/data/retail_forecasting_dataset_50000.csv
date_purchased,store_id,city,product_id,product_name,category,quantity_sold,unit_price,discount_pct,promotion_flag,holiday_flag,day_of_week,month,quarter,is_weekend
2024-01-06,S007,Delhi,P0038,Orange,Fruits,47,194.75,5,0,0,Saturday,1,1,1
2024-01-13,S007,Delhi,P0038,Orange,Fruits,42,205,0,0,0,Saturday,1,1,1
2024-01-19,S007,Delhi,P0038,Orange,Fruits,36,194.75,5,0,0,Friday,1,1,0
2024-01-20,S007,Delhi,P0038,Orange,Fruits,38,205,0,0,0,Saturday,1,1,1
2024-01-24,S007,Delhi,P0038,Orange,Fruits,32,205,0,0,0,Wednesday,1,1,0
2024-01-25,S007,Delhi,P0038,Orange,Fruits,35,194.75,5,0,0,Thursday,1,1,0
2024-01-26,S007,Delhi,P0038,Orange,Fruits,22,205,0,0,0,Friday,1,1,0
2024-01-27,S007,Delhi,P0038,Orange,Fruits,44,205,0,0,0,Saturday,1,1,1
2024-01-30,S007,Delhi,P0038,Orange,Fruits,41,184.5,10,0,0,Tuesday,1,1,0
2024-02-02,S007,Delhi,P0038,Orange,Fruits,30,205,0,0,0,Friday,2,1,0
2024-02-03,S007,Delhi,P0038,Orange,Fruits,49,184.5,10,0,0,Saturday,2,1,1
2024-02-05,S007,Delhi,P0038,Orange,Fruits,35,194.75,5,0,0,Monday,2,1,0
2024-02-10,S007,Delhi,P0038,Orange,Fruits,39,205,0,0,0,Saturday,2,1,1
2024-02-11,S007,Delhi,P0038,Orange,Fruits,35,205,0,0,0,Sunday,2,1,1
2024-02-12,S007,Delhi,P0038,Orange,Fruits,31,194.75,5,0,0,Monday,2,1,0
2024-02-17,S007,Delhi,P0038,Orange,Fruits,39,205,0,0,0,Saturday,2,1,1
2024-01-06,S004,Surat,P0045,Spinach,Vegetables,32,47.7,10,0,0,Saturday,1,1,1
2024-01-08,S004,Surat,P0045,Spinach,Vegetables,29,53,0,0,0,Monday,1,1,0
2024-01-18,S004,Surat,P0045,Spinach,Vegetables,24,53,0,0,0,Thursday,1,1,0
2024-01-29,S004,Surat,P0045,Spinach,Vegetables,31,53,0,1,0,Monday,1,1,0
2024-02-05,S004,Surat,P0045,Spinach,Vegetables,27,53,0,0,0,Monday,2,1,0
2024-02-16,S004,Surat,P0045,Spinach,Vegetables,29,53,0,0,0,Friday,2,1,0
2024-02-17,S004,Surat,P0045,Spinach,Vegetables,37,50.35,5,0,0,Saturday,2,1,1
2024-02-21,S004,Surat,P0045,Spinach,Vegetables,27,53,0,0,0,Wednesday,2,1,0
2024-01-06,S006,Hyderabad,P0028,Toothpaste,Personal Care,45,31,0,0,0,Saturday,1,1,1
2024-01-10,S006,Hyderabad,P0028,Toothpaste,Personal Care,35,31,0,0,0,Wednesday,1,1,0
2024-01-11,S006,Hyderabad,P0028,Toothpaste,Personal Care,37,26.35,15,0,0,Thursday,1,1,0
2024-01-20,S006,Hyderabad,P0028,Toothpaste,Personal Care,41,31,0,0,0,Saturday,1,1,1
2024-01-30,S006,Hyderabad,P0028,Toothpaste,Personal Care,44,31,0,0,0,Tuesday,1,1,0
2024-02-02,S006,Hyderabad,P0028,Toothpaste,Personal Care,37,31,0,0,0,Friday,2,1,0
2024-02-03,S006,Hyderabad,P0028,Toothpaste,Personal Care,42,31,0,0,0,Saturday,2,1,1
2024-02-07,S006,Hyderabad,P0028,Toothpaste,Personal Care,37,31,0,1,0,Wednesday,2,1,0
2024-02-10,S006,Hyderabad,P0028,Toothpaste,Personal Care,60,31,0,0,0,Saturday,2,1,1
2024-02-21,S006,Hyderabad,P0028,Toothpaste,Personal Care,46,31,0,0,0,Wednesday,2,1,0
2024-01-06,S010,Kolkata,P0007,Bun,Bakery,58,314,0,0,0,Saturday,1,1,1
2024-01-14,S010,Kolkata,P0007,Bun,Bakery,57,314,0,0,0,Sunday,1,1,1
2024-01-20,S010,Kolkata,P0007,Bun,Bakery,57,314,0,0,0,Saturday,1,1,1
2024-01-21,S010,Kolkata,P0007,Bun,Bakery,51,314,0,0,0,Sunday,1,1,1
2024-01-23,S010,Kolkata,P0007,Bun,Bakery,48,298.3,5,0,0,Tuesday,1,1,0
2024-01-25,S010,Kolkata,P0007,Bun,Bakery,50,314,0,0,0,Thursday,1,1,0
2024-01-28,S010,Kolkata,P0007,Bun,Bakery,52,282.6,10,0,0,Sunday,1,1,1
2024-02-08,S010,Kolkata,P0007,Bun,Bakery,51,282.6,10,0,0,Thursday,2,1,0
2024-02-13,S010,Kolkata,P0007,Bun,Bakery,43,314,0,0,0,Tuesday,2,1,0
2024-02-21,S010,Kolkata,P0007,Bun,Bakery,43,314,0,0,0,Wednesday,2,1,0
2024-02-22,S010,Kolkata,P0007,Bun,Bakery,46,314,0,0,0,Thursday,2,1,0
2024-01-06,S001,Mumbai,P0044,Carrot,Vegetables,53,121,0,0,0,Saturday,1,1,1
2024-01-08,S001,Mumbai,P0044,Carrot,Vegetables,46,114.95,5,1,0,Monday,1,1,0
2024-01-09,S001,Mumbai,P0044,Carrot,Vegetables,32,121,0,0,0,Tuesday,1,1,0
2024-01-12,S001,Mumbai,P0044,Carrot,Vegetables,38,121,0,0,0,Friday,1,1,0
2024-01-14,S001,Mumbai,P0044,Carrot,Vegetables,49,114.95,5,0,0,Sunday,1,1,1
2024-01-16,S001,Mumbai,P0044,Carrot,Vegetables,34,121,0,0,0,Tuesday,1,1,0
2024-01-18,S001,Mumbai,P0044,Carrot,Vegetables,36,114.95,5,0,0,Thursday,1,1,0
2024-01-20,S001,Mumbai,P0044,Carrot,Vegetables,39,121,0,0,0,Saturday,1,1,1
2024-01-22,S001,Mumbai,P0044,Carrot,Vegetables,39,108.9,10,0,0,Monday,1,1,0
2024-01-26,S001,Mumbai,P0044,Carrot,Vegetables,31,121,0,0,0,Friday,1,1,0
2024-01-30,S001,Mumbai,P0044,Carrot,Vegetables,40,108.9,10,0,0,Tuesday,1,1,0
2024-02-01,S001,Mumbai,P0044,Carrot,Vegetables,45,102.85,15,0,0,Thursday,2,1,0
2024-02-07,S001,Mumbai,P0044,Carrot,Vegetables,34,114.95,5,0,0,Wednesday,2,1,0
2024-02-18,S001,Mumbai,P0044,Carrot,Vegetables,49,121,0,0,0,Sunday,2,1,1
2024-02-19,S001,Mumbai,P0044,Carrot,Vegetables,38,121,0,0,0,Monday,2,1,0
2024-02-20,S001,Mumbai,P0044,Carrot,Vegetables,41,121,0,0,0,Tuesday,2,1,0
2024-01-06,S009,Chennai,P0027,Shampoo,Personal Care,35,219,0,0,0,Saturday,1,1,1
2024-01-10,S009,Chennai,P0027,Shampoo,Personal Care,29,219,0,1,0,Wednesday,1,1,0
2024-01-22,S009,Chennai,P0027,Shampoo,Personal Care,35,219,0,0,0,Monday,1,1,0
2024-01-30,S009,Chennai,P0027,Shampoo,Personal Care,30,219,0,1,0,Tuesday,1,1,0
2024-01-31,S009,Chennai,P0027,Shampoo,Personal Care,36,208.05,5,1,0,Wednesday,1,1,0
2024-02-01,S009,Chennai,P0027,Shampoo,Personal Care,39,208.05,5,1,0,Thursday,2,1,0
2024-02-03,S009,Chennai,P0027,Shampoo,Personal Care,35,219,0,0,0,Saturday,2,1,1
2024-02-10,S009,Chennai,P0027,Shampoo,Personal Care,41,219,0,0,0,Saturday,2,1,1
2024-02-22,S009,Chennai,P0027,Shampoo,Personal Care,35,219,0,0,0,Thursday,2,1,0
2024-02-23,S009,Chennai,P0027,Shampoo,Personal Care,35,219,0,0,0,Friday,2,1,0
2024-01-06,S006,Hyderabad,P0021,Rice,Rice & Grains,42,29,0,0,0,Saturday,1,1,1
2024-01-11,S006,Hyderabad,P0021,Rice,Rice & Grains,35,26.1,10,0,0,Thursday,1,1,0
2024-01-13,S006,Hyderabad,P0021,Rice,Rice & Grains,47,29,0,0,0,Saturday,1,1,1
2024-01-27,S006,Hyderabad,P0021,Rice,Rice & Grains,43,29,0,0,0,Saturday,1,1,1
2024-01-29,S006,Hyderabad,P0021,Rice,Rice & Grains,38,29,0,1,0,Monday,1,1,0
2024-02-12,S006,Hyderabad,P0021,Rice,Rice & Grains,38,24.65,15,0,0,Monday,2,1,0
2024-02-15,S006,Hyderabad,P0021,Rice,Rice & Grains,31,29,0,0,0,Thursday,2,1,0
2024-02-18,S006,Hyderabad,P0021,Rice,Rice & Grains,52,24.65,15,0,0,Sunday,2,1,1
2024-01-06,S009,Chennai,P0036,Banana,Fruits,23,112,0,0,0,Saturday,1,1,1
2024-01-07,S009,Chennai,P0036,Banana,Fruits,22,112,0,0,0,Sunday,1,1,1
2024-01-13,S009,Chennai,P0036,Banana,Fruits,23,106.4,5,0,0,Saturday,1,1,1
2024-01-15,S009,Chennai,P0036,Banana,Fruits,14,112,0,0,0,Monday,1,1,0
2024-01-28,S009,Chennai,P0036,Banana,Fruits,18,112,0,0,0,Sunday,1,1,1
2024-01-29,S009,Chennai,P0036,Banana,Fruits,17,112,0,1,0,Monday,1,1,0
2024-02-01,S009,Chennai,P0036,Banana,Fruits,20,112,0,1,0,Thursday,2,1,0
2024-02-06,S009,Chennai,P0036,Banana,Fruits,18,112,0,0,0,Tuesday,2,1,0
2024-02-13,S009,Chennai,P0036,Banana,Fruits,16,106.4,5,0,0,Tuesday,2,1,0
2024-02-16,S009,Chennai,P0036,Banana,Fruits,17,112,0,0,0,Friday,2,1,0
2024-01-06,S007,Delhi,P0028,Toothpaste,Personal Care,58,31,0,0,0,Saturday,1,1,1
2024-01-07,S007,Delhi,P0028,Toothpaste,Personal Care,49,31,0,0,0,Sunday,1,1,1
2024-01-11,S007,Delhi,P0028,Toothpaste,Personal Care,39,31,0,0,0,Thursday,1,1,0
2024-01-20,S007,Delhi,P0028,Toothpaste,Personal Care,46,31,0,0,0,Saturday,1,1,1
2024-01-21,S007,Delhi,P0028,Toothpaste,Personal Care,57,29.45,5,0,0,Sunday,1,1,1
2024-01-24,S007,Delhi,P0028,Toothpaste,Personal Care,32,31,0,0,0,Wednesday,1,1,0
2024-02-06,S007,Delhi,P0028,Toothpaste,Personal Care,43,31,0,0,0,Tuesday,2,1,0
2024-02-08,S007,Delhi,P0028,Toothpaste,Personal Care,39,31,0,0,0,Thursday,2,1,0
2024-02-09,S007,Delhi,P0028,Toothpaste,Personal Care,42,27.9,10,0,0,Friday,2,1,0
2024-02-14,S007,Delhi,P0028,Toothpaste,Personal Care,31,31,0,0,0,Wednesday,2,1,0
2024-02-15,S007,Delhi,P0028,Toothpaste,Personal Care,58,31,0,1,0,Thursday,2,1,0
2024-01-06,S004,Surat,P0011,Tea,Beverages,57,245,0,0,0,Saturday,1,1,1
2024-01-07,S004,Surat,P0011,Tea,Beverages,56,245,0,0,0,Sunday,1,1,1
2024-01-11,S004,Surat,P0011,Tea,Beverages,44,245,0,0,0,Thursday,1,1,0
2024-01-13,S004,Surat,P0011,Tea,Beverages,55,245,0,0,0,Saturday,1,1,1
2024-01-17,S004,Surat,P0011,Tea,Beverages,32,245,0,0,0,Wednesday,1,1,0
2024-01-31,S004,Surat,P0011,Tea,Beverages,36,245,0,0,0,Wednesday,1,1,0
2024-02-05,S004,Surat,P0011,Tea,Beverages,39,245,0,0,0,Monday,2,1,0
2024-02-06,S004,Surat,P0011,Tea,Beverages,29,245,0,0,0,Tuesday,2,1,0
2024-02-16,S004,Surat,P0011,Tea,Beverages,48,245,0,1,0,Friday,2,1,0
2024-02-18,S004,Surat,P0011,Tea,Beverages,53,245,0,0,0,Sunday,2,1,1
2024-02-20,S004,Surat,P0011,Tea,Beverages,51,220.5,10,0,0,Tuesday,2,1,0
2024-02-23,S004,Surat,P0011,Tea,Beverages,39,245,0,0,0,Friday,2,1,0
2024-01-06,S004,Surat,P0047,Frozen Peas,Frozen,43,209,0,0,0,Saturday,1,1,1
2024-01-08,S004,Surat,P0047,Frozen Peas,Frozen,38,209,0,0,0,Monday,1,1,0
2024-01-12,S004,Surat,P0047,Frozen Peas,Frozen,30,209,0,0,0,Friday,1,1,0
2024-01-28,S004,Surat,P0047,Frozen Peas,Frozen,32,209,0,0,0,Sunday,1,1,1
2024-01-31,S004,Surat,P0047,Frozen Peas,Frozen,44,209,0,0,0,Wednesday,1,1,0
2024-02-05,S004,Surat,P0047,Frozen Peas,Frozen,35,167.2,20,0,0,Monday,2,1,0
2024-02-12,S004,Surat,P0047,Frozen Peas,Frozen,40,209,0,0,0,Monday,2,1,0
2024-02-19,S004,Surat,P0047,Frozen Peas,Frozen,40,209,0,0,0,Monday,2,1,0
2024-02-20,S004,Surat,P0047,Frozen Peas,Frozen,33,209,0,0,0,Tuesday,2,1,0
2024-02-21,S004,Surat,P0047,Frozen Peas,Frozen,40,177.65,15,0,0,Wednesday,2,1,0
2024-01-07,S007,Delhi,P0010,Rusk,Bakery,54,105.4,15,0,0,Sunday,1,1,1
2024-01-14,S007,Delhi,P0010,Rusk,Bakery,58,124,0,1,0,Sunday,1,1,1
2024-01-16,S007,Delhi,P0010,Rusk,Bakery,43,124,0,0,0,Tuesday,1,1,0
2024-01-19,S007,Delhi,P0010,Rusk,Bakery,50,124,0,0,0,Friday,1,1,0
2024-01-29,S007,Delhi,P0010,Rusk,Bakery,49,124,0,0,0,Monday,1,1,0
2024-02-01,S007,Delhi,P0010,Rusk,Bakery,39,124,0,0,0,Thursday,2,1,0
2024-02-07,S007,Delhi,P0010,Rusk,Bakery,54,124,0,0,0,Wednesday,2,1,0
2024-02-13,S007,Delhi,P0010,Rusk,Bakery,49,124,0,0,0,Tuesday,2,1,0
2024-02-16,S007,Delhi,P0010,Rusk,Bakery,40,124,0,0,0,Friday,2,1,0
2024-02-21,S007,Delhi,P0010,Rusk,Bakery,46,124,0,0,0,Wednesday,2,1,0
2024-01-07,S004,Surat,P0038,Orange,Fruits,35,205,0,0,0,Sunday,1,1,1
2024-01-13,S004,Surat,P0038,Orange,Fruits,35,205,0,0,0,Saturday,1,1,1
2024-01-15,S004,Surat,P0038,Orange,Fruits,28,205,0,0,0,Monday,1,1,0
2024-01-16,S004,Surat,P0038,Orange,Fruits,31,174.25,15,0,0,Tuesday,1,1,0
2024-01-18,S004,Surat,P0038,Orange,Fruits,36,205,0,0,0,Thursday,1,1,0
2024-01-25,S004,Surat,P0038,Orange,Fruits,36,164,20,0,0,Thursday,1,1,0
2024-01-26,S004,Surat,P0038,Orange,Fruits,23,205,0,0,0,Friday,1,1,0
2024-01-27,S004,Surat,P0038,Orange,Fruits,31,174.25,15,0,0,Saturday,1,1,1
2024-02-03,S004,Surat,P0038,Orange,Fruits,33,205,0,0,0,Saturday,2,1,1
2024-02-04,S004,Surat,P0038,Orange,Fruits,35,205,0,0,0,Sunday,2,1,1
2024-02-15,S004,Surat,P0038,Orange,Fruits,35,184.5,10,1,0,Thursday,2,1,0
2024-02-17,S004,Surat,P0038,Orange,Fruits,34,194.75,5,0,0,Saturday,2,1,1
2024-02-18,S004,Surat,P0038,Orange,Fruits,44,205,0,0,0,Sunday,2,1,1
2024-02-20,S004,Surat,P0038,Orange,Fruits,32,205,0,0,0,Tuesday,2,1,0
2024-02-23,S004,Surat,P0038,Orange,Fruits,17,184.5,10,0,0,Friday,2,1,0
2024-01-07,S004,Surat,P0039,Mango,Fruits,84,196,0,0,0,Sunday,1,1,1
2024-01-10,S004,Surat,P0039,Mango,Fruits,55,186.2,5,0,0,Wednesday,1,1,0
2024-01-13,S004,Surat,P0039,Mango,Fruits,73,196,0,0,0,Saturday,1,1,1
2024-01-21,S004,Surat,P0039,Mango,Fruits,67,196,0,0,0,Sunday,1,1,1
2024-01-25,S004,Surat,P0039,Mango,Fruits,59,196,0,0,0,Thursday,1,1,0
2024-01-26,S004,Surat,P0039,Mango,Fruits,70,196,0,1,0,Friday,1,1,0
2024-01-28,S004,Surat,P0039,Mango,Fruits,67,196,0,0,0,Sunday,1,1,1
2024-02-02,S004,Surat,P0039,Mango,Fruits,60,196,0,0,0,Friday,2,1,0
2024-02-06,S004,Surat,P0039,Mango,Fruits,49,196,0,0,0,Tuesday,2,1,0
2024-02-08,S004,Surat,P0039,Mango,Fruits,59,196,0,0,0,Thursday,2,1,0
2024-02-13,S004,Surat,P0039,Mango,Fruits,65,166.6,15,0,0,Tuesday,2,1,0
2024-02-15,S004,Surat,P0039,Mango,Fruits,50,196,0,0,0,Thursday,2,1,0
2024-02-18,S004,Surat,P0039,Mango,Fruits,82,166.6,15,0,0,Sunday,2,1,1
2024-02-21,S004,Surat,P0039,Mango,Fruits,61,186.2,5,0,0,Wednesday,2,1,0
2024-01-07,S005,Bengaluru,P0003,Butter,Dairy,87,45,0,0,0,Sunday,1,1,1
2024-01-09,S005,Bengaluru,P0003,Butter,Dairy,75,40.5,10,0,0,Tuesday,1,1,0
2024-01-10,S005,Bengaluru,P0003,Butter,Dairy,72,45,0,1,0,Wednesday,1,1,0
2024-01-14,S005,Bengaluru,P0003,Butter,Dairy,88,45,0,0,0,Sunday,1,1,1
2024-01-20,S005,Bengaluru,P0003,Butter,Dairy,87,45,0,0,0,Saturday,1,1,1
2024-01-22,S005,Bengaluru,P0003,Butter,Dairy,58,45,0,0,0,Monday,1,1,0
2024-01-23,S005,Bengaluru,P0003,Butter,Dairy,67,45,0,0,0,Tuesday,1,1,0
2024-01-28,S005,Bengaluru,P0003,Butter,Dairy,77,45,0,0,0,Sunday,1,1,1
2024-01-31,S005,Bengaluru,P0003,Butter,Dairy,64,45,0,0,0,Wednesday,1,1,0
2024-02-01,S005,Bengaluru,P0003,Butter,Dairy,66,45,0,0,0,Thursday,2,1,0
2024-02-06,S005,Bengaluru,P0003,Butter,Dairy,83,45,0,1,0,Tuesday,2,1,0
2024-02-08,S005,Bengaluru,P0003,Butter,Dairy,71,42.75,5,0,0,Thursday,2,1,0
2024-02-14,S005,Bengaluru,P0003,Butter,Dairy,57,42.75,5,0,0,Wednesday,2,1,0
2024-02-18,S005,Bengaluru,P0003,Butter,Dairy,79,45,0,0,0,Sunday,2,1,1
2024-02-19,S005,Bengaluru,P0003,Butter,Dairy,64,45,0,0,0,Monday,2,1,0
2024-02-21,S005,Bengaluru,P0003,Butter,Dairy,75,45,0,0,0,Wednesday,2,1,0
2024-01-07,S005,Bengaluru,P0048,Frozen Corn,Frozen,53,313,0,0,0,Sunday,1,1,1
2024-01-09,S005,Bengaluru,P0048,Frozen Corn,Frozen,44,313,0,0,0,Tuesday,1,1,0
2024-01-12,S005,Bengaluru,P0048,Frozen Corn,Frozen,62,313,0,0,0,Friday,1,1,0
2024-01-13,S005,Bengaluru,P0048,Frozen Corn,Frozen,67,313,0,0,0,Saturday,1,1,1
2024-01-17,S005,Bengaluru,P0048,Frozen Corn,Frozen,56,313,0,0,0,Wednesday,1,1,0
2024-01-23,S005,Bengaluru,P0048,Frozen Corn,Frozen,71,297.35,5,0,0,Tuesday,1,1,0
2024-01-26,S005,Bengaluru,P0048,Frozen Corn,Frozen,57,313,0,0,0,Friday,1,1,0
2024-02-02,S005,Bengaluru,P0048,Frozen Corn,Frozen,61,313,0,0,0,Friday,2,1,0
2024-02-08,S005,Bengaluru,P0048,Frozen Corn,Frozen,39,313,0,0,0,Thursday,2,1,0
2024-02-11,S005,Bengaluru,P0048,Frozen Corn,Frozen,65,281.7,10,0,0,Sunday,2,1,1
2024-02-17,S005,Bengaluru,P0048,Frozen Corn,Frozen,88,297.35,5,0,0,Saturday,2,1,1
2024-02-21,S005,Bengaluru,P0048,Frozen Corn,Frozen,54,281.7,10,0,0,Wednesday,2,1,0
2024-01-07,S004,Surat,P0050,Frozen Fries,Frozen,53,208.05,5,0,0,Sunday,1,1,1
2024-01-24,S004,Surat,P0050,Frozen Fries,Frozen,44,186.15,15,0,0,Wednesday,1,1,0
2024-01-27,S004,Surat,P0050,Frozen Fries,Frozen,64,219,0,0,0,Saturday,1,1,1
2024-01-28,S004,Surat,P0050,Frozen Fries,Frozen,58,219,0,0,0,Sunday,1,1,1
2024-02-02,S004,Surat,P0050,Frozen Fries,Frozen,49,197.1,10,0,0,Friday,2,1,0
2024-02-04,S004,Surat,P0050,Frozen Fries,Frozen,64,219,0,1,0,Sunday,2,1,1
2024-02-12,S004,Surat,P0050,Frozen Fries,Frozen,53,175.2,20,0,0,Monday,2,1,0
2024-02-20,S004,Surat,P0050,Frozen Fries,Frozen,42,219,0,0,0,Tuesday,2,1,0
2024-02-21,S004,Surat,P0050,Frozen Fries,Frozen,46,219,0,0,0,Wednesday,2,1,0
2024-02-22,S004,Surat,P0050,Frozen Fries,Frozen,40,219,0,0,0,Thursday,2,1,0
2024-01-07,S010,Kolkata,P0019,Biscuits,Snacks,36,154,0,0,0,Sunday,1,1,1
2024-01-14,S010,Kolkata,P0019,Biscuits,Snacks,40,154,0,0,0,Sunday,1,1,1
2024-01-17,S010,Kolkata,P0019,Biscuits,Snacks,28,154,0,0,0,Wednesday,1,1,0
2024-01-24,S010,Kolkata,P0019,Biscuits,Snacks,42,154,0,0,0,Wednesday,1,1,0
2024-01-25,S010,Kolkata,P0019,Biscuits,Snacks,34,154,0,0,0,Thursday,1,1,0
2024-01-28,S010,Kolkata,P0019,Biscuits,Snacks,40,154,0,0,0,Sunday,1,1,1
2024-02-10,S010,Kolkata,P0019,Biscuits,Snacks,46,146.3,5,0,0,Saturday,2,1,1
2024-02-16,S010,Kolkata,P0019,Biscuits,Snacks,37,154,0,0,0,Friday,2,1,0
2024-02-22,S010,Kolkata,P0019,Biscuits,Snacks,33,130.9,15,0,0,Thursday,2,1,0
2024-01-07,S009,Chennai,P0038,Orange,Fruits,29,194.75,5,0,0,Sunday,1,1,1
2024-01-15,S009,Chennai,P0038,Orange,Fruits,17,205,0,0,0,Monday,1,1,0
2024-01-18,S009,Chennai,P0038,Orange,Fruits,12,194.75,5,0,0,Thursday,1,1,0
2024-01-23,S009,Chennai,P0038,Orange,Fruits,17,205,0,0,0,Tuesday,1,1,0
2024-01-25,S009,Chennai,P0038,Orange,Fruits,23,205,0,0,0,Thursday,1,1,0
2024-01-27,S009,Chennai,P0038,Orange,Fruits,22,205,0,0,0,Saturday,1,1,1
2024-02-01,S009,Chennai,P0038,Orange,Fruits,23,205,0,0,0,Thursday,2,1,0
2024-02-07,S009,Chennai,P0038,Orange,Fruits,15,174.25,15,0,0,Wednesday,2,1,0
2024-02-13,S009,Chennai,P0038,Orange,Fruits,19,205,0,0,0,Tuesday,2,1,0
2024-02-21,S009,Chennai,P0038,Orange,Fruits,24,184.5,10,0,0,Wednesday,2,1,0
2024-01-07,S002,Pune,P0037,Apple,Fruits,47,137,0,0,0,Sunday,1,1,1
2024-01-08,S002,Pune,P0037,Apple,Fruits,50,109.6,20,0,0,Monday,1,1,0
2024-01-13,S002,Pune,P0037,Apple,Fruits,83,130.15,5,0,0,Saturday,1,1,1
2024-01-17,S002,Pune,P0037,Apple,Fruits,71,137,0,0,0,Wednesday,1,1,0
2024-01-20,S002,Pune,P0037,Apple,Fruits,74,137,0,0,0,Saturday,1,1,1
2024-01-24,S002,Pune,P0037,Apple,Fruits,77,123.3,10,0,0,Wednesday,1,1,0
2024-01-25,S002,Pune,P0037,Apple,Fruits,54,137,0,0,0,Thursday,1,1,0
2024-01-30,S002,Pune,P0037,Apple,Fruits,61,137,0,0,0,Tuesday,1,1,0
2024-02-08,S002,Pune,P0037,Apple,Fruits,60,130.15,5,0,0,Thursday,2,1,0
2024-02-10,S002,Pune,P0037,Apple,Fruits,83,137,0,0,0,Saturday,2,1,1
2024-02-15,S002,Pune,P0037,Apple,Fruits,50,137,0,0,0,Thursday,2,1,0
2024-02-22,S002,Pune,P0037,Apple,Fruits,58,137,0,0,0,Thursday,2,1,0
