prediction-service/data/retail_forecasting_dataset_50000.csv
date_purchased,store_id,city,product_id,product_name,category,quantity_sold,unit_price,discount_pct,promotion_flag,holiday_flag,day_of_week,month,quarter,is_weekend
2024-01-07,S003,Ahmedabad,P0042,Onion,Vegetables,45,180,0,0,0,Sunday,1,1,1
2024-01-11,S003,Ahmedabad,P0042,Onion,Vegetables,32,180,0,0,0,Thursday,1,1,0
2024-01-15,S003,Ahmedabad,P0042,Onion,Vegetables,40,180,0,0,0,Monday,1,1,0
2024-01-21,S003,Ahmedabad,P0042,Onion,Vegetables,45,180,0,0,0,Sunday,1,1,1
2024-01-23,S003,Ahmedabad,P0042,Onion,Vegetables,44,180,0,0,0,Tuesday,1,1,0
2024-01-24,S003,Ahmedabad,P0042,Onion,Vegetables,47,171,5,1,0,Wednesday,1,1,0
2024-01-25,S003,Ahmedabad,P0042,Onion,Vegetables,37,180,0,0,0,Thursday,1,1,0
2024-02-10,S003,Ahmedabad,P0042,Onion,Vegetables,46,180,0,0,0,Saturday,2,1,1
2024-02-16,S003,Ahmedabad,P0042,Onion,Vegetables,44,180,0,0,0,Friday,2,1,0
2024-02-18,S003,Ahmedabad,P0042,Onion,Vegetables,50,180,0,0,0,Sunday,2,1,1
2024-02-20,S003,Ahmedabad,P0042,Onion,Vegetables,37,153,15,0,0,Tuesday,2,1,0
2024-02-22,S003,Ahmedabad,P0042,Onion,Vegetables,37,162,10,0,0,Thursday,2,1,0
2024-01-07,S004,Surat,P0029,Face Wash,Personal Care,40,122,0,0,0,Sunday,1,1,1
2024-01-08,S004,Surat,P0029,Face Wash,Personal Care,40,109.8,10,0,0,Monday,1,1,0
2024-01-18,S004,Surat,P0029,Face Wash,Personal Care,49,115.9,5,0,0,Thursday,1,1,0
2024-01-26,S004,Surat,P0029,Face Wash,Personal Care,40,122,0,0,0,Friday,1,1,0
2024-01-29,S004,Surat,P0029,Face Wash,Personal Care,32,122,0,0,0,Monday,1,1,0
2024-02-02,S004,Surat,P0029,Face Wash,Personal Care,35,122,0,0,0,Friday,2,1,0
2024-02-06,S004,Surat,P0029,Face Wash,Personal Care,30,109.8,10,0,0,Tuesday,2,1,0
2024-02-08,S004,Surat,P0029,Face Wash,Personal Care,42,122,0,0,0,Thursday,2,1,0
2024-02-11,S004,Surat,P0029,Face Wash,Personal Care,57,122,0,1,0,Sunday,2,1,1
2024-01-07,S004,Surat,P0033,Floor Cleaner,Cleaning,61,98,0,0,0,Sunday,1,1,1
2024-01-09,S004,Surat,P0033,Floor Cleaner,Cleaning,43,98,0,0,0,Tuesday,1,1,0
2024-01-10,S004,Surat,P0033,Floor Cleaner,Cleaning,35,98,0,0,0,Wednesday,1,1,0
2024-01-13,S004,Surat,P0033,Floor Cleaner,Cleaning,62,98,0,0,0,Saturday,1,1,1
2024-01-16,S004,Surat,P0033,Floor Cleaner,Cleaning,43,98,0,0,0,Tuesday,1,1,0
2024-01-19,S004,Surat,P0033,Floor Cleaner,Cleaning,47,98,0,0,0,Friday,1,1,0
2024-01-28,S004,Surat,P0033,Floor Cleaner,Cleaning,56,98,0,0,0,Sunday,1,1,1
2024-01-30,S004,Surat,P0033,Floor Cleaner,Cleaning,50,83.3,15,0,0,Tuesday,1,1,0
2024-02-07,S004,Surat,P0033,Floor Cleaner,Cleaning,53,88.2,10,0,0,Wednesday,2,1,0
2024-02-08,S004,Surat,P0033,Floor Cleaner,Cleaning,47,98,0,0,0,Thursday,2,1,0
2024-02-11,S004,Surat,P0033,Floor Cleaner,Cleaning,61,98,0,1,0,Sunday,2,1,1
2024-02-20,S004,Surat,P0033,Floor Cleaner,Cleaning,42,98,0,0,0,Tuesday,2,1,0
2024-02-21,S004,Surat,P0033,Floor Cleaner,Cleaning,48,88.2,10,0,0,Wednesday,2,1,0
2024-02-22,S004,Surat,P0033,Floor Cleaner,Cleaning,44,93.1,5,0,0,Thursday,2,1,0
2024-01-07,S006,Hyderabad,P0017,Namkeen,Snacks,78,155.55,15,1,0,Sunday,1,1,1
2024-01-11,S006,Hyderabad,P0017,Namkeen,Snacks,43,183,0,0,0,Thursday,1,1,0
2024-01-13,S006,Hyderabad,P0017,Namkeen,Snacks,45,183,0,0,0,Saturday,1,1,1
2024-01-16,S006,Hyderabad,P0017,Namkeen,Snacks,44,183,0,0,0,Tuesday,1,1,0
2024-01-19,S006,Hyderabad,P0017,Namkeen,Snacks,43,183,0,0,0,Friday,1,1,0
2024-01-21,S006,Hyderabad,P0017,Namkeen,Snacks,58,183,0,0,0,Sunday,1,1,1
2024-01-23,S006,Hyderabad,P0017,Namkeen,Snacks,47,183,0,0,0,Tuesday,1,1,0
2024-01-25,S006,Hyderabad,P0017,Namkeen,Snacks,49,183,0,0,0,Thursday,1,1,0
2024-01-27,S006,Hyderabad,P0017,Namkeen,Snacks,47,183,0,0,0,Saturday,1,1,1
2024-01-29,S006,Hyderabad,P0017,Namkeen,Snacks,44,183,0,0,0,Monday,1,1,0
2024-02-06,S006,Hyderabad,P0017,Namkeen,Snacks,41,183,0,0,0,Tuesday,2,1,0
2024-02-07,S006,Hyderabad,P0017,Namkeen,Snacks,46,183,0,0,0,Wednesday,2,1,0
2024-02-16,S006,Hyderabad,P0017,Namkeen,Snacks,45,173.85,5,0,0,Friday,2,1,0
2024-02-22,S006,Hyderabad,P0017,Namkeen,Snacks,42,173.85,5,0,0,Thursday,2,1,0
2024-02-23,S006,Hyderabad,P0017,Namkeen,Snacks,41,155.55,15,0,0,Friday,2,1,0
2024-01-07,S008,Jaipur,P0025,Dal,Rice & Grains,35,28.5,5,0,0,Sunday,1,1,1
2024-01-19,S008,Jaipur,P0025,Dal,Rice & Grains,21,28.5,5,0,0,Friday,1,1,0
2024-01-20,S008,Jaipur,P0025,Dal,Rice & Grains,30,30,0,0,0,Saturday,1,1,1
2024-01-22,S008,Jaipur,P0025,Dal,Rice & Grains,29,25.5,15,0,0,Monday,1,1,0
2024-01-27,S008,Jaipur,P0025,Dal,Rice & Grains,26,30,0,0,0,Saturday,1,1,1
2024-01-30,S008,Jaipur,P0025,Dal,Rice & Grains,28,30,0,0,0,Tuesday,1,1,0
2024-01-31,S008,Jaipur,P0025,Dal,Rice & Grains,27,28.5,5,0,0,Wednesday,1,1,0
2024-02-01,S008,Jaipur,P0025,Dal,Rice & Grains,17,30,0,0,0,Thursday,2,1,0
2024-02-08,S008,Jaipur,P0025,Dal,Rice & Grains,28,27,10,0,0,Thursday,2,1,0
2024-02-13,S008,Jaipur,P0025,Dal,Rice & Grains,23,30,0,0,0,Tuesday,2,1,0
2024-02-20,S008,Jaipur,P0025,Dal,Rice & Grains,24,28.5,5,0,0,Tuesday,2,1,0
2024-02-24,S008,Jaipur,P0025,Dal,Rice & Grains,31,28.5,5,0,0,Saturday,2,1,1
2024-01-07,S001,Mumbai,P0034,Toilet Cleaner,Cleaning,64,185.25,5,0,0,Sunday,1,1,1
2024-01-26,S001,Mumbai,P0034,Toilet Cleaner,Cleaning,47,195,0,0,0,Friday,1,1,0
2024-01-27,S001,Mumbai,P0034,Toilet Cleaner,Cleaning,56,175.5,10,0,0,Saturday,1,1,1
2024-01-31,S001,Mumbai,P0034,Toilet Cleaner,Cleaning,61,175.5,10,0,0,Wednesday,1,1,0
2024-02-03,S001,Mumbai,P0034,Toilet Cleaner,Cleaning,74,195,0,0,0,Saturday,2,1,1
2024-02-07,S001,Mumbai,P0034,Toilet Cleaner,Cleaning,51,195,0,0,0,Wednesday,2,1,0
2024-02-17,S001,Mumbai,P0034,Toilet Cleaner,Cleaning,61,185.25,5,0,0,Saturday,2,1,1
2024-02-22,S001,Mumbai,P0034,Toilet Cleaner,Cleaning,53,195,0,0,0,Thursday,2,1,0
2024-02-24,S001,Mumbai,P0034,Toilet Cleaner,Cleaning,59,195,0,0,0,Saturday,2,1,1
2024-01-07,S010,Kolkata,P0023,Poha,Rice & Grains,21,80,0,0,0,Sunday,1,1,1
2024-01-08,S010,Kolkata,P0023,Poha,Rice & Grains,23,80,0,0,0,Monday,1,1,0
2024-01-12,S010,Kolkata,P0023,Poha,Rice & Grains,17,80,0,0,0,Friday,1,1,0
2024-01-18,S010,Kolkata,P0023,Poha,Rice & Grains,17,80,0,0,0,Thursday,1,1,0
2024-01-31,S010,Kolkata,P0023,Poha,Rice & Grains,15,80,0,0,0,Wednesday,1,1,0
2024-02-04,S010,Kolkata,P0023,Poha,Rice & Grains,23,80,0,0,0,Sunday,2,1,1
2024-02-06,S010,Kolkata,P0023,Poha,Rice & Grains,19,80,0,0,0,Tuesday,2,1,0
2024-02-13,S010,Kolkata,P0023,Poha,Rice & Grains,25,80,0,0,0,Tuesday,2,1,0
2024-02-17,S010,Kolkata,P0023,Poha,Rice & Grains,26,80,0,0,0,Saturday,2,1,1
2024-02-18,S010,Kolkata,P0023,Poha,Rice & Grains,26,72,10,0,0,Sunday,2,1,1
2024-02-22,S010,Kolkata,P0023,Poha,Rice & Grains,22,80,0,1,0,Thursday,2,1,0
2024-01-07,S009,Chennai,P0022,Wheat Flour,Rice & Grains,48,73,0,0,0,Sunday,1,1,1
2024-01-08,S009,Chennai,P0022,Wheat Flour,Rice & Grains,37,65.7,10,0,0,Monday,1,1,0
2024-01-10,S009,Chennai,P0022,Wheat Flour,Rice & Grains,41,65.7,10,0,0,Wednesday,1,1,0
2024-01-16,S009,Chennai,P0022,Wheat Flour,Rice & Grains,36,73,0,0,0,Tuesday,1,1,0
2024-01-20,S009,Chennai,P0022,Wheat Flour,Rice & Grains,49,73,0,0,0,Saturday,1,1,1
2024-01-22,S009,Chennai,P0022,Wheat Flour,Rice & Grains,31,73,0,0,0,Monday,1,1,0
2024-01-28,S009,Chennai,P0022,Wheat Flour,Rice & Grains,33,58.4,20,0,0,Sunday,1,1,1
2024-02-06,S009,Chennai,P0022,Wheat Flour,Rice & Grains,37,73,0,0,0,Tuesday,2,1,0
2024-02-11,S009,Chennai,P0022,Wheat Flour,Rice & Grains,47,65.7,10,0,0,Sunday,2,1,1
2024-02-17,S009,Chennai,P0022,Wheat Flour,Rice & Grains,43,73,0,0,0,Saturday,2,1,1
2024-02-18,S009,Chennai,P0022,Wheat Flour,Rice & Grains,60,62.05,15,1,0,Sunday,2,1,1
2024-01-07,S003,Ahmedabad,P0030,Lotion,Personal Care,79,49,0,0,0,Sunday,1,1,1
2024-01-13,S003,Ahmedabad,P0030,Lotion,Personal Care,83,44.1,10,0,0,Saturday,1,1,1
2024-01-16,S003,Ahmedabad,P0030,Lotion,Personal Care,46,49,0,0,0,Tuesday,1,1,0
2024-01-19,S003,Ahmedabad,P0030,Lotion,Personal Care,68,49,0,0,0,Friday,1,1,0
2024-01-20,S003,Ahmedabad,P0030,Lotion,Personal Care,83,49,0,0,0,Saturday,1,1,1
2024-01-22,S003,Ahmedabad,P0030,Lotion,Personal Care,73,39.2,20,0,0,Monday,1,1,0
2024-01-24,S003,Ahmedabad,P0030,Lotion,Personal Care,60,49,0,0,0,Wednesday,1,1,0
2024-02-03,S003,Ahmedabad,P0030,Lotion,Personal Care,65,46.55,5,0,0,Saturday,2,1,1
2024-02-06,S003,Ahmedabad,P0030,Lotion,Personal Care,66,49,0,0,0,Tuesday,2,1,0
2024-02-12,S003,Ahmedabad,P0030,Lotion,Personal Care,67,49,0,0,0,Monday,2,1,0
2024-02-15,S003,Ahmedabad,P0030,Lotion,Personal Care,58,49,0,0,0,Thursday,2,1,0
2024-02-18,S003,Ahmedabad,P0030,Lotion,Personal Care,68,49,0,0,0,Sunday,2,1,1
2024-02-21,S003,Ahmedabad,P0030,Lotion,Personal Care,63,44.1,10,0,0,Wednesday,2,1,0
2024-01-07,S010,Kolkata,P0045,Spinach,Vegetables,32,53,0,0,0,Sunday,1,1,1
2024-01-13,S010,Kolkata,P0045,Spinach,Vegetables,23,53,0,0,0,Saturday,1,1,1
2024-01-14,S010,Kolkata,P0045,Spinach,Vegetables,34,50.35,5,0,0,Sunday,1,1,1
2024-01-17,S010,Kolkata,P0045,Spinach,Vegetables,27,47.7,10,0,0,Wednesday,1,1,0
2024-01-27,S010,Kolkata,P0045,Spinach,Vegetables,30,53,0,0,0,Saturday,1,1,1
2024-01-28,S010,Kolkata,P0045,Spinach,Vegetables,39,53,0,1,0,Sunday,1,1,1
2024-02-05,S010,Kolkata,P0045,Spinach,Vegetables,27,53,0,0,0,Monday,2,1,0
2024-02-10,S010,Kolkata,P0045,Spinach,Vegetables,33,53,0,0,0,Saturday,2,1,1
2024-02-15,S010,Kolkata,P0045,Spinach,Vegetables,32,53,0,1,0,Thursday,2,1,0
2024-02-19,S010,Kolkata,P0045,Spinach,Vegetables,24,53,0,0,0,Monday,2,1,0
2024-02-20,S010,Kolkata,P0045,Spinach,Vegetables,24,53,0,0,0,Tuesday,2,1,0
2024-01-07,S004,Surat,P0003,Butter,Dairy,93,45,0,1,0,Sunday,1,1,1
2024-01-13,S004,Surat,P0003,Butter,Dairy,87,45,0,0,0,Saturday,1,1,1
2024-01-16,S004,Surat,P0003,Butter,Dairy,65,45,0,0,0,Tuesday,1,1,0
2024-01-20,S004,Surat,P0003,Butter,Dairy,90,45,0,0,0,Saturday,1,1,1
2024-01-24,S004,Surat,P0003,Butter,Dairy,60,45,0,0,0,Wednesday,1,1,0
2024-01-25,S004,Surat,P0003,Butter,Dairy,72,45,0,0,0,Thursday,1,1,0
2024-02-01,S004,Surat,P0003,Butter,Dairy,64,45,0,0,0,Thursday,2,1,0
2024-02-02,S004,Surat,P0003,Butter,Dairy,59,38.25,15,0,0,Friday,2,1,0
2024-02-11,S004,Surat,P0003,Butter,Dairy,93,45,0,0,0,Sunday,2,1,1
2024-02-16,S004,Surat,P0003,Butter,Dairy,72,45,0,0,0,Friday,2,1,0
2024-02-21,S004,Surat,P0003,Butter,Dairy,53,45,0,0,0,Wednesday,2,1,0
2024-01-07,S001,Mumbai,P0016,Chips,Snacks,63,233.1,10,0,0,Sunday,1,1,1
2024-01-10,S001,Mumbai,P0016,Chips,Snacks,61,246.05,5,0,0,Wednesday,1,1,0
2024-01-13,S001,Mumbai,P0016,Chips,Snacks,85,259,0,1,0,Saturday,1,1,1
2024-01-16,S001,Mumbai,P0016,Chips,Snacks,59,259,0,0,0,Tuesday,1,1,0
2024-01-19,S001,Mumbai,P0016,Chips,Snacks,81,207.2,20,0,0,Friday,1,1,0
2024-02-04,S001,Mumbai,P0016,Chips,Snacks,76,233.1,10,0,0,Sunday,2,1,1
2024-02-13,S001,Mumbai,P0016,Chips,Snacks,57,246.05,5,0,0,Tuesday,2,1,0
2024-02-20,S001,Mumbai,P0016,Chips,Snacks,65,259,0,0,0,Tuesday,2,1,0
2024-01-07,S009,Chennai,P0024,Oats,Rice & Grains,42,256,0,1,0,Sunday,1,1,1
2024-01-10,S009,Chennai,P0024,Oats,Rice & Grains,51,256,0,0,0,Wednesday,1,1,0
2024-01-21,S009,Chennai,P0024,Oats,Rice & Grains,43,256,0,0,0,Sunday,1,1,1
2024-01-24,S009,Chennai,P0024,Oats,Rice & Grains,42,256,0,1,0,Wednesday,1,1,0
2024-01-31,S009,Chennai,P0024,Oats,Rice & Grains,45,230.4,10,0,0,Wednesday,1,1,0
2024-02-06,S009,Chennai,P0024,Oats,Rice & Grains,44,230.4,10,0,0,Tuesday,2,1,0
2024-02-08,S009,Chennai,P0024,Oats,Rice & Grains,37,256,0,0,0,Thursday,2,1,0
2024-02-09,S009,Chennai,P0024,Oats,Rice & Grains,34,243.2,5,0,0,Friday,2,1,0
2024-02-14,S009,Chennai,P0024,Oats,Rice & Grains,35,256,0,0,0,Wednesday,2,1,0
2024-02-17,S009,Chennai,P0024,Oats,Rice & Grains,46,256,0,0,0,Saturday,2,1,1
2024-02-20,S009,Chennai,P0024,Oats,Rice & Grains,31,256,0,0,0,Tuesday,2,1,0
2024-02-22,S009,Chennai,P0024,Oats,Rice & Grains,39,256,0,0,0,Thursday,2,1,0
2024-01-07,S010,Kolkata,P0022,Wheat Flour,Rice & Grains,63,65.7,10,0,0,Sunday,1,1,1
2024-01-13,S010,Kolkata,P0022,Wheat Flour,Rice & Grains,46,73,0,0,0,Saturday,1,1,1
2024-01-16,S010,Kolkata,P0022,Wheat Flour,Rice & Grains,39,73,0,0,0,Tuesday,1,1,0
2024-01-18,S010,Kolkata,P0022,Wheat Flour,Rice & Grains,46,73,0,0,0,Thursday,1,1,0
2024-01-20,S010,Kolkata,P0022,Wheat Flour,Rice & Grains,45,73,0,0,0,Saturday,1,1,1
2024-01-21,S010,Kolkata,P0022,Wheat Flour,Rice & Grains,59,73,0,0,0,Sunday,1,1,1
2024-01-22,S010,Kolkata,P0022,Wheat Flour,Rice & Grains,31,73,0,0,0,Monday,1,1,0
2024-02-05,S010,Kolkata,P0022,Wheat Flour,Rice & Grains,46,62.05,15,0,0,Monday,2,1,0
2024-02-12,S010,Kolkata,P0022,Wheat Flour,Rice & Grains,34,58.4,20,0,0,Monday,2,1,0
2024-02-16,S010,Kolkata,P0022,Wheat Flour,Rice & Grains,53,69.35,5,0,0,Friday,2,1,0
2024-02-17,S010,Kolkata,P0022,Wheat Flour,Rice & Grains,50,65.7,10,0,0,Saturday,2,1,1
2024-01-07,S007,Delhi,P0045,Spinach,Vegetables,39,53,0,0,0,Sunday,1,1,1
2024-01-14,S007,Delhi,P0045,Spinach,Vegetables,44,53,0,0,0,Sunday,1,1,1
2024-01-15,S007,Delhi,P0045,Spinach,Vegetables,33,53,0,0,0,Monday,1,1,0
2024-01-21,S007,Delhi,P0045,Spinach,Vegetables,31,53,0,0,0,Sunday,1,1,1
2024-01-27,S007,Delhi,P0045,Spinach,Vegetables,35,53,0,0,0,Saturday,1,1,1
2024-01-30,S007,Delhi,P0045,Spinach,Vegetables,32,47.7,10,0,0,Tuesday,1,1,0
2024-02-06,S007,Delhi,P0045,Spinach,Vegetables,31,53,0,0,0,Tuesday,2,1,0
2024-02-09,S007,Delhi,P0045,Spinach,Vegetables,36,53,0,1,0,Friday,2,1,0
2024-02-11,S007,Delhi,P0045,Spinach,Vegetables,47,50.35,5,0,0,Sunday,2,1,1
2024-02-13,S007,Delhi,P0045,Spinach,Vegetables,33,53,0,0,0,Tuesday,2,1,0
2024-02-16,S007,Delhi,P0045,Spinach,Vegetables,29,53,0,0,0,Friday,2,1,0
2024-02-17,S007,Delhi,P0045,Spinach,Vegetables,40,47.7,10,0,0,Saturday,2,1,1
2024-02-19,S007,Delhi,P0045,Spinach,Vegetables,24,53,0,0,0,Monday,2,1,0
2024-02-20,S007,Delhi,P0045,Spinach,Vegetables,30,53,0,0,0,Tuesday,2,1,0
2024-02-22,S007,Delhi,P0045,Spinach,Vegetables,26,53,0,0,0,Thursday,2,1,0
2024-01-08,S003,Ahmedabad,P0050,Frozen Fries,Frozen,36,219,0,0,0,Monday,1,1,0
2024-01-09,S003,Ahmedabad,P0050,Frozen Fries,Frozen,45,197.1,10,0,0,Tuesday,1,1,0
2024-01-18,S003,Ahmedabad,P0050,Frozen Fries,Frozen,44,219,0,0,0,Thursday,1,1,0
2024-01-29,S003,Ahmedabad,P0050,Frozen Fries,Frozen,53,219,0,0,0,Monday,1,1,0
2024-01-30,S003,Ahmedabad,P0050,Frozen Fries,Frozen,51,208.05,5,1,0,Tuesday,1,1,0
2024-02-01,S003,Ahmedabad,P0050,Frozen Fries,Frozen,52,219,0,0,0,Thursday,2,1,0
2024-02-02,S003,Ahmedabad,P0050,Frozen Fries,Frozen,35,197.1,10,0,0,Friday,2,1,0
2024-02-06,S003,Ahmedabad,P0050,Frozen Fries,Frozen,41,219,0,0,0,Tuesday,2,1,0
2024-02-20,S003,Ahmedabad,P0050,Frozen Fries,Frozen,38,219,0,0,0,Tuesday,2,1,0
2024-01-08,S005,Bengaluru,P0038,Orange,Fruits,42,164,20,1,0,Monday,1,1,0
2024-01-11,S005,Bengaluru,P0038,Orange,Fruits,32,194.75,5,0,0,Thursday,1,1,0
2024-01-17,S005,Bengaluru,P0038,Orange,Fruits,29,205,0,0,0,Wednesday,1,1,0
2024-01-23,S005,Bengaluru,P0038,Orange,Fruits,40,205,0,0,0,Tuesday,1,1,0
2024-01-24,S005,Bengaluru,P0038,Orange,Fruits,27,174.25,15,0,0,Wednesday,1,1,0
2024-01-29,S005,Bengaluru,P0038,Orange,Fruits,31,205,0,0,0,Monday,1,1,0
2024-01-31,S005,Bengaluru,P0038,Orange,Fruits,30,205,0,0,0,Wednesday,1,1,0
2024-02-07,S005,Bengaluru,P0038,Orange,Fruits,32,205,0,0,0,Wednesday,2,1,0
2024-02-13,S005,Bengaluru,P0038,Orange,Fruits,27,205,0,0,0,Tuesday,2,1,0
2024-02-15,S005,Bengaluru,P0038,Orange,Fruits,27,205,0,0,0,Thursday,2,1,0
2024-02-17,S005,Bengaluru,P0038,Orange,Fruits,35,205,0,0,0,Saturday,2,1,1
2024-02-22,S005,Bengaluru,P0038,Orange,Fruits,32,205,0,0,0,Thursday,2,1,0
2024-02-23,S005,Bengaluru,P0038,Orange,Fruits,32,164,20,0,0,Friday,2,1,0
2024-01-08,S002,Pune,P0012,Coffee,Beverages,63,226,0,0,0,Monday,1,1,0
2024-01-17,S002,Pune,P0012,Coffee,Beverages,67,226,0,0,0,Wednesday,1,1,0
2024-01-20,S002,Pune,P0012,Coffee,Beverages,75,226,0,0,0,Saturday,1,1,1
2024-01-21,S002,Pune,P0012,Coffee,Beverages,83,226,0,0,0,Sunday,1,1,1
2024-01-22,S002,Pune,P0012,Coffee,Beverages,48,214.7,5,0,0,Monday,1,1,0
2024-01-25,S002,Pune,P0012,Coffee,Beverages,70,226,0,0,0,Thursday,1,1,0
2024-01-26,S002,Pune,P0012,Coffee,Beverages,87,226,0,1,0,Friday,1,1,0
2024-01-29,S002,Pune,P0012,Coffee,Beverages,65,226,0,0,0,Monday,1,1,0
2024-01-30,S002,Pune,P0012,Coffee,Beverages,56,214.7,5,0,0,Tuesday,1,1,0
2024-01-31,S002,Pune,P0012,Coffee,Beverages,58,226,0,0,0,Wednesday,1,1,0
2024-02-01,S002,Pune,P0012,Coffee,Beverages,55,226,0,0,0,Thursday,2,1,0
2024-02-06,S002,Pune,P0012,Coffee,Beverages,68,203.4,10,0,0,Tuesday,2,1,0
2024-02-16,S002,Pune,P0012,Coffee,Beverages,57,226,0,0,0,Friday,2,1,0
2024-01-08,S002,Pune,P0047,Frozen Peas,Frozen,38,198.55,5,0,0,Monday,1,1,0
2024-01-19,S002,Pune,P0047,Frozen Peas,Frozen,31,209,0,0,0,Friday,1,1,0
2024-01-20,S002,Pune,P0047,Frozen Peas,Frozen,59,188.1,10,0,0,Saturday,1,1,1
2024-02-10,S002,Pune,P0047,Frozen Peas,Frozen,46,209,0,0,0,Saturday,2,1,1
2024-02-13,S002,Pune,P0047,Frozen Peas,Frozen,43,209,0,0,0,Tuesday,2,1,0
2024-02-14,S002,Pune,P0047,Frozen Peas,Frozen,30,209,0,0,0,Wednesday,2,1,0
2024-02-15,S002,Pune,P0047,Frozen Peas,Frozen,39,209,0,0,0,Thursday,2,1,0
2024-02-16,S002,Pune,P0047,Frozen Peas,Frozen,33,209,0,0,0,Friday,2,1,0
2024-02-22,S002,Pune,P0047,Frozen Peas,Frozen,33,209,0,0,0,Thursday,2,1,0
2024-02-23,S002,Pune,P0047,Frozen Peas,Frozen,37,209,0,0,0,Friday,2,1,0
2024-01-08,S004,Surat,P0008,Cake,Bakery,44,126,0,0,0,Monday,1,1,0
2024-01-13,S004,Surat,P0008,Cake,Bakery,62,119.7,5,0,0,Saturday,1,1,1
2024-01-16,S004,Surat,P0008,Cake,Bakery,58,107.1,15,1,0,Tuesday,1,1,0
2024-01-18,S004,Surat,P0008,Cake,Bakery,33,119.7,5,0,0,Thursday,1,1,0
2024-01-21,S004,Surat,P0008,Cake,Bakery,35,126,0,0,0,Sunday,1,1,1
2024-01-23,S004,Surat,P0008,Cake,Bakery,43,119.7,5,0,0,Tuesday,1,1,0
2024-01-27,S004,Surat,P0008,Cake,Bakery,55,126,0,0,0,Saturday,1,1,1
2024-02-05,S004,Surat,P0008,Cake,Bakery,40,100.8,20,0,0,Monday,2,1,0
2024-02-09,S004,Surat,P0008,Cake,Bakery,40,126,0,0,0,Friday,2,1,0
2024-02-12,S004,Surat,P0008,Cake,Bakery,51,126,0,0,0,Monday,2,1,0
2024-02-20,S004,Surat,P0008,Cake,Bakery,43,119.7,5,0,0,Tuesday,2,1,0
2024-02-21,S004,Surat,P0008,Cake,Bakery,46,126,0,0,0,Wednesday,2,1,0
