prediction-service/data/retail_forecasting_dataset_50000.csv
date_purchased,store_id,city,product_id,product_name,category,quantity_sold,unit_price,discount_pct,promotion_flag,holiday_flag,day_of_week,month,quarter,is_weekend
2024-01-08,S008,Jaipur,P0028,Toothpaste,Personal Care,36,29.45,5,1,0,Monday,1,1,0
2024-01-14,S008,Jaipur,P0028,Toothpaste,Personal Care,36,31,0,0,0,Sunday,1,1,1
2024-01-15,S008,Jaipur,P0028,Toothpaste,Personal Care,25,31,0,0,0,Monday,1,1,0
2024-01-22,S008,Jaipur,P0028,Toothpaste,Personal Care,29,31,0,0,0,Monday,1,1,0
2024-01-28,S008,Jaipur,P0028,Toothpaste,Personal Care,28,31,0,0,0,Sunday,1,1,1
2024-01-31,S008,Jaipur,P0028,Toothpaste,Personal Care,35,31,0,1,0,Wednesday,1,1,0
2024-02-13,S008,Jaipur,P0028,Toothpaste,Personal Care,31,31,0,0,0,Tuesday,2,1,0
2024-02-18,S008,Jaipur,P0028,Toothpaste,Personal Care,38,31,0,0,0,Sunday,2,1,1
2024-01-08,S008,Jaipur,P0031,Detergent,Cleaning,32,276,0,0,0,Monday,1,1,0
2024-01-10,S008,Jaipur,P0031,Detergent,Cleaning,29,276,0,0,0,Wednesday,1,1,0
2024-01-15,S008,Jaipur,P0031,Detergent,Cleaning,30,276,0,0,0,Monday,1,1,0
2024-01-20,S008,Jaipur,P0031,Detergent,Cleaning,42,276,0,0,0,Saturday,1,1,1
2024-01-23,S008,Jaipur,P0031,Detergent,Cleaning,39,262.2,5,0,0,Tuesday,1,1,0
2024-01-27,S008,Jaipur,P0031,Detergent,Cleaning,39,248.4,10,1,0,Saturday,1,1,1
2024-01-29,S008,Jaipur,P0031,Detergent,Cleaning,33,276,0,0,0,Monday,1,1,0
2024-02-05,S008,Jaipur,P0031,Detergent,Cleaning,27,262.2,5,0,0,Monday,2,1,0
2024-02-13,S008,Jaipur,P0031,Detergent,Cleaning,29,276,0,0,0,Tuesday,2,1,0
2024-02-18,S008,Jaipur,P0031,Detergent,Cleaning,53,276,0,1,0,Sunday,2,1,1
2024-02-20,S008,Jaipur,P0031,Detergent,Cleaning,28,276,0,0,0,Tuesday,2,1,0
2024-01-08,S008,Jaipur,P0032,Dishwash,Cleaning,35,71,0,0,0,Monday,1,1,0
2024-01-15,S008,Jaipur,P0032,Dishwash,Cleaning,41,67.45,5,0,0,Monday,1,1,0
2024-01-18,S008,Jaipur,P0032,Dishwash,Cleaning,34,67.45,5,0,0,Thursday,1,1,0
2024-01-19,S008,Jaipur,P0032,Dishwash,Cleaning,39,71,0,0,0,Friday,1,1,0
2024-01-21,S008,Jaipur,P0032,Dishwash,Cleaning,40,67.45,5,0,0,Sunday,1,1,1
2024-01-24,S008,Jaipur,P0032,Dishwash,Cleaning,36,71,0,0,0,Wednesday,1,1,0
2024-02-01,S008,Jaipur,P0032,Dishwash,Cleaning,40,71,0,1,0,Thursday,2,1,0
2024-02-05,S008,Jaipur,P0032,Dishwash,Cleaning,43,71,0,0,0,Monday,2,1,0
2024-02-17,S008,Jaipur,P0032,Dishwash,Cleaning,49,71,0,0,0,Saturday,2,1,1
2024-02-21,S008,Jaipur,P0032,Dishwash,Cleaning,35,71,0,0,0,Wednesday,2,1,0
2024-02-23,S008,Jaipur,P0032,Dishwash,Cleaning,30,71,0,0,0,Friday,2,1,0
2024-01-08,S004,Surat,P0041,Potato,Vegetables,29,233,0,0,0,Monday,1,1,0
2024-01-09,S004,Surat,P0041,Potato,Vegetables,23,233,0,0,0,Tuesday,1,1,0
2024-01-29,S004,Surat,P0041,Potato,Vegetables,28,233,0,0,0,Monday,1,1,0
2024-01-30,S004,Surat,P0041,Potato,Vegetables,32,233,0,0,0,Tuesday,1,1,0
2024-02-02,S004,Surat,P0041,Potato,Vegetables,27,233,0,0,0,Friday,2,1,0
2024-02-04,S004,Surat,P0041,Potato,Vegetables,32,221.35,5,0,0,Sunday,2,1,1
2024-02-05,S004,Surat,P0041,Potato,Vegetables,25,233,0,0,0,Monday,2,1,0
2024-02-10,S004,Surat,P0041,Potato,Vegetables,35,198.05,15,0,0,Saturday,2,1,1
2024-01-08,S007,Delhi,P0030,Lotion,Personal Care,63,46.55,5,0,0,Monday,1,1,0
2024-01-12,S007,Delhi,P0030,Lotion,Personal Care,76,49,0,0,0,Friday,1,1,0
2024-01-14,S007,Delhi,P0030,Lotion,Personal Care,72,49,0,0,0,Sunday,1,1,1
2024-01-23,S007,Delhi,P0030,Lotion,Personal Care,57,49,0,0,0,Tuesday,1,1,0
2024-01-25,S007,Delhi,P0030,Lotion,Personal Care,62,49,0,0,0,Thursday,1,1,0
2024-01-29,S007,Delhi,P0030,Lotion,Personal Care,66,49,0,0,0,Monday,1,1,0
2024-01-30,S007,Delhi,P0030,Lotion,Personal Care,54,49,0,0,0,Tuesday,1,1,0
2024-02-15,S007,Delhi,P0030,Lotion,Personal Care,63,49,0,0,0,Thursday,2,1,0
2024-02-16,S007,Delhi,P0030,Lotion,Personal Care,57,49,0,0,0,Friday,2,1,0
2024-02-23,S007,Delhi,P0030,Lotion,Personal Care,86,44.1,10,0,0,Friday,2,1,0
2024-01-08,S006,Hyderabad,P0024,Oats,Rice & Grains,58,230.4,10,0,0,Monday,1,1,0
2024-01-12,S006,Hyderabad,P0024,Oats,Rice & Grains,54,256,0,0,0,Friday,1,1,0
2024-01-13,S006,Hyderabad,P0024,Oats,Rice & Grains,97,217.6,15,0,0,Saturday,1,1,1
2024-01-24,S006,Hyderabad,P0024,Oats,Rice & Grains,65,256,0,0,0,Wednesday,1,1,0
2024-01-26,S006,Hyderabad,P0024,Oats,Rice & Grains,65,256,0,0,0,Friday,1,1,0
2024-01-31,S006,Hyderabad,P0024,Oats,Rice & Grains,67,217.6,15,0,0,Wednesday,1,1,0
2024-02-02,S006,Hyderabad,P0024,Oats,Rice & Grains,67,256,0,0,0,Friday,2,1,0
2024-02-06,S006,Hyderabad,P0024,Oats,Rice & Grains,61,256,0,0,0,Tuesday,2,1,0
2024-02-09,S006,Hyderabad,P0024,Oats,Rice & Grains,54,256,0,0,0,Friday,2,1,0
2024-02-16,S006,Hyderabad,P0024,Oats,Rice & Grains,66,256,0,0,0,Friday,2,1,0
2024-02-18,S006,Hyderabad,P0024,Oats,Rice & Grains,83,230.4,10,0,0,Sunday,2,1,1
2024-01-08,S001,Mumbai,P0015,Water,Beverages,30,205,0,0,0,Monday,1,1,0
2024-01-20,S001,Mumbai,P0015,Water,Beverages,46,184.5,10,0,0,Saturday,1,1,1
2024-01-28,S001,Mumbai,P0015,Water,Beverages,42,205,0,0,0,Sunday,1,1,1
2024-01-30,S001,Mumbai,P0015,Water,Beverages,27,205,0,0,0,Tuesday,1,1,0
2024-02-04,S001,Mumbai,P0015,Water,Beverages,44,205,0,1,0,Sunday,2,1,1
2024-02-09,S001,Mumbai,P0015,Water,Beverages,23,205,0,0,0,Friday,2,1,0
2024-02-17,S001,Mumbai,P0015,Water,Beverages,39,205,0,0,0,Saturday,2,1,1
2024-02-18,S001,Mumbai,P0015,Water,Beverages,32,205,0,0,0,Sunday,2,1,1
2024-01-08,S001,Mumbai,P0009,Cookies,Bakery,36,209,0,0,0,Monday,1,1,0
2024-01-10,S001,Mumbai,P0009,Cookies,Bakery,35,209,0,0,0,Wednesday,1,1,0
2024-01-26,S001,Mumbai,P0009,Cookies,Bakery,32,209,0,0,0,Friday,1,1,0
2024-01-28,S001,Mumbai,P0009,Cookies,Bakery,45,209,0,0,0,Sunday,1,1,1
2024-01-29,S001,Mumbai,P0009,Cookies,Bakery,38,209,0,1,0,Monday,1,1,0
2024-01-31,S001,Mumbai,P0009,Cookies,Bakery,37,209,0,0,0,Wednesday,1,1,0
2024-02-01,S001,Mumbai,P0009,Cookies,Bakery,40,209,0,0,0,Thursday,2,1,0
2024-02-07,S001,Mumbai,P0009,Cookies,Bakery,32,209,0,0,0,Wednesday,2,1,0
2024-02-08,S001,Mumbai,P0009,Cookies,Bakery,39,188.1,10,0,0,Thursday,2,1,0
2024-02-18,S001,Mumbai,P0009,Cookies,Bakery,41,188.1,10,0,0,Sunday,2,1,1
2024-02-21,S001,Mumbai,P0009,Cookies,Bakery,42,177.65,15,0,0,Wednesday,2,1,0
2024-02-22,S001,Mumbai,P0009,Cookies,Bakery,32,177.65,15,0,0,Thursday,2,1,0
2024-01-08,S001,Mumbai,P0025,Dal,Rice & Grains,35,30,0,0,0,Monday,1,1,0
2024-01-26,S001,Mumbai,P0025,Dal,Rice & Grains,44,28.5,5,1,0,Friday,1,1,0
2024-01-29,S001,Mumbai,P0025,Dal,Rice & Grains,34,30,0,0,0,Monday,1,1,0
2024-02-05,S001,Mumbai,P0025,Dal,Rice & Grains,39,30,0,0,0,Monday,2,1,0
2024-02-09,S001,Mumbai,P0025,Dal,Rice & Grains,37,30,0,0,0,Friday,2,1,0
2024-02-13,S001,Mumbai,P0025,Dal,Rice & Grains,37,30,0,0,0,Tuesday,2,1,0
2024-02-15,S001,Mumbai,P0025,Dal,Rice & Grains,49,30,0,0,0,Thursday,2,1,0
2024-02-19,S001,Mumbai,P0025,Dal,Rice & Grains,39,30,0,0,0,Monday,2,1,0
2024-02-23,S001,Mumbai,P0025,Dal,Rice & Grains,39,30,0,0,0,Friday,2,1,0
2024-01-08,S004,Surat,P0046,Ice Cream,Frozen,58,108,0,0,0,Monday,1,1,0
2024-01-09,S004,Surat,P0046,Ice Cream,Frozen,54,108,0,1,0,Tuesday,1,1,0
2024-01-11,S004,Surat,P0046,Ice Cream,Frozen,54,108,0,0,0,Thursday,1,1,0
2024-01-13,S004,Surat,P0046,Ice Cream,Frozen,78,108,0,0,0,Saturday,1,1,1
2024-01-14,S004,Surat,P0046,Ice Cream,Frozen,67,102.6,5,0,0,Sunday,1,1,1
2024-01-15,S004,Surat,P0046,Ice Cream,Frozen,55,108,0,0,0,Monday,1,1,0
2024-01-19,S004,Surat,P0046,Ice Cream,Frozen,59,108,0,0,0,Friday,1,1,0
2024-01-20,S004,Surat,P0046,Ice Cream,Frozen,71,91.8,15,0,0,Saturday,1,1,1
2024-01-24,S004,Surat,P0046,Ice Cream,Frozen,49,102.6,5,0,0,Wednesday,1,1,0
2024-01-26,S004,Surat,P0046,Ice Cream,Frozen,77,91.8,15,1,0,Friday,1,1,0
2024-01-28,S004,Surat,P0046,Ice Cream,Frozen,68,91.8,15,0,0,Sunday,1,1,1
2024-02-13,S004,Surat,P0046,Ice Cream,Frozen,58,108,0,0,0,Tuesday,2,1,0
2024-02-14,S004,Surat,P0046,Ice Cream,Frozen,66,91.8,15,1,0,Wednesday,2,1,0
2024-02-15,S004,Surat,P0046,Ice Cream,Frozen,57,108,0,0,0,Thursday,2,1,0
2024-02-21,S004,Surat,P0046,Ice Cream,Frozen,48,108,0,0,0,Wednesday,2,1,0
2024-01-08,S004,Surat,P0019,Biscuits,Snacks,42,154,0,0,0,Monday,1,1,0
2024-01-09,S004,Surat,P0019,Biscuits,Snacks,39,154,0,0,0,Tuesday,1,1,0
2024-01-14,S004,Surat,P0019,Biscuits,Snacks,47,154,0,0,0,Sunday,1,1,1
2024-01-19,S004,Surat,P0019,Biscuits,Snacks,39,154,0,0,0,Friday,1,1,0
2024-01-23,S004,Surat,P0019,Biscuits,Snacks,39,130.9,15,0,0,Tuesday,1,1,0
2024-01-24,S004,Surat,P0019,Biscuits,Snacks,34,130.9,15,0,0,Wednesday,1,1,0
2024-01-25,S004,Surat,P0019,Biscuits,Snacks,36,154,0,0,0,Thursday,1,1,0
2024-02-12,S004,Surat,P0019,Biscuits,Snacks,37,154,0,0,0,Monday,2,1,0
2024-02-13,S004,Surat,P0019,Biscuits,Snacks,50,123.2,20,0,0,Tuesday,2,1,0
2024-02-22,S004,Surat,P0019,Biscuits,Snacks,50,130.9,15,1,0,Thursday,2,1,0
2024-01-08,S001,Mumbai,P0002,Curd,Dairy,61,314,0,0,0,Monday,1,1,0
2024-01-11,S001,Mumbai,P0002,Curd,Dairy,69,314,0,0,0,Thursday,1,1,0
2024-01-12,S001,Mumbai,P0002,Curd,Dairy,49,298.3,5,0,0,Friday,1,1,0
2024-01-15,S001,Mumbai,P0002,Curd,Dairy,75,282.6,10,0,0,Monday,1,1,0
2024-01-17,S001,Mumbai,P0002,Curd,Dairy,62,314,0,0,0,Wednesday,1,1,0
2024-01-20,S001,Mumbai,P0002,Curd,Dairy,75,314,0,0,0,Saturday,1,1,1
2024-01-21,S001,Mumbai,P0002,Curd,Dairy,86,314,0,0,0,Sunday,1,1,1
2024-02-05,S001,Mumbai,P0002,Curd,Dairy,64,314,0,0,0,Monday,2,1,0
2024-02-13,S001,Mumbai,P0002,Curd,Dairy,65,314,0,0,0,Tuesday,2,1,0
2024-02-14,S001,Mumbai,P0002,Curd,Dairy,49,314,0,0,0,Wednesday,2,1,0
2024-02-23,S001,Mumbai,P0002,Curd,Dairy,56,314,0,0,0,Friday,2,1,0
2024-01-09,S004,Surat,P0022,Wheat Flour,Rice & Grains,51,65.7,10,0,0,Tuesday,1,1,0
2024-01-11,S004,Surat,P0022,Wheat Flour,Rice & Grains,52,73,0,0,0,Thursday,1,1,0
2024-01-12,S004,Surat,P0022,Wheat Flour,Rice & Grains,44,73,0,0,0,Friday,1,1,0
2024-01-15,S004,Surat,P0022,Wheat Flour,Rice & Grains,47,73,0,0,0,Monday,1,1,0
2024-01-17,S004,Surat,P0022,Wheat Flour,Rice & Grains,53,65.7,10,0,0,Wednesday,1,1,0
2024-01-20,S004,Surat,P0022,Wheat Flour,Rice & Grains,63,73,0,0,0,Saturday,1,1,1
2024-01-21,S004,Surat,P0022,Wheat Flour,Rice & Grains,50,65.7,10,0,0,Sunday,1,1,1
2024-01-29,S004,Surat,P0022,Wheat Flour,Rice & Grains,49,73,0,0,0,Monday,1,1,0
2024-02-06,S004,Surat,P0022,Wheat Flour,Rice & Grains,49,65.7,10,0,0,Tuesday,2,1,0
2024-02-11,S004,Surat,P0022,Wheat Flour,Rice & Grains,81,69.35,5,0,0,Sunday,2,1,1
2024-02-13,S004,Surat,P0022,Wheat Flour,Rice & Grains,60,73,0,0,0,Tuesday,2,1,0
2024-02-15,S004,Surat,P0022,Wheat Flour,Rice & Grains,54,69.35,5,0,0,Thursday,2,1,0
2024-02-18,S004,Surat,P0022,Wheat Flour,Rice & Grains,73,73,0,0,0,Sunday,2,1,1
2024-01-09,S003,Ahmedabad,P0018,Popcorn,Snacks,40,243,0,0,0,Tuesday,1,1,0
2024-01-13,S003,Ahmedabad,P0018,Popcorn,Snacks,57,243,0,1,0,Saturday,1,1,1
2024-01-22,S003,Ahmedabad,P0018,Popcorn,Snacks,44,243,0,0,0,Monday,1,1,0
2024-01-24,S003,Ahmedabad,P0018,Popcorn,Snacks,41,206.55,15,0,0,Wednesday,1,1,0
2024-01-28,S003,Ahmedabad,P0018,Popcorn,Snacks,50,243,0,0,0,Sunday,1,1,1
2024-02-07,S003,Ahmedabad,P0018,Popcorn,Snacks,38,243,0,0,0,Wednesday,2,1,0
2024-02-11,S003,Ahmedabad,P0018,Popcorn,Snacks,58,218.7,10,0,0,Sunday,2,1,1
2024-02-12,S003,Ahmedabad,P0018,Popcorn,Snacks,31,243,0,0,0,Monday,2,1,0
2024-02-13,S003,Ahmedabad,P0018,Popcorn,Snacks,47,194.4,20,0,0,Tuesday,2,1,0
2024-01-09,S001,Mumbai,P0033,Floor Cleaner,Cleaning,43,98,0,0,0,Tuesday,1,1,0
2024-01-10,S001,Mumbai,P0033,Floor Cleaner,Cleaning,43,98,0,0,0,Wednesday,1,1,0
2024-01-21,S001,Mumbai,P0033,Floor Cleaner,Cleaning,71,98,0,0,0,Sunday,1,1,1
2024-01-25,S001,Mumbai,P0033,Floor Cleaner,Cleaning,52,98,0,1,0,Thursday,1,1,0
2024-02-06,S001,Mumbai,P0033,Floor Cleaner,Cleaning,40,98,0,0,0,Tuesday,2,1,0
2024-02-10,S001,Mumbai,P0033,Floor Cleaner,Cleaning,62,98,0,0,0,Saturday,2,1,1
2024-02-13,S001,Mumbai,P0033,Floor Cleaner,Cleaning,44,93.1,5,0,0,Tuesday,2,1,0
2024-02-14,S001,Mumbai,P0033,Floor Cleaner,Cleaning,54,98,0,0,0,Wednesday,2,1,0
2024-02-15,S001,Mumbai,P0033,Floor Cleaner,Cleaning,42,78.4,20,0,0,Thursday,2,1,0
2024-02-21,S001,Mumbai,P0033,Floor Cleaner,Cleaning,42,98,0,0,0,Wednesday,2,1,0
2024-01-09,S005,Bengaluru,P0005,Paneer,Dairy,32,196.35,15,0,0,Tuesday,1,1,0
2024-01-17,S005,Bengaluru,P0005,Paneer,Dairy,26,231,0,0,0,Wednesday,1,1,0
2024-01-19,S005,Bengaluru,P0005,Paneer,Dairy,31,207.9,10,0,0,Friday,1,1,0
2024-01-22,S005,Bengaluru,P0005,Paneer,Dairy,20,231,0,0,0,Monday,1,1,0
2024-01-23,S005,Bengaluru,P0005,Paneer,Dairy,36,231,0,1,0,Tuesday,1,1,0
2024-01-28,S005,Bengaluru,P0005,Paneer,Dairy,54,231,0,1,0,Sunday,1,1,1
2024-01-31,S005,Bengaluru,P0005,Paneer,Dairy,28,231,0,0,0,Wednesday,1,1,0
2024-02-03,S005,Bengaluru,P0005,Paneer,Dairy,46,231,0,0,0,Saturday,2,1,1
2024-02-09,S005,Bengaluru,P0005,Paneer,Dairy,29,231,0,0,0,Friday,2,1,0
2024-02-11,S005,Bengaluru,P0005,Paneer,Dairy,45,196.35,15,0,0,Sunday,2,1,1
2024-02-12,S005,Bengaluru,P0005,Paneer,Dairy,24,219.45,5,0,0,Monday,2,1,0
2024-02-17,S005,Bengaluru,P0005,Paneer,Dairy,49,184.8,20,1,0,Saturday,2,1,1
2024-02-19,S005,Bengaluru,P0005,Paneer,Dairy,32,231,0,0,0,Monday,2,1,0
2024-01-09,S002,Pune,P0024,Oats,Rice & Grains,57,256,0,0,0,Tuesday,1,1,0
2024-01-12,S002,Pune,P0024,Oats,Rice & Grains,63,256,0,0,0,Friday,1,1,0
2024-01-13,S002,Pune,P0024,Oats,Rice & Grains,68,230.4,10,0,0,Saturday,1,1,1
2024-01-14,S002,Pune,P0024,Oats,Rice & Grains,95,243.2,5,1,0,Sunday,1,1,1
2024-01-19,S002,Pune,P0024,Oats,Rice & Grains,67,256,0,0,0,Friday,1,1,0
2024-01-21,S002,Pune,P0024,Oats,Rice & Grains,64,204.8,20,0,0,Sunday,1,1,1
2024-01-30,S002,Pune,P0024,Oats,Rice & Grains,61,230.4,10,0,0,Tuesday,1,1,0
2024-02-07,S002,Pune,P0024,Oats,Rice & Grains,59,256,0,0,0,Wednesday,2,1,0
2024-02-11,S002,Pune,P0024,Oats,Rice & Grains,90,256,0,1,0,Sunday,2,1,1
2024-02-17,S002,Pune,P0024,Oats,Rice & Grains,77,256,0,0,0,Saturday,2,1,1
2024-02-23,S002,Pune,P0024,Oats,Rice & Grains,62,217.6,15,0,0,Friday,2,1,0
2024-01-09,S004,Surat,P0013,Juice,Beverages,58,118.8,10,0,0,Tuesday,1,1,0
2024-01-10,S004,Surat,P0013,Juice,Beverages,57,132,0,0,0,Wednesday,1,1,0
2024-01-20,S004,Surat,P0013,Juice,Beverages,64,132,0,0,0,Saturday,1,1,1
2024-01-21,S004,Surat,P0013,Juice,Beverages,65,132,0,0,0,Sunday,1,1,1
2024-01-22,S004,Surat,P0013,Juice,Beverages,66,105.6,20,0,0,Monday,1,1,0
2024-01-23,S004,Surat,P0013,Juice,Beverages,48,132,0,0,0,Tuesday,1,1,0
2024-01-27,S004,Surat,P0013,Juice,Beverages,69,132,0,0,0,Saturday,1,1,1
2024-02-01,S004,Surat,P0013,Juice,Beverages,55,132,0,0,0,Thursday,2,1,0
2024-02-24,S004,Surat,P0013,Juice,Beverages,75,132,0,1,0,Saturday,2,1,1
2024-01-09,S005,Bengaluru,P0036,Banana,Fruits,26,112,0,0,0,Tuesday,1,1,0
2024-01-10,S005,Bengaluru,P0036,Banana,Fruits,25,112,0,0,0,Wednesday,1,1,0
2024-01-12,S005,Bengaluru,P0036,Banana,Fruits,31,112,0,0,0,Friday,1,1,0
2024-01-15,S005,Bengaluru,P0036,Banana,Fruits,23,112,0,0,0,Monday,1,1,0
2024-01-31,S005,Bengaluru,P0036,Banana,Fruits,28,112,0,0,0,Wednesday,1,1,0
2024-02-03,S005,Bengaluru,P0036,Banana,Fruits,40,106.4,5,0,0,Saturday,2,1,1
2024-02-08,S005,Bengaluru,P0036,Banana,Fruits,23,112,0,0,0,Thursday,2,1,0
2024-02-12,S005,Bengaluru,P0036,Banana,Fruits,28,112,0,0,0,Monday,2,1,0
2024-02-13,S005,Bengaluru,P0036,Banana,Fruits,27,112,0,0,0,Tuesday,2,1,0
2024-02-23,S005,Bengaluru,P0036,Banana,Fruits,27,112,0,1,0,Friday,2,1,0
2024-01-10,S003,Ahmedabad,P0036,Banana,Fruits,27,112,0,0,0,Wednesday,1,1,0
2024-01-12,S003,Ahmedabad,P0036,Banana,Fruits,29,100.8,10,0,0,Friday,1,1,0
2024-01-14,S003,Ahmedabad,P0036,Banana,Fruits,39,112,0,0,0,Sunday,1,1,1
2024-01-18,S003,Ahmedabad,P0036,Banana,Fruits,30,112,0,0,0,Thursday,1,1,0
2024-01-19,S003,Ahmedabad,P0036,Banana,Fruits,27,112,0,0,0,Friday,1,1,0
2024-01-24,S003,Ahmedabad,P0036,Banana,Fruits,28,112,0,0,0,Wednesday,1,1,0
2024-01-26,S003,Ahmedabad,P0036,Banana,Fruits,23,106.4,5,0,0,Friday,1,1,0
2024-01-28,S003,Ahmedabad,P0036,Banana,Fruits,37,95.2,15,0,0,Sunday,1,1,1
2024-02-06,S003,Ahmedabad,P0036,Banana,Fruits,28,100.8,10,1,0,Tuesday,2,1,0
2024-02-10,S003,Ahmedabad,P0036,Banana,Fruits,35,106.4,5,0,0,Saturday,2,1,1
2024-02-11,S003,Ahmedabad,P0036,Banana,Fruits,31,112,0,0,0,Sunday,2,1,1
2024-02-15,S003,Ahmedabad,P0036,Banana,Fruits,27,112,0,0,0,Thursday,2,1,0
2024-02-16,S003,Ahmedabad,P0036,Banana,Fruits,34,112,0,0,0,Friday,2,1,0
2024-02-22,S003,Ahmedabad,P0036,Banana,Fruits,24,100.8,10,0,0,Thursday,2,1,0
2024-01-10,S006,Hyderabad,P0037,Apple,Fruits,68,130.15,5,0,0,Wednesday,1,1,0
2024-01-19,S006,Hyderabad,P0037,Apple,Fruits,59,137,0,0,0,Friday,1,1,0
2024-01-21,S006,Hyderabad,P0037,Apple,Fruits,57,130.15,5,0,0,Sunday,1,1,1
2024-01-24,S006,Hyderabad,P0037,Apple,Fruits,55,130.15,5,0,0,Wednesday,1,1,0
2024-01-28,S006,Hyderabad,P0037,Apple,Fruits,78,137,0,0,0,Sunday,1,1,1
2024-01-29,S006,Hyderabad,P0037,Apple,Fruits,55,130.15,5,0,0,Monday,1,1,0
2024-02-03,S006,Hyderabad,P0037,Apple,Fruits,94,137,0,1,0,Saturday,2,1,1
2024-02-05,S006,Hyderabad,P0037,Apple,Fruits,54,137,0,0,0,Monday,2,1,0
2024-02-10,S006,Hyderabad,P0037,Apple,Fruits,78,137,0,0,0,Saturday,2,1,1
2024-02-12,S006,Hyderabad,P0037,Apple,Fruits,65,137,0,0,0,Monday,2,1,0
2024-02-20,S006,Hyderabad,P0037,Apple,Fruits,59,137,0,0,0,Tuesday,2,1,0
2024-01-10,S009,Chennai,P0042,Onion,Vegetables,22,180,0,0,0,Wednesday,1,1,0
2024-01-11,S009,Chennai,P0042,Onion,Vegetables,22,144,20,0,0,Thursday,1,1,0
2024-01-21,S009,Chennai,P0042,Onion,Vegetables,33,171,5,0,0,Sunday,1,1,1
2024-01-24,S009,Chennai,P0042,Onion,Vegetables,26,171,5,0,0,Wednesday,1,1,0
2024-02-01,S009,Chennai,P0042,Onion,Vegetables,23,180,0,1,0,Thursday,2,1,0
2024-02-03,S009,Chennai,P0042,Onion,Vegetables,33,180,0,1,0,Saturday,2,1,1
2024-02-05,S009,Chennai,P0042,Onion,Vegetables,26,171,5,1,0,Monday,2,1,0
2024-02-11,S009,Chennai,P0042,Onion,Vegetables,23,180,0,0,0,Sunday,2,1,1
2024-02-12,S009,Chennai,P0042,Onion,Vegetables,20,180,0,0,0,Monday,2,1,0
2024-02-17,S009,Chennai,P0042,Onion,Vegetables,31,180,0,0,0,Saturday,2,1,1
