prediction-service/data/retail_forecasting_dataset_50000.csv
date_purchased,store_id,city,product_id,product_name,category,quantity_sold,unit_price,discount_pct,promotion_flag,holiday_flag,day_of_week,month,quarter,is_weekend
2024-01-10,S010,Kolkata,P0003,Butter,Dairy,54,45,0,0,0,Wednesday,1,1,0
2024-01-11,S010,Kolkata,P0003,Butter,Dairy,60,45,0,0,0,Thursday,1,1,0
2024-01-12,S010,Kolkata,P0003,Butter,Dairy,54,45,0,1,0,Friday,1,1,0
2024-01-18,S010,Kolkata,P0003,Butter,Dairy,60,38.25,15,0,0,Thursday,1,1,0
2024-01-19,S010,Kolkata,P0003,Butter,Dairy,64,45,0,0,0,Friday,1,1,0
2024-01-22,S010,Kolkata,P0003,Butter,Dairy,52,45,0,0,0,Monday,1,1,0
2024-02-03,S010,Kolkata,P0003,Butter,Dairy,90,36,20,0,0,Saturday,2,1,1
2024-02-04,S010,Kolkata,P0003,Butter,Dairy,61,42.75,5,0,0,Sunday,2,1,1
2024-02-06,S010,Kolkata,P0003,Butter,Dairy,40,45,0,0,0,Tuesday,2,1,0
2024-02-12,S010,Kolkata,P0003,Butter,Dairy,58,45,0,0,0,Monday,2,1,0
2024-02-21,S010,Kolkata,P0003,Butter,Dairy,58,45,0,0,0,Wednesday,2,1,0
2024-01-10,S002,Pune,P0040,Grapes,Fruits,48,135,0,0,0,Wednesday,1,1,0
2024-01-13,S002,Pune,P0040,Grapes,Fruits,74,135,0,0,0,Saturday,1,1,1
2024-01-16,S002,Pune,P0040,Grapes,Fruits,52,135,0,0,0,Tuesday,1,1,0
2024-01-20,S002,Pune,P0040,Grapes,Fruits,84,121.5,10,0,0,Saturday,1,1,1
2024-01-21,S002,Pune,P0040,Grapes,Fruits,79,135,0,0,0,Sunday,1,1,1
2024-01-29,S002,Pune,P0040,Grapes,Fruits,61,135,0,0,0,Monday,1,1,0
2024-01-31,S002,Pune,P0040,Grapes,Fruits,48,135,0,0,0,Wednesday,1,1,0
2024-02-20,S002,Pune,P0040,Grapes,Fruits,51,135,0,0,0,Tuesday,2,1,0
2024-02-21,S002,Pune,P0040,Grapes,Fruits,64,135,0,0,0,Wednesday,2,1,0
2024-01-10,S010,Kolkata,P0035,Phenyl,Cleaning,37,63,10,0,0,Wednesday,1,1,0
2024-01-14,S010,Kolkata,P0035,Phenyl,Cleaning,34,70,0,0,0,Sunday,1,1,1
2024-01-15,S010,Kolkata,P0035,Phenyl,Cleaning,46,70,0,0,0,Monday,1,1,0
2024-01-21,S010,Kolkata,P0035,Phenyl,Cleaning,57,56,20,0,0,Sunday,1,1,1
2024-01-24,S010,Kolkata,P0035,Phenyl,Cleaning,52,66.5,5,0,0,Wednesday,1,1,0
2024-01-27,S010,Kolkata,P0035,Phenyl,Cleaning,46,70,0,0,0,Saturday,1,1,1
2024-02-01,S010,Kolkata,P0035,Phenyl,Cleaning,43,66.5,5,0,0,Thursday,2,1,0
2024-02-04,S010,Kolkata,P0035,Phenyl,Cleaning,51,70,0,0,0,Sunday,2,1,1
2024-02-05,S010,Kolkata,P0035,Phenyl,Cleaning,40,70,0,0,0,Monday,2,1,0
2024-02-09,S010,Kolkata,P0035,Phenyl,Cleaning,36,70,0,0,0,Friday,2,1,0
2024-02-19,S010,Kolkata,P0035,Phenyl,Cleaning,39,70,0,0,0,Monday,2,1,0
2024-01-10,S009,Chennai,P0026,Soap,Personal Care,16,83,0,0,0,Wednesday,1,1,0
2024-01-17,S009,Chennai,P0026,Soap,Personal Care,19,83,0,0,0,Wednesday,1,1,0
2024-01-18,S009,Chennai,P0026,Soap,Personal Care,21,70.55,15,0,0,Thursday,1,1,0
2024-01-23,S009,Chennai,P0026,Soap,Personal Care,16,83,0,0,0,Tuesday,1,1,0
2024-01-25,S009,Chennai,P0026,Soap,Personal Care,18,83,0,0,0,Thursday,1,1,0
2024-02-05,S009,Chennai,P0026,Soap,Personal Care,24,74.7,10,1,0,Monday,2,1,0
2024-02-06,S009,Chennai,P0026,Soap,Personal Care,17,70.55,15,0,0,Tuesday,2,1,0
2024-02-07,S009,Chennai,P0026,Soap,Personal Care,16,83,0,0,0,Wednesday,2,1,0
2024-02-23,S009,Chennai,P0026,Soap,Personal Care,19,83,0,0,0,Friday,2,1,0
2024-01-10,S003,Ahmedabad,P0044,Carrot,Vegetables,53,121,0,1,0,Wednesday,1,1,0
2024-01-16,S003,Ahmedabad,P0044,Carrot,Vegetables,32,121,0,0,0,Tuesday,1,1,0
2024-01-20,S003,Ahmedabad,P0044,Carrot,Vegetables,51,121,0,0,0,Saturday,1,1,1
2024-01-22,S003,Ahmedabad,P0044,Carrot,Vegetables,32,114.95,5,0,0,Monday,1,1,0
2024-01-26,S003,Ahmedabad,P0044,Carrot,Vegetables,38,114.95,5,0,0,Friday,1,1,0
2024-01-31,S003,Ahmedabad,P0044,Carrot,Vegetables,37,121,0,0,0,Wednesday,1,1,0
2024-02-01,S003,Ahmedabad,P0044,Carrot,Vegetables,39,114.95,5,0,0,Thursday,2,1,0
2024-02-05,S003,Ahmedabad,P0044,Carrot,Vegetables,38,121,0,0,0,Monday,2,1,0
2024-02-18,S003,Ahmedabad,P0044,Carrot,Vegetables,48,121,0,0,0,Sunday,2,1,1
2024-02-21,S003,Ahmedabad,P0044,Carrot,Vegetables,42,121,0,0,0,Wednesday,2,1,0
2024-01-10,S004,Surat,P0001,Milk,Dairy,72,255,0,1,0,Wednesday,1,1,0
2024-01-13,S004,Surat,P0001,Milk,Dairy,107,255,0,1,0,Saturday,1,1,1
2024-01-15,S004,Surat,P0001,Milk,Dairy,57,255,0,0,0,Monday,1,1,0
2024-01-20,S004,Surat,P0001,Milk,Dairy,91,255,0,0,0,Saturday,1,1,1
2024-01-31,S004,Surat,P0001,Milk,Dairy,70,255,0,0,0,Wednesday,1,1,0
2024-02-01,S004,Surat,P0001,Milk,Dairy,69,242.25,5,0,0,Thursday,2,1,0
2024-02-07,S004,Surat,P0001,Milk,Dairy,58,255,0,0,0,Wednesday,2,1,0
2024-02-08,S004,Surat,P0001,Milk,Dairy,58,255,0,0,0,Thursday,2,1,0
2024-02-15,S004,Surat,P0001,Milk,Dairy,82,242.25,5,1,0,Thursday,2,1,0
2024-02-20,S004,Surat,P0001,Milk,Dairy,79,255,0,0,0,Tuesday,2,1,0
2024-01-10,S010,Kolkata,P0032,Dishwash,Cleaning,36,71,0,0,0,Wednesday,1,1,0
2024-01-20,S010,Kolkata,P0032,Dishwash,Cleaning,57,71,0,0,0,Saturday,1,1,1
2024-01-25,S010,Kolkata,P0032,Dishwash,Cleaning,49,56.8,20,0,0,Thursday,1,1,0
2024-02-04,S010,Kolkata,P0032,Dishwash,Cleaning,59,71,0,0,0,Sunday,2,1,1
2024-02-13,S010,Kolkata,P0032,Dishwash,Cleaning,58,63.9,10,0,0,Tuesday,2,1,0
2024-02-18,S010,Kolkata,P0032,Dishwash,Cleaning,52,60.35,15,0,0,Sunday,2,1,1
2024-02-19,S010,Kolkata,P0032,Dishwash,Cleaning,38,71,0,0,0,Monday,2,1,0
2024-02-20,S010,Kolkata,P0032,Dishwash,Cleaning,43,67.45,5,0,0,Tuesday,2,1,0
2024-02-24,S010,Kolkata,P0032,Dishwash,Cleaning,72,71,0,1,0,Saturday,2,1,1
2024-01-10,S001,Mumbai,P0046,Ice Cream,Frozen,58,102.6,5,0,0,Wednesday,1,1,0
2024-01-19,S001,Mumbai,P0046,Ice Cream,Frozen,59,102.6,5,0,0,Friday,1,1,0
2024-01-25,S001,Mumbai,P0046,Ice Cream,Frozen,58,108,0,0,0,Thursday,1,1,0
2024-01-27,S001,Mumbai,P0046,Ice Cream,Frozen,78,97.2,10,0,0,Saturday,1,1,1
2024-01-30,S001,Mumbai,P0046,Ice Cream,Frozen,45,102.6,5,0,0,Tuesday,1,1,0
2024-02-14,S001,Mumbai,P0046,Ice Cream,Frozen,53,108,0,0,0,Wednesday,2,1,0
2024-02-15,S001,Mumbai,P0046,Ice Cream,Frozen,70,97.2,10,0,0,Thursday,2,1,0
2024-02-16,S001,Mumbai,P0046,Ice Cream,Frozen,57,108,0,0,0,Friday,2,1,0
2024-01-10,S003,Ahmedabad,P0002,Curd,Dairy,59,314,0,0,0,Wednesday,1,1,0
2024-01-12,S003,Ahmedabad,P0002,Curd,Dairy,76,282.6,10,0,0,Friday,1,1,0
2024-01-16,S003,Ahmedabad,P0002,Curd,Dairy,67,314,0,0,0,Tuesday,1,1,0
2024-01-18,S003,Ahmedabad,P0002,Curd,Dairy,60,314,0,0,0,Thursday,1,1,0
2024-01-21,S003,Ahmedabad,P0002,Curd,Dairy,91,314,0,0,0,Sunday,1,1,1
2024-01-22,S003,Ahmedabad,P0002,Curd,Dairy,67,314,0,0,0,Monday,1,1,0
2024-01-29,S003,Ahmedabad,P0002,Curd,Dairy,69,282.6,10,0,0,Monday,1,1,0
2024-02-02,S003,Ahmedabad,P0002,Curd,Dairy,79,314,0,1,0,Friday,2,1,0
2024-02-14,S003,Ahmedabad,P0002,Curd,Dairy,62,314,0,0,0,Wednesday,2,1,0
2024-02-18,S003,Ahmedabad,P0002,Curd,Dairy,82,282.6,10,0,0,Sunday,2,1,1
2024-02-22,S003,Ahmedabad,P0002,Curd,Dairy,63,314,0,0,0,Thursday,2,1,0
2024-02-23,S003,Ahmedabad,P0002,Curd,Dairy,83,266.9,15,0,0,Friday,2,1,0
2024-01-10,S007,Delhi,P0001,Milk,Dairy,76,255,0,0,0,Wednesday,1,1,0
2024-01-15,S007,Delhi,P0001,Milk,Dairy,63,242.25,5,0,0,Monday,1,1,0
2024-01-24,S007,Delhi,P0001,Milk,Dairy,68,204,20,0,0,Wednesday,1,1,0
2024-01-29,S007,Delhi,P0001,Milk,Dairy,66,204,20,0,0,Monday,1,1,0
2024-02-07,S007,Delhi,P0001,Milk,Dairy,72,255,0,0,0,Wednesday,2,1,0
2024-02-13,S007,Delhi,P0001,Milk,Dairy,59,255,0,0,0,Tuesday,2,1,0
2024-02-16,S007,Delhi,P0001,Milk,Dairy,73,255,0,1,0,Friday,2,1,0
2024-02-18,S007,Delhi,P0001,Milk,Dairy,91,216.75,15,0,0,Sunday,2,1,1
2024-02-21,S007,Delhi,P0001,Milk,Dairy,89,255,0,1,0,Wednesday,2,1,0
2024-02-22,S007,Delhi,P0001,Milk,Dairy,69,255,0,0,0,Thursday,2,1,0
2024-01-10,S008,Jaipur,P0007,Bun,Bakery,36,314,0,0,0,Wednesday,1,1,0
2024-01-13,S008,Jaipur,P0007,Bun,Bakery,54,266.9,15,0,0,Saturday,1,1,1
2024-01-22,S008,Jaipur,P0007,Bun,Bakery,41,266.9,15,0,0,Monday,1,1,0
2024-01-24,S008,Jaipur,P0007,Bun,Bakery,41,314,0,0,0,Wednesday,1,1,0
2024-01-25,S008,Jaipur,P0007,Bun,Bakery,39,266.9,15,0,0,Thursday,1,1,0
2024-01-28,S008,Jaipur,P0007,Bun,Bakery,56,314,0,1,0,Sunday,1,1,1
2024-01-30,S008,Jaipur,P0007,Bun,Bakery,41,298.3,5,0,0,Tuesday,1,1,0
2024-02-18,S008,Jaipur,P0007,Bun,Bakery,44,266.9,15,0,0,Sunday,2,1,1
2024-01-10,S009,Chennai,P0047,Frozen Peas,Frozen,24,188.1,10,0,0,Wednesday,1,1,0
2024-01-15,S009,Chennai,P0047,Frozen Peas,Frozen,22,198.55,5,0,0,Monday,1,1,0
2024-01-22,S009,Chennai,P0047,Frozen Peas,Frozen,21,209,0,0,0,Monday,1,1,0
2024-01-25,S009,Chennai,P0047,Frozen Peas,Frozen,25,209,0,0,0,Thursday,1,1,0
2024-02-01,S009,Chennai,P0047,Frozen Peas,Frozen,26,209,0,0,0,Thursday,2,1,0
2024-02-06,S009,Chennai,P0047,Frozen Peas,Frozen,23,209,0,0,0,Tuesday,2,1,0
2024-02-08,S009,Chennai,P0047,Frozen Peas,Frozen,22,209,0,0,0,Thursday,2,1,0
2024-02-12,S009,Chennai,P0047,Frozen Peas,Frozen,34,188.1,10,1,0,Monday,2,1,0
2024-01-10,S003,Ahmedabad,P0016,Chips,Snacks,72,259,0,1,0,Wednesday,1,1,0
2024-01-14,S003,Ahmedabad,P0016,Chips,Snacks,72,259,0,0,0,Sunday,1,1,1
2024-01-15,S003,Ahmedabad,P0016,Chips,Snacks,57,259,0,0,0,Monday,1,1,0
2024-01-23,S003,Ahmedabad,P0016,Chips,Snacks,60,259,0,0,0,Tuesday,1,1,0
2024-01-28,S003,Ahmedabad,P0016,Chips,Snacks,80,259,0,0,0,Sunday,1,1,1
2024-02-10,S003,Ahmedabad,P0016,Chips,Snacks,69,259,0,0,0,Saturday,2,1,1
2024-02-11,S003,Ahmedabad,P0016,Chips,Snacks,78,233.1,10,0,0,Sunday,2,1,1
2024-02-18,S003,Ahmedabad,P0016,Chips,Snacks,82,259,0,0,0,Sunday,2,1,1
2024-02-19,S003,Ahmedabad,P0016,Chips,Snacks,71,246.05,5,0,0,Monday,2,1,0
2024-01-11,S005,Bengaluru,P0002,Curd,Dairy,65,314,0,0,0,Thursday,1,1,0
2024-01-13,S005,Bengaluru,P0002,Curd,Dairy,78,314,0,0,0,Saturday,1,1,1
2024-01-16,S005,Bengaluru,P0002,Curd,Dairy,70,314,0,0,0,Tuesday,1,1,0
2024-01-19,S005,Bengaluru,P0002,Curd,Dairy,55,314,0,0,0,Friday,1,1,0
2024-01-23,S005,Bengaluru,P0002,Curd,Dairy,59,314,0,0,0,Tuesday,1,1,0
2024-01-24,S005,Bengaluru,P0002,Curd,Dairy,75,314,0,0,0,Wednesday,1,1,0
2024-01-27,S005,Bengaluru,P0002,Curd,Dairy,81,314,0,0,0,Saturday,1,1,1
2024-02-05,S005,Bengaluru,P0002,Curd,Dairy,94,314,0,1,0,Monday,2,1,0
2024-02-08,S005,Bengaluru,P0002,Curd,Dairy,79,251.2,20,0,0,Thursday,2,1,0
2024-02-09,S005,Bengaluru,P0002,Curd,Dairy,74,314,0,0,0,Friday,2,1,0
2024-02-14,S005,Bengaluru,P0002,Curd,Dairy,70,314,0,0,0,Wednesday,2,1,0
2024-02-15,S005,Bengaluru,P0002,Curd,Dairy,63,314,0,0,0,Thursday,2,1,0
2024-02-19,S005,Bengaluru,P0002,Curd,Dairy,70,314,0,0,0,Monday,2,1,0
2024-02-21,S005,Bengaluru,P0002,Curd,Dairy,70,298.3,5,0,0,Wednesday,2,1,0
2024-02-22,S005,Bengaluru,P0002,Curd,Dairy,73,266.9,15,0,0,Thursday,2,1,0
2024-01-11,S009,Chennai,P0006,Bread,Bakery,18,231,0,0,0,Thursday,1,1,0
2024-01-13,S009,Chennai,P0006,Bread,Bakery,22,231,0,0,0,Saturday,1,1,1
2024-01-20,S009,Chennai,P0006,Bread,Bakery,22,219.45,5,0,0,Saturday,1,1,1
2024-01-28,S009,Chennai,P0006,Bread,Bakery,20,231,0,0,0,Sunday,1,1,1
2024-02-02,S009,Chennai,P0006,Bread,Bakery,16,231,0,0,0,Friday,2,1,0
2024-02-03,S009,Chennai,P0006,Bread,Bakery,23,231,0,0,0,Saturday,2,1,1
2024-02-04,S009,Chennai,P0006,Bread,Bakery,17,231,0,0,0,Sunday,2,1,1
2024-02-07,S009,Chennai,P0006,Bread,Bakery,16,207.9,10,0,0,Wednesday,2,1,0
2024-02-09,S009,Chennai,P0006,Bread,Bakery,15,231,0,0,0,Friday,2,1,0
2024-02-17,S009,Chennai,P0006,Bread,Bakery,29,207.9,10,1,0,Saturday,2,1,1
2024-01-11,S008,Jaipur,P0043,Tomato,Vegetables,31,181,0,0,0,Thursday,1,1,0
2024-01-14,S008,Jaipur,P0043,Tomato,Vegetables,30,171.95,5,0,0,Sunday,1,1,1
2024-01-20,S008,Jaipur,P0043,Tomato,Vegetables,30,181,0,0,0,Saturday,1,1,1
2024-01-22,S008,Jaipur,P0043,Tomato,Vegetables,26,181,0,0,0,Monday,1,1,0
2024-01-23,S008,Jaipur,P0043,Tomato,Vegetables,25,181,0,0,0,Tuesday,1,1,0
2024-01-26,S008,Jaipur,P0043,Tomato,Vegetables,31,153.85,15,0,0,Friday,1,1,0
2024-01-30,S008,Jaipur,P0043,Tomato,Vegetables,28,181,0,0,0,Tuesday,1,1,0
2024-02-15,S008,Jaipur,P0043,Tomato,Vegetables,34,162.9,10,0,0,Thursday,2,1,0
2024-01-11,S007,Delhi,P0043,Tomato,Vegetables,28,181,0,0,0,Thursday,1,1,0
2024-01-16,S007,Delhi,P0043,Tomato,Vegetables,40,181,0,0,0,Tuesday,1,1,0
2024-01-21,S007,Delhi,P0043,Tomato,Vegetables,56,162.9,10,0,0,Sunday,1,1,1
2024-02-02,S007,Delhi,P0043,Tomato,Vegetables,34,181,0,0,0,Friday,2,1,0
2024-02-10,S007,Delhi,P0043,Tomato,Vegetables,50,181,0,0,0,Saturday,2,1,1
2024-02-16,S007,Delhi,P0043,Tomato,Vegetables,45,181,0,0,0,Friday,2,1,0
2024-02-17,S007,Delhi,P0043,Tomato,Vegetables,45,181,0,0,0,Saturday,2,1,1
2024-02-22,S007,Delhi,P0043,Tomato,Vegetables,43,153.85,15,0,0,Thursday,2,1,0
2024-01-11,S008,Jaipur,P0001,Milk,Dairy,43,216.75,15,0,0,Thursday,1,1,0
2024-01-13,S008,Jaipur,P0001,Milk,Dairy,73,255,0,0,0,Saturday,1,1,1
2024-01-17,S008,Jaipur,P0001,Milk,Dairy,42,242.25,5,0,0,Wednesday,1,1,0
2024-01-22,S008,Jaipur,P0001,Milk,Dairy,62,242.25,5,1,0,Monday,1,1,0
2024-01-25,S008,Jaipur,P0001,Milk,Dairy,43,229.5,10,0,0,Thursday,1,1,0
2024-02-04,S008,Jaipur,P0001,Milk,Dairy,53,255,0,0,0,Sunday,2,1,1
2024-02-09,S008,Jaipur,P0001,Milk,Dairy,38,255,0,0,0,Friday,2,1,0
2024-02-12,S008,Jaipur,P0001,Milk,Dairy,47,255,0,0,0,Monday,2,1,0
2024-02-19,S008,Jaipur,P0001,Milk,Dairy,40,255,0,0,0,Monday,2,1,0
2024-01-11,S002,Pune,P0011,Tea,Beverages,40,196,20,0,0,Thursday,1,1,0
2024-01-15,S002,Pune,P0011,Tea,Beverages,47,245,0,0,0,Monday,1,1,0
2024-01-27,S002,Pune,P0011,Tea,Beverages,57,208.25,15,0,0,Saturday,1,1,1
2024-02-02,S002,Pune,P0011,Tea,Beverages,58,245,0,0,0,Friday,2,1,0
2024-02-05,S002,Pune,P0011,Tea,Beverages,46,245,0,0,0,Monday,2,1,0
2024-02-10,S002,Pune,P0011,Tea,Beverages,55,232.75,5,0,0,Saturday,2,1,1
2024-02-11,S002,Pune,P0011,Tea,Beverages,62,245,0,0,0,Sunday,2,1,1
2024-02-12,S002,Pune,P0011,Tea,Beverages,49,245,0,0,0,Monday,2,1,0
2024-02-13,S002,Pune,P0011,Tea,Beverages,45,245,0,0,0,Tuesday,2,1,0
2024-02-14,S002,Pune,P0011,Tea,Beverages,37,245,0,0,0,Wednesday,2,1,0
2024-02-16,S002,Pune,P0011,Tea,Beverages,46,245,0,0,0,Friday,2,1,0
2024-02-19,S002,Pune,P0011,Tea,Beverages,55,245,0,1,0,Monday,2,1,0
2024-01-11,S002,Pune,P0014,Soft Drink,Beverages,37,121,0,0,0,Thursday,1,1,0
2024-01-15,S002,Pune,P0014,Soft Drink,Beverages,39,121,0,0,0,Monday,1,1,0
2024-01-26,S002,Pune,P0014,Soft Drink,Beverages,38,108.9,10,0,0,Friday,1,1,0
2024-02-06,S002,Pune,P0014,Soft Drink,Beverages,36,114.95,5,0,0,Tuesday,2,1,0
2024-02-08,S002,Pune,P0014,Soft Drink,Beverages,51,102.85,15,0,0,Thursday,2,1,0
2024-02-13,S002,Pune,P0014,Soft Drink,Beverages,38,121,0,0,0,Tuesday,2,1,0
2024-02-14,S002,Pune,P0014,Soft Drink,Beverages,39,102.85,15,0,0,Wednesday,2,1,0
2024-02-22,S002,Pune,P0014,Soft Drink,Beverages,40,121,0,0,0,Thursday,2,1,0
2024-01-11,S009,Chennai,P0048,Frozen Corn,Frozen,35,313,0,0,0,Thursday,1,1,0
2024-01-15,S009,Chennai,P0048,Frozen Corn,Frozen,34,313,0,0,0,Monday,1,1,0
2024-01-17,S009,Chennai,P0048,Frozen Corn,Frozen,42,250.4,20,0,0,Wednesday,1,1,0
2024-01-19,S009,Chennai,P0048,Frozen Corn,Frozen,35,281.7,10,0,0,Friday,1,1,0
2024-01-20,S009,Chennai,P0048,Frozen Corn,Frozen,49,313,0,0,0,Saturday,1,1,1
2024-01-23,S009,Chennai,P0048,Frozen Corn,Frozen,26,313,0,0,0,Tuesday,1,1,0
2024-01-31,S009,Chennai,P0048,Frozen Corn,Frozen,35,313,0,0,0,Wednesday,1,1,0
2024-02-02,S009,Chennai,P0048,Frozen Corn,Frozen,28,313,0,0,0,Friday,2,1,0
2024-02-08,S009,Chennai,P0048,Frozen Corn,Frozen,36,313,0,0,0,Thursday,2,1,0
2024-01-12,S007,Delhi,P0021,Rice,Rice & Grains,41,29,0,0,0,Friday,1,1,0
2024-01-16,S007,Delhi,P0021,Rice,Rice & Grains,36,29,0,0,0,Tuesday,1,1,0
2024-01-19,S007,Delhi,P0021,Rice,Rice & Grains,35,29,0,0,0,Friday,1,1,0
2024-01-21,S007,Delhi,P0021,Rice,Rice & Grains,50,29,0,0,0,Sunday,1,1,1
2024-01-27,S007,Delhi,P0021,Rice,Rice & Grains,65,26.1,10,1,0,Saturday,1,1,1
2024-01-28,S007,Delhi,P0021,Rice,Rice & Grains,49,29,0,0,0,Sunday,1,1,1
2024-01-30,S007,Delhi,P0021,Rice,Rice & Grains,37,26.1,10,0,0,Tuesday,1,1,0
2024-02-02,S007,Delhi,P0021,Rice,Rice & Grains,35,29,0,0,0,Friday,2,1,0
2024-02-14,S007,Delhi,P0021,Rice,Rice & Grains,39,29,0,0,0,Wednesday,2,1,0
2024-02-15,S007,Delhi,P0021,Rice,Rice & Grains,43,24.65,15,0,0,Thursday,2,1,0
2024-02-19,S007,Delhi,P0021,Rice,Rice & Grains,34,29,0,0,0,Monday,2,1,0
2024-01-12,S007,Delhi,P0019,Biscuits,Snacks,51,130.9,15,0,0,Friday,1,1,0
2024-01-13,S007,Delhi,P0019,Biscuits,Snacks,41,154,0,0,0,Saturday,1,1,1
2024-01-22,S007,Delhi,P0019,Biscuits,Snacks,40,154,0,0,0,Monday,1,1,0
2024-01-25,S007,Delhi,P0019,Biscuits,Snacks,37,154,0,0,0,Thursday,1,1,0
2024-01-26,S007,Delhi,P0019,Biscuits,Snacks,47,146.3,5,0,0,Friday,1,1,0
2024-02-08,S007,Delhi,P0019,Biscuits,Snacks,37,154,0,0,0,Thursday,2,1,0
2024-02-13,S007,Delhi,P0019,Biscuits,Snacks,43,154,0,0,0,Tuesday,2,1,0
2024-02-14,S007,Delhi,P0019,Biscuits,Snacks,40,154,0,0,0,Wednesday,2,1,0
2024-02-21,S007,Delhi,P0019,Biscuits,Snacks,48,154,0,0,0,Wednesday,2,1,0
2024-02-24,S007,Delhi,P0019,Biscuits,Snacks,66,154,0,0,0,Saturday,2,1,1
2024-01-12,S005,Bengaluru,P0037,Apple,Fruits,60,137,0,0,0,Friday,1,1,0
2024-01-14,S005,Bengaluru,P0037,Apple,Fruits,56,137,0,0,0,Sunday,1,1,1
2024-01-17,S005,Bengaluru,P0037,Apple,Fruits,78,137,0,1,0,Wednesday,1,1,0
2024-01-22,S005,Bengaluru,P0037,Apple,Fruits,45,137,0,0,0,Monday,1,1,0
2024-01-25,S005,Bengaluru,P0037,Apple,Fruits,62,116.45,15,0,0,Thursday,1,1,0
2024-01-30,S005,Bengaluru,P0037,Apple,Fruits,71,123.3,10,0,0,Tuesday,1,1,0
2024-01-31,S005,Bengaluru,P0037,Apple,Fruits,61,123.3,10,0,0,Wednesday,1,1,0
2024-02-03,S005,Bengaluru,P0037,Apple,Fruits,82,123.3,10,0,0,Saturday,2,1,1
2024-02-04,S005,Bengaluru,P0037,Apple,Fruits,79,137,0,0,0,Sunday,2,1,1
2024-02-05,S005,Bengaluru,P0037,Apple,Fruits,60,137,0,0,0,Monday,2,1,0
2024-02-09,S005,Bengaluru,P0037,Apple,Fruits,47,137,0,0,0,Friday,2,1,0
2024-02-17,S005,Bengaluru,P0037,Apple,Fruits,62,137,0,0,0,Saturday,2,1,1
2024-02-18,S005,Bengaluru,P0037,Apple,Fruits,76,137,0,0,0,Sunday,2,1,1
2024-02-20,S005,Bengaluru,P0037,Apple,Fruits,53,137,0,0,0,Tuesday,2,1,0
2024-02-23,S005,Bengaluru,P0037,Apple,Fruits,73,137,0,1,0,Friday,2,1,0
