prediction-service/data/retail_forecasting_dataset_50000.csv
date_purchased,store_id,city,product_id,product_name,category,quantity_sold,unit_price,discount_pct,promotion_flag,holiday_flag,day_of_week,month,quarter,is_weekend
2024-01-12,S004,Surat,P0043,Tomato,Vegetables,34,181,0,0,0,Friday,1,1,0
2024-01-15,S004,Surat,P0043,Tomato,Vegetables,47,181,0,1,0,Monday,1,1,0
2024-01-26,S004,Surat,P0043,Tomato,Vegetables,38,153.85,15,0,0,Friday,1,1,0
2024-01-27,S004,Surat,P0043,Tomato,Vegetables,50,181,0,0,0,Saturday,1,1,1
2024-01-28,S004,Surat,P0043,Tomato,Vegetables,46,144.8,20,0,0,Sunday,1,1,1
2024-02-04,S004,Surat,P0043,Tomato,Vegetables,46,162.9,10,0,0,Sunday,2,1,1
2024-02-07,S004,Surat,P0043,Tomato,Vegetables,30,181,0,0,0,Wednesday,2,1,0
2024-02-16,S004,Surat,P0043,Tomato,Vegetables,37,181,0,0,0,Friday,2,1,0
2024-02-17,S004,Surat,P0043,Tomato,Vegetables,44,181,0,0,0,Saturday,2,1,1
2024-02-18,S004,Surat,P0043,Tomato,Vegetables,49,153.85,15,0,0,Sunday,2,1,1
2024-02-22,S004,Surat,P0043,Tomato,Vegetables,40,171.95,5,0,0,Thursday,2,1,0
2024-01-12,S008,Jaipur,P0030,Lotion,Personal Care,42,41.65,15,0,0,Friday,1,1,0
2024-01-15,S008,Jaipur,P0030,Lotion,Personal Care,46,49,0,0,0,Monday,1,1,0
2024-01-16,S008,Jaipur,P0030,Lotion,Personal Care,43,49,0,0,0,Tuesday,1,1,0
2024-01-17,S008,Jaipur,P0030,Lotion,Personal Care,49,49,0,0,0,Wednesday,1,1,0
2024-01-23,S008,Jaipur,P0030,Lotion,Personal Care,38,49,0,0,0,Tuesday,1,1,0
2024-02-02,S008,Jaipur,P0030,Lotion,Personal Care,42,49,0,0,0,Friday,2,1,0
2024-02-03,S008,Jaipur,P0030,Lotion,Personal Care,55,49,0,1,0,Saturday,2,1,1
2024-02-08,S008,Jaipur,P0030,Lotion,Personal Care,47,49,0,0,0,Thursday,2,1,0
2024-02-09,S008,Jaipur,P0030,Lotion,Personal Care,46,49,0,0,0,Friday,2,1,0
2024-02-10,S008,Jaipur,P0030,Lotion,Personal Care,64,44.1,10,0,0,Saturday,2,1,1
2024-02-16,S008,Jaipur,P0030,Lotion,Personal Care,49,44.1,10,0,0,Friday,2,1,0
2024-02-21,S008,Jaipur,P0030,Lotion,Personal Care,39,49,0,0,0,Wednesday,2,1,0
2024-01-13,S001,Mumbai,P0032,Dishwash,Cleaning,56,71,0,0,0,Saturday,1,1,1
2024-01-16,S001,Mumbai,P0032,Dishwash,Cleaning,51,67.45,5,0,0,Tuesday,1,1,0
2024-01-30,S001,Mumbai,P0032,Dishwash,Cleaning,57,71,0,0,0,Tuesday,1,1,0
2024-02-08,S001,Mumbai,P0032,Dishwash,Cleaning,46,71,0,0,0,Thursday,2,1,0
2024-02-11,S001,Mumbai,P0032,Dishwash,Cleaning,56,71,0,0,0,Sunday,2,1,1
2024-02-17,S001,Mumbai,P0032,Dishwash,Cleaning,68,71,0,0,0,Saturday,2,1,1
2024-02-21,S001,Mumbai,P0032,Dishwash,Cleaning,48,71,0,0,0,Wednesday,2,1,0
2024-02-22,S001,Mumbai,P0032,Dishwash,Cleaning,48,71,0,0,0,Thursday,2,1,0
2024-01-13,S002,Pune,P0049,Frozen Pizza,Frozen,78,189.55,15,0,0,Saturday,1,1,1
2024-01-14,S002,Pune,P0049,Frozen Pizza,Frozen,71,189.55,15,0,0,Sunday,1,1,1
2024-01-19,S002,Pune,P0049,Frozen Pizza,Frozen,52,223,0,0,0,Friday,1,1,0
2024-01-22,S002,Pune,P0049,Frozen Pizza,Frozen,69,200.7,10,0,0,Monday,1,1,0
2024-01-26,S002,Pune,P0049,Frozen Pizza,Frozen,61,211.85,5,0,0,Friday,1,1,0
2024-01-29,S002,Pune,P0049,Frozen Pizza,Frozen,47,223,0,0,0,Monday,1,1,0
2024-02-06,S002,Pune,P0049,Frozen Pizza,Frozen,54,223,0,0,0,Tuesday,2,1,0
2024-02-10,S002,Pune,P0049,Frozen Pizza,Frozen,67,223,0,0,0,Saturday,2,1,1
2024-02-15,S002,Pune,P0049,Frozen Pizza,Frozen,54,189.55,15,0,0,Thursday,2,1,0
2024-02-22,S002,Pune,P0049,Frozen Pizza,Frozen,75,189.55,15,1,0,Thursday,2,1,0
2024-01-13,S002,Pune,P0042,Onion,Vegetables,38,180,0,0,0,Saturday,1,1,1
2024-01-15,S002,Pune,P0042,Onion,Vegetables,40,180,0,0,0,Monday,1,1,0
2024-01-17,S002,Pune,P0042,Onion,Vegetables,49,153,15,0,0,Wednesday,1,1,0
2024-01-22,S002,Pune,P0042,Onion,Vegetables,31,180,0,0,0,Monday,1,1,0
2024-01-23,S002,Pune,P0042,Onion,Vegetables,40,180,0,0,0,Tuesday,1,1,0
2024-01-31,S002,Pune,P0042,Onion,Vegetables,38,180,0,0,0,Wednesday,1,1,0
2024-02-01,S002,Pune,P0042,Onion,Vegetables,42,162,10,0,0,Thursday,2,1,0
2024-02-03,S002,Pune,P0042,Onion,Vegetables,40,180,0,0,0,Saturday,2,1,1
2024-02-13,S002,Pune,P0042,Onion,Vegetables,39,180,0,0,0,Tuesday,2,1,0
2024-02-14,S002,Pune,P0042,Onion,Vegetables,40,180,0,0,0,Wednesday,2,1,0
2024-02-18,S002,Pune,P0042,Onion,Vegetables,48,180,0,0,0,Sunday,2,1,1
2024-02-20,S002,Pune,P0042,Onion,Vegetables,43,162,10,0,0,Tuesday,2,1,0
2024-01-14,S002,Pune,P0027,Shampoo,Personal Care,75,219,0,0,0,Sunday,1,1,1
2024-01-20,S002,Pune,P0027,Shampoo,Personal Care,60,197.1,10,0,0,Saturday,1,1,1
2024-01-26,S002,Pune,P0027,Shampoo,Personal Care,48,219,0,0,0,Friday,1,1,0
2024-02-02,S002,Pune,P0027,Shampoo,Personal Care,47,219,0,0,0,Friday,2,1,0
2024-02-08,S002,Pune,P0027,Shampoo,Personal Care,56,208.05,5,0,0,Thursday,2,1,0
2024-02-12,S002,Pune,P0027,Shampoo,Personal Care,45,197.1,10,0,0,Monday,2,1,0
2024-02-14,S002,Pune,P0027,Shampoo,Personal Care,49,219,0,0,0,Wednesday,2,1,0
2024-02-17,S002,Pune,P0027,Shampoo,Personal Care,61,219,0,0,0,Saturday,2,1,1
2024-02-19,S002,Pune,P0027,Shampoo,Personal Care,51,219,0,0,0,Monday,2,1,0
2024-02-22,S002,Pune,P0027,Shampoo,Personal Care,54,219,0,0,0,Thursday,2,1,0
2024-01-14,S007,Delhi,P0012,Coffee,Beverages,83,226,0,0,0,Sunday,1,1,1
2024-01-16,S007,Delhi,P0012,Coffee,Beverages,45,226,0,0,0,Tuesday,1,1,0
2024-01-20,S007,Delhi,P0012,Coffee,Beverages,73,226,0,0,0,Saturday,1,1,1
2024-02-02,S007,Delhi,P0012,Coffee,Beverages,69,226,0,0,0,Friday,2,1,0
2024-02-12,S007,Delhi,P0012,Coffee,Beverages,51,226,0,0,0,Monday,2,1,0
2024-02-14,S007,Delhi,P0012,Coffee,Beverages,54,214.7,5,0,0,Wednesday,2,1,0
2024-02-15,S007,Delhi,P0012,Coffee,Beverages,51,226,0,0,0,Thursday,2,1,0
2024-02-16,S007,Delhi,P0012,Coffee,Beverages,55,203.4,10,0,0,Friday,2,1,0
2024-02-17,S007,Delhi,P0012,Coffee,Beverages,84,226,0,0,0,Saturday,2,1,1
2024-01-14,S002,Pune,P0050,Frozen Fries,Frozen,75,197.1,10,0,0,Sunday,1,1,1
2024-01-21,S002,Pune,P0050,Frozen Fries,Frozen,68,219,0,0,0,Sunday,1,1,1
2024-01-26,S002,Pune,P0050,Frozen Fries,Frozen,45,197.1,10,0,0,Friday,1,1,0
2024-02-01,S002,Pune,P0050,Frozen Fries,Frozen,45,208.05,5,0,0,Thursday,2,1,0
2024-02-04,S002,Pune,P0050,Frozen Fries,Frozen,57,219,0,0,0,Sunday,2,1,1
2024-02-12,S002,Pune,P0050,Frozen Fries,Frozen,48,219,0,0,0,Monday,2,1,0
2024-02-13,S002,Pune,P0050,Frozen Fries,Frozen,53,197.1,10,0,0,Tuesday,2,1,0
2024-02-16,S002,Pune,P0050,Frozen Fries,Frozen,66,219,0,1,0,Friday,2,1,0
2024-02-18,S002,Pune,P0050,Frozen Fries,Frozen,47,219,0,0,0,Sunday,2,1,1
2024-01-15,S002,Pune,P0010,Rusk,Bakery,41,124,0,0,0,Monday,1,1,0
2024-01-17,S002,Pune,P0010,Rusk,Bakery,42,124,0,0,0,Wednesday,1,1,0
2024-01-18,S002,Pune,P0010,Rusk,Bakery,38,99.2,20,0,0,Thursday,1,1,0
2024-01-28,S002,Pune,P0010,Rusk,Bakery,51,124,0,0,0,Sunday,1,1,1
2024-01-31,S002,Pune,P0010,Rusk,Bakery,39,124,0,0,0,Wednesday,1,1,0
2024-02-05,S002,Pune,P0010,Rusk,Bakery,56,105.4,15,0,0,Monday,2,1,0
2024-02-10,S002,Pune,P0010,Rusk,Bakery,60,117.8,5,0,0,Saturday,2,1,1
2024-02-20,S002,Pune,P0010,Rusk,Bakery,64,117.8,5,1,0,Tuesday,2,1,0
2024-02-23,S002,Pune,P0010,Rusk,Bakery,36,124,0,0,0,Friday,2,1,0
2024-01-15,S005,Bengaluru,P0026,Soap,Personal Care,25,83,0,0,0,Monday,1,1,0
2024-01-17,S005,Bengaluru,P0026,Soap,Personal Care,30,83,0,0,0,Wednesday,1,1,0
2024-01-19,S005,Bengaluru,P0026,Soap,Personal Care,34,83,0,0,0,Friday,1,1,0
2024-01-20,S005,Bengaluru,P0026,Soap,Personal Care,42,70.55,15,0,0,Saturday,1,1,1
2024-01-25,S005,Bengaluru,P0026,Soap,Personal Care,27,83,0,0,0,Thursday,1,1,0
2024-01-29,S005,Bengaluru,P0026,Soap,Personal Care,29,83,0,0,0,Monday,1,1,0
2024-01-31,S005,Bengaluru,P0026,Soap,Personal Care,30,74.7,10,0,0,Wednesday,1,1,0
2024-02-01,S005,Bengaluru,P0026,Soap,Personal Care,22,83,0,0,0,Thursday,2,1,0
2024-02-02,S005,Bengaluru,P0026,Soap,Personal Care,22,83,0,0,0,Friday,2,1,0
2024-02-06,S005,Bengaluru,P0026,Soap,Personal Care,28,83,0,0,0,Tuesday,2,1,0
2024-02-08,S005,Bengaluru,P0026,Soap,Personal Care,26,83,0,0,0,Thursday,2,1,0
2024-02-10,S005,Bengaluru,P0026,Soap,Personal Care,32,83,0,0,0,Saturday,2,1,1
2024-02-13,S005,Bengaluru,P0026,Soap,Personal Care,29,83,0,0,0,Tuesday,2,1,0
2024-02-19,S005,Bengaluru,P0026,Soap,Personal Care,37,78.85,5,0,0,Monday,2,1,0
2024-02-20,S005,Bengaluru,P0026,Soap,Personal Care,31,83,0,0,0,Tuesday,2,1,0
2024-02-21,S005,Bengaluru,P0026,Soap,Personal Care,38,66.4,20,1,0,Wednesday,2,1,0
2024-01-16,S007,Delhi,P0015,Water,Beverages,33,205,0,0,0,Tuesday,1,1,0
2024-01-20,S007,Delhi,P0015,Water,Beverages,50,194.75,5,0,0,Saturday,1,1,1
2024-01-24,S007,Delhi,P0015,Water,Beverages,22,205,0,0,0,Wednesday,1,1,0
2024-01-28,S007,Delhi,P0015,Water,Beverages,47,194.75,5,0,0,Sunday,1,1,1
2024-01-29,S007,Delhi,P0015,Water,Beverages,29,205,0,0,0,Monday,1,1,0
2024-02-01,S007,Delhi,P0015,Water,Beverages,35,205,0,0,0,Thursday,2,1,0
2024-02-02,S007,Delhi,P0015,Water,Beverages,30,205,0,0,0,Friday,2,1,0
2024-02-07,S007,Delhi,P0015,Water,Beverages,36,205,0,0,0,Wednesday,2,1,0
2024-02-09,S007,Delhi,P0015,Water,Beverages,29,205,0,0,0,Friday,2,1,0
2024-02-12,S007,Delhi,P0015,Water,Beverages,31,205,0,0,0,Monday,2,1,0
2024-01-16,S008,Jaipur,P0018,Popcorn,Snacks,33,243,0,0,0,Tuesday,1,1,0
2024-01-20,S008,Jaipur,P0018,Popcorn,Snacks,38,243,0,0,0,Saturday,1,1,1
2024-01-21,S008,Jaipur,P0018,Popcorn,Snacks,35,243,0,0,0,Sunday,1,1,1
2024-01-25,S008,Jaipur,P0018,Popcorn,Snacks,28,243,0,0,0,Thursday,1,1,0
2024-01-28,S008,Jaipur,P0018,Popcorn,Snacks,38,218.7,10,0,0,Sunday,1,1,1
2024-01-30,S008,Jaipur,P0018,Popcorn,Snacks,30,230.85,5,0,0,Tuesday,1,1,0
2024-01-31,S008,Jaipur,P0018,Popcorn,Snacks,30,243,0,0,0,Wednesday,1,1,0
2024-02-01,S008,Jaipur,P0018,Popcorn,Snacks,34,243,0,0,0,Thursday,2,1,0
2024-02-09,S008,Jaipur,P0018,Popcorn,Snacks,28,243,0,0,0,Friday,2,1,0
2024-02-14,S008,Jaipur,P0018,Popcorn,Snacks,25,243,0,0,0,Wednesday,2,1,0
2024-01-17,S004,Surat,P0048,Frozen Corn,Frozen,43,281.7,10,0,0,Wednesday,1,1,0
2024-01-19,S004,Surat,P0048,Frozen Corn,Frozen,56,297.35,5,0,0,Friday,1,1,0
2024-01-26,S004,Surat,P0048,Frozen Corn,Frozen,47,313,0,0,0,Friday,1,1,0
2024-01-28,S004,Surat,P0048,Frozen Corn,Frozen,72,313,0,0,0,Sunday,1,1,1
2024-02-02,S004,Surat,P0048,Frozen Corn,Frozen,55,313,0,0,0,Friday,2,1,0
2024-02-04,S004,Surat,P0048,Frozen Corn,Frozen,73,297.35,5,0,0,Sunday,2,1,1
2024-02-09,S004,Surat,P0048,Frozen Corn,Frozen,43,313,0,0,0,Friday,2,1,0
2024-02-18,S004,Surat,P0048,Frozen Corn,Frozen,69,266.05,15,0,0,Sunday,2,1,1
2024-02-21,S004,Surat,P0048,Frozen Corn,Frozen,48,281.7,10,0,0,Wednesday,2,1,0
2024-02-23,S004,Surat,P0048,Frozen Corn,Frozen,42,313,0,0,0,Friday,2,1,0
2024-01-17,S008,Jaipur,P0013,Juice,Beverages,35,132,0,0,0,Wednesday,1,1,0
2024-01-21,S008,Jaipur,P0013,Juice,Beverages,54,112.2,15,0,0,Sunday,1,1,1
2024-01-23,S008,Jaipur,P0013,Juice,Beverages,35,132,0,0,0,Tuesday,1,1,0
2024-01-24,S008,Jaipur,P0013,Juice,Beverages,42,132,0,0,0,Wednesday,1,1,0
2024-01-29,S008,Jaipur,P0013,Juice,Beverages,30,132,0,0,0,Monday,1,1,0
2024-02-02,S008,Jaipur,P0013,Juice,Beverages,39,132,0,0,0,Friday,2,1,0
2024-02-11,S008,Jaipur,P0013,Juice,Beverages,62,105.6,20,0,0,Sunday,2,1,1
2024-02-20,S008,Jaipur,P0013,Juice,Beverages,31,118.8,10,0,0,Tuesday,2,1,0
2024-02-23,S008,Jaipur,P0013,Juice,Beverages,42,112.2,15,0,0,Friday,2,1,0
2024-01-18,S003,Ahmedabad,P0025,Dal,Rice & Grains,41,28.5,5,0,0,Thursday,1,1,0
2024-01-20,S003,Ahmedabad,P0025,Dal,Rice & Grains,44,25.5,15,0,0,Saturday,1,1,1
2024-01-27,S003,Ahmedabad,P0025,Dal,Rice & Grains,47,30,0,0,0,Saturday,1,1,1
2024-01-29,S003,Ahmedabad,P0025,Dal,Rice & Grains,42,30,0,1,0,Monday,1,1,0
2024-01-31,S003,Ahmedabad,P0025,Dal,Rice & Grains,37,25.5,15,0,0,Wednesday,1,1,0
2024-02-08,S003,Ahmedabad,P0025,Dal,Rice & Grains,31,28.5,5,0,0,Thursday,2,1,0
2024-02-17,S003,Ahmedabad,P0025,Dal,Rice & Grains,36,30,0,0,0,Saturday,2,1,1
2024-02-19,S003,Ahmedabad,P0025,Dal,Rice & Grains,46,30,0,1,0,Monday,2,1,0
2024-02-21,S003,Ahmedabad,P0025,Dal,Rice & Grains,38,30,0,0,0,Wednesday,2,1,0
2024-01-18,S004,Surat,P0031,Detergent,Cleaning,43,276,0,0,0,Thursday,1,1,0
2024-01-26,S004,Surat,P0031,Detergent,Cleaning,43,262.2,5,0,0,Friday,1,1,0
2024-02-03,S004,Surat,P0031,Detergent,Cleaning,57,276,0,0,0,Saturday,2,1,1
2024-02-11,S004,Surat,P0031,Detergent,Cleaning,42,276,0,0,0,Sunday,2,1,1
2024-02-12,S004,Surat,P0031,Detergent,Cleaning,39,276,0,0,0,Monday,2,1,0
2024-02-17,S004,Surat,P0031,Detergent,Cleaning,48,276,0,0,0,Saturday,2,1,1
2024-02-21,S004,Surat,P0031,Detergent,Cleaning,42,276,0,0,0,Wednesday,2,1,0
2024-02-22,S004,Surat,P0031,Detergent,Cleaning,40,234.6,15,0,0,Thursday,2,1,0
2024-01-19,S005,Bengaluru,P0050,Frozen Fries,Frozen,43,219,0,0,0,Friday,1,1,0
2024-01-23,S005,Bengaluru,P0050,Frozen Fries,Frozen,54,219,0,1,0,Tuesday,1,1,0
2024-01-25,S005,Bengaluru,P0050,Frozen Fries,Frozen,49,219,0,1,0,Thursday,1,1,0
2024-02-02,S005,Bengaluru,P0050,Frozen Fries,Frozen,55,197.1,10,0,0,Friday,2,1,0
2024-02-05,S005,Bengaluru,P0050,Frozen Fries,Frozen,55,219,0,0,0,Monday,2,1,0
2024-02-07,S005,Bengaluru,P0050,Frozen Fries,Frozen,39,219,0,0,0,Wednesday,2,1,0
2024-02-11,S005,Bengaluru,P0050,Frozen Fries,Frozen,71,219,0,0,0,Sunday,2,1,1
2024-02-15,S005,Bengaluru,P0050,Frozen Fries,Frozen,56,219,0,0,0,Thursday,2,1,0
2024-02-21,S005,Bengaluru,P0050,Frozen Fries,Frozen,68,186.15,15,1,0,Wednesday,2,1,0
2024-01-22,S007,Delhi,P0008,Cake,Bakery,48,107.1,15,0,0,Monday,1,1,0
2024-01-26,S007,Delhi,P0008,Cake,Bakery,57,126,0,0,0,Friday,1,1,0
2024-01-28,S007,Delhi,P0008,Cake,Bakery,60,126,0,0,0,Sunday,1,1,1
2024-02-01,S007,Delhi,P0008,Cake,Bakery,50,126,0,0,0,Thursday,2,1,0
2024-02-04,S007,Delhi,P0008,Cake,Bakery,41,100.8,20,0,0,Sunday,2,1,1
2024-02-06,S007,Delhi,P0008,Cake,Bakery,46,126,0,0,0,Tuesday,2,1,0
2024-02-10,S007,Delhi,P0008,Cake,Bakery,51,126,0,0,0,Saturday,2,1,1
2024-02-20,S007,Delhi,P0008,Cake,Bakery,46,126,0,0,0,Tuesday,2,1,0
